[2026-08-12T04:30:42.215+0000] {processor.py:186} INFO - Started process (PID=84) to work on /home/airflow/.local/lib/python3.12/site-packages/airflow/example_dags/example_branch_day_of_week_operator.py
[2026-08-12T04:30:42.218+0000] {processor.py:914} INFO - Processing file /home/airflow/.local/lib/python3.12/site-packages/airflow/example_dags/example_branch_day_of_week_operator.py for tasks to queue
[2026-08-12T04:30:42.225+0000] {logging_mixin.py:190} INFO - [2026-08-12T04:30:42.224+0000] {dagbag.py:587} INFO - Filling up the DagBag from /home/airflow/.local/lib/python3.12/site-packages/airflow/example_dags/example_branch_day_of_week_operator.py
[2026-08-12T04:30:42.248+0000] {processor.py:925} INFO - DAG(s) 'example_weekday_branch_operator' retrieved from /home/airflow/.local/lib/python3.12/site-packages/airflow/example_dags/example_branch_day_of_week_operator.py
[2026-08-12T04:30:42.407+0000] {logging_mixin.py:190} INFO - [2026-08-12T04:30:42.406+0000] {override.py:1858} INFO - Created Permission View: can delete on DAG:example_weekday_branch_operator
[2026-08-12T04:30:42.424+0000] {logging_mixin.py:190} INFO - [2026-08-12T04:30:42.423+0000] {override.py:1858} INFO - Created Permission View: can read on DAG:example_weekday_branch_operator
[2026-08-12T04:30:42.436+0000] {logging_mixin.py:190} INFO - [2026-08-12T04:30:42.436+0000] {override.py:1858} INFO - Created Permission View: can edit on DAG:example_weekday_branch_operator
[2026-08-12T04:30:42.439+0000] {logging_mixin.py:190} INFO - [2026-08-12T04:30:42.438+0000] {dag.py:3211} INFO - Sync 1 DAGs
[2026-08-12T04:30:42.456+0000] {logging_mixin.py:190} INFO - [2026-08-12T04:30:42.456+0000] {dag.py:3234} INFO - Creating ORM DAG for example_weekday_branch_operator
[2026-08-12T04:30:42.470+0000] {logging_mixin.py:190} INFO - [2026-08-12T04:30:42.470+0000] {dag.py:4138} INFO - Setting next_dagrun for example_weekday_branch_operator to 2026-08-11 00:00:00+00:00, run_after=2026-08-12 00:00:00+00:00
[2026-08-12T04:30:42.493+0000] {processor.py:208} INFO - Processing /home/airflow/.local/lib/python3.12/site-packages/airflow/example_dags/example_branch_day_of_week_operator.py took 0.289 seconds
[2026-08-12T04:31:13.308+0000] {processor.py:186} INFO - Started process (PID=146) to work on /home/airflow/.local/lib/python3.12/site-packages/airflow/example_dags/example_branch_day_of_week_operator.py
[2026-08-12T04:31:13.310+0000] {processor.py:914} INFO - Processing file /home/airflow/.local/lib/python3.12/site-packages/airflow/example_dags/example_branch_day_of_week_operator.py for tasks to queue
[2026-08-12T04:31:13.314+0000] {logging_mixin.py:190} INFO - [2026-08-12T04:31:13.313+0000] {dagbag.py:587} INFO - Filling up the DagBag from /home/airflow/.local/lib/python3.12/site-packages/airflow/example_dags/example_branch_day_of_week_operator.py
[2026-08-12T04:31:13.326+0000] {processor.py:925} INFO - DAG(s) 'example_weekday_branch_operator' retrieved from /home/airflow/.local/lib/python3.12/site-packages/airflow/example_dags/example_branch_day_of_week_operator.py
[2026-08-12T04:31:13.349+0000] {logging_mixin.py:190} INFO - [2026-08-12T04:31:13.349+0000] {dag.py:3211} INFO - Sync 1 DAGs
[2026-08-12T04:31:13.388+0000] {logging_mixin.py:190} INFO - [2026-08-12T04:31:13.387+0000] {dag.py:4138} INFO - Setting next_dagrun for example_weekday_branch_operator to 2026-08-11 00:00:00+00:00, run_after=2026-08-12 00:00:00+00:00
[2026-08-12T04:31:13.411+0000] {processor.py:208} INFO - Processing /home/airflow/.local/lib/python3.12/site-packages/airflow/example_dags/example_branch_day_of_week_operator.py took 0.110 seconds
[2026-08-12T04:31:43.887+0000] {processor.py:186} INFO - Started process (PID=208) to work on /home/airflow/.local/lib/python3.12/site-packages/airflow/example_dags/example_branch_day_of_week_operator.py
[2026-08-12T04:31:43.889+0000] {processor.py:914} INFO - Processing file /home/airflow/.local/lib/python3.12/site-packages/airflow/example_dags/example_branch_day_of_week_operator.py for tasks to queue
[2026-08-12T04:31:43.893+0000] {logging_mixin.py:190} INFO - [2026-08-12T04:31:43.893+0000] {dagbag.py:587} INFO - Filling up the DagBag from /home/airflow/.local/lib/python3.12/site-packages/airflow/example_dags/example_branch_day_of_week_operator.py
[2026-08-12T04:31:43.904+0000] {processor.py:925} INFO - DAG(s) 'example_weekday_branch_operator' retrieved from /home/airflow/.local/lib/python3.12/site-packages/airflow/example_dags/example_branch_day_of_week_operator.py
[2026-08-12T04:31:43.930+0000] {logging_mixin.py:190} INFO - [2026-08-12T04:31:43.929+0000] {dag.py:3211} INFO - Sync 1 DAGs
[2026-08-12T04:31:43.955+0000] {logging_mixin.py:190} INFO - [2026-08-12T04:31:43.954+0000] {dag.py:4138} INFO - Setting next_dagrun for example_weekday_branch_operator to 2026-08-11 00:00:00+00:00, run_after=2026-08-12 00:00:00+00:00
[2026-08-12T04:31:43.984+0000] {processor.py:208} INFO - Processing /home/airflow/.local/lib/python3.12/site-packages/airflow/example_dags/example_branch_day_of_week_operator.py took 0.104 seconds
[2026-08-12T04:33:02.621+0000] {processor.py:186} INFO - Started process (PID=70) to work on /home/airflow/.local/lib/python3.12/site-packages/airflow/example_dags/example_branch_day_of_week_operator.py
[2026-08-12T04:33:02.624+0000] {processor.py:914} INFO - Processing file /home/airflow/.local/lib/python3.12/site-packages/airflow/example_dags/example_branch_day_of_week_operator.py for tasks to queue
[2026-08-12T04:33:02.633+0000] {logging_mixin.py:190} INFO - [2026-08-12T04:33:02.632+0000] {dagbag.py:587} INFO - Filling up the DagBag from /home/airflow/.local/lib/python3.12/site-packages/airflow/example_dags/example_branch_day_of_week_operator.py
[2026-08-12T04:33:02.656+0000] {processor.py:925} INFO - DAG(s) 'example_weekday_branch_operator' retrieved from /home/airflow/.local/lib/python3.12/site-packages/airflow/example_dags/example_branch_day_of_week_operator.py
[2026-08-12T04:33:02.709+0000] {logging_mixin.py:190} INFO - [2026-08-12T04:33:02.708+0000] {dag.py:3211} INFO - Sync 1 DAGs
[2026-08-12T04:33:02.762+0000] {logging_mixin.py:190} INFO - [2026-08-12T04:33:02.761+0000] {dag.py:4138} INFO - Setting next_dagrun for example_weekday_branch_operator to 2026-08-11 00:00:00+00:00, run_after=2026-08-12 00:00:00+00:00
[2026-08-12T04:33:02.800+0000] {processor.py:208} INFO - Processing /home/airflow/.local/lib/python3.12/site-packages/airflow/example_dags/example_branch_day_of_week_operator.py took 0.195 seconds
[2026-08-12T04:33:33.247+0000] {processor.py:186} INFO - Started process (PID=133) to work on /home/airflow/.local/lib/python3.12/site-packages/airflow/example_dags/example_branch_day_of_week_operator.py
[2026-08-12T04:33:33.249+0000] {processor.py:914} INFO - Processing file /home/airflow/.local/lib/python3.12/site-packages/airflow/example_dags/example_branch_day_of_week_operator.py for tasks to queue
[2026-08-12T04:33:33.252+0000] {logging_mixin.py:190} INFO - [2026-08-12T04:33:33.252+0000] {dagbag.py:587} INFO - Filling up the DagBag from /home/airflow/.local/lib/python3.12/site-packages/airflow/example_dags/example_branch_day_of_week_operator.py
[2026-08-12T04:33:33.262+0000] {processor.py:925} INFO - DAG(s) 'example_weekday_branch_operator' retrieved from /home/airflow/.local/lib/python3.12/site-packages/airflow/example_dags/example_branch_day_of_week_operator.py
[2026-08-12T04:33:33.283+0000] {logging_mixin.py:190} INFO - [2026-08-12T04:33:33.283+0000] {dag.py:3211} INFO - Sync 1 DAGs
[2026-08-12T04:33:33.311+0000] {logging_mixin.py:190} INFO - [2026-08-12T04:33:33.311+0000] {dag.py:4138} INFO - Setting next_dagrun for example_weekday_branch_operator to 2026-08-11 00:00:00+00:00, run_after=2026-08-12 00:00:00+00:00
[2026-08-12T04:33:33.335+0000] {processor.py:208} INFO - Processing /home/airflow/.local/lib/python3.12/site-packages/airflow/example_dags/example_branch_day_of_week_operator.py took 0.093 seconds
[2026-08-12T04:34:03.978+0000] {processor.py:186} INFO - Started process (PID=195) to work on /home/airflow/.local/lib/python3.12/site-packages/airflow/example_dags/example_branch_day_of_week_operator.py
[2026-08-12T04:34:03.980+0000] {processor.py:914} INFO - Processing file /home/airflow/.local/lib/python3.12/site-packages/airflow/example_dags/example_branch_day_of_week_operator.py for tasks to queue
[2026-08-12T04:34:03.984+0000] {logging_mixin.py:190} INFO - [2026-08-12T04:34:03.984+0000] {dagbag.py:587} INFO - Filling up the DagBag from /home/airflow/.local/lib/python3.12/site-packages/airflow/example_dags/example_branch_day_of_week_operator.py
[2026-08-12T04:34:04.010+0000] {processor.py:925} INFO - DAG(s) 'example_weekday_branch_operator' retrieved from /home/airflow/.local/lib/python3.12/site-packages/airflow/example_dags/example_branch_day_of_week_operator.py
[2026-08-12T04:34:04.036+0000] {logging_mixin.py:190} INFO - [2026-08-12T04:34:04.036+0000] {dag.py:3211} INFO - Sync 1 DAGs
[2026-08-12T04:34:04.069+0000] {logging_mixin.py:190} INFO - [2026-08-12T04:34:04.069+0000] {dag.py:4138} INFO - Setting next_dagrun for example_weekday_branch_operator to 2026-08-11 00:00:00+00:00, run_after=2026-08-12 00:00:00+00:00
[2026-08-12T04:34:04.117+0000] {processor.py:208} INFO - Processing /home/airflow/.local/lib/python3.12/site-packages/airflow/example_dags/example_branch_day_of_week_operator.py took 0.147 seconds
[2026-08-12T04:34:34.178+0000] {processor.py:186} INFO - Started process (PID=257) to work on /home/airflow/.local/lib/python3.12/site-packages/airflow/example_dags/example_branch_day_of_week_operator.py
[2026-08-12T04:34:34.180+0000] {processor.py:914} INFO - Processing file /home/airflow/.local/lib/python3.12/site-packages/airflow/example_dags/example_branch_day_of_week_operator.py for tasks to queue
[2026-08-12T04:34:34.184+0000] {logging_mixin.py:190} INFO - [2026-08-12T04:34:34.184+0000] {dagbag.py:587} INFO - Filling up the DagBag from /home/airflow/.local/lib/python3.12/site-packages/airflow/example_dags/example_branch_day_of_week_operator.py
[2026-08-12T04:34:34.197+0000] {processor.py:925} INFO - DAG(s) 'example_weekday_branch_operator' retrieved from /home/airflow/.local/lib/python3.12/site-packages/airflow/example_dags/example_branch_day_of_week_operator.py
[2026-08-12T04:34:34.225+0000] {logging_mixin.py:190} INFO - [2026-08-12T04:34:34.225+0000] {dag.py:3211} INFO - Sync 1 DAGs
[2026-08-12T04:34:34.254+0000] {logging_mixin.py:190} INFO - [2026-08-12T04:34:34.253+0000] {dag.py:4138} INFO - Setting next_dagrun for example_weekday_branch_operator to 2026-08-11 00:00:00+00:00, run_after=2026-08-12 00:00:00+00:00
[2026-08-12T04:34:34.275+0000] {processor.py:208} INFO - Processing /home/airflow/.local/lib/python3.12/site-packages/airflow/example_dags/example_branch_day_of_week_operator.py took 0.103 seconds
[2026-08-12T04:35:04.507+0000] {processor.py:186} INFO - Started process (PID=319) to work on /home/airflow/.local/lib/python3.12/site-packages/airflow/example_dags/example_branch_day_of_week_operator.py
[2026-08-12T04:35:04.509+0000] {processor.py:914} INFO - Processing file /home/airflow/.local/lib/python3.12/site-packages/airflow/example_dags/example_branch_day_of_week_operator.py for tasks to queue
[2026-08-12T04:35:04.512+0000] {logging_mixin.py:190} INFO - [2026-08-12T04:35:04.512+0000] {dagbag.py:587} INFO - Filling up the DagBag from /home/airflow/.local/lib/python3.12/site-packages/airflow/example_dags/example_branch_day_of_week_operator.py
[2026-08-12T04:35:04.526+0000] {processor.py:925} INFO - DAG(s) 'example_weekday_branch_operator' retrieved from /home/airflow/.local/lib/python3.12/site-packages/airflow/example_dags/example_branch_day_of_week_operator.py
[2026-08-12T04:35:04.550+0000] {logging_mixin.py:190} INFO - [2026-08-12T04:35:04.549+0000] {dag.py:3211} INFO - Sync 1 DAGs
[2026-08-12T04:35:04.576+0000] {logging_mixin.py:190} INFO - [2026-08-12T04:35:04.576+0000] {dag.py:4138} INFO - Setting next_dagrun for example_weekday_branch_operator to 2026-08-11 00:00:00+00:00, run_after=2026-08-12 00:00:00+00:00
[2026-08-12T04:35:04.599+0000] {processor.py:208} INFO - Processing /home/airflow/.local/lib/python3.12/site-packages/airflow/example_dags/example_branch_day_of_week_operator.py took 0.099 seconds
[2026-08-12T04:35:35.257+0000] {processor.py:186} INFO - Started process (PID=381) to work on /home/airflow/.local/lib/python3.12/site-packages/airflow/example_dags/example_branch_day_of_week_operator.py
[2026-08-12T04:35:35.259+0000] {processor.py:914} INFO - Processing file /home/airflow/.local/lib/python3.12/site-packages/airflow/example_dags/example_branch_day_of_week_operator.py for tasks to queue
[2026-08-12T04:35:35.263+0000] {logging_mixin.py:190} INFO - [2026-08-12T04:35:35.262+0000] {dagbag.py:587} INFO - Filling up the DagBag from /home/airflow/.local/lib/python3.12/site-packages/airflow/example_dags/example_branch_day_of_week_operator.py
[2026-08-12T04:35:35.275+0000] {processor.py:925} INFO - DAG(s) 'example_weekday_branch_operator' retrieved from /home/airflow/.local/lib/python3.12/site-packages/airflow/example_dags/example_branch_day_of_week_operator.py
[2026-08-12T04:35:35.314+0000] {logging_mixin.py:190} INFO - [2026-08-12T04:35:35.313+0000] {dag.py:3211} INFO - Sync 1 DAGs
[2026-08-12T04:35:35.358+0000] {logging_mixin.py:190} INFO - [2026-08-12T04:35:35.358+0000] {dag.py:4138} INFO - Setting next_dagrun for example_weekday_branch_operator to 2026-08-11 00:00:00+00:00, run_after=2026-08-12 00:00:00+00:00
[2026-08-12T04:35:35.382+0000] {processor.py:208} INFO - Processing /home/airflow/.local/lib/python3.12/site-packages/airflow/example_dags/example_branch_day_of_week_operator.py took 0.133 seconds
[2026-08-12T04:36:06.109+0000] {processor.py:186} INFO - Started process (PID=443) to work on /home/airflow/.local/lib/python3.12/site-packages/airflow/example_dags/example_branch_day_of_week_operator.py
[2026-08-12T04:36:06.111+0000] {processor.py:914} INFO - Processing file /home/airflow/.local/lib/python3.12/site-packages/airflow/example_dags/example_branch_day_of_week_operator.py for tasks to queue
[2026-08-12T04:36:06.113+0000] {logging_mixin.py:190} INFO - [2026-08-12T04:36:06.113+0000] {dagbag.py:587} INFO - Filling up the DagBag from /home/airflow/.local/lib/python3.12/site-packages/airflow/example_dags/example_branch_day_of_week_operator.py
[2026-08-12T04:36:06.123+0000] {processor.py:925} INFO - DAG(s) 'example_weekday_branch_operator' retrieved from /home/airflow/.local/lib/python3.12/site-packages/airflow/example_dags/example_branch_day_of_week_operator.py
[2026-08-12T04:36:06.144+0000] {logging_mixin.py:190} INFO - [2026-08-12T04:36:06.144+0000] {dag.py:3211} INFO - Sync 1 DAGs
[2026-08-12T04:36:06.166+0000] {logging_mixin.py:190} INFO - [2026-08-12T04:36:06.166+0000] {dag.py:4138} INFO - Setting next_dagrun for example_weekday_branch_operator to 2026-08-11 00:00:00+00:00, run_after=2026-08-12 00:00:00+00:00
[2026-08-12T04:36:06.190+0000] {processor.py:208} INFO - Processing /home/airflow/.local/lib/python3.12/site-packages/airflow/example_dags/example_branch_day_of_week_operator.py took 0.086 seconds
[2026-08-12T04:36:36.432+0000] {processor.py:186} INFO - Started process (PID=505) to work on /home/airflow/.local/lib/python3.12/site-packages/airflow/example_dags/example_branch_day_of_week_operator.py
[2026-08-12T04:36:36.435+0000] {processor.py:914} INFO - Processing file /home/airflow/.local/lib/python3.12/site-packages/airflow/example_dags/example_branch_day_of_week_operator.py for tasks to queue
[2026-08-12T04:36:36.439+0000] {logging_mixin.py:190} INFO - [2026-08-12T04:36:36.439+0000] {dagbag.py:587} INFO - Filling up the DagBag from /home/airflow/.local/lib/python3.12/site-packages/airflow/example_dags/example_branch_day_of_week_operator.py
[2026-08-12T04:36:36.453+0000] {processor.py:925} INFO - DAG(s) 'example_weekday_branch_operator' retrieved from /home/airflow/.local/lib/python3.12/site-packages/airflow/example_dags/example_branch_day_of_week_operator.py
[2026-08-12T04:36:36.475+0000] {logging_mixin.py:190} INFO - [2026-08-12T04:36:36.474+0000] {dag.py:3211} INFO - Sync 1 DAGs
[2026-08-12T04:36:36.498+0000] {logging_mixin.py:190} INFO - [2026-08-12T04:36:36.497+0000] {dag.py:4138} INFO - Setting next_dagrun for example_weekday_branch_operator to 2026-08-11 00:00:00+00:00, run_after=2026-08-12 00:00:00+00:00
[2026-08-12T04:36:36.519+0000] {processor.py:208} INFO - Processing /home/airflow/.local/lib/python3.12/site-packages/airflow/example_dags/example_branch_day_of_week_operator.py took 0.095 seconds
[2026-08-12T04:37:07.420+0000] {processor.py:186} INFO - Started process (PID=567) to work on /home/airflow/.local/lib/python3.12/site-packages/airflow/example_dags/example_branch_day_of_week_operator.py
[2026-08-12T04:37:07.422+0000] {processor.py:914} INFO - Processing file /home/airflow/.local/lib/python3.12/site-packages/airflow/example_dags/example_branch_day_of_week_operator.py for tasks to queue
[2026-08-12T04:37:07.425+0000] {logging_mixin.py:190} INFO - [2026-08-12T04:37:07.425+0000] {dagbag.py:587} INFO - Filling up the DagBag from /home/airflow/.local/lib/python3.12/site-packages/airflow/example_dags/example_branch_day_of_week_operator.py
[2026-08-12T04:37:07.439+0000] {processor.py:925} INFO - DAG(s) 'example_weekday_branch_operator' retrieved from /home/airflow/.local/lib/python3.12/site-packages/airflow/example_dags/example_branch_day_of_week_operator.py
[2026-08-12T04:37:07.463+0000] {logging_mixin.py:190} INFO - [2026-08-12T04:37:07.463+0000] {dag.py:3211} INFO - Sync 1 DAGs
[2026-08-12T04:37:07.490+0000] {logging_mixin.py:190} INFO - [2026-08-12T04:37:07.490+0000] {dag.py:4138} INFO - Setting next_dagrun for example_weekday_branch_operator to 2026-08-11 00:00:00+00:00, run_after=2026-08-12 00:00:00+00:00
[2026-08-12T04:37:07.511+0000] {processor.py:208} INFO - Processing /home/airflow/.local/lib/python3.12/site-packages/airflow/example_dags/example_branch_day_of_week_operator.py took 0.097 seconds
[2026-08-12T04:37:38.154+0000] {processor.py:186} INFO - Started process (PID=629) to work on /home/airflow/.local/lib/python3.12/site-packages/airflow/example_dags/example_branch_day_of_week_operator.py
[2026-08-12T04:37:38.156+0000] {processor.py:914} INFO - Processing file /home/airflow/.local/lib/python3.12/site-packages/airflow/example_dags/example_branch_day_of_week_operator.py for tasks to queue
[2026-08-12T04:37:38.160+0000] {logging_mixin.py:190} INFO - [2026-08-12T04:37:38.159+0000] {dagbag.py:587} INFO - Filling up the DagBag from /home/airflow/.local/lib/python3.12/site-packages/airflow/example_dags/example_branch_day_of_week_operator.py
[2026-08-12T04:37:38.173+0000] {processor.py:925} INFO - DAG(s) 'example_weekday_branch_operator' retrieved from /home/airflow/.local/lib/python3.12/site-packages/airflow/example_dags/example_branch_day_of_week_operator.py
[2026-08-12T04:37:38.202+0000] {logging_mixin.py:190} INFO - [2026-08-12T04:37:38.202+0000] {dag.py:3211} INFO - Sync 1 DAGs
[2026-08-12T04:37:38.232+0000] {logging_mixin.py:190} INFO - [2026-08-12T04:37:38.232+0000] {dag.py:4138} INFO - Setting next_dagrun for example_weekday_branch_operator to 2026-08-11 00:00:00+00:00, run_after=2026-08-12 00:00:00+00:00
[2026-08-12T04:37:38.260+0000] {processor.py:208} INFO - Processing /home/airflow/.local/lib/python3.12/site-packages/airflow/example_dags/example_branch_day_of_week_operator.py took 0.113 seconds
[2026-08-12T04:38:08.888+0000] {processor.py:186} INFO - Started process (PID=691) to work on /home/airflow/.local/lib/python3.12/site-packages/airflow/example_dags/example_branch_day_of_week_operator.py
[2026-08-12T04:38:08.890+0000] {processor.py:914} INFO - Processing file /home/airflow/.local/lib/python3.12/site-packages/airflow/example_dags/example_branch_day_of_week_operator.py for tasks to queue
[2026-08-12T04:38:08.894+0000] {logging_mixin.py:190} INFO - [2026-08-12T04:38:08.893+0000] {dagbag.py:587} INFO - Filling up the DagBag from /home/airflow/.local/lib/python3.12/site-packages/airflow/example_dags/example_branch_day_of_week_operator.py
[2026-08-12T04:38:08.908+0000] {processor.py:925} INFO - DAG(s) 'example_weekday_branch_operator' retrieved from /home/airflow/.local/lib/python3.12/site-packages/airflow/example_dags/example_branch_day_of_week_operator.py
[2026-08-12T04:38:08.934+0000] {logging_mixin.py:190} INFO - [2026-08-12T04:38:08.934+0000] {dag.py:3211} INFO - Sync 1 DAGs
[2026-08-12T04:38:08.963+0000] {logging_mixin.py:190} INFO - [2026-08-12T04:38:08.962+0000] {dag.py:4138} INFO - Setting next_dagrun for example_weekday_branch_operator to 2026-08-11 00:00:00+00:00, run_after=2026-08-12 00:00:00+00:00
[2026-08-12T04:38:08.987+0000] {processor.py:208} INFO - Processing /home/airflow/.local/lib/python3.12/site-packages/airflow/example_dags/example_branch_day_of_week_operator.py took 0.105 seconds
[2026-08-12T04:38:39.551+0000] {processor.py:186} INFO - Started process (PID=753) to work on /home/airflow/.local/lib/python3.12/site-packages/airflow/example_dags/example_branch_day_of_week_operator.py
[2026-08-12T04:38:39.553+0000] {processor.py:914} INFO - Processing file /home/airflow/.local/lib/python3.12/site-packages/airflow/example_dags/example_branch_day_of_week_operator.py for tasks to queue
[2026-08-12T04:38:39.557+0000] {logging_mixin.py:190} INFO - [2026-08-12T04:38:39.556+0000] {dagbag.py:587} INFO - Filling up the DagBag from /home/airflow/.local/lib/python3.12/site-packages/airflow/example_dags/example_branch_day_of_week_operator.py
[2026-08-12T04:38:39.568+0000] {processor.py:925} INFO - DAG(s) 'example_weekday_branch_operator' retrieved from /home/airflow/.local/lib/python3.12/site-packages/airflow/example_dags/example_branch_day_of_week_operator.py
[2026-08-12T04:38:39.591+0000] {logging_mixin.py:190} INFO - [2026-08-12T04:38:39.591+0000] {dag.py:3211} INFO - Sync 1 DAGs
[2026-08-12T04:38:39.623+0000] {logging_mixin.py:190} INFO - [2026-08-12T04:38:39.622+0000] {dag.py:4138} INFO - Setting next_dagrun for example_weekday_branch_operator to 2026-08-11 00:00:00+00:00, run_after=2026-08-12 00:00:00+00:00
[2026-08-12T04:38:39.689+0000] {processor.py:208} INFO - Processing /home/airflow/.local/lib/python3.12/site-packages/airflow/example_dags/example_branch_day_of_week_operator.py took 0.144 seconds
[2026-08-12T04:39:11.010+0000] {processor.py:186} INFO - Started process (PID=815) to work on /home/airflow/.local/lib/python3.12/site-packages/airflow/example_dags/example_branch_day_of_week_operator.py
[2026-08-12T04:39:11.013+0000] {processor.py:914} INFO - Processing file /home/airflow/.local/lib/python3.12/site-packages/airflow/example_dags/example_branch_day_of_week_operator.py for tasks to queue
[2026-08-12T04:39:11.018+0000] {logging_mixin.py:190} INFO - [2026-08-12T04:39:11.017+0000] {dagbag.py:587} INFO - Filling up the DagBag from /home/airflow/.local/lib/python3.12/site-packages/airflow/example_dags/example_branch_day_of_week_operator.py
[2026-08-12T04:39:11.049+0000] {processor.py:925} INFO - DAG(s) 'example_weekday_branch_operator' retrieved from /home/airflow/.local/lib/python3.12/site-packages/airflow/example_dags/example_branch_day_of_week_operator.py
[2026-08-12T04:39:11.089+0000] {logging_mixin.py:190} INFO - [2026-08-12T04:39:11.088+0000] {dag.py:3211} INFO - Sync 1 DAGs
[2026-08-12T04:39:11.119+0000] {logging_mixin.py:190} INFO - [2026-08-12T04:39:11.119+0000] {dag.py:4138} INFO - Setting next_dagrun for example_weekday_branch_operator to 2026-08-11 00:00:00+00:00, run_after=2026-08-12 00:00:00+00:00
[2026-08-12T04:39:11.146+0000] {processor.py:208} INFO - Processing /home/airflow/.local/lib/python3.12/site-packages/airflow/example_dags/example_branch_day_of_week_operator.py took 0.144 seconds
[2026-08-12T04:39:41.206+0000] {processor.py:186} INFO - Started process (PID=877) to work on /home/airflow/.local/lib/python3.12/site-packages/airflow/example_dags/example_branch_day_of_week_operator.py
[2026-08-12T04:39:41.208+0000] {processor.py:914} INFO - Processing file /home/airflow/.local/lib/python3.12/site-packages/airflow/example_dags/example_branch_day_of_week_operator.py for tasks to queue
[2026-08-12T04:39:41.211+0000] {logging_mixin.py:190} INFO - [2026-08-12T04:39:41.211+0000] {dagbag.py:587} INFO - Filling up the DagBag from /home/airflow/.local/lib/python3.12/site-packages/airflow/example_dags/example_branch_day_of_week_operator.py
[2026-08-12T04:39:41.224+0000] {processor.py:925} INFO - DAG(s) 'example_weekday_branch_operator' retrieved from /home/airflow/.local/lib/python3.12/site-packages/airflow/example_dags/example_branch_day_of_week_operator.py
[2026-08-12T04:39:41.248+0000] {logging_mixin.py:190} INFO - [2026-08-12T04:39:41.248+0000] {dag.py:3211} INFO - Sync 1 DAGs
[2026-08-12T04:39:41.273+0000] {logging_mixin.py:190} INFO - [2026-08-12T04:39:41.273+0000] {dag.py:4138} INFO - Setting next_dagrun for example_weekday_branch_operator to 2026-08-11 00:00:00+00:00, run_after=2026-08-12 00:00:00+00:00
[2026-08-12T04:39:41.296+0000] {processor.py:208} INFO - Processing /home/airflow/.local/lib/python3.12/site-packages/airflow/example_dags/example_branch_day_of_week_operator.py took 0.097 seconds
[2026-08-12T04:40:12.223+0000] {processor.py:186} INFO - Started process (PID=939) to work on /home/airflow/.local/lib/python3.12/site-packages/airflow/example_dags/example_branch_day_of_week_operator.py
[2026-08-12T04:40:12.226+0000] {processor.py:914} INFO - Processing file /home/airflow/.local/lib/python3.12/site-packages/airflow/example_dags/example_branch_day_of_week_operator.py for tasks to queue
[2026-08-12T04:40:12.231+0000] {logging_mixin.py:190} INFO - [2026-08-12T04:40:12.231+0000] {dagbag.py:587} INFO - Filling up the DagBag from /home/airflow/.local/lib/python3.12/site-packages/airflow/example_dags/example_branch_day_of_week_operator.py
[2026-08-12T04:40:12.244+0000] {processor.py:925} INFO - DAG(s) 'example_weekday_branch_operator' retrieved from /home/airflow/.local/lib/python3.12/site-packages/airflow/example_dags/example_branch_day_of_week_operator.py
[2026-08-12T04:40:12.269+0000] {logging_mixin.py:190} INFO - [2026-08-12T04:40:12.269+0000] {dag.py:3211} INFO - Sync 1 DAGs
[2026-08-12T04:40:12.294+0000] {logging_mixin.py:190} INFO - [2026-08-12T04:40:12.294+0000] {dag.py:4138} INFO - Setting next_dagrun for example_weekday_branch_operator to 2026-08-11 00:00:00+00:00, run_after=2026-08-12 00:00:00+00:00
[2026-08-12T04:40:12.315+0000] {processor.py:208} INFO - Processing /home/airflow/.local/lib/python3.12/site-packages/airflow/example_dags/example_branch_day_of_week_operator.py took 0.100 seconds
[2026-08-12T04:40:42.567+0000] {processor.py:186} INFO - Started process (PID=1001) to work on /home/airflow/.local/lib/python3.12/site-packages/airflow/example_dags/example_branch_day_of_week_operator.py
[2026-08-12T04:40:42.570+0000] {processor.py:914} INFO - Processing file /home/airflow/.local/lib/python3.12/site-packages/airflow/example_dags/example_branch_day_of_week_operator.py for tasks to queue
[2026-08-12T04:40:42.574+0000] {logging_mixin.py:190} INFO - [2026-08-12T04:40:42.573+0000] {dagbag.py:587} INFO - Filling up the DagBag from /home/airflow/.local/lib/python3.12/site-packages/airflow/example_dags/example_branch_day_of_week_operator.py
[2026-08-12T04:40:42.588+0000] {processor.py:925} INFO - DAG(s) 'example_weekday_branch_operator' retrieved from /home/airflow/.local/lib/python3.12/site-packages/airflow/example_dags/example_branch_day_of_week_operator.py
[2026-08-12T04:40:42.611+0000] {logging_mixin.py:190} INFO - [2026-08-12T04:40:42.611+0000] {dag.py:3211} INFO - Sync 1 DAGs
[2026-08-12T04:40:42.634+0000] {logging_mixin.py:190} INFO - [2026-08-12T04:40:42.634+0000] {dag.py:4138} INFO - Setting next_dagrun for example_weekday_branch_operator to 2026-08-11 00:00:00+00:00, run_after=2026-08-12 00:00:00+00:00
[2026-08-12T04:40:42.656+0000] {processor.py:208} INFO - Processing /home/airflow/.local/lib/python3.12/site-packages/airflow/example_dags/example_branch_day_of_week_operator.py took 0.096 seconds
[2026-08-12T04:41:13.412+0000] {processor.py:186} INFO - Started process (PID=1063) to work on /home/airflow/.local/lib/python3.12/site-packages/airflow/example_dags/example_branch_day_of_week_operator.py
[2026-08-12T04:41:13.414+0000] {processor.py:914} INFO - Processing file /home/airflow/.local/lib/python3.12/site-packages/airflow/example_dags/example_branch_day_of_week_operator.py for tasks to queue
[2026-08-12T04:41:13.418+0000] {logging_mixin.py:190} INFO - [2026-08-12T04:41:13.417+0000] {dagbag.py:587} INFO - Filling up the DagBag from /home/airflow/.local/lib/python3.12/site-packages/airflow/example_dags/example_branch_day_of_week_operator.py
[2026-08-12T04:41:13.431+0000] {processor.py:925} INFO - DAG(s) 'example_weekday_branch_operator' retrieved from /home/airflow/.local/lib/python3.12/site-packages/airflow/example_dags/example_branch_day_of_week_operator.py
[2026-08-12T04:41:13.460+0000] {logging_mixin.py:190} INFO - [2026-08-12T04:41:13.460+0000] {dag.py:3211} INFO - Sync 1 DAGs
[2026-08-12T04:41:13.486+0000] {logging_mixin.py:190} INFO - [2026-08-12T04:41:13.486+0000] {dag.py:4138} INFO - Setting next_dagrun for example_weekday_branch_operator to 2026-08-11 00:00:00+00:00, run_after=2026-08-12 00:00:00+00:00
[2026-08-12T04:41:13.510+0000] {processor.py:208} INFO - Processing /home/airflow/.local/lib/python3.12/site-packages/airflow/example_dags/example_branch_day_of_week_operator.py took 0.105 seconds
[2026-08-12T04:41:44.166+0000] {processor.py:186} INFO - Started process (PID=1125) to work on /home/airflow/.local/lib/python3.12/site-packages/airflow/example_dags/example_branch_day_of_week_operator.py
[2026-08-12T04:41:44.168+0000] {processor.py:914} INFO - Processing file /home/airflow/.local/lib/python3.12/site-packages/airflow/example_dags/example_branch_day_of_week_operator.py for tasks to queue
[2026-08-12T04:41:44.171+0000] {logging_mixin.py:190} INFO - [2026-08-12T04:41:44.171+0000] {dagbag.py:587} INFO - Filling up the DagBag from /home/airflow/.local/lib/python3.12/site-packages/airflow/example_dags/example_branch_day_of_week_operator.py
[2026-08-12T04:41:44.183+0000] {processor.py:925} INFO - DAG(s) 'example_weekday_branch_operator' retrieved from /home/airflow/.local/lib/python3.12/site-packages/airflow/example_dags/example_branch_day_of_week_operator.py
[2026-08-12T04:41:44.206+0000] {logging_mixin.py:190} INFO - [2026-08-12T04:41:44.205+0000] {dag.py:3211} INFO - Sync 1 DAGs
[2026-08-12T04:41:44.235+0000] {logging_mixin.py:190} INFO - [2026-08-12T04:41:44.235+0000] {dag.py:4138} INFO - Setting next_dagrun for example_weekday_branch_operator to 2026-08-11 00:00:00+00:00, run_after=2026-08-12 00:00:00+00:00
[2026-08-12T04:41:44.262+0000] {processor.py:208} INFO - Processing /home/airflow/.local/lib/python3.12/site-packages/airflow/example_dags/example_branch_day_of_week_operator.py took 0.103 seconds
[2026-08-12T04:42:14.998+0000] {processor.py:186} INFO - Started process (PID=1187) to work on /home/airflow/.local/lib/python3.12/site-packages/airflow/example_dags/example_branch_day_of_week_operator.py
[2026-08-12T04:42:15.000+0000] {processor.py:914} INFO - Processing file /home/airflow/.local/lib/python3.12/site-packages/airflow/example_dags/example_branch_day_of_week_operator.py for tasks to queue
[2026-08-12T04:42:15.004+0000] {logging_mixin.py:190} INFO - [2026-08-12T04:42:15.003+0000] {dagbag.py:587} INFO - Filling up the DagBag from /home/airflow/.local/lib/python3.12/site-packages/airflow/example_dags/example_branch_day_of_week_operator.py
[2026-08-12T04:42:15.024+0000] {processor.py:925} INFO - DAG(s) 'example_weekday_branch_operator' retrieved from /home/airflow/.local/lib/python3.12/site-packages/airflow/example_dags/example_branch_day_of_week_operator.py
[2026-08-12T04:42:15.053+0000] {logging_mixin.py:190} INFO - [2026-08-12T04:42:15.053+0000] {dag.py:3211} INFO - Sync 1 DAGs
[2026-08-12T04:42:15.078+0000] {logging_mixin.py:190} INFO - [2026-08-12T04:42:15.078+0000] {dag.py:4138} INFO - Setting next_dagrun for example_weekday_branch_operator to 2026-08-11 00:00:00+00:00, run_after=2026-08-12 00:00:00+00:00
[2026-08-12T04:42:15.099+0000] {processor.py:208} INFO - Processing /home/airflow/.local/lib/python3.12/site-packages/airflow/example_dags/example_branch_day_of_week_operator.py took 0.107 seconds
[2026-08-12T04:42:45.799+0000] {processor.py:186} INFO - Started process (PID=1249) to work on /home/airflow/.local/lib/python3.12/site-packages/airflow/example_dags/example_branch_day_of_week_operator.py
[2026-08-12T04:42:45.801+0000] {processor.py:914} INFO - Processing file /home/airflow/.local/lib/python3.12/site-packages/airflow/example_dags/example_branch_day_of_week_operator.py for tasks to queue
[2026-08-12T04:42:45.805+0000] {logging_mixin.py:190} INFO - [2026-08-12T04:42:45.804+0000] {dagbag.py:587} INFO - Filling up the DagBag from /home/airflow/.local/lib/python3.12/site-packages/airflow/example_dags/example_branch_day_of_week_operator.py
[2026-08-12T04:42:45.816+0000] {processor.py:925} INFO - DAG(s) 'example_weekday_branch_operator' retrieved from /home/airflow/.local/lib/python3.12/site-packages/airflow/example_dags/example_branch_day_of_week_operator.py
[2026-08-12T04:42:45.841+0000] {logging_mixin.py:190} INFO - [2026-08-12T04:42:45.841+0000] {dag.py:3211} INFO - Sync 1 DAGs
[2026-08-12T04:42:45.869+0000] {logging_mixin.py:190} INFO - [2026-08-12T04:42:45.869+0000] {dag.py:4138} INFO - Setting next_dagrun for example_weekday_branch_operator to 2026-08-11 00:00:00+00:00, run_after=2026-08-12 00:00:00+00:00
[2026-08-12T04:42:45.889+0000] {processor.py:208} INFO - Processing /home/airflow/.local/lib/python3.12/site-packages/airflow/example_dags/example_branch_day_of_week_operator.py took 0.095 seconds
[2026-08-12T04:43:16.223+0000] {processor.py:186} INFO - Started process (PID=1311) to work on /home/airflow/.local/lib/python3.12/site-packages/airflow/example_dags/example_branch_day_of_week_operator.py
[2026-08-12T04:43:16.225+0000] {processor.py:914} INFO - Processing file /home/airflow/.local/lib/python3.12/site-packages/airflow/example_dags/example_branch_day_of_week_operator.py for tasks to queue
[2026-08-12T04:43:16.228+0000] {logging_mixin.py:190} INFO - [2026-08-12T04:43:16.228+0000] {dagbag.py:587} INFO - Filling up the DagBag from /home/airflow/.local/lib/python3.12/site-packages/airflow/example_dags/example_branch_day_of_week_operator.py
[2026-08-12T04:43:16.240+0000] {processor.py:925} INFO - DAG(s) 'example_weekday_branch_operator' retrieved from /home/airflow/.local/lib/python3.12/site-packages/airflow/example_dags/example_branch_day_of_week_operator.py
[2026-08-12T04:43:16.261+0000] {logging_mixin.py:190} INFO - [2026-08-12T04:43:16.260+0000] {dag.py:3211} INFO - Sync 1 DAGs
[2026-08-12T04:43:16.285+0000] {logging_mixin.py:190} INFO - [2026-08-12T04:43:16.285+0000] {dag.py:4138} INFO - Setting next_dagrun for example_weekday_branch_operator to 2026-08-11 00:00:00+00:00, run_after=2026-08-12 00:00:00+00:00
[2026-08-12T04:43:16.306+0000] {processor.py:208} INFO - Processing /home/airflow/.local/lib/python3.12/site-packages/airflow/example_dags/example_branch_day_of_week_operator.py took 0.088 seconds
[2026-08-12T04:43:46.983+0000] {processor.py:186} INFO - Started process (PID=1373) to work on /home/airflow/.local/lib/python3.12/site-packages/airflow/example_dags/example_branch_day_of_week_operator.py
[2026-08-12T04:43:46.990+0000] {processor.py:914} INFO - Processing file /home/airflow/.local/lib/python3.12/site-packages/airflow/example_dags/example_branch_day_of_week_operator.py for tasks to queue
[2026-08-12T04:43:46.993+0000] {logging_mixin.py:190} INFO - [2026-08-12T04:43:46.992+0000] {dagbag.py:587} INFO - Filling up the DagBag from /home/airflow/.local/lib/python3.12/site-packages/airflow/example_dags/example_branch_day_of_week_operator.py
[2026-08-12T04:43:47.005+0000] {processor.py:925} INFO - DAG(s) 'example_weekday_branch_operator' retrieved from /home/airflow/.local/lib/python3.12/site-packages/airflow/example_dags/example_branch_day_of_week_operator.py
[2026-08-12T04:43:47.030+0000] {logging_mixin.py:190} INFO - [2026-08-12T04:43:47.029+0000] {dag.py:3211} INFO - Sync 1 DAGs
[2026-08-12T04:43:47.059+0000] {logging_mixin.py:190} INFO - [2026-08-12T04:43:47.059+0000] {dag.py:4138} INFO - Setting next_dagrun for example_weekday_branch_operator to 2026-08-11 00:00:00+00:00, run_after=2026-08-12 00:00:00+00:00
[2026-08-12T04:43:47.084+0000] {processor.py:208} INFO - Processing /home/airflow/.local/lib/python3.12/site-packages/airflow/example_dags/example_branch_day_of_week_operator.py took 0.105 seconds
[2026-08-12T04:44:17.740+0000] {processor.py:186} INFO - Started process (PID=1435) to work on /home/airflow/.local/lib/python3.12/site-packages/airflow/example_dags/example_branch_day_of_week_operator.py
[2026-08-12T04:44:17.743+0000] {processor.py:914} INFO - Processing file /home/airflow/.local/lib/python3.12/site-packages/airflow/example_dags/example_branch_day_of_week_operator.py for tasks to queue
[2026-08-12T04:44:17.747+0000] {logging_mixin.py:190} INFO - [2026-08-12T04:44:17.746+0000] {dagbag.py:587} INFO - Filling up the DagBag from /home/airflow/.local/lib/python3.12/site-packages/airflow/example_dags/example_branch_day_of_week_operator.py
[2026-08-12T04:44:17.758+0000] {processor.py:925} INFO - DAG(s) 'example_weekday_branch_operator' retrieved from /home/airflow/.local/lib/python3.12/site-packages/airflow/example_dags/example_branch_day_of_week_operator.py
[2026-08-12T04:44:17.781+0000] {logging_mixin.py:190} INFO - [2026-08-12T04:44:17.781+0000] {dag.py:3211} INFO - Sync 1 DAGs
[2026-08-12T04:44:17.820+0000] {logging_mixin.py:190} INFO - [2026-08-12T04:44:17.820+0000] {dag.py:4138} INFO - Setting next_dagrun for example_weekday_branch_operator to 2026-08-11 00:00:00+00:00, run_after=2026-08-12 00:00:00+00:00
[2026-08-12T04:44:17.841+0000] {processor.py:208} INFO - Processing /home/airflow/.local/lib/python3.12/site-packages/airflow/example_dags/example_branch_day_of_week_operator.py took 0.106 seconds
[2026-08-12T04:44:48.477+0000] {processor.py:186} INFO - Started process (PID=1497) to work on /home/airflow/.local/lib/python3.12/site-packages/airflow/example_dags/example_branch_day_of_week_operator.py
[2026-08-12T04:44:48.479+0000] {processor.py:914} INFO - Processing file /home/airflow/.local/lib/python3.12/site-packages/airflow/example_dags/example_branch_day_of_week_operator.py for tasks to queue
[2026-08-12T04:44:48.483+0000] {logging_mixin.py:190} INFO - [2026-08-12T04:44:48.483+0000] {dagbag.py:587} INFO - Filling up the DagBag from /home/airflow/.local/lib/python3.12/site-packages/airflow/example_dags/example_branch_day_of_week_operator.py
[2026-08-12T04:44:48.498+0000] {processor.py:925} INFO - DAG(s) 'example_weekday_branch_operator' retrieved from /home/airflow/.local/lib/python3.12/site-packages/airflow/example_dags/example_branch_day_of_week_operator.py
[2026-08-12T04:44:48.528+0000] {logging_mixin.py:190} INFO - [2026-08-12T04:44:48.527+0000] {dag.py:3211} INFO - Sync 1 DAGs
[2026-08-12T04:44:48.562+0000] {logging_mixin.py:190} INFO - [2026-08-12T04:44:48.562+0000] {dag.py:4138} INFO - Setting next_dagrun for example_weekday_branch_operator to 2026-08-11 00:00:00+00:00, run_after=2026-08-12 00:00:00+00:00
[2026-08-12T04:44:48.589+0000] {processor.py:208} INFO - Processing /home/airflow/.local/lib/python3.12/site-packages/airflow/example_dags/example_branch_day_of_week_operator.py took 0.120 seconds
[2026-08-12T04:45:19.329+0000] {processor.py:186} INFO - Started process (PID=1559) to work on /home/airflow/.local/lib/python3.12/site-packages/airflow/example_dags/example_branch_day_of_week_operator.py
[2026-08-12T04:45:19.332+0000] {processor.py:914} INFO - Processing file /home/airflow/.local/lib/python3.12/site-packages/airflow/example_dags/example_branch_day_of_week_operator.py for tasks to queue
[2026-08-12T04:45:19.335+0000] {logging_mixin.py:190} INFO - [2026-08-12T04:45:19.335+0000] {dagbag.py:587} INFO - Filling up the DagBag from /home/airflow/.local/lib/python3.12/site-packages/airflow/example_dags/example_branch_day_of_week_operator.py
[2026-08-12T04:45:19.347+0000] {processor.py:925} INFO - DAG(s) 'example_weekday_branch_operator' retrieved from /home/airflow/.local/lib/python3.12/site-packages/airflow/example_dags/example_branch_day_of_week_operator.py
[2026-08-12T04:45:19.372+0000] {logging_mixin.py:190} INFO - [2026-08-12T04:45:19.372+0000] {dag.py:3211} INFO - Sync 1 DAGs
[2026-08-12T04:45:19.397+0000] {logging_mixin.py:190} INFO - [2026-08-12T04:45:19.397+0000] {dag.py:4138} INFO - Setting next_dagrun for example_weekday_branch_operator to 2026-08-11 00:00:00+00:00, run_after=2026-08-12 00:00:00+00:00
[2026-08-12T04:45:19.421+0000] {processor.py:208} INFO - Processing /home/airflow/.local/lib/python3.12/site-packages/airflow/example_dags/example_branch_day_of_week_operator.py took 0.100 seconds
[2026-08-12T04:45:49.975+0000] {processor.py:186} INFO - Started process (PID=1621) to work on /home/airflow/.local/lib/python3.12/site-packages/airflow/example_dags/example_branch_day_of_week_operator.py
[2026-08-12T04:45:49.977+0000] {processor.py:914} INFO - Processing file /home/airflow/.local/lib/python3.12/site-packages/airflow/example_dags/example_branch_day_of_week_operator.py for tasks to queue
[2026-08-12T04:45:49.982+0000] {logging_mixin.py:190} INFO - [2026-08-12T04:45:49.981+0000] {dagbag.py:587} INFO - Filling up the DagBag from /home/airflow/.local/lib/python3.12/site-packages/airflow/example_dags/example_branch_day_of_week_operator.py
[2026-08-12T04:45:50.000+0000] {processor.py:925} INFO - DAG(s) 'example_weekday_branch_operator' retrieved from /home/airflow/.local/lib/python3.12/site-packages/airflow/example_dags/example_branch_day_of_week_operator.py
[2026-08-12T04:45:50.035+0000] {logging_mixin.py:190} INFO - [2026-08-12T04:45:50.034+0000] {dag.py:3211} INFO - Sync 1 DAGs
[2026-08-12T04:45:50.073+0000] {logging_mixin.py:190} INFO - [2026-08-12T04:45:50.072+0000] {dag.py:4138} INFO - Setting next_dagrun for example_weekday_branch_operator to 2026-08-11 00:00:00+00:00, run_after=2026-08-12 00:00:00+00:00
[2026-08-12T04:45:50.115+0000] {processor.py:208} INFO - Processing /home/airflow/.local/lib/python3.12/site-packages/airflow/example_dags/example_branch_day_of_week_operator.py took 0.148 seconds
[2026-08-12T04:46:20.652+0000] {processor.py:186} INFO - Started process (PID=1683) to work on /home/airflow/.local/lib/python3.12/site-packages/airflow/example_dags/example_branch_day_of_week_operator.py
[2026-08-12T04:46:20.653+0000] {processor.py:914} INFO - Processing file /home/airflow/.local/lib/python3.12/site-packages/airflow/example_dags/example_branch_day_of_week_operator.py for tasks to queue
[2026-08-12T04:46:20.657+0000] {logging_mixin.py:190} INFO - [2026-08-12T04:46:20.656+0000] {dagbag.py:587} INFO - Filling up the DagBag from /home/airflow/.local/lib/python3.12/site-packages/airflow/example_dags/example_branch_day_of_week_operator.py
[2026-08-12T04:46:20.673+0000] {processor.py:925} INFO - DAG(s) 'example_weekday_branch_operator' retrieved from /home/airflow/.local/lib/python3.12/site-packages/airflow/example_dags/example_branch_day_of_week_operator.py
[2026-08-12T04:46:20.722+0000] {logging_mixin.py:190} INFO - [2026-08-12T04:46:20.721+0000] {dag.py:3211} INFO - Sync 1 DAGs
[2026-08-12T04:46:20.764+0000] {logging_mixin.py:190} INFO - [2026-08-12T04:46:20.764+0000] {dag.py:4138} INFO - Setting next_dagrun for example_weekday_branch_operator to 2026-08-11 00:00:00+00:00, run_after=2026-08-12 00:00:00+00:00
[2026-08-12T04:46:20.792+0000] {processor.py:208} INFO - Processing /home/airflow/.local/lib/python3.12/site-packages/airflow/example_dags/example_branch_day_of_week_operator.py took 0.148 seconds
[2026-08-12T04:46:51.541+0000] {processor.py:186} INFO - Started process (PID=1745) to work on /home/airflow/.local/lib/python3.12/site-packages/airflow/example_dags/example_branch_day_of_week_operator.py
[2026-08-12T04:46:51.543+0000] {processor.py:914} INFO - Processing file /home/airflow/.local/lib/python3.12/site-packages/airflow/example_dags/example_branch_day_of_week_operator.py for tasks to queue
[2026-08-12T04:46:51.559+0000] {logging_mixin.py:190} INFO - [2026-08-12T04:46:51.550+0000] {dagbag.py:587} INFO - Filling up the DagBag from /home/airflow/.local/lib/python3.12/site-packages/airflow/example_dags/example_branch_day_of_week_operator.py
[2026-08-12T04:46:51.570+0000] {processor.py:925} INFO - DAG(s) 'example_weekday_branch_operator' retrieved from /home/airflow/.local/lib/python3.12/site-packages/airflow/example_dags/example_branch_day_of_week_operator.py
[2026-08-12T04:46:51.596+0000] {logging_mixin.py:190} INFO - [2026-08-12T04:46:51.596+0000] {dag.py:3211} INFO - Sync 1 DAGs
[2026-08-12T04:46:51.621+0000] {logging_mixin.py:190} INFO - [2026-08-12T04:46:51.621+0000] {dag.py:4138} INFO - Setting next_dagrun for example_weekday_branch_operator to 2026-08-11 00:00:00+00:00, run_after=2026-08-12 00:00:00+00:00
[2026-08-12T04:46:51.646+0000] {processor.py:208} INFO - Processing /home/airflow/.local/lib/python3.12/site-packages/airflow/example_dags/example_branch_day_of_week_operator.py took 0.111 seconds
[2026-08-12T04:47:22.550+0000] {processor.py:186} INFO - Started process (PID=1807) to work on /home/airflow/.local/lib/python3.12/site-packages/airflow/example_dags/example_branch_day_of_week_operator.py
[2026-08-12T04:47:22.552+0000] {processor.py:914} INFO - Processing file /home/airflow/.local/lib/python3.12/site-packages/airflow/example_dags/example_branch_day_of_week_operator.py for tasks to queue
[2026-08-12T04:47:22.555+0000] {logging_mixin.py:190} INFO - [2026-08-12T04:47:22.555+0000] {dagbag.py:587} INFO - Filling up the DagBag from /home/airflow/.local/lib/python3.12/site-packages/airflow/example_dags/example_branch_day_of_week_operator.py
[2026-08-12T04:47:22.571+0000] {processor.py:925} INFO - DAG(s) 'example_weekday_branch_operator' retrieved from /home/airflow/.local/lib/python3.12/site-packages/airflow/example_dags/example_branch_day_of_week_operator.py
[2026-08-12T04:47:22.597+0000] {logging_mixin.py:190} INFO - [2026-08-12T04:47:22.597+0000] {dag.py:3211} INFO - Sync 1 DAGs
[2026-08-12T04:47:22.623+0000] {logging_mixin.py:190} INFO - [2026-08-12T04:47:22.622+0000] {dag.py:4138} INFO - Setting next_dagrun for example_weekday_branch_operator to 2026-08-11 00:00:00+00:00, run_after=2026-08-12 00:00:00+00:00
[2026-08-12T04:47:22.662+0000] {processor.py:208} INFO - Processing /home/airflow/.local/lib/python3.12/site-packages/airflow/example_dags/example_branch_day_of_week_operator.py took 0.120 seconds
[2026-08-12T04:47:53.139+0000] {processor.py:186} INFO - Started process (PID=1869) to work on /home/airflow/.local/lib/python3.12/site-packages/airflow/example_dags/example_branch_day_of_week_operator.py
[2026-08-12T04:47:53.142+0000] {processor.py:914} INFO - Processing file /home/airflow/.local/lib/python3.12/site-packages/airflow/example_dags/example_branch_day_of_week_operator.py for tasks to queue
[2026-08-12T04:47:53.148+0000] {logging_mixin.py:190} INFO - [2026-08-12T04:47:53.147+0000] {dagbag.py:587} INFO - Filling up the DagBag from /home/airflow/.local/lib/python3.12/site-packages/airflow/example_dags/example_branch_day_of_week_operator.py
[2026-08-12T04:47:53.162+0000] {processor.py:925} INFO - DAG(s) 'example_weekday_branch_operator' retrieved from /home/airflow/.local/lib/python3.12/site-packages/airflow/example_dags/example_branch_day_of_week_operator.py
[2026-08-12T04:47:53.188+0000] {logging_mixin.py:190} INFO - [2026-08-12T04:47:53.187+0000] {dag.py:3211} INFO - Sync 1 DAGs
[2026-08-12T04:47:53.221+0000] {logging_mixin.py:190} INFO - [2026-08-12T04:47:53.221+0000] {dag.py:4138} INFO - Setting next_dagrun for example_weekday_branch_operator to 2026-08-11 00:00:00+00:00, run_after=2026-08-12 00:00:00+00:00
[2026-08-12T04:47:53.253+0000] {processor.py:208} INFO - Processing /home/airflow/.local/lib/python3.12/site-packages/airflow/example_dags/example_branch_day_of_week_operator.py took 0.123 seconds
