[2026-08-12T04:30:42.543+0000] {processor.py:186} INFO - Started process (PID=86) to work on /home/airflow/.local/lib/python3.12/site-packages/airflow/example_dags/example_short_circuit_decorator.py
[2026-08-12T04:30:42.546+0000] {processor.py:914} INFO - Processing file /home/airflow/.local/lib/python3.12/site-packages/airflow/example_dags/example_short_circuit_decorator.py for tasks to queue
[2026-08-12T04:30:42.550+0000] {logging_mixin.py:190} INFO - [2026-08-12T04:30:42.550+0000] {dagbag.py:587} INFO - Filling up the DagBag from /home/airflow/.local/lib/python3.12/site-packages/airflow/example_dags/example_short_circuit_decorator.py
[2026-08-12T04:30:42.570+0000] {processor.py:925} INFO - DAG(s) 'example_short_circuit_decorator' retrieved from /home/airflow/.local/lib/python3.12/site-packages/airflow/example_dags/example_short_circuit_decorator.py
[2026-08-12T04:30:42.750+0000] {logging_mixin.py:190} INFO - [2026-08-12T04:30:42.750+0000] {override.py:1858} INFO - Created Permission View: can delete on DAG:example_short_circuit_decorator
[2026-08-12T04:30:42.768+0000] {logging_mixin.py:190} INFO - [2026-08-12T04:30:42.768+0000] {override.py:1858} INFO - Created Permission View: can read on DAG:example_short_circuit_decorator
[2026-08-12T04:30:42.780+0000] {logging_mixin.py:190} INFO - [2026-08-12T04:30:42.779+0000] {override.py:1858} INFO - Created Permission View: can edit on DAG:example_short_circuit_decorator
[2026-08-12T04:30:42.781+0000] {logging_mixin.py:190} INFO - [2026-08-12T04:30:42.781+0000] {dag.py:3211} INFO - Sync 1 DAGs
[2026-08-12T04:30:42.799+0000] {logging_mixin.py:190} INFO - [2026-08-12T04:30:42.799+0000] {dag.py:3234} INFO - Creating ORM DAG for example_short_circuit_decorator
[2026-08-12T04:30:42.812+0000] {logging_mixin.py:190} INFO - [2026-08-12T04:30:42.812+0000] {dag.py:4138} INFO - Setting next_dagrun for example_short_circuit_decorator to 2026-08-11 00:00:00+00:00, run_after=2026-08-12 00:00:00+00:00
[2026-08-12T04:30:42.834+0000] {processor.py:208} INFO - Processing /home/airflow/.local/lib/python3.12/site-packages/airflow/example_dags/example_short_circuit_decorator.py took 0.301 seconds
[2026-08-12T04:31:13.583+0000] {processor.py:186} INFO - Started process (PID=148) to work on /home/airflow/.local/lib/python3.12/site-packages/airflow/example_dags/example_short_circuit_decorator.py
[2026-08-12T04:31:13.585+0000] {processor.py:914} INFO - Processing file /home/airflow/.local/lib/python3.12/site-packages/airflow/example_dags/example_short_circuit_decorator.py for tasks to queue
[2026-08-12T04:31:13.602+0000] {logging_mixin.py:190} INFO - [2026-08-12T04:31:13.602+0000] {dagbag.py:587} INFO - Filling up the DagBag from /home/airflow/.local/lib/python3.12/site-packages/airflow/example_dags/example_short_circuit_decorator.py
[2026-08-12T04:31:13.616+0000] {processor.py:925} INFO - DAG(s) 'example_short_circuit_decorator' retrieved from /home/airflow/.local/lib/python3.12/site-packages/airflow/example_dags/example_short_circuit_decorator.py
[2026-08-12T04:31:13.646+0000] {logging_mixin.py:190} INFO - [2026-08-12T04:31:13.645+0000] {dag.py:3211} INFO - Sync 1 DAGs
[2026-08-12T04:31:13.673+0000] {logging_mixin.py:190} INFO - [2026-08-12T04:31:13.673+0000] {dag.py:4138} INFO - Setting next_dagrun for example_short_circuit_decorator to 2026-08-11 00:00:00+00:00, run_after=2026-08-12 00:00:00+00:00
[2026-08-12T04:31:13.704+0000] {processor.py:208} INFO - Processing /home/airflow/.local/lib/python3.12/site-packages/airflow/example_dags/example_short_circuit_decorator.py took 0.129 seconds
[2026-08-12T04:31:44.232+0000] {processor.py:186} INFO - Started process (PID=210) to work on /home/airflow/.local/lib/python3.12/site-packages/airflow/example_dags/example_short_circuit_decorator.py
[2026-08-12T04:31:44.234+0000] {processor.py:914} INFO - Processing file /home/airflow/.local/lib/python3.12/site-packages/airflow/example_dags/example_short_circuit_decorator.py for tasks to queue
[2026-08-12T04:31:44.238+0000] {logging_mixin.py:190} INFO - [2026-08-12T04:31:44.237+0000] {dagbag.py:587} INFO - Filling up the DagBag from /home/airflow/.local/lib/python3.12/site-packages/airflow/example_dags/example_short_circuit_decorator.py
[2026-08-12T04:31:44.255+0000] {processor.py:925} INFO - DAG(s) 'example_short_circuit_decorator' retrieved from /home/airflow/.local/lib/python3.12/site-packages/airflow/example_dags/example_short_circuit_decorator.py
[2026-08-12T04:31:44.287+0000] {logging_mixin.py:190} INFO - [2026-08-12T04:31:44.287+0000] {dag.py:3211} INFO - Sync 1 DAGs
[2026-08-12T04:31:44.322+0000] {logging_mixin.py:190} INFO - [2026-08-12T04:31:44.322+0000] {dag.py:4138} INFO - Setting next_dagrun for example_short_circuit_decorator to 2026-08-11 00:00:00+00:00, run_after=2026-08-12 00:00:00+00:00
[2026-08-12T04:31:44.345+0000] {processor.py:208} INFO - Processing /home/airflow/.local/lib/python3.12/site-packages/airflow/example_dags/example_short_circuit_decorator.py took 0.121 seconds
[2026-08-12T04:33:02.880+0000] {processor.py:186} INFO - Started process (PID=72) to work on /home/airflow/.local/lib/python3.12/site-packages/airflow/example_dags/example_short_circuit_decorator.py
[2026-08-12T04:33:02.882+0000] {processor.py:914} INFO - Processing file /home/airflow/.local/lib/python3.12/site-packages/airflow/example_dags/example_short_circuit_decorator.py for tasks to queue
[2026-08-12T04:33:02.888+0000] {logging_mixin.py:190} INFO - [2026-08-12T04:33:02.887+0000] {dagbag.py:587} INFO - Filling up the DagBag from /home/airflow/.local/lib/python3.12/site-packages/airflow/example_dags/example_short_circuit_decorator.py
[2026-08-12T04:33:02.909+0000] {processor.py:925} INFO - DAG(s) 'example_short_circuit_decorator' retrieved from /home/airflow/.local/lib/python3.12/site-packages/airflow/example_dags/example_short_circuit_decorator.py
[2026-08-12T04:33:02.963+0000] {logging_mixin.py:190} INFO - [2026-08-12T04:33:02.962+0000] {dag.py:3211} INFO - Sync 1 DAGs
[2026-08-12T04:33:03.012+0000] {logging_mixin.py:190} INFO - [2026-08-12T04:33:03.011+0000] {dag.py:4138} INFO - Setting next_dagrun for example_short_circuit_decorator to 2026-08-11 00:00:00+00:00, run_after=2026-08-12 00:00:00+00:00
[2026-08-12T04:33:03.072+0000] {processor.py:208} INFO - Processing /home/airflow/.local/lib/python3.12/site-packages/airflow/example_dags/example_short_circuit_decorator.py took 0.202 seconds
[2026-08-12T04:33:33.375+0000] {processor.py:186} INFO - Started process (PID=135) to work on /home/airflow/.local/lib/python3.12/site-packages/airflow/example_dags/example_short_circuit_decorator.py
[2026-08-12T04:33:33.377+0000] {processor.py:914} INFO - Processing file /home/airflow/.local/lib/python3.12/site-packages/airflow/example_dags/example_short_circuit_decorator.py for tasks to queue
[2026-08-12T04:33:33.383+0000] {logging_mixin.py:190} INFO - [2026-08-12T04:33:33.382+0000] {dagbag.py:587} INFO - Filling up the DagBag from /home/airflow/.local/lib/python3.12/site-packages/airflow/example_dags/example_short_circuit_decorator.py
[2026-08-12T04:33:33.394+0000] {processor.py:925} INFO - DAG(s) 'example_short_circuit_decorator' retrieved from /home/airflow/.local/lib/python3.12/site-packages/airflow/example_dags/example_short_circuit_decorator.py
[2026-08-12T04:33:33.421+0000] {logging_mixin.py:190} INFO - [2026-08-12T04:33:33.421+0000] {dag.py:3211} INFO - Sync 1 DAGs
[2026-08-12T04:33:33.447+0000] {logging_mixin.py:190} INFO - [2026-08-12T04:33:33.447+0000] {dag.py:4138} INFO - Setting next_dagrun for example_short_circuit_decorator to 2026-08-11 00:00:00+00:00, run_after=2026-08-12 00:00:00+00:00
[2026-08-12T04:33:33.468+0000] {processor.py:208} INFO - Processing /home/airflow/.local/lib/python3.12/site-packages/airflow/example_dags/example_short_circuit_decorator.py took 0.100 seconds
[2026-08-12T04:34:04.158+0000] {processor.py:186} INFO - Started process (PID=197) to work on /home/airflow/.local/lib/python3.12/site-packages/airflow/example_dags/example_short_circuit_decorator.py
[2026-08-12T04:34:04.160+0000] {processor.py:914} INFO - Processing file /home/airflow/.local/lib/python3.12/site-packages/airflow/example_dags/example_short_circuit_decorator.py for tasks to queue
[2026-08-12T04:34:04.164+0000] {logging_mixin.py:190} INFO - [2026-08-12T04:34:04.164+0000] {dagbag.py:587} INFO - Filling up the DagBag from /home/airflow/.local/lib/python3.12/site-packages/airflow/example_dags/example_short_circuit_decorator.py
[2026-08-12T04:34:04.176+0000] {processor.py:925} INFO - DAG(s) 'example_short_circuit_decorator' retrieved from /home/airflow/.local/lib/python3.12/site-packages/airflow/example_dags/example_short_circuit_decorator.py
[2026-08-12T04:34:04.207+0000] {logging_mixin.py:190} INFO - [2026-08-12T04:34:04.207+0000] {dag.py:3211} INFO - Sync 1 DAGs
[2026-08-12T04:34:04.232+0000] {logging_mixin.py:190} INFO - [2026-08-12T04:34:04.231+0000] {dag.py:4138} INFO - Setting next_dagrun for example_short_circuit_decorator to 2026-08-11 00:00:00+00:00, run_after=2026-08-12 00:00:00+00:00
[2026-08-12T04:34:04.253+0000] {processor.py:208} INFO - Processing /home/airflow/.local/lib/python3.12/site-packages/airflow/example_dags/example_short_circuit_decorator.py took 0.100 seconds
[2026-08-12T04:34:34.315+0000] {processor.py:186} INFO - Started process (PID=259) to work on /home/airflow/.local/lib/python3.12/site-packages/airflow/example_dags/example_short_circuit_decorator.py
[2026-08-12T04:34:34.317+0000] {processor.py:914} INFO - Processing file /home/airflow/.local/lib/python3.12/site-packages/airflow/example_dags/example_short_circuit_decorator.py for tasks to queue
[2026-08-12T04:34:34.320+0000] {logging_mixin.py:190} INFO - [2026-08-12T04:34:34.320+0000] {dagbag.py:587} INFO - Filling up the DagBag from /home/airflow/.local/lib/python3.12/site-packages/airflow/example_dags/example_short_circuit_decorator.py
[2026-08-12T04:34:34.331+0000] {processor.py:925} INFO - DAG(s) 'example_short_circuit_decorator' retrieved from /home/airflow/.local/lib/python3.12/site-packages/airflow/example_dags/example_short_circuit_decorator.py
[2026-08-12T04:34:34.357+0000] {logging_mixin.py:190} INFO - [2026-08-12T04:34:34.356+0000] {dag.py:3211} INFO - Sync 1 DAGs
[2026-08-12T04:34:34.382+0000] {logging_mixin.py:190} INFO - [2026-08-12T04:34:34.382+0000] {dag.py:4138} INFO - Setting next_dagrun for example_short_circuit_decorator to 2026-08-11 00:00:00+00:00, run_after=2026-08-12 00:00:00+00:00
[2026-08-12T04:34:34.405+0000] {processor.py:208} INFO - Processing /home/airflow/.local/lib/python3.12/site-packages/airflow/example_dags/example_short_circuit_decorator.py took 0.096 seconds
[2026-08-12T04:35:04.644+0000] {processor.py:186} INFO - Started process (PID=321) to work on /home/airflow/.local/lib/python3.12/site-packages/airflow/example_dags/example_short_circuit_decorator.py
[2026-08-12T04:35:04.646+0000] {processor.py:914} INFO - Processing file /home/airflow/.local/lib/python3.12/site-packages/airflow/example_dags/example_short_circuit_decorator.py for tasks to queue
[2026-08-12T04:35:04.651+0000] {logging_mixin.py:190} INFO - [2026-08-12T04:35:04.651+0000] {dagbag.py:587} INFO - Filling up the DagBag from /home/airflow/.local/lib/python3.12/site-packages/airflow/example_dags/example_short_circuit_decorator.py
[2026-08-12T04:35:04.664+0000] {processor.py:925} INFO - DAG(s) 'example_short_circuit_decorator' retrieved from /home/airflow/.local/lib/python3.12/site-packages/airflow/example_dags/example_short_circuit_decorator.py
[2026-08-12T04:35:04.688+0000] {logging_mixin.py:190} INFO - [2026-08-12T04:35:04.687+0000] {dag.py:3211} INFO - Sync 1 DAGs
[2026-08-12T04:35:04.712+0000] {logging_mixin.py:190} INFO - [2026-08-12T04:35:04.711+0000] {dag.py:4138} INFO - Setting next_dagrun for example_short_circuit_decorator to 2026-08-11 00:00:00+00:00, run_after=2026-08-12 00:00:00+00:00
[2026-08-12T04:35:04.735+0000] {processor.py:208} INFO - Processing /home/airflow/.local/lib/python3.12/site-packages/airflow/example_dags/example_short_circuit_decorator.py took 0.099 seconds
[2026-08-12T04:35:35.420+0000] {processor.py:186} INFO - Started process (PID=383) to work on /home/airflow/.local/lib/python3.12/site-packages/airflow/example_dags/example_short_circuit_decorator.py
[2026-08-12T04:35:35.422+0000] {processor.py:914} INFO - Processing file /home/airflow/.local/lib/python3.12/site-packages/airflow/example_dags/example_short_circuit_decorator.py for tasks to queue
[2026-08-12T04:35:35.426+0000] {logging_mixin.py:190} INFO - [2026-08-12T04:35:35.426+0000] {dagbag.py:587} INFO - Filling up the DagBag from /home/airflow/.local/lib/python3.12/site-packages/airflow/example_dags/example_short_circuit_decorator.py
[2026-08-12T04:35:35.441+0000] {processor.py:925} INFO - DAG(s) 'example_short_circuit_decorator' retrieved from /home/airflow/.local/lib/python3.12/site-packages/airflow/example_dags/example_short_circuit_decorator.py
[2026-08-12T04:35:35.470+0000] {logging_mixin.py:190} INFO - [2026-08-12T04:35:35.470+0000] {dag.py:3211} INFO - Sync 1 DAGs
[2026-08-12T04:35:35.496+0000] {logging_mixin.py:190} INFO - [2026-08-12T04:35:35.496+0000] {dag.py:4138} INFO - Setting next_dagrun for example_short_circuit_decorator to 2026-08-11 00:00:00+00:00, run_after=2026-08-12 00:00:00+00:00
[2026-08-12T04:35:35.524+0000] {processor.py:208} INFO - Processing /home/airflow/.local/lib/python3.12/site-packages/airflow/example_dags/example_short_circuit_decorator.py took 0.111 seconds
[2026-08-12T04:36:06.354+0000] {processor.py:186} INFO - Started process (PID=445) to work on /home/airflow/.local/lib/python3.12/site-packages/airflow/example_dags/example_short_circuit_decorator.py
[2026-08-12T04:36:06.356+0000] {processor.py:914} INFO - Processing file /home/airflow/.local/lib/python3.12/site-packages/airflow/example_dags/example_short_circuit_decorator.py for tasks to queue
[2026-08-12T04:36:06.359+0000] {logging_mixin.py:190} INFO - [2026-08-12T04:36:06.359+0000] {dagbag.py:587} INFO - Filling up the DagBag from /home/airflow/.local/lib/python3.12/site-packages/airflow/example_dags/example_short_circuit_decorator.py
[2026-08-12T04:36:06.371+0000] {processor.py:925} INFO - DAG(s) 'example_short_circuit_decorator' retrieved from /home/airflow/.local/lib/python3.12/site-packages/airflow/example_dags/example_short_circuit_decorator.py
[2026-08-12T04:36:06.398+0000] {logging_mixin.py:190} INFO - [2026-08-12T04:36:06.398+0000] {dag.py:3211} INFO - Sync 1 DAGs
[2026-08-12T04:36:06.420+0000] {logging_mixin.py:190} INFO - [2026-08-12T04:36:06.420+0000] {dag.py:4138} INFO - Setting next_dagrun for example_short_circuit_decorator to 2026-08-11 00:00:00+00:00, run_after=2026-08-12 00:00:00+00:00
[2026-08-12T04:36:06.444+0000] {processor.py:208} INFO - Processing /home/airflow/.local/lib/python3.12/site-packages/airflow/example_dags/example_short_circuit_decorator.py took 0.097 seconds
[2026-08-12T04:36:36.563+0000] {processor.py:186} INFO - Started process (PID=507) to work on /home/airflow/.local/lib/python3.12/site-packages/airflow/example_dags/example_short_circuit_decorator.py
[2026-08-12T04:36:36.564+0000] {processor.py:914} INFO - Processing file /home/airflow/.local/lib/python3.12/site-packages/airflow/example_dags/example_short_circuit_decorator.py for tasks to queue
[2026-08-12T04:36:36.567+0000] {logging_mixin.py:190} INFO - [2026-08-12T04:36:36.567+0000] {dagbag.py:587} INFO - Filling up the DagBag from /home/airflow/.local/lib/python3.12/site-packages/airflow/example_dags/example_short_circuit_decorator.py
[2026-08-12T04:36:36.578+0000] {processor.py:925} INFO - DAG(s) 'example_short_circuit_decorator' retrieved from /home/airflow/.local/lib/python3.12/site-packages/airflow/example_dags/example_short_circuit_decorator.py
[2026-08-12T04:36:36.603+0000] {logging_mixin.py:190} INFO - [2026-08-12T04:36:36.602+0000] {dag.py:3211} INFO - Sync 1 DAGs
[2026-08-12T04:36:36.628+0000] {logging_mixin.py:190} INFO - [2026-08-12T04:36:36.627+0000] {dag.py:4138} INFO - Setting next_dagrun for example_short_circuit_decorator to 2026-08-11 00:00:00+00:00, run_after=2026-08-12 00:00:00+00:00
[2026-08-12T04:36:36.662+0000] {processor.py:208} INFO - Processing /home/airflow/.local/lib/python3.12/site-packages/airflow/example_dags/example_short_circuit_decorator.py took 0.104 seconds
[2026-08-12T04:37:07.559+0000] {processor.py:186} INFO - Started process (PID=569) to work on /home/airflow/.local/lib/python3.12/site-packages/airflow/example_dags/example_short_circuit_decorator.py
[2026-08-12T04:37:07.561+0000] {processor.py:914} INFO - Processing file /home/airflow/.local/lib/python3.12/site-packages/airflow/example_dags/example_short_circuit_decorator.py for tasks to queue
[2026-08-12T04:37:07.565+0000] {logging_mixin.py:190} INFO - [2026-08-12T04:37:07.564+0000] {dagbag.py:587} INFO - Filling up the DagBag from /home/airflow/.local/lib/python3.12/site-packages/airflow/example_dags/example_short_circuit_decorator.py
[2026-08-12T04:37:07.579+0000] {processor.py:925} INFO - DAG(s) 'example_short_circuit_decorator' retrieved from /home/airflow/.local/lib/python3.12/site-packages/airflow/example_dags/example_short_circuit_decorator.py
[2026-08-12T04:37:07.607+0000] {logging_mixin.py:190} INFO - [2026-08-12T04:37:07.607+0000] {dag.py:3211} INFO - Sync 1 DAGs
[2026-08-12T04:37:07.648+0000] {logging_mixin.py:190} INFO - [2026-08-12T04:37:07.648+0000] {dag.py:4138} INFO - Setting next_dagrun for example_short_circuit_decorator to 2026-08-11 00:00:00+00:00, run_after=2026-08-12 00:00:00+00:00
[2026-08-12T04:37:07.671+0000] {processor.py:208} INFO - Processing /home/airflow/.local/lib/python3.12/site-packages/airflow/example_dags/example_short_circuit_decorator.py took 0.119 seconds
[2026-08-12T04:37:38.304+0000] {processor.py:186} INFO - Started process (PID=631) to work on /home/airflow/.local/lib/python3.12/site-packages/airflow/example_dags/example_short_circuit_decorator.py
[2026-08-12T04:37:38.310+0000] {processor.py:914} INFO - Processing file /home/airflow/.local/lib/python3.12/site-packages/airflow/example_dags/example_short_circuit_decorator.py for tasks to queue
[2026-08-12T04:37:38.314+0000] {logging_mixin.py:190} INFO - [2026-08-12T04:37:38.313+0000] {dagbag.py:587} INFO - Filling up the DagBag from /home/airflow/.local/lib/python3.12/site-packages/airflow/example_dags/example_short_circuit_decorator.py
[2026-08-12T04:37:38.326+0000] {processor.py:925} INFO - DAG(s) 'example_short_circuit_decorator' retrieved from /home/airflow/.local/lib/python3.12/site-packages/airflow/example_dags/example_short_circuit_decorator.py
[2026-08-12T04:37:38.352+0000] {logging_mixin.py:190} INFO - [2026-08-12T04:37:38.352+0000] {dag.py:3211} INFO - Sync 1 DAGs
[2026-08-12T04:37:38.378+0000] {logging_mixin.py:190} INFO - [2026-08-12T04:37:38.378+0000] {dag.py:4138} INFO - Setting next_dagrun for example_short_circuit_decorator to 2026-08-11 00:00:00+00:00, run_after=2026-08-12 00:00:00+00:00
[2026-08-12T04:37:38.399+0000] {processor.py:208} INFO - Processing /home/airflow/.local/lib/python3.12/site-packages/airflow/example_dags/example_short_circuit_decorator.py took 0.101 seconds
[2026-08-12T04:38:09.031+0000] {processor.py:186} INFO - Started process (PID=693) to work on /home/airflow/.local/lib/python3.12/site-packages/airflow/example_dags/example_short_circuit_decorator.py
[2026-08-12T04:38:09.033+0000] {processor.py:914} INFO - Processing file /home/airflow/.local/lib/python3.12/site-packages/airflow/example_dags/example_short_circuit_decorator.py for tasks to queue
[2026-08-12T04:38:09.038+0000] {logging_mixin.py:190} INFO - [2026-08-12T04:38:09.037+0000] {dagbag.py:587} INFO - Filling up the DagBag from /home/airflow/.local/lib/python3.12/site-packages/airflow/example_dags/example_short_circuit_decorator.py
[2026-08-12T04:38:09.051+0000] {processor.py:925} INFO - DAG(s) 'example_short_circuit_decorator' retrieved from /home/airflow/.local/lib/python3.12/site-packages/airflow/example_dags/example_short_circuit_decorator.py
[2026-08-12T04:38:09.077+0000] {logging_mixin.py:190} INFO - [2026-08-12T04:38:09.077+0000] {dag.py:3211} INFO - Sync 1 DAGs
[2026-08-12T04:38:09.104+0000] {logging_mixin.py:190} INFO - [2026-08-12T04:38:09.104+0000] {dag.py:4138} INFO - Setting next_dagrun for example_short_circuit_decorator to 2026-08-11 00:00:00+00:00, run_after=2026-08-12 00:00:00+00:00
[2026-08-12T04:38:09.127+0000] {processor.py:208} INFO - Processing /home/airflow/.local/lib/python3.12/site-packages/airflow/example_dags/example_short_circuit_decorator.py took 0.102 seconds
[2026-08-12T04:38:39.755+0000] {processor.py:186} INFO - Started process (PID=755) to work on /home/airflow/.local/lib/python3.12/site-packages/airflow/example_dags/example_short_circuit_decorator.py
[2026-08-12T04:38:39.758+0000] {processor.py:914} INFO - Processing file /home/airflow/.local/lib/python3.12/site-packages/airflow/example_dags/example_short_circuit_decorator.py for tasks to queue
[2026-08-12T04:38:39.765+0000] {logging_mixin.py:190} INFO - [2026-08-12T04:38:39.763+0000] {dagbag.py:587} INFO - Filling up the DagBag from /home/airflow/.local/lib/python3.12/site-packages/airflow/example_dags/example_short_circuit_decorator.py
[2026-08-12T04:38:39.788+0000] {processor.py:925} INFO - DAG(s) 'example_short_circuit_decorator' retrieved from /home/airflow/.local/lib/python3.12/site-packages/airflow/example_dags/example_short_circuit_decorator.py
[2026-08-12T04:38:39.827+0000] {logging_mixin.py:190} INFO - [2026-08-12T04:38:39.826+0000] {dag.py:3211} INFO - Sync 1 DAGs
[2026-08-12T04:38:39.854+0000] {logging_mixin.py:190} INFO - [2026-08-12T04:38:39.854+0000] {dag.py:4138} INFO - Setting next_dagrun for example_short_circuit_decorator to 2026-08-11 00:00:00+00:00, run_after=2026-08-12 00:00:00+00:00
[2026-08-12T04:38:39.874+0000] {processor.py:208} INFO - Processing /home/airflow/.local/lib/python3.12/site-packages/airflow/example_dags/example_short_circuit_decorator.py took 0.130 seconds
[2026-08-12T04:39:11.165+0000] {processor.py:186} INFO - Started process (PID=817) to work on /home/airflow/.local/lib/python3.12/site-packages/airflow/example_dags/example_short_circuit_decorator.py
[2026-08-12T04:39:11.167+0000] {processor.py:914} INFO - Processing file /home/airflow/.local/lib/python3.12/site-packages/airflow/example_dags/example_short_circuit_decorator.py for tasks to queue
[2026-08-12T04:39:11.170+0000] {logging_mixin.py:190} INFO - [2026-08-12T04:39:11.170+0000] {dagbag.py:587} INFO - Filling up the DagBag from /home/airflow/.local/lib/python3.12/site-packages/airflow/example_dags/example_short_circuit_decorator.py
[2026-08-12T04:39:11.181+0000] {processor.py:925} INFO - DAG(s) 'example_short_circuit_decorator' retrieved from /home/airflow/.local/lib/python3.12/site-packages/airflow/example_dags/example_short_circuit_decorator.py
[2026-08-12T04:39:11.206+0000] {logging_mixin.py:190} INFO - [2026-08-12T04:39:11.206+0000] {dag.py:3211} INFO - Sync 1 DAGs
[2026-08-12T04:39:11.233+0000] {logging_mixin.py:190} INFO - [2026-08-12T04:39:11.232+0000] {dag.py:4138} INFO - Setting next_dagrun for example_short_circuit_decorator to 2026-08-11 00:00:00+00:00, run_after=2026-08-12 00:00:00+00:00
[2026-08-12T04:39:11.252+0000] {processor.py:208} INFO - Processing /home/airflow/.local/lib/python3.12/site-packages/airflow/example_dags/example_short_circuit_decorator.py took 0.094 seconds
[2026-08-12T04:39:41.333+0000] {processor.py:186} INFO - Started process (PID=879) to work on /home/airflow/.local/lib/python3.12/site-packages/airflow/example_dags/example_short_circuit_decorator.py
[2026-08-12T04:39:41.335+0000] {processor.py:914} INFO - Processing file /home/airflow/.local/lib/python3.12/site-packages/airflow/example_dags/example_short_circuit_decorator.py for tasks to queue
[2026-08-12T04:39:41.339+0000] {logging_mixin.py:190} INFO - [2026-08-12T04:39:41.339+0000] {dagbag.py:587} INFO - Filling up the DagBag from /home/airflow/.local/lib/python3.12/site-packages/airflow/example_dags/example_short_circuit_decorator.py
[2026-08-12T04:39:41.351+0000] {processor.py:925} INFO - DAG(s) 'example_short_circuit_decorator' retrieved from /home/airflow/.local/lib/python3.12/site-packages/airflow/example_dags/example_short_circuit_decorator.py
[2026-08-12T04:39:41.374+0000] {logging_mixin.py:190} INFO - [2026-08-12T04:39:41.374+0000] {dag.py:3211} INFO - Sync 1 DAGs
[2026-08-12T04:39:41.398+0000] {logging_mixin.py:190} INFO - [2026-08-12T04:39:41.397+0000] {dag.py:4138} INFO - Setting next_dagrun for example_short_circuit_decorator to 2026-08-11 00:00:00+00:00, run_after=2026-08-12 00:00:00+00:00
[2026-08-12T04:39:41.418+0000] {processor.py:208} INFO - Processing /home/airflow/.local/lib/python3.12/site-packages/airflow/example_dags/example_short_circuit_decorator.py took 0.090 seconds
[2026-08-12T04:40:12.356+0000] {processor.py:186} INFO - Started process (PID=941) to work on /home/airflow/.local/lib/python3.12/site-packages/airflow/example_dags/example_short_circuit_decorator.py
[2026-08-12T04:40:12.358+0000] {processor.py:914} INFO - Processing file /home/airflow/.local/lib/python3.12/site-packages/airflow/example_dags/example_short_circuit_decorator.py for tasks to queue
[2026-08-12T04:40:12.360+0000] {logging_mixin.py:190} INFO - [2026-08-12T04:40:12.360+0000] {dagbag.py:587} INFO - Filling up the DagBag from /home/airflow/.local/lib/python3.12/site-packages/airflow/example_dags/example_short_circuit_decorator.py
[2026-08-12T04:40:12.370+0000] {processor.py:925} INFO - DAG(s) 'example_short_circuit_decorator' retrieved from /home/airflow/.local/lib/python3.12/site-packages/airflow/example_dags/example_short_circuit_decorator.py
[2026-08-12T04:40:12.392+0000] {logging_mixin.py:190} INFO - [2026-08-12T04:40:12.392+0000] {dag.py:3211} INFO - Sync 1 DAGs
[2026-08-12T04:40:12.416+0000] {logging_mixin.py:190} INFO - [2026-08-12T04:40:12.415+0000] {dag.py:4138} INFO - Setting next_dagrun for example_short_circuit_decorator to 2026-08-11 00:00:00+00:00, run_after=2026-08-12 00:00:00+00:00
[2026-08-12T04:40:12.437+0000] {processor.py:208} INFO - Processing /home/airflow/.local/lib/python3.12/site-packages/airflow/example_dags/example_short_circuit_decorator.py took 0.086 seconds
[2026-08-12T04:40:42.699+0000] {processor.py:186} INFO - Started process (PID=1003) to work on /home/airflow/.local/lib/python3.12/site-packages/airflow/example_dags/example_short_circuit_decorator.py
[2026-08-12T04:40:42.701+0000] {processor.py:914} INFO - Processing file /home/airflow/.local/lib/python3.12/site-packages/airflow/example_dags/example_short_circuit_decorator.py for tasks to queue
[2026-08-12T04:40:42.704+0000] {logging_mixin.py:190} INFO - [2026-08-12T04:40:42.704+0000] {dagbag.py:587} INFO - Filling up the DagBag from /home/airflow/.local/lib/python3.12/site-packages/airflow/example_dags/example_short_circuit_decorator.py
[2026-08-12T04:40:42.716+0000] {processor.py:925} INFO - DAG(s) 'example_short_circuit_decorator' retrieved from /home/airflow/.local/lib/python3.12/site-packages/airflow/example_dags/example_short_circuit_decorator.py
[2026-08-12T04:40:42.743+0000] {logging_mixin.py:190} INFO - [2026-08-12T04:40:42.743+0000] {dag.py:3211} INFO - Sync 1 DAGs
[2026-08-12T04:40:42.768+0000] {logging_mixin.py:190} INFO - [2026-08-12T04:40:42.768+0000] {dag.py:4138} INFO - Setting next_dagrun for example_short_circuit_decorator to 2026-08-11 00:00:00+00:00, run_after=2026-08-12 00:00:00+00:00
[2026-08-12T04:40:42.799+0000] {processor.py:208} INFO - Processing /home/airflow/.local/lib/python3.12/site-packages/airflow/example_dags/example_short_circuit_decorator.py took 0.106 seconds
[2026-08-12T04:41:13.553+0000] {processor.py:186} INFO - Started process (PID=1065) to work on /home/airflow/.local/lib/python3.12/site-packages/airflow/example_dags/example_short_circuit_decorator.py
[2026-08-12T04:41:13.555+0000] {processor.py:914} INFO - Processing file /home/airflow/.local/lib/python3.12/site-packages/airflow/example_dags/example_short_circuit_decorator.py for tasks to queue
[2026-08-12T04:41:13.558+0000] {logging_mixin.py:190} INFO - [2026-08-12T04:41:13.558+0000] {dagbag.py:587} INFO - Filling up the DagBag from /home/airflow/.local/lib/python3.12/site-packages/airflow/example_dags/example_short_circuit_decorator.py
[2026-08-12T04:41:13.570+0000] {processor.py:925} INFO - DAG(s) 'example_short_circuit_decorator' retrieved from /home/airflow/.local/lib/python3.12/site-packages/airflow/example_dags/example_short_circuit_decorator.py
[2026-08-12T04:41:13.596+0000] {logging_mixin.py:190} INFO - [2026-08-12T04:41:13.595+0000] {dag.py:3211} INFO - Sync 1 DAGs
[2026-08-12T04:41:13.623+0000] {logging_mixin.py:190} INFO - [2026-08-12T04:41:13.622+0000] {dag.py:4138} INFO - Setting next_dagrun for example_short_circuit_decorator to 2026-08-11 00:00:00+00:00, run_after=2026-08-12 00:00:00+00:00
[2026-08-12T04:41:13.645+0000] {processor.py:208} INFO - Processing /home/airflow/.local/lib/python3.12/site-packages/airflow/example_dags/example_short_circuit_decorator.py took 0.098 seconds
[2026-08-12T04:41:44.314+0000] {processor.py:186} INFO - Started process (PID=1127) to work on /home/airflow/.local/lib/python3.12/site-packages/airflow/example_dags/example_short_circuit_decorator.py
[2026-08-12T04:41:44.318+0000] {processor.py:914} INFO - Processing file /home/airflow/.local/lib/python3.12/site-packages/airflow/example_dags/example_short_circuit_decorator.py for tasks to queue
[2026-08-12T04:41:44.322+0000] {logging_mixin.py:190} INFO - [2026-08-12T04:41:44.321+0000] {dagbag.py:587} INFO - Filling up the DagBag from /home/airflow/.local/lib/python3.12/site-packages/airflow/example_dags/example_short_circuit_decorator.py
[2026-08-12T04:41:44.337+0000] {processor.py:925} INFO - DAG(s) 'example_short_circuit_decorator' retrieved from /home/airflow/.local/lib/python3.12/site-packages/airflow/example_dags/example_short_circuit_decorator.py
[2026-08-12T04:41:44.367+0000] {logging_mixin.py:190} INFO - [2026-08-12T04:41:44.366+0000] {dag.py:3211} INFO - Sync 1 DAGs
[2026-08-12T04:41:44.394+0000] {logging_mixin.py:190} INFO - [2026-08-12T04:41:44.394+0000] {dag.py:4138} INFO - Setting next_dagrun for example_short_circuit_decorator to 2026-08-11 00:00:00+00:00, run_after=2026-08-12 00:00:00+00:00
[2026-08-12T04:41:44.420+0000] {processor.py:208} INFO - Processing /home/airflow/.local/lib/python3.12/site-packages/airflow/example_dags/example_short_circuit_decorator.py took 0.114 seconds
[2026-08-12T04:42:15.139+0000] {processor.py:186} INFO - Started process (PID=1189) to work on /home/airflow/.local/lib/python3.12/site-packages/airflow/example_dags/example_short_circuit_decorator.py
[2026-08-12T04:42:15.141+0000] {processor.py:914} INFO - Processing file /home/airflow/.local/lib/python3.12/site-packages/airflow/example_dags/example_short_circuit_decorator.py for tasks to queue
[2026-08-12T04:42:15.144+0000] {logging_mixin.py:190} INFO - [2026-08-12T04:42:15.144+0000] {dagbag.py:587} INFO - Filling up the DagBag from /home/airflow/.local/lib/python3.12/site-packages/airflow/example_dags/example_short_circuit_decorator.py
[2026-08-12T04:42:15.156+0000] {processor.py:925} INFO - DAG(s) 'example_short_circuit_decorator' retrieved from /home/airflow/.local/lib/python3.12/site-packages/airflow/example_dags/example_short_circuit_decorator.py
[2026-08-12T04:42:15.181+0000] {logging_mixin.py:190} INFO - [2026-08-12T04:42:15.180+0000] {dag.py:3211} INFO - Sync 1 DAGs
[2026-08-12T04:42:15.208+0000] {logging_mixin.py:190} INFO - [2026-08-12T04:42:15.207+0000] {dag.py:4138} INFO - Setting next_dagrun for example_short_circuit_decorator to 2026-08-11 00:00:00+00:00, run_after=2026-08-12 00:00:00+00:00
[2026-08-12T04:42:15.229+0000] {processor.py:208} INFO - Processing /home/airflow/.local/lib/python3.12/site-packages/airflow/example_dags/example_short_circuit_decorator.py took 0.095 seconds
[2026-08-12T04:42:45.925+0000] {processor.py:186} INFO - Started process (PID=1251) to work on /home/airflow/.local/lib/python3.12/site-packages/airflow/example_dags/example_short_circuit_decorator.py
[2026-08-12T04:42:45.926+0000] {processor.py:914} INFO - Processing file /home/airflow/.local/lib/python3.12/site-packages/airflow/example_dags/example_short_circuit_decorator.py for tasks to queue
[2026-08-12T04:42:45.930+0000] {logging_mixin.py:190} INFO - [2026-08-12T04:42:45.930+0000] {dagbag.py:587} INFO - Filling up the DagBag from /home/airflow/.local/lib/python3.12/site-packages/airflow/example_dags/example_short_circuit_decorator.py
[2026-08-12T04:42:45.942+0000] {processor.py:925} INFO - DAG(s) 'example_short_circuit_decorator' retrieved from /home/airflow/.local/lib/python3.12/site-packages/airflow/example_dags/example_short_circuit_decorator.py
[2026-08-12T04:42:45.969+0000] {logging_mixin.py:190} INFO - [2026-08-12T04:42:45.969+0000] {dag.py:3211} INFO - Sync 1 DAGs
[2026-08-12T04:42:45.995+0000] {logging_mixin.py:190} INFO - [2026-08-12T04:42:45.994+0000] {dag.py:4138} INFO - Setting next_dagrun for example_short_circuit_decorator to 2026-08-11 00:00:00+00:00, run_after=2026-08-12 00:00:00+00:00
[2026-08-12T04:42:46.019+0000] {processor.py:208} INFO - Processing /home/airflow/.local/lib/python3.12/site-packages/airflow/example_dags/example_short_circuit_decorator.py took 0.099 seconds
[2026-08-12T04:43:16.343+0000] {processor.py:186} INFO - Started process (PID=1313) to work on /home/airflow/.local/lib/python3.12/site-packages/airflow/example_dags/example_short_circuit_decorator.py
[2026-08-12T04:43:16.345+0000] {processor.py:914} INFO - Processing file /home/airflow/.local/lib/python3.12/site-packages/airflow/example_dags/example_short_circuit_decorator.py for tasks to queue
[2026-08-12T04:43:16.349+0000] {logging_mixin.py:190} INFO - [2026-08-12T04:43:16.348+0000] {dagbag.py:587} INFO - Filling up the DagBag from /home/airflow/.local/lib/python3.12/site-packages/airflow/example_dags/example_short_circuit_decorator.py
[2026-08-12T04:43:16.362+0000] {processor.py:925} INFO - DAG(s) 'example_short_circuit_decorator' retrieved from /home/airflow/.local/lib/python3.12/site-packages/airflow/example_dags/example_short_circuit_decorator.py
[2026-08-12T04:43:16.385+0000] {logging_mixin.py:190} INFO - [2026-08-12T04:43:16.385+0000] {dag.py:3211} INFO - Sync 1 DAGs
[2026-08-12T04:43:16.409+0000] {logging_mixin.py:190} INFO - [2026-08-12T04:43:16.408+0000] {dag.py:4138} INFO - Setting next_dagrun for example_short_circuit_decorator to 2026-08-11 00:00:00+00:00, run_after=2026-08-12 00:00:00+00:00
[2026-08-12T04:43:16.429+0000] {processor.py:208} INFO - Processing /home/airflow/.local/lib/python3.12/site-packages/airflow/example_dags/example_short_circuit_decorator.py took 0.093 seconds
[2026-08-12T04:43:47.123+0000] {processor.py:186} INFO - Started process (PID=1375) to work on /home/airflow/.local/lib/python3.12/site-packages/airflow/example_dags/example_short_circuit_decorator.py
[2026-08-12T04:43:47.125+0000] {processor.py:914} INFO - Processing file /home/airflow/.local/lib/python3.12/site-packages/airflow/example_dags/example_short_circuit_decorator.py for tasks to queue
[2026-08-12T04:43:47.128+0000] {logging_mixin.py:190} INFO - [2026-08-12T04:43:47.128+0000] {dagbag.py:587} INFO - Filling up the DagBag from /home/airflow/.local/lib/python3.12/site-packages/airflow/example_dags/example_short_circuit_decorator.py
[2026-08-12T04:43:47.139+0000] {processor.py:925} INFO - DAG(s) 'example_short_circuit_decorator' retrieved from /home/airflow/.local/lib/python3.12/site-packages/airflow/example_dags/example_short_circuit_decorator.py
[2026-08-12T04:43:47.167+0000] {logging_mixin.py:190} INFO - [2026-08-12T04:43:47.166+0000] {dag.py:3211} INFO - Sync 1 DAGs
[2026-08-12T04:43:47.194+0000] {logging_mixin.py:190} INFO - [2026-08-12T04:43:47.194+0000] {dag.py:4138} INFO - Setting next_dagrun for example_short_circuit_decorator to 2026-08-11 00:00:00+00:00, run_after=2026-08-12 00:00:00+00:00
[2026-08-12T04:43:47.215+0000] {processor.py:208} INFO - Processing /home/airflow/.local/lib/python3.12/site-packages/airflow/example_dags/example_short_circuit_decorator.py took 0.098 seconds
[2026-08-12T04:44:17.878+0000] {processor.py:186} INFO - Started process (PID=1437) to work on /home/airflow/.local/lib/python3.12/site-packages/airflow/example_dags/example_short_circuit_decorator.py
[2026-08-12T04:44:17.880+0000] {processor.py:914} INFO - Processing file /home/airflow/.local/lib/python3.12/site-packages/airflow/example_dags/example_short_circuit_decorator.py for tasks to queue
[2026-08-12T04:44:17.883+0000] {logging_mixin.py:190} INFO - [2026-08-12T04:44:17.883+0000] {dagbag.py:587} INFO - Filling up the DagBag from /home/airflow/.local/lib/python3.12/site-packages/airflow/example_dags/example_short_circuit_decorator.py
[2026-08-12T04:44:17.894+0000] {processor.py:925} INFO - DAG(s) 'example_short_circuit_decorator' retrieved from /home/airflow/.local/lib/python3.12/site-packages/airflow/example_dags/example_short_circuit_decorator.py
[2026-08-12T04:44:17.919+0000] {logging_mixin.py:190} INFO - [2026-08-12T04:44:17.919+0000] {dag.py:3211} INFO - Sync 1 DAGs
[2026-08-12T04:44:17.943+0000] {logging_mixin.py:190} INFO - [2026-08-12T04:44:17.942+0000] {dag.py:4138} INFO - Setting next_dagrun for example_short_circuit_decorator to 2026-08-11 00:00:00+00:00, run_after=2026-08-12 00:00:00+00:00
[2026-08-12T04:44:17.963+0000] {processor.py:208} INFO - Processing /home/airflow/.local/lib/python3.12/site-packages/airflow/example_dags/example_short_circuit_decorator.py took 0.090 seconds
[2026-08-12T04:44:48.632+0000] {processor.py:186} INFO - Started process (PID=1499) to work on /home/airflow/.local/lib/python3.12/site-packages/airflow/example_dags/example_short_circuit_decorator.py
[2026-08-12T04:44:48.634+0000] {processor.py:914} INFO - Processing file /home/airflow/.local/lib/python3.12/site-packages/airflow/example_dags/example_short_circuit_decorator.py for tasks to queue
[2026-08-12T04:44:48.638+0000] {logging_mixin.py:190} INFO - [2026-08-12T04:44:48.638+0000] {dagbag.py:587} INFO - Filling up the DagBag from /home/airflow/.local/lib/python3.12/site-packages/airflow/example_dags/example_short_circuit_decorator.py
[2026-08-12T04:44:48.652+0000] {processor.py:925} INFO - DAG(s) 'example_short_circuit_decorator' retrieved from /home/airflow/.local/lib/python3.12/site-packages/airflow/example_dags/example_short_circuit_decorator.py
[2026-08-12T04:44:48.684+0000] {logging_mixin.py:190} INFO - [2026-08-12T04:44:48.684+0000] {dag.py:3211} INFO - Sync 1 DAGs
[2026-08-12T04:44:48.713+0000] {logging_mixin.py:190} INFO - [2026-08-12T04:44:48.713+0000] {dag.py:4138} INFO - Setting next_dagrun for example_short_circuit_decorator to 2026-08-11 00:00:00+00:00, run_after=2026-08-12 00:00:00+00:00
[2026-08-12T04:44:48.738+0000] {processor.py:208} INFO - Processing /home/airflow/.local/lib/python3.12/site-packages/airflow/example_dags/example_short_circuit_decorator.py took 0.113 seconds
[2026-08-12T04:45:19.459+0000] {processor.py:186} INFO - Started process (PID=1561) to work on /home/airflow/.local/lib/python3.12/site-packages/airflow/example_dags/example_short_circuit_decorator.py
[2026-08-12T04:45:19.461+0000] {processor.py:914} INFO - Processing file /home/airflow/.local/lib/python3.12/site-packages/airflow/example_dags/example_short_circuit_decorator.py for tasks to queue
[2026-08-12T04:45:19.465+0000] {logging_mixin.py:190} INFO - [2026-08-12T04:45:19.464+0000] {dagbag.py:587} INFO - Filling up the DagBag from /home/airflow/.local/lib/python3.12/site-packages/airflow/example_dags/example_short_circuit_decorator.py
[2026-08-12T04:45:19.477+0000] {processor.py:925} INFO - DAG(s) 'example_short_circuit_decorator' retrieved from /home/airflow/.local/lib/python3.12/site-packages/airflow/example_dags/example_short_circuit_decorator.py
[2026-08-12T04:45:19.506+0000] {logging_mixin.py:190} INFO - [2026-08-12T04:45:19.505+0000] {dag.py:3211} INFO - Sync 1 DAGs
[2026-08-12T04:45:19.535+0000] {logging_mixin.py:190} INFO - [2026-08-12T04:45:19.535+0000] {dag.py:4138} INFO - Setting next_dagrun for example_short_circuit_decorator to 2026-08-11 00:00:00+00:00, run_after=2026-08-12 00:00:00+00:00
[2026-08-12T04:45:19.560+0000] {processor.py:208} INFO - Processing /home/airflow/.local/lib/python3.12/site-packages/airflow/example_dags/example_short_circuit_decorator.py took 0.106 seconds
[2026-08-12T04:45:50.351+0000] {processor.py:186} INFO - Started process (PID=1623) to work on /home/airflow/.local/lib/python3.12/site-packages/airflow/example_dags/example_short_circuit_decorator.py
[2026-08-12T04:45:50.353+0000] {processor.py:914} INFO - Processing file /home/airflow/.local/lib/python3.12/site-packages/airflow/example_dags/example_short_circuit_decorator.py for tasks to queue
[2026-08-12T04:45:50.358+0000] {logging_mixin.py:190} INFO - [2026-08-12T04:45:50.357+0000] {dagbag.py:587} INFO - Filling up the DagBag from /home/airflow/.local/lib/python3.12/site-packages/airflow/example_dags/example_short_circuit_decorator.py
[2026-08-12T04:45:50.376+0000] {processor.py:925} INFO - DAG(s) 'example_short_circuit_decorator' retrieved from /home/airflow/.local/lib/python3.12/site-packages/airflow/example_dags/example_short_circuit_decorator.py
[2026-08-12T04:45:50.401+0000] {logging_mixin.py:190} INFO - [2026-08-12T04:45:50.401+0000] {dag.py:3211} INFO - Sync 1 DAGs
[2026-08-12T04:45:50.427+0000] {logging_mixin.py:190} INFO - [2026-08-12T04:45:50.427+0000] {dag.py:4138} INFO - Setting next_dagrun for example_short_circuit_decorator to 2026-08-11 00:00:00+00:00, run_after=2026-08-12 00:00:00+00:00
[2026-08-12T04:45:50.450+0000] {processor.py:208} INFO - Processing /home/airflow/.local/lib/python3.12/site-packages/airflow/example_dags/example_short_circuit_decorator.py took 0.108 seconds
[2026-08-12T04:46:20.838+0000] {processor.py:186} INFO - Started process (PID=1685) to work on /home/airflow/.local/lib/python3.12/site-packages/airflow/example_dags/example_short_circuit_decorator.py
[2026-08-12T04:46:20.840+0000] {processor.py:914} INFO - Processing file /home/airflow/.local/lib/python3.12/site-packages/airflow/example_dags/example_short_circuit_decorator.py for tasks to queue
[2026-08-12T04:46:20.845+0000] {logging_mixin.py:190} INFO - [2026-08-12T04:46:20.844+0000] {dagbag.py:587} INFO - Filling up the DagBag from /home/airflow/.local/lib/python3.12/site-packages/airflow/example_dags/example_short_circuit_decorator.py
[2026-08-12T04:46:20.858+0000] {processor.py:925} INFO - DAG(s) 'example_short_circuit_decorator' retrieved from /home/airflow/.local/lib/python3.12/site-packages/airflow/example_dags/example_short_circuit_decorator.py
[2026-08-12T04:46:20.895+0000] {logging_mixin.py:190} INFO - [2026-08-12T04:46:20.894+0000] {dag.py:3211} INFO - Sync 1 DAGs
[2026-08-12T04:46:20.945+0000] {logging_mixin.py:190} INFO - [2026-08-12T04:46:20.944+0000] {dag.py:4138} INFO - Setting next_dagrun for example_short_circuit_decorator to 2026-08-11 00:00:00+00:00, run_after=2026-08-12 00:00:00+00:00
[2026-08-12T04:46:20.981+0000] {processor.py:208} INFO - Processing /home/airflow/.local/lib/python3.12/site-packages/airflow/example_dags/example_short_circuit_decorator.py took 0.151 seconds
[2026-08-12T04:46:51.688+0000] {processor.py:186} INFO - Started process (PID=1747) to work on /home/airflow/.local/lib/python3.12/site-packages/airflow/example_dags/example_short_circuit_decorator.py
[2026-08-12T04:46:51.690+0000] {processor.py:914} INFO - Processing file /home/airflow/.local/lib/python3.12/site-packages/airflow/example_dags/example_short_circuit_decorator.py for tasks to queue
[2026-08-12T04:46:51.694+0000] {logging_mixin.py:190} INFO - [2026-08-12T04:46:51.694+0000] {dagbag.py:587} INFO - Filling up the DagBag from /home/airflow/.local/lib/python3.12/site-packages/airflow/example_dags/example_short_circuit_decorator.py
[2026-08-12T04:46:51.705+0000] {processor.py:925} INFO - DAG(s) 'example_short_circuit_decorator' retrieved from /home/airflow/.local/lib/python3.12/site-packages/airflow/example_dags/example_short_circuit_decorator.py
[2026-08-12T04:46:51.729+0000] {logging_mixin.py:190} INFO - [2026-08-12T04:46:51.729+0000] {dag.py:3211} INFO - Sync 1 DAGs
[2026-08-12T04:46:51.752+0000] {logging_mixin.py:190} INFO - [2026-08-12T04:46:51.751+0000] {dag.py:4138} INFO - Setting next_dagrun for example_short_circuit_decorator to 2026-08-11 00:00:00+00:00, run_after=2026-08-12 00:00:00+00:00
[2026-08-12T04:46:51.788+0000] {processor.py:208} INFO - Processing /home/airflow/.local/lib/python3.12/site-packages/airflow/example_dags/example_short_circuit_decorator.py took 0.107 seconds
[2026-08-12T04:47:22.710+0000] {processor.py:186} INFO - Started process (PID=1809) to work on /home/airflow/.local/lib/python3.12/site-packages/airflow/example_dags/example_short_circuit_decorator.py
[2026-08-12T04:47:22.712+0000] {processor.py:914} INFO - Processing file /home/airflow/.local/lib/python3.12/site-packages/airflow/example_dags/example_short_circuit_decorator.py for tasks to queue
[2026-08-12T04:47:22.715+0000] {logging_mixin.py:190} INFO - [2026-08-12T04:47:22.715+0000] {dagbag.py:587} INFO - Filling up the DagBag from /home/airflow/.local/lib/python3.12/site-packages/airflow/example_dags/example_short_circuit_decorator.py
[2026-08-12T04:47:22.727+0000] {processor.py:925} INFO - DAG(s) 'example_short_circuit_decorator' retrieved from /home/airflow/.local/lib/python3.12/site-packages/airflow/example_dags/example_short_circuit_decorator.py
[2026-08-12T04:47:22.752+0000] {logging_mixin.py:190} INFO - [2026-08-12T04:47:22.752+0000] {dag.py:3211} INFO - Sync 1 DAGs
[2026-08-12T04:47:22.780+0000] {logging_mixin.py:190} INFO - [2026-08-12T04:47:22.779+0000] {dag.py:4138} INFO - Setting next_dagrun for example_short_circuit_decorator to 2026-08-11 00:00:00+00:00, run_after=2026-08-12 00:00:00+00:00
[2026-08-12T04:47:22.803+0000] {processor.py:208} INFO - Processing /home/airflow/.local/lib/python3.12/site-packages/airflow/example_dags/example_short_circuit_decorator.py took 0.101 seconds
[2026-08-12T04:47:53.303+0000] {processor.py:186} INFO - Started process (PID=1871) to work on /home/airflow/.local/lib/python3.12/site-packages/airflow/example_dags/example_short_circuit_decorator.py
[2026-08-12T04:47:53.305+0000] {processor.py:914} INFO - Processing file /home/airflow/.local/lib/python3.12/site-packages/airflow/example_dags/example_short_circuit_decorator.py for tasks to queue
[2026-08-12T04:47:53.310+0000] {logging_mixin.py:190} INFO - [2026-08-12T04:47:53.309+0000] {dagbag.py:587} INFO - Filling up the DagBag from /home/airflow/.local/lib/python3.12/site-packages/airflow/example_dags/example_short_circuit_decorator.py
[2026-08-12T04:47:53.323+0000] {processor.py:925} INFO - DAG(s) 'example_short_circuit_decorator' retrieved from /home/airflow/.local/lib/python3.12/site-packages/airflow/example_dags/example_short_circuit_decorator.py
[2026-08-12T04:47:53.357+0000] {logging_mixin.py:190} INFO - [2026-08-12T04:47:53.357+0000] {dag.py:3211} INFO - Sync 1 DAGs
[2026-08-12T04:47:53.391+0000] {logging_mixin.py:190} INFO - [2026-08-12T04:47:53.391+0000] {dag.py:4138} INFO - Setting next_dagrun for example_short_circuit_decorator to 2026-08-11 00:00:00+00:00, run_after=2026-08-12 00:00:00+00:00
[2026-08-12T04:47:53.417+0000] {processor.py:208} INFO - Processing /home/airflow/.local/lib/python3.12/site-packages/airflow/example_dags/example_short_circuit_decorator.py took 0.120 seconds
[2026-08-12T04:48:24.377+0000] {processor.py:186} INFO - Started process (PID=1933) to work on /home/airflow/.local/lib/python3.12/site-packages/airflow/example_dags/example_short_circuit_decorator.py
[2026-08-12T04:48:24.379+0000] {processor.py:914} INFO - Processing file /home/airflow/.local/lib/python3.12/site-packages/airflow/example_dags/example_short_circuit_decorator.py for tasks to queue
[2026-08-12T04:48:24.383+0000] {logging_mixin.py:190} INFO - [2026-08-12T04:48:24.383+0000] {dagbag.py:587} INFO - Filling up the DagBag from /home/airflow/.local/lib/python3.12/site-packages/airflow/example_dags/example_short_circuit_decorator.py
[2026-08-12T04:48:24.401+0000] {processor.py:925} INFO - DAG(s) 'example_short_circuit_decorator' retrieved from /home/airflow/.local/lib/python3.12/site-packages/airflow/example_dags/example_short_circuit_decorator.py
[2026-08-12T04:48:24.436+0000] {logging_mixin.py:190} INFO - [2026-08-12T04:48:24.436+0000] {dag.py:3211} INFO - Sync 1 DAGs
[2026-08-12T04:48:24.474+0000] {logging_mixin.py:190} INFO - [2026-08-12T04:48:24.474+0000] {dag.py:4138} INFO - Setting next_dagrun for example_short_circuit_decorator to 2026-08-11 00:00:00+00:00, run_after=2026-08-12 00:00:00+00:00
[2026-08-12T04:48:24.509+0000] {processor.py:208} INFO - Processing /home/airflow/.local/lib/python3.12/site-packages/airflow/example_dags/example_short_circuit_decorator.py took 0.140 seconds
[2026-08-12T04:48:55.543+0000] {processor.py:186} INFO - Started process (PID=1995) to work on /home/airflow/.local/lib/python3.12/site-packages/airflow/example_dags/example_short_circuit_decorator.py
[2026-08-12T04:48:55.559+0000] {processor.py:914} INFO - Processing file /home/airflow/.local/lib/python3.12/site-packages/airflow/example_dags/example_short_circuit_decorator.py for tasks to queue
[2026-08-12T04:48:55.564+0000] {logging_mixin.py:190} INFO - [2026-08-12T04:48:55.563+0000] {dagbag.py:587} INFO - Filling up the DagBag from /home/airflow/.local/lib/python3.12/site-packages/airflow/example_dags/example_short_circuit_decorator.py
[2026-08-12T04:48:55.579+0000] {processor.py:925} INFO - DAG(s) 'example_short_circuit_decorator' retrieved from /home/airflow/.local/lib/python3.12/site-packages/airflow/example_dags/example_short_circuit_decorator.py
[2026-08-12T04:48:55.629+0000] {logging_mixin.py:190} INFO - [2026-08-12T04:48:55.629+0000] {dag.py:3211} INFO - Sync 1 DAGs
[2026-08-12T04:48:55.658+0000] {logging_mixin.py:190} INFO - [2026-08-12T04:48:55.658+0000] {dag.py:4138} INFO - Setting next_dagrun for example_short_circuit_decorator to 2026-08-11 00:00:00+00:00, run_after=2026-08-12 00:00:00+00:00
[2026-08-12T04:48:55.683+0000] {processor.py:208} INFO - Processing /home/airflow/.local/lib/python3.12/site-packages/airflow/example_dags/example_short_circuit_decorator.py took 0.147 seconds
[2026-08-12T04:49:26.101+0000] {processor.py:186} INFO - Started process (PID=2057) to work on /home/airflow/.local/lib/python3.12/site-packages/airflow/example_dags/example_short_circuit_decorator.py
[2026-08-12T04:49:26.103+0000] {processor.py:914} INFO - Processing file /home/airflow/.local/lib/python3.12/site-packages/airflow/example_dags/example_short_circuit_decorator.py for tasks to queue
[2026-08-12T04:49:26.106+0000] {logging_mixin.py:190} INFO - [2026-08-12T04:49:26.105+0000] {dagbag.py:587} INFO - Filling up the DagBag from /home/airflow/.local/lib/python3.12/site-packages/airflow/example_dags/example_short_circuit_decorator.py
[2026-08-12T04:49:26.117+0000] {processor.py:925} INFO - DAG(s) 'example_short_circuit_decorator' retrieved from /home/airflow/.local/lib/python3.12/site-packages/airflow/example_dags/example_short_circuit_decorator.py
[2026-08-12T04:49:26.144+0000] {logging_mixin.py:190} INFO - [2026-08-12T04:49:26.144+0000] {dag.py:3211} INFO - Sync 1 DAGs
[2026-08-12T04:49:26.170+0000] {logging_mixin.py:190} INFO - [2026-08-12T04:49:26.170+0000] {dag.py:4138} INFO - Setting next_dagrun for example_short_circuit_decorator to 2026-08-11 00:00:00+00:00, run_after=2026-08-12 00:00:00+00:00
[2026-08-12T04:49:26.194+0000] {processor.py:208} INFO - Processing /home/airflow/.local/lib/python3.12/site-packages/airflow/example_dags/example_short_circuit_decorator.py took 0.099 seconds
