[2026-08-12T04:30:43.204+0000] {processor.py:186} INFO - Started process (PID=90) to work on /home/airflow/.local/lib/python3.12/site-packages/airflow/example_dags/example_latest_only_with_trigger.py
[2026-08-12T04:30:43.207+0000] {processor.py:914} INFO - Processing file /home/airflow/.local/lib/python3.12/site-packages/airflow/example_dags/example_latest_only_with_trigger.py for tasks to queue
[2026-08-12T04:30:43.211+0000] {logging_mixin.py:190} INFO - [2026-08-12T04:30:43.210+0000] {dagbag.py:587} INFO - Filling up the DagBag from /home/airflow/.local/lib/python3.12/site-packages/airflow/example_dags/example_latest_only_with_trigger.py
[2026-08-12T04:30:43.226+0000] {processor.py:925} INFO - DAG(s) 'latest_only_with_trigger' retrieved from /home/airflow/.local/lib/python3.12/site-packages/airflow/example_dags/example_latest_only_with_trigger.py
[2026-08-12T04:30:43.381+0000] {logging_mixin.py:190} INFO - [2026-08-12T04:30:43.380+0000] {override.py:1858} INFO - Created Permission View: can delete on DAG:latest_only_with_trigger
[2026-08-12T04:30:43.396+0000] {logging_mixin.py:190} INFO - [2026-08-12T04:30:43.396+0000] {override.py:1858} INFO - Created Permission View: can read on DAG:latest_only_with_trigger
[2026-08-12T04:30:43.406+0000] {logging_mixin.py:190} INFO - [2026-08-12T04:30:43.406+0000] {override.py:1858} INFO - Created Permission View: can edit on DAG:latest_only_with_trigger
[2026-08-12T04:30:43.407+0000] {logging_mixin.py:190} INFO - [2026-08-12T04:30:43.407+0000] {dag.py:3211} INFO - Sync 1 DAGs
[2026-08-12T04:30:43.422+0000] {logging_mixin.py:190} INFO - [2026-08-12T04:30:43.422+0000] {dag.py:3234} INFO - Creating ORM DAG for latest_only_with_trigger
[2026-08-12T04:30:43.435+0000] {logging_mixin.py:190} INFO - [2026-08-12T04:30:43.435+0000] {dag.py:4138} INFO - Setting next_dagrun for latest_only_with_trigger to 2026-08-12 00:00:00+00:00, run_after=2026-08-12 04:00:00+00:00
[2026-08-12T04:30:43.463+0000] {processor.py:208} INFO - Processing /home/airflow/.local/lib/python3.12/site-packages/airflow/example_dags/example_latest_only_with_trigger.py took 0.268 seconds
[2026-08-12T04:31:13.911+0000] {processor.py:186} INFO - Started process (PID=152) to work on /home/airflow/.local/lib/python3.12/site-packages/airflow/example_dags/example_latest_only_with_trigger.py
[2026-08-12T04:31:13.912+0000] {processor.py:914} INFO - Processing file /home/airflow/.local/lib/python3.12/site-packages/airflow/example_dags/example_latest_only_with_trigger.py for tasks to queue
[2026-08-12T04:31:13.919+0000] {logging_mixin.py:190} INFO - [2026-08-12T04:31:13.918+0000] {dagbag.py:587} INFO - Filling up the DagBag from /home/airflow/.local/lib/python3.12/site-packages/airflow/example_dags/example_latest_only_with_trigger.py
[2026-08-12T04:31:13.927+0000] {processor.py:925} INFO - DAG(s) 'latest_only_with_trigger' retrieved from /home/airflow/.local/lib/python3.12/site-packages/airflow/example_dags/example_latest_only_with_trigger.py
[2026-08-12T04:31:13.976+0000] {logging_mixin.py:190} INFO - [2026-08-12T04:31:13.976+0000] {dag.py:3211} INFO - Sync 1 DAGs
[2026-08-12T04:31:14.016+0000] {logging_mixin.py:190} INFO - [2026-08-12T04:31:14.016+0000] {dag.py:4138} INFO - Setting next_dagrun for latest_only_with_trigger to 2026-08-12 00:00:00+00:00, run_after=2026-08-12 04:00:00+00:00
[2026-08-12T04:31:14.052+0000] {processor.py:208} INFO - Processing /home/airflow/.local/lib/python3.12/site-packages/airflow/example_dags/example_latest_only_with_trigger.py took 0.147 seconds
[2026-08-12T04:31:44.525+0000] {processor.py:186} INFO - Started process (PID=214) to work on /home/airflow/.local/lib/python3.12/site-packages/airflow/example_dags/example_latest_only_with_trigger.py
[2026-08-12T04:31:44.526+0000] {processor.py:914} INFO - Processing file /home/airflow/.local/lib/python3.12/site-packages/airflow/example_dags/example_latest_only_with_trigger.py for tasks to queue
[2026-08-12T04:31:44.530+0000] {logging_mixin.py:190} INFO - [2026-08-12T04:31:44.530+0000] {dagbag.py:587} INFO - Filling up the DagBag from /home/airflow/.local/lib/python3.12/site-packages/airflow/example_dags/example_latest_only_with_trigger.py
[2026-08-12T04:31:44.541+0000] {processor.py:925} INFO - DAG(s) 'latest_only_with_trigger' retrieved from /home/airflow/.local/lib/python3.12/site-packages/airflow/example_dags/example_latest_only_with_trigger.py
[2026-08-12T04:31:44.566+0000] {logging_mixin.py:190} INFO - [2026-08-12T04:31:44.566+0000] {dag.py:3211} INFO - Sync 1 DAGs
[2026-08-12T04:31:44.595+0000] {logging_mixin.py:190} INFO - [2026-08-12T04:31:44.594+0000] {dag.py:4138} INFO - Setting next_dagrun for latest_only_with_trigger to 2026-08-12 00:00:00+00:00, run_after=2026-08-12 04:00:00+00:00
[2026-08-12T04:31:44.620+0000] {processor.py:208} INFO - Processing /home/airflow/.local/lib/python3.12/site-packages/airflow/example_dags/example_latest_only_with_trigger.py took 0.103 seconds
[2026-08-12T04:33:03.569+0000] {processor.py:186} INFO - Started process (PID=76) to work on /home/airflow/.local/lib/python3.12/site-packages/airflow/example_dags/example_latest_only_with_trigger.py
[2026-08-12T04:33:03.571+0000] {processor.py:914} INFO - Processing file /home/airflow/.local/lib/python3.12/site-packages/airflow/example_dags/example_latest_only_with_trigger.py for tasks to queue
[2026-08-12T04:33:03.578+0000] {logging_mixin.py:190} INFO - [2026-08-12T04:33:03.577+0000] {dagbag.py:587} INFO - Filling up the DagBag from /home/airflow/.local/lib/python3.12/site-packages/airflow/example_dags/example_latest_only_with_trigger.py
[2026-08-12T04:33:03.591+0000] {processor.py:925} INFO - DAG(s) 'latest_only_with_trigger' retrieved from /home/airflow/.local/lib/python3.12/site-packages/airflow/example_dags/example_latest_only_with_trigger.py
[2026-08-12T04:33:03.633+0000] {logging_mixin.py:190} INFO - [2026-08-12T04:33:03.633+0000] {dag.py:3211} INFO - Sync 1 DAGs
[2026-08-12T04:33:03.669+0000] {logging_mixin.py:190} INFO - [2026-08-12T04:33:03.669+0000] {dag.py:4138} INFO - Setting next_dagrun for latest_only_with_trigger to 2026-08-12 00:00:00+00:00, run_after=2026-08-12 04:00:00+00:00
[2026-08-12T04:33:03.701+0000] {processor.py:208} INFO - Processing /home/airflow/.local/lib/python3.12/site-packages/airflow/example_dags/example_latest_only_with_trigger.py took 0.144 seconds
[2026-08-12T04:33:34.697+0000] {processor.py:186} INFO - Started process (PID=139) to work on /home/airflow/.local/lib/python3.12/site-packages/airflow/example_dags/example_latest_only_with_trigger.py
[2026-08-12T04:33:34.699+0000] {processor.py:914} INFO - Processing file /home/airflow/.local/lib/python3.12/site-packages/airflow/example_dags/example_latest_only_with_trigger.py for tasks to queue
[2026-08-12T04:33:34.703+0000] {logging_mixin.py:190} INFO - [2026-08-12T04:33:34.702+0000] {dagbag.py:587} INFO - Filling up the DagBag from /home/airflow/.local/lib/python3.12/site-packages/airflow/example_dags/example_latest_only_with_trigger.py
[2026-08-12T04:33:34.711+0000] {processor.py:925} INFO - DAG(s) 'latest_only_with_trigger' retrieved from /home/airflow/.local/lib/python3.12/site-packages/airflow/example_dags/example_latest_only_with_trigger.py
[2026-08-12T04:33:34.736+0000] {logging_mixin.py:190} INFO - [2026-08-12T04:33:34.736+0000] {dag.py:3211} INFO - Sync 1 DAGs
[2026-08-12T04:33:34.758+0000] {logging_mixin.py:190} INFO - [2026-08-12T04:33:34.758+0000] {dag.py:4138} INFO - Setting next_dagrun for latest_only_with_trigger to 2026-08-12 00:00:00+00:00, run_after=2026-08-12 04:00:00+00:00
[2026-08-12T04:33:34.783+0000] {processor.py:208} INFO - Processing /home/airflow/.local/lib/python3.12/site-packages/airflow/example_dags/example_latest_only_with_trigger.py took 0.092 seconds
[2026-08-12T04:34:05.534+0000] {processor.py:186} INFO - Started process (PID=201) to work on /home/airflow/.local/lib/python3.12/site-packages/airflow/example_dags/example_latest_only_with_trigger.py
[2026-08-12T04:34:05.537+0000] {processor.py:914} INFO - Processing file /home/airflow/.local/lib/python3.12/site-packages/airflow/example_dags/example_latest_only_with_trigger.py for tasks to queue
[2026-08-12T04:34:05.543+0000] {logging_mixin.py:190} INFO - [2026-08-12T04:34:05.542+0000] {dagbag.py:587} INFO - Filling up the DagBag from /home/airflow/.local/lib/python3.12/site-packages/airflow/example_dags/example_latest_only_with_trigger.py
[2026-08-12T04:34:05.558+0000] {processor.py:925} INFO - DAG(s) 'latest_only_with_trigger' retrieved from /home/airflow/.local/lib/python3.12/site-packages/airflow/example_dags/example_latest_only_with_trigger.py
[2026-08-12T04:34:05.588+0000] {logging_mixin.py:190} INFO - [2026-08-12T04:34:05.588+0000] {dag.py:3211} INFO - Sync 1 DAGs
[2026-08-12T04:34:05.620+0000] {logging_mixin.py:190} INFO - [2026-08-12T04:34:05.620+0000] {dag.py:4138} INFO - Setting next_dagrun for latest_only_with_trigger to 2026-08-12 00:00:00+00:00, run_after=2026-08-12 04:00:00+00:00
[2026-08-12T04:34:05.660+0000] {processor.py:208} INFO - Processing /home/airflow/.local/lib/python3.12/site-packages/airflow/example_dags/example_latest_only_with_trigger.py took 0.134 seconds
[2026-08-12T04:34:35.786+0000] {processor.py:186} INFO - Started process (PID=263) to work on /home/airflow/.local/lib/python3.12/site-packages/airflow/example_dags/example_latest_only_with_trigger.py
[2026-08-12T04:34:35.789+0000] {processor.py:914} INFO - Processing file /home/airflow/.local/lib/python3.12/site-packages/airflow/example_dags/example_latest_only_with_trigger.py for tasks to queue
[2026-08-12T04:34:35.794+0000] {logging_mixin.py:190} INFO - [2026-08-12T04:34:35.793+0000] {dagbag.py:587} INFO - Filling up the DagBag from /home/airflow/.local/lib/python3.12/site-packages/airflow/example_dags/example_latest_only_with_trigger.py
[2026-08-12T04:34:35.806+0000] {processor.py:925} INFO - DAG(s) 'latest_only_with_trigger' retrieved from /home/airflow/.local/lib/python3.12/site-packages/airflow/example_dags/example_latest_only_with_trigger.py
[2026-08-12T04:34:35.836+0000] {logging_mixin.py:190} INFO - [2026-08-12T04:34:35.835+0000] {dag.py:3211} INFO - Sync 1 DAGs
[2026-08-12T04:34:35.876+0000] {logging_mixin.py:190} INFO - [2026-08-12T04:34:35.876+0000] {dag.py:4138} INFO - Setting next_dagrun for latest_only_with_trigger to 2026-08-12 00:00:00+00:00, run_after=2026-08-12 04:00:00+00:00
[2026-08-12T04:34:35.920+0000] {processor.py:208} INFO - Processing /home/airflow/.local/lib/python3.12/site-packages/airflow/example_dags/example_latest_only_with_trigger.py took 0.140 seconds
[2026-08-12T04:35:06.913+0000] {processor.py:186} INFO - Started process (PID=325) to work on /home/airflow/.local/lib/python3.12/site-packages/airflow/example_dags/example_latest_only_with_trigger.py
[2026-08-12T04:35:06.915+0000] {processor.py:914} INFO - Processing file /home/airflow/.local/lib/python3.12/site-packages/airflow/example_dags/example_latest_only_with_trigger.py for tasks to queue
[2026-08-12T04:35:06.919+0000] {logging_mixin.py:190} INFO - [2026-08-12T04:35:06.919+0000] {dagbag.py:587} INFO - Filling up the DagBag from /home/airflow/.local/lib/python3.12/site-packages/airflow/example_dags/example_latest_only_with_trigger.py
[2026-08-12T04:35:06.927+0000] {processor.py:925} INFO - DAG(s) 'latest_only_with_trigger' retrieved from /home/airflow/.local/lib/python3.12/site-packages/airflow/example_dags/example_latest_only_with_trigger.py
[2026-08-12T04:35:06.950+0000] {logging_mixin.py:190} INFO - [2026-08-12T04:35:06.950+0000] {dag.py:3211} INFO - Sync 1 DAGs
[2026-08-12T04:35:06.973+0000] {logging_mixin.py:190} INFO - [2026-08-12T04:35:06.973+0000] {dag.py:4138} INFO - Setting next_dagrun for latest_only_with_trigger to 2026-08-12 00:00:00+00:00, run_after=2026-08-12 04:00:00+00:00
[2026-08-12T04:35:06.998+0000] {processor.py:208} INFO - Processing /home/airflow/.local/lib/python3.12/site-packages/airflow/example_dags/example_latest_only_with_trigger.py took 0.092 seconds
[2026-08-12T04:35:37.713+0000] {processor.py:186} INFO - Started process (PID=387) to work on /home/airflow/.local/lib/python3.12/site-packages/airflow/example_dags/example_latest_only_with_trigger.py
[2026-08-12T04:35:37.715+0000] {processor.py:914} INFO - Processing file /home/airflow/.local/lib/python3.12/site-packages/airflow/example_dags/example_latest_only_with_trigger.py for tasks to queue
[2026-08-12T04:35:37.719+0000] {logging_mixin.py:190} INFO - [2026-08-12T04:35:37.719+0000] {dagbag.py:587} INFO - Filling up the DagBag from /home/airflow/.local/lib/python3.12/site-packages/airflow/example_dags/example_latest_only_with_trigger.py
[2026-08-12T04:35:37.728+0000] {processor.py:925} INFO - DAG(s) 'latest_only_with_trigger' retrieved from /home/airflow/.local/lib/python3.12/site-packages/airflow/example_dags/example_latest_only_with_trigger.py
[2026-08-12T04:35:37.754+0000] {logging_mixin.py:190} INFO - [2026-08-12T04:35:37.753+0000] {dag.py:3211} INFO - Sync 1 DAGs
[2026-08-12T04:35:37.787+0000] {logging_mixin.py:190} INFO - [2026-08-12T04:35:37.787+0000] {dag.py:4138} INFO - Setting next_dagrun for latest_only_with_trigger to 2026-08-12 00:00:00+00:00, run_after=2026-08-12 04:00:00+00:00
[2026-08-12T04:35:37.813+0000] {processor.py:208} INFO - Processing /home/airflow/.local/lib/python3.12/site-packages/airflow/example_dags/example_latest_only_with_trigger.py took 0.105 seconds
[2026-08-12T04:36:08.623+0000] {processor.py:186} INFO - Started process (PID=449) to work on /home/airflow/.local/lib/python3.12/site-packages/airflow/example_dags/example_latest_only_with_trigger.py
[2026-08-12T04:36:08.625+0000] {processor.py:914} INFO - Processing file /home/airflow/.local/lib/python3.12/site-packages/airflow/example_dags/example_latest_only_with_trigger.py for tasks to queue
[2026-08-12T04:36:08.629+0000] {logging_mixin.py:190} INFO - [2026-08-12T04:36:08.629+0000] {dagbag.py:587} INFO - Filling up the DagBag from /home/airflow/.local/lib/python3.12/site-packages/airflow/example_dags/example_latest_only_with_trigger.py
[2026-08-12T04:36:08.638+0000] {processor.py:925} INFO - DAG(s) 'latest_only_with_trigger' retrieved from /home/airflow/.local/lib/python3.12/site-packages/airflow/example_dags/example_latest_only_with_trigger.py
[2026-08-12T04:36:08.665+0000] {logging_mixin.py:190} INFO - [2026-08-12T04:36:08.664+0000] {dag.py:3211} INFO - Sync 1 DAGs
[2026-08-12T04:36:08.692+0000] {logging_mixin.py:190} INFO - [2026-08-12T04:36:08.692+0000] {dag.py:4138} INFO - Setting next_dagrun for latest_only_with_trigger to 2026-08-12 00:00:00+00:00, run_after=2026-08-12 04:00:00+00:00
[2026-08-12T04:36:08.718+0000] {processor.py:208} INFO - Processing /home/airflow/.local/lib/python3.12/site-packages/airflow/example_dags/example_latest_only_with_trigger.py took 0.103 seconds
[2026-08-12T04:36:38.840+0000] {processor.py:186} INFO - Started process (PID=511) to work on /home/airflow/.local/lib/python3.12/site-packages/airflow/example_dags/example_latest_only_with_trigger.py
[2026-08-12T04:36:38.842+0000] {processor.py:914} INFO - Processing file /home/airflow/.local/lib/python3.12/site-packages/airflow/example_dags/example_latest_only_with_trigger.py for tasks to queue
[2026-08-12T04:36:38.846+0000] {logging_mixin.py:190} INFO - [2026-08-12T04:36:38.846+0000] {dagbag.py:587} INFO - Filling up the DagBag from /home/airflow/.local/lib/python3.12/site-packages/airflow/example_dags/example_latest_only_with_trigger.py
[2026-08-12T04:36:38.855+0000] {processor.py:925} INFO - DAG(s) 'latest_only_with_trigger' retrieved from /home/airflow/.local/lib/python3.12/site-packages/airflow/example_dags/example_latest_only_with_trigger.py
[2026-08-12T04:36:38.884+0000] {logging_mixin.py:190} INFO - [2026-08-12T04:36:38.884+0000] {dag.py:3211} INFO - Sync 1 DAGs
[2026-08-12T04:36:38.915+0000] {logging_mixin.py:190} INFO - [2026-08-12T04:36:38.914+0000] {dag.py:4138} INFO - Setting next_dagrun for latest_only_with_trigger to 2026-08-12 00:00:00+00:00, run_after=2026-08-12 04:00:00+00:00
[2026-08-12T04:36:38.941+0000] {processor.py:208} INFO - Processing /home/airflow/.local/lib/python3.12/site-packages/airflow/example_dags/example_latest_only_with_trigger.py took 0.108 seconds
[2026-08-12T04:37:09.871+0000] {processor.py:186} INFO - Started process (PID=573) to work on /home/airflow/.local/lib/python3.12/site-packages/airflow/example_dags/example_latest_only_with_trigger.py
[2026-08-12T04:37:09.873+0000] {processor.py:914} INFO - Processing file /home/airflow/.local/lib/python3.12/site-packages/airflow/example_dags/example_latest_only_with_trigger.py for tasks to queue
[2026-08-12T04:37:09.877+0000] {logging_mixin.py:190} INFO - [2026-08-12T04:37:09.877+0000] {dagbag.py:587} INFO - Filling up the DagBag from /home/airflow/.local/lib/python3.12/site-packages/airflow/example_dags/example_latest_only_with_trigger.py
[2026-08-12T04:37:09.885+0000] {processor.py:925} INFO - DAG(s) 'latest_only_with_trigger' retrieved from /home/airflow/.local/lib/python3.12/site-packages/airflow/example_dags/example_latest_only_with_trigger.py
[2026-08-12T04:37:09.910+0000] {logging_mixin.py:190} INFO - [2026-08-12T04:37:09.910+0000] {dag.py:3211} INFO - Sync 1 DAGs
[2026-08-12T04:37:09.936+0000] {logging_mixin.py:190} INFO - [2026-08-12T04:37:09.936+0000] {dag.py:4138} INFO - Setting next_dagrun for latest_only_with_trigger to 2026-08-12 00:00:00+00:00, run_after=2026-08-12 04:00:00+00:00
[2026-08-12T04:37:09.970+0000] {processor.py:208} INFO - Processing /home/airflow/.local/lib/python3.12/site-packages/airflow/example_dags/example_latest_only_with_trigger.py took 0.104 seconds
[2026-08-12T04:37:40.591+0000] {processor.py:186} INFO - Started process (PID=635) to work on /home/airflow/.local/lib/python3.12/site-packages/airflow/example_dags/example_latest_only_with_trigger.py
[2026-08-12T04:37:40.593+0000] {processor.py:914} INFO - Processing file /home/airflow/.local/lib/python3.12/site-packages/airflow/example_dags/example_latest_only_with_trigger.py for tasks to queue
[2026-08-12T04:37:40.597+0000] {logging_mixin.py:190} INFO - [2026-08-12T04:37:40.597+0000] {dagbag.py:587} INFO - Filling up the DagBag from /home/airflow/.local/lib/python3.12/site-packages/airflow/example_dags/example_latest_only_with_trigger.py
[2026-08-12T04:37:40.606+0000] {processor.py:925} INFO - DAG(s) 'latest_only_with_trigger' retrieved from /home/airflow/.local/lib/python3.12/site-packages/airflow/example_dags/example_latest_only_with_trigger.py
[2026-08-12T04:37:40.627+0000] {logging_mixin.py:190} INFO - [2026-08-12T04:37:40.627+0000] {dag.py:3211} INFO - Sync 1 DAGs
[2026-08-12T04:37:40.651+0000] {logging_mixin.py:190} INFO - [2026-08-12T04:37:40.651+0000] {dag.py:4138} INFO - Setting next_dagrun for latest_only_with_trigger to 2026-08-12 00:00:00+00:00, run_after=2026-08-12 04:00:00+00:00
[2026-08-12T04:37:40.671+0000] {processor.py:208} INFO - Processing /home/airflow/.local/lib/python3.12/site-packages/airflow/example_dags/example_latest_only_with_trigger.py took 0.086 seconds
[2026-08-12T04:38:11.367+0000] {processor.py:186} INFO - Started process (PID=697) to work on /home/airflow/.local/lib/python3.12/site-packages/airflow/example_dags/example_latest_only_with_trigger.py
[2026-08-12T04:38:11.369+0000] {processor.py:914} INFO - Processing file /home/airflow/.local/lib/python3.12/site-packages/airflow/example_dags/example_latest_only_with_trigger.py for tasks to queue
[2026-08-12T04:38:11.372+0000] {logging_mixin.py:190} INFO - [2026-08-12T04:38:11.372+0000] {dagbag.py:587} INFO - Filling up the DagBag from /home/airflow/.local/lib/python3.12/site-packages/airflow/example_dags/example_latest_only_with_trigger.py
[2026-08-12T04:38:11.395+0000] {processor.py:925} INFO - DAG(s) 'latest_only_with_trigger' retrieved from /home/airflow/.local/lib/python3.12/site-packages/airflow/example_dags/example_latest_only_with_trigger.py
[2026-08-12T04:38:11.424+0000] {logging_mixin.py:190} INFO - [2026-08-12T04:38:11.423+0000] {dag.py:3211} INFO - Sync 1 DAGs
[2026-08-12T04:38:11.453+0000] {logging_mixin.py:190} INFO - [2026-08-12T04:38:11.453+0000] {dag.py:4138} INFO - Setting next_dagrun for latest_only_with_trigger to 2026-08-12 00:00:00+00:00, run_after=2026-08-12 04:00:00+00:00
[2026-08-12T04:38:11.485+0000] {processor.py:208} INFO - Processing /home/airflow/.local/lib/python3.12/site-packages/airflow/example_dags/example_latest_only_with_trigger.py took 0.124 seconds
[2026-08-12T04:38:42.107+0000] {processor.py:186} INFO - Started process (PID=759) to work on /home/airflow/.local/lib/python3.12/site-packages/airflow/example_dags/example_latest_only_with_trigger.py
[2026-08-12T04:38:42.109+0000] {processor.py:914} INFO - Processing file /home/airflow/.local/lib/python3.12/site-packages/airflow/example_dags/example_latest_only_with_trigger.py for tasks to queue
[2026-08-12T04:38:42.115+0000] {logging_mixin.py:190} INFO - [2026-08-12T04:38:42.114+0000] {dagbag.py:587} INFO - Filling up the DagBag from /home/airflow/.local/lib/python3.12/site-packages/airflow/example_dags/example_latest_only_with_trigger.py
[2026-08-12T04:38:42.127+0000] {processor.py:925} INFO - DAG(s) 'latest_only_with_trigger' retrieved from /home/airflow/.local/lib/python3.12/site-packages/airflow/example_dags/example_latest_only_with_trigger.py
[2026-08-12T04:38:42.157+0000] {logging_mixin.py:190} INFO - [2026-08-12T04:38:42.157+0000] {dag.py:3211} INFO - Sync 1 DAGs
[2026-08-12T04:38:42.188+0000] {logging_mixin.py:190} INFO - [2026-08-12T04:38:42.188+0000] {dag.py:4138} INFO - Setting next_dagrun for latest_only_with_trigger to 2026-08-12 00:00:00+00:00, run_after=2026-08-12 04:00:00+00:00
[2026-08-12T04:38:42.217+0000] {processor.py:208} INFO - Processing /home/airflow/.local/lib/python3.12/site-packages/airflow/example_dags/example_latest_only_with_trigger.py took 0.123 seconds
[2026-08-12T04:39:12.425+0000] {processor.py:186} INFO - Started process (PID=821) to work on /home/airflow/.local/lib/python3.12/site-packages/airflow/example_dags/example_latest_only_with_trigger.py
[2026-08-12T04:39:12.427+0000] {processor.py:914} INFO - Processing file /home/airflow/.local/lib/python3.12/site-packages/airflow/example_dags/example_latest_only_with_trigger.py for tasks to queue
[2026-08-12T04:39:12.430+0000] {logging_mixin.py:190} INFO - [2026-08-12T04:39:12.430+0000] {dagbag.py:587} INFO - Filling up the DagBag from /home/airflow/.local/lib/python3.12/site-packages/airflow/example_dags/example_latest_only_with_trigger.py
[2026-08-12T04:39:12.439+0000] {processor.py:925} INFO - DAG(s) 'latest_only_with_trigger' retrieved from /home/airflow/.local/lib/python3.12/site-packages/airflow/example_dags/example_latest_only_with_trigger.py
[2026-08-12T04:39:12.464+0000] {logging_mixin.py:190} INFO - [2026-08-12T04:39:12.463+0000] {dag.py:3211} INFO - Sync 1 DAGs
[2026-08-12T04:39:12.490+0000] {logging_mixin.py:190} INFO - [2026-08-12T04:39:12.489+0000] {dag.py:4138} INFO - Setting next_dagrun for latest_only_with_trigger to 2026-08-12 00:00:00+00:00, run_after=2026-08-12 04:00:00+00:00
[2026-08-12T04:39:12.522+0000] {processor.py:208} INFO - Processing /home/airflow/.local/lib/python3.12/site-packages/airflow/example_dags/example_latest_only_with_trigger.py took 0.104 seconds
[2026-08-12T04:39:42.605+0000] {processor.py:186} INFO - Started process (PID=883) to work on /home/airflow/.local/lib/python3.12/site-packages/airflow/example_dags/example_latest_only_with_trigger.py
[2026-08-12T04:39:42.606+0000] {processor.py:914} INFO - Processing file /home/airflow/.local/lib/python3.12/site-packages/airflow/example_dags/example_latest_only_with_trigger.py for tasks to queue
[2026-08-12T04:39:42.610+0000] {logging_mixin.py:190} INFO - [2026-08-12T04:39:42.609+0000] {dagbag.py:587} INFO - Filling up the DagBag from /home/airflow/.local/lib/python3.12/site-packages/airflow/example_dags/example_latest_only_with_trigger.py
[2026-08-12T04:39:42.617+0000] {processor.py:925} INFO - DAG(s) 'latest_only_with_trigger' retrieved from /home/airflow/.local/lib/python3.12/site-packages/airflow/example_dags/example_latest_only_with_trigger.py
[2026-08-12T04:39:42.641+0000] {logging_mixin.py:190} INFO - [2026-08-12T04:39:42.641+0000] {dag.py:3211} INFO - Sync 1 DAGs
[2026-08-12T04:39:42.681+0000] {logging_mixin.py:190} INFO - [2026-08-12T04:39:42.681+0000] {dag.py:4138} INFO - Setting next_dagrun for latest_only_with_trigger to 2026-08-12 00:00:00+00:00, run_after=2026-08-12 04:00:00+00:00
[2026-08-12T04:39:42.713+0000] {processor.py:208} INFO - Processing /home/airflow/.local/lib/python3.12/site-packages/airflow/example_dags/example_latest_only_with_trigger.py took 0.113 seconds
[2026-08-12T04:40:13.630+0000] {processor.py:186} INFO - Started process (PID=945) to work on /home/airflow/.local/lib/python3.12/site-packages/airflow/example_dags/example_latest_only_with_trigger.py
[2026-08-12T04:40:13.632+0000] {processor.py:914} INFO - Processing file /home/airflow/.local/lib/python3.12/site-packages/airflow/example_dags/example_latest_only_with_trigger.py for tasks to queue
[2026-08-12T04:40:13.635+0000] {logging_mixin.py:190} INFO - [2026-08-12T04:40:13.635+0000] {dagbag.py:587} INFO - Filling up the DagBag from /home/airflow/.local/lib/python3.12/site-packages/airflow/example_dags/example_latest_only_with_trigger.py
[2026-08-12T04:40:13.643+0000] {processor.py:925} INFO - DAG(s) 'latest_only_with_trigger' retrieved from /home/airflow/.local/lib/python3.12/site-packages/airflow/example_dags/example_latest_only_with_trigger.py
[2026-08-12T04:40:13.666+0000] {logging_mixin.py:190} INFO - [2026-08-12T04:40:13.665+0000] {dag.py:3211} INFO - Sync 1 DAGs
[2026-08-12T04:40:13.689+0000] {logging_mixin.py:190} INFO - [2026-08-12T04:40:13.688+0000] {dag.py:4138} INFO - Setting next_dagrun for latest_only_with_trigger to 2026-08-12 00:00:00+00:00, run_after=2026-08-12 04:00:00+00:00
[2026-08-12T04:40:13.722+0000] {processor.py:208} INFO - Processing /home/airflow/.local/lib/python3.12/site-packages/airflow/example_dags/example_latest_only_with_trigger.py took 0.097 seconds
[2026-08-12T04:40:44.138+0000] {processor.py:186} INFO - Started process (PID=1007) to work on /home/airflow/.local/lib/python3.12/site-packages/airflow/example_dags/example_latest_only_with_trigger.py
[2026-08-12T04:40:44.140+0000] {processor.py:914} INFO - Processing file /home/airflow/.local/lib/python3.12/site-packages/airflow/example_dags/example_latest_only_with_trigger.py for tasks to queue
[2026-08-12T04:40:44.144+0000] {logging_mixin.py:190} INFO - [2026-08-12T04:40:44.144+0000] {dagbag.py:587} INFO - Filling up the DagBag from /home/airflow/.local/lib/python3.12/site-packages/airflow/example_dags/example_latest_only_with_trigger.py
[2026-08-12T04:40:44.155+0000] {processor.py:925} INFO - DAG(s) 'latest_only_with_trigger' retrieved from /home/airflow/.local/lib/python3.12/site-packages/airflow/example_dags/example_latest_only_with_trigger.py
[2026-08-12T04:40:44.179+0000] {logging_mixin.py:190} INFO - [2026-08-12T04:40:44.178+0000] {dag.py:3211} INFO - Sync 1 DAGs
[2026-08-12T04:40:44.213+0000] {logging_mixin.py:190} INFO - [2026-08-12T04:40:44.213+0000] {dag.py:4138} INFO - Setting next_dagrun for latest_only_with_trigger to 2026-08-12 00:00:00+00:00, run_after=2026-08-12 04:00:00+00:00
[2026-08-12T04:40:44.243+0000] {processor.py:208} INFO - Processing /home/airflow/.local/lib/python3.12/site-packages/airflow/example_dags/example_latest_only_with_trigger.py took 0.113 seconds
[2026-08-12T04:41:14.864+0000] {processor.py:186} INFO - Started process (PID=1069) to work on /home/airflow/.local/lib/python3.12/site-packages/airflow/example_dags/example_latest_only_with_trigger.py
[2026-08-12T04:41:14.866+0000] {processor.py:914} INFO - Processing file /home/airflow/.local/lib/python3.12/site-packages/airflow/example_dags/example_latest_only_with_trigger.py for tasks to queue
[2026-08-12T04:41:14.870+0000] {logging_mixin.py:190} INFO - [2026-08-12T04:41:14.869+0000] {dagbag.py:587} INFO - Filling up the DagBag from /home/airflow/.local/lib/python3.12/site-packages/airflow/example_dags/example_latest_only_with_trigger.py
[2026-08-12T04:41:14.881+0000] {processor.py:925} INFO - DAG(s) 'latest_only_with_trigger' retrieved from /home/airflow/.local/lib/python3.12/site-packages/airflow/example_dags/example_latest_only_with_trigger.py
[2026-08-12T04:41:14.909+0000] {logging_mixin.py:190} INFO - [2026-08-12T04:41:14.909+0000] {dag.py:3211} INFO - Sync 1 DAGs
[2026-08-12T04:41:14.937+0000] {logging_mixin.py:190} INFO - [2026-08-12T04:41:14.937+0000] {dag.py:4138} INFO - Setting next_dagrun for latest_only_with_trigger to 2026-08-12 00:00:00+00:00, run_after=2026-08-12 04:00:00+00:00
[2026-08-12T04:41:14.969+0000] {processor.py:208} INFO - Processing /home/airflow/.local/lib/python3.12/site-packages/airflow/example_dags/example_latest_only_with_trigger.py took 0.112 seconds
[2026-08-12T04:41:45.610+0000] {processor.py:186} INFO - Started process (PID=1131) to work on /home/airflow/.local/lib/python3.12/site-packages/airflow/example_dags/example_latest_only_with_trigger.py
[2026-08-12T04:41:45.612+0000] {processor.py:914} INFO - Processing file /home/airflow/.local/lib/python3.12/site-packages/airflow/example_dags/example_latest_only_with_trigger.py for tasks to queue
[2026-08-12T04:41:45.617+0000] {logging_mixin.py:190} INFO - [2026-08-12T04:41:45.617+0000] {dagbag.py:587} INFO - Filling up the DagBag from /home/airflow/.local/lib/python3.12/site-packages/airflow/example_dags/example_latest_only_with_trigger.py
[2026-08-12T04:41:45.631+0000] {processor.py:925} INFO - DAG(s) 'latest_only_with_trigger' retrieved from /home/airflow/.local/lib/python3.12/site-packages/airflow/example_dags/example_latest_only_with_trigger.py
[2026-08-12T04:41:45.657+0000] {logging_mixin.py:190} INFO - [2026-08-12T04:41:45.657+0000] {dag.py:3211} INFO - Sync 1 DAGs
[2026-08-12T04:41:45.683+0000] {logging_mixin.py:190} INFO - [2026-08-12T04:41:45.683+0000] {dag.py:4138} INFO - Setting next_dagrun for latest_only_with_trigger to 2026-08-12 00:00:00+00:00, run_after=2026-08-12 04:00:00+00:00
[2026-08-12T04:41:45.716+0000] {processor.py:208} INFO - Processing /home/airflow/.local/lib/python3.12/site-packages/airflow/example_dags/example_latest_only_with_trigger.py took 0.112 seconds
[2026-08-12T04:42:16.415+0000] {processor.py:186} INFO - Started process (PID=1193) to work on /home/airflow/.local/lib/python3.12/site-packages/airflow/example_dags/example_latest_only_with_trigger.py
[2026-08-12T04:42:16.417+0000] {processor.py:914} INFO - Processing file /home/airflow/.local/lib/python3.12/site-packages/airflow/example_dags/example_latest_only_with_trigger.py for tasks to queue
[2026-08-12T04:42:16.420+0000] {logging_mixin.py:190} INFO - [2026-08-12T04:42:16.420+0000] {dagbag.py:587} INFO - Filling up the DagBag from /home/airflow/.local/lib/python3.12/site-packages/airflow/example_dags/example_latest_only_with_trigger.py
[2026-08-12T04:42:16.429+0000] {processor.py:925} INFO - DAG(s) 'latest_only_with_trigger' retrieved from /home/airflow/.local/lib/python3.12/site-packages/airflow/example_dags/example_latest_only_with_trigger.py
[2026-08-12T04:42:16.452+0000] {logging_mixin.py:190} INFO - [2026-08-12T04:42:16.452+0000] {dag.py:3211} INFO - Sync 1 DAGs
[2026-08-12T04:42:16.483+0000] {logging_mixin.py:190} INFO - [2026-08-12T04:42:16.483+0000] {dag.py:4138} INFO - Setting next_dagrun for latest_only_with_trigger to 2026-08-12 00:00:00+00:00, run_after=2026-08-12 04:00:00+00:00
[2026-08-12T04:42:16.510+0000] {processor.py:208} INFO - Processing /home/airflow/.local/lib/python3.12/site-packages/airflow/example_dags/example_latest_only_with_trigger.py took 0.100 seconds
[2026-08-12T04:42:47.208+0000] {processor.py:186} INFO - Started process (PID=1255) to work on /home/airflow/.local/lib/python3.12/site-packages/airflow/example_dags/example_latest_only_with_trigger.py
[2026-08-12T04:42:47.210+0000] {processor.py:914} INFO - Processing file /home/airflow/.local/lib/python3.12/site-packages/airflow/example_dags/example_latest_only_with_trigger.py for tasks to queue
[2026-08-12T04:42:47.214+0000] {logging_mixin.py:190} INFO - [2026-08-12T04:42:47.214+0000] {dagbag.py:587} INFO - Filling up the DagBag from /home/airflow/.local/lib/python3.12/site-packages/airflow/example_dags/example_latest_only_with_trigger.py
[2026-08-12T04:42:47.221+0000] {processor.py:925} INFO - DAG(s) 'latest_only_with_trigger' retrieved from /home/airflow/.local/lib/python3.12/site-packages/airflow/example_dags/example_latest_only_with_trigger.py
[2026-08-12T04:42:47.244+0000] {logging_mixin.py:190} INFO - [2026-08-12T04:42:47.244+0000] {dag.py:3211} INFO - Sync 1 DAGs
[2026-08-12T04:42:47.267+0000] {logging_mixin.py:190} INFO - [2026-08-12T04:42:47.267+0000] {dag.py:4138} INFO - Setting next_dagrun for latest_only_with_trigger to 2026-08-12 00:00:00+00:00, run_after=2026-08-12 04:00:00+00:00
[2026-08-12T04:42:47.298+0000] {processor.py:208} INFO - Processing /home/airflow/.local/lib/python3.12/site-packages/airflow/example_dags/example_latest_only_with_trigger.py took 0.096 seconds
[2026-08-12T04:43:17.626+0000] {processor.py:186} INFO - Started process (PID=1317) to work on /home/airflow/.local/lib/python3.12/site-packages/airflow/example_dags/example_latest_only_with_trigger.py
[2026-08-12T04:43:17.628+0000] {processor.py:914} INFO - Processing file /home/airflow/.local/lib/python3.12/site-packages/airflow/example_dags/example_latest_only_with_trigger.py for tasks to queue
[2026-08-12T04:43:17.631+0000] {logging_mixin.py:190} INFO - [2026-08-12T04:43:17.631+0000] {dagbag.py:587} INFO - Filling up the DagBag from /home/airflow/.local/lib/python3.12/site-packages/airflow/example_dags/example_latest_only_with_trigger.py
[2026-08-12T04:43:17.639+0000] {processor.py:925} INFO - DAG(s) 'latest_only_with_trigger' retrieved from /home/airflow/.local/lib/python3.12/site-packages/airflow/example_dags/example_latest_only_with_trigger.py
[2026-08-12T04:43:17.664+0000] {logging_mixin.py:190} INFO - [2026-08-12T04:43:17.663+0000] {dag.py:3211} INFO - Sync 1 DAGs
[2026-08-12T04:43:17.690+0000] {logging_mixin.py:190} INFO - [2026-08-12T04:43:17.690+0000] {dag.py:4138} INFO - Setting next_dagrun for latest_only_with_trigger to 2026-08-12 00:00:00+00:00, run_after=2026-08-12 04:00:00+00:00
[2026-08-12T04:43:17.712+0000] {processor.py:208} INFO - Processing /home/airflow/.local/lib/python3.12/site-packages/airflow/example_dags/example_latest_only_with_trigger.py took 0.092 seconds
[2026-08-12T04:43:48.389+0000] {processor.py:186} INFO - Started process (PID=1379) to work on /home/airflow/.local/lib/python3.12/site-packages/airflow/example_dags/example_latest_only_with_trigger.py
[2026-08-12T04:43:48.391+0000] {processor.py:914} INFO - Processing file /home/airflow/.local/lib/python3.12/site-packages/airflow/example_dags/example_latest_only_with_trigger.py for tasks to queue
[2026-08-12T04:43:48.394+0000] {logging_mixin.py:190} INFO - [2026-08-12T04:43:48.394+0000] {dagbag.py:587} INFO - Filling up the DagBag from /home/airflow/.local/lib/python3.12/site-packages/airflow/example_dags/example_latest_only_with_trigger.py
[2026-08-12T04:43:48.402+0000] {processor.py:925} INFO - DAG(s) 'latest_only_with_trigger' retrieved from /home/airflow/.local/lib/python3.12/site-packages/airflow/example_dags/example_latest_only_with_trigger.py
[2026-08-12T04:43:48.425+0000] {logging_mixin.py:190} INFO - [2026-08-12T04:43:48.425+0000] {dag.py:3211} INFO - Sync 1 DAGs
[2026-08-12T04:43:48.449+0000] {logging_mixin.py:190} INFO - [2026-08-12T04:43:48.449+0000] {dag.py:4138} INFO - Setting next_dagrun for latest_only_with_trigger to 2026-08-12 00:00:00+00:00, run_after=2026-08-12 04:00:00+00:00
[2026-08-12T04:43:48.483+0000] {processor.py:208} INFO - Processing /home/airflow/.local/lib/python3.12/site-packages/airflow/example_dags/example_latest_only_with_trigger.py took 0.099 seconds
[2026-08-12T04:44:19.153+0000] {processor.py:186} INFO - Started process (PID=1441) to work on /home/airflow/.local/lib/python3.12/site-packages/airflow/example_dags/example_latest_only_with_trigger.py
[2026-08-12T04:44:19.154+0000] {processor.py:914} INFO - Processing file /home/airflow/.local/lib/python3.12/site-packages/airflow/example_dags/example_latest_only_with_trigger.py for tasks to queue
[2026-08-12T04:44:19.158+0000] {logging_mixin.py:190} INFO - [2026-08-12T04:44:19.158+0000] {dagbag.py:587} INFO - Filling up the DagBag from /home/airflow/.local/lib/python3.12/site-packages/airflow/example_dags/example_latest_only_with_trigger.py
[2026-08-12T04:44:19.168+0000] {processor.py:925} INFO - DAG(s) 'latest_only_with_trigger' retrieved from /home/airflow/.local/lib/python3.12/site-packages/airflow/example_dags/example_latest_only_with_trigger.py
[2026-08-12T04:44:19.197+0000] {logging_mixin.py:190} INFO - [2026-08-12T04:44:19.197+0000] {dag.py:3211} INFO - Sync 1 DAGs
[2026-08-12T04:44:19.224+0000] {logging_mixin.py:190} INFO - [2026-08-12T04:44:19.223+0000] {dag.py:4138} INFO - Setting next_dagrun for latest_only_with_trigger to 2026-08-12 00:00:00+00:00, run_after=2026-08-12 04:00:00+00:00
[2026-08-12T04:44:19.244+0000] {processor.py:208} INFO - Processing /home/airflow/.local/lib/python3.12/site-packages/airflow/example_dags/example_latest_only_with_trigger.py took 0.100 seconds
[2026-08-12T04:44:49.936+0000] {processor.py:186} INFO - Started process (PID=1503) to work on /home/airflow/.local/lib/python3.12/site-packages/airflow/example_dags/example_latest_only_with_trigger.py
[2026-08-12T04:44:49.940+0000] {processor.py:914} INFO - Processing file /home/airflow/.local/lib/python3.12/site-packages/airflow/example_dags/example_latest_only_with_trigger.py for tasks to queue
[2026-08-12T04:44:49.946+0000] {logging_mixin.py:190} INFO - [2026-08-12T04:44:49.945+0000] {dagbag.py:587} INFO - Filling up the DagBag from /home/airflow/.local/lib/python3.12/site-packages/airflow/example_dags/example_latest_only_with_trigger.py
[2026-08-12T04:44:49.964+0000] {processor.py:925} INFO - DAG(s) 'latest_only_with_trigger' retrieved from /home/airflow/.local/lib/python3.12/site-packages/airflow/example_dags/example_latest_only_with_trigger.py
[2026-08-12T04:44:50.003+0000] {logging_mixin.py:190} INFO - [2026-08-12T04:44:50.002+0000] {dag.py:3211} INFO - Sync 1 DAGs
[2026-08-12T04:44:50.056+0000] {logging_mixin.py:190} INFO - [2026-08-12T04:44:50.055+0000] {dag.py:4138} INFO - Setting next_dagrun for latest_only_with_trigger to 2026-08-12 00:00:00+00:00, run_after=2026-08-12 04:00:00+00:00
[2026-08-12T04:44:50.097+0000] {processor.py:208} INFO - Processing /home/airflow/.local/lib/python3.12/site-packages/airflow/example_dags/example_latest_only_with_trigger.py took 0.170 seconds
[2026-08-12T04:45:20.759+0000] {processor.py:186} INFO - Started process (PID=1565) to work on /home/airflow/.local/lib/python3.12/site-packages/airflow/example_dags/example_latest_only_with_trigger.py
[2026-08-12T04:45:20.761+0000] {processor.py:914} INFO - Processing file /home/airflow/.local/lib/python3.12/site-packages/airflow/example_dags/example_latest_only_with_trigger.py for tasks to queue
[2026-08-12T04:45:20.765+0000] {logging_mixin.py:190} INFO - [2026-08-12T04:45:20.764+0000] {dagbag.py:587} INFO - Filling up the DagBag from /home/airflow/.local/lib/python3.12/site-packages/airflow/example_dags/example_latest_only_with_trigger.py
[2026-08-12T04:45:20.776+0000] {processor.py:925} INFO - DAG(s) 'latest_only_with_trigger' retrieved from /home/airflow/.local/lib/python3.12/site-packages/airflow/example_dags/example_latest_only_with_trigger.py
[2026-08-12T04:45:20.803+0000] {logging_mixin.py:190} INFO - [2026-08-12T04:45:20.803+0000] {dag.py:3211} INFO - Sync 1 DAGs
[2026-08-12T04:45:20.829+0000] {logging_mixin.py:190} INFO - [2026-08-12T04:45:20.829+0000] {dag.py:4138} INFO - Setting next_dagrun for latest_only_with_trigger to 2026-08-12 00:00:00+00:00, run_after=2026-08-12 04:00:00+00:00
[2026-08-12T04:45:20.852+0000] {processor.py:208} INFO - Processing /home/airflow/.local/lib/python3.12/site-packages/airflow/example_dags/example_latest_only_with_trigger.py took 0.100 seconds
[2026-08-12T04:45:51.532+0000] {processor.py:186} INFO - Started process (PID=1627) to work on /home/airflow/.local/lib/python3.12/site-packages/airflow/example_dags/example_latest_only_with_trigger.py
[2026-08-12T04:45:51.534+0000] {processor.py:914} INFO - Processing file /home/airflow/.local/lib/python3.12/site-packages/airflow/example_dags/example_latest_only_with_trigger.py for tasks to queue
[2026-08-12T04:45:51.538+0000] {logging_mixin.py:190} INFO - [2026-08-12T04:45:51.537+0000] {dagbag.py:587} INFO - Filling up the DagBag from /home/airflow/.local/lib/python3.12/site-packages/airflow/example_dags/example_latest_only_with_trigger.py
[2026-08-12T04:45:51.562+0000] {processor.py:925} INFO - DAG(s) 'latest_only_with_trigger' retrieved from /home/airflow/.local/lib/python3.12/site-packages/airflow/example_dags/example_latest_only_with_trigger.py
[2026-08-12T04:45:51.588+0000] {logging_mixin.py:190} INFO - [2026-08-12T04:45:51.587+0000] {dag.py:3211} INFO - Sync 1 DAGs
[2026-08-12T04:45:51.614+0000] {logging_mixin.py:190} INFO - [2026-08-12T04:45:51.614+0000] {dag.py:4138} INFO - Setting next_dagrun for latest_only_with_trigger to 2026-08-12 00:00:00+00:00, run_after=2026-08-12 04:00:00+00:00
[2026-08-12T04:45:51.644+0000] {processor.py:208} INFO - Processing /home/airflow/.local/lib/python3.12/site-packages/airflow/example_dags/example_latest_only_with_trigger.py took 0.119 seconds
[2026-08-12T04:46:22.216+0000] {processor.py:186} INFO - Started process (PID=1689) to work on /home/airflow/.local/lib/python3.12/site-packages/airflow/example_dags/example_latest_only_with_trigger.py
[2026-08-12T04:46:22.218+0000] {processor.py:914} INFO - Processing file /home/airflow/.local/lib/python3.12/site-packages/airflow/example_dags/example_latest_only_with_trigger.py for tasks to queue
[2026-08-12T04:46:22.221+0000] {logging_mixin.py:190} INFO - [2026-08-12T04:46:22.221+0000] {dagbag.py:587} INFO - Filling up the DagBag from /home/airflow/.local/lib/python3.12/site-packages/airflow/example_dags/example_latest_only_with_trigger.py
[2026-08-12T04:46:22.230+0000] {processor.py:925} INFO - DAG(s) 'latest_only_with_trigger' retrieved from /home/airflow/.local/lib/python3.12/site-packages/airflow/example_dags/example_latest_only_with_trigger.py
[2026-08-12T04:46:22.253+0000] {logging_mixin.py:190} INFO - [2026-08-12T04:46:22.253+0000] {dag.py:3211} INFO - Sync 1 DAGs
[2026-08-12T04:46:22.285+0000] {logging_mixin.py:190} INFO - [2026-08-12T04:46:22.285+0000] {dag.py:4138} INFO - Setting next_dagrun for latest_only_with_trigger to 2026-08-12 00:00:00+00:00, run_after=2026-08-12 04:00:00+00:00
[2026-08-12T04:46:22.318+0000] {processor.py:208} INFO - Processing /home/airflow/.local/lib/python3.12/site-packages/airflow/example_dags/example_latest_only_with_trigger.py took 0.106 seconds
[2026-08-12T04:46:52.997+0000] {processor.py:186} INFO - Started process (PID=1751) to work on /home/airflow/.local/lib/python3.12/site-packages/airflow/example_dags/example_latest_only_with_trigger.py
[2026-08-12T04:46:52.998+0000] {processor.py:914} INFO - Processing file /home/airflow/.local/lib/python3.12/site-packages/airflow/example_dags/example_latest_only_with_trigger.py for tasks to queue
[2026-08-12T04:46:53.002+0000] {logging_mixin.py:190} INFO - [2026-08-12T04:46:53.001+0000] {dagbag.py:587} INFO - Filling up the DagBag from /home/airflow/.local/lib/python3.12/site-packages/airflow/example_dags/example_latest_only_with_trigger.py
[2026-08-12T04:46:53.011+0000] {processor.py:925} INFO - DAG(s) 'latest_only_with_trigger' retrieved from /home/airflow/.local/lib/python3.12/site-packages/airflow/example_dags/example_latest_only_with_trigger.py
[2026-08-12T04:46:53.035+0000] {logging_mixin.py:190} INFO - [2026-08-12T04:46:53.034+0000] {dag.py:3211} INFO - Sync 1 DAGs
[2026-08-12T04:46:53.064+0000] {logging_mixin.py:190} INFO - [2026-08-12T04:46:53.064+0000] {dag.py:4138} INFO - Setting next_dagrun for latest_only_with_trigger to 2026-08-12 00:00:00+00:00, run_after=2026-08-12 04:00:00+00:00
[2026-08-12T04:46:53.088+0000] {processor.py:208} INFO - Processing /home/airflow/.local/lib/python3.12/site-packages/airflow/example_dags/example_latest_only_with_trigger.py took 0.098 seconds
[2026-08-12T04:47:24.050+0000] {processor.py:186} INFO - Started process (PID=1813) to work on /home/airflow/.local/lib/python3.12/site-packages/airflow/example_dags/example_latest_only_with_trigger.py
[2026-08-12T04:47:24.053+0000] {processor.py:914} INFO - Processing file /home/airflow/.local/lib/python3.12/site-packages/airflow/example_dags/example_latest_only_with_trigger.py for tasks to queue
[2026-08-12T04:47:24.059+0000] {logging_mixin.py:190} INFO - [2026-08-12T04:47:24.058+0000] {dagbag.py:587} INFO - Filling up the DagBag from /home/airflow/.local/lib/python3.12/site-packages/airflow/example_dags/example_latest_only_with_trigger.py
[2026-08-12T04:47:24.067+0000] {processor.py:925} INFO - DAG(s) 'latest_only_with_trigger' retrieved from /home/airflow/.local/lib/python3.12/site-packages/airflow/example_dags/example_latest_only_with_trigger.py
[2026-08-12T04:47:24.094+0000] {logging_mixin.py:190} INFO - [2026-08-12T04:47:24.094+0000] {dag.py:3211} INFO - Sync 1 DAGs
[2026-08-12T04:47:24.133+0000] {logging_mixin.py:190} INFO - [2026-08-12T04:47:24.133+0000] {dag.py:4138} INFO - Setting next_dagrun for latest_only_with_trigger to 2026-08-12 00:00:00+00:00, run_after=2026-08-12 04:00:00+00:00
[2026-08-12T04:47:24.157+0000] {processor.py:208} INFO - Processing /home/airflow/.local/lib/python3.12/site-packages/airflow/example_dags/example_latest_only_with_trigger.py took 0.114 seconds
[2026-08-12T04:47:54.650+0000] {processor.py:186} INFO - Started process (PID=1875) to work on /home/airflow/.local/lib/python3.12/site-packages/airflow/example_dags/example_latest_only_with_trigger.py
[2026-08-12T04:47:54.652+0000] {processor.py:914} INFO - Processing file /home/airflow/.local/lib/python3.12/site-packages/airflow/example_dags/example_latest_only_with_trigger.py for tasks to queue
[2026-08-12T04:47:54.656+0000] {logging_mixin.py:190} INFO - [2026-08-12T04:47:54.655+0000] {dagbag.py:587} INFO - Filling up the DagBag from /home/airflow/.local/lib/python3.12/site-packages/airflow/example_dags/example_latest_only_with_trigger.py
[2026-08-12T04:47:54.667+0000] {processor.py:925} INFO - DAG(s) 'latest_only_with_trigger' retrieved from /home/airflow/.local/lib/python3.12/site-packages/airflow/example_dags/example_latest_only_with_trigger.py
[2026-08-12T04:47:54.695+0000] {logging_mixin.py:190} INFO - [2026-08-12T04:47:54.695+0000] {dag.py:3211} INFO - Sync 1 DAGs
[2026-08-12T04:47:54.722+0000] {logging_mixin.py:190} INFO - [2026-08-12T04:47:54.722+0000] {dag.py:4138} INFO - Setting next_dagrun for latest_only_with_trigger to 2026-08-12 00:00:00+00:00, run_after=2026-08-12 04:00:00+00:00
[2026-08-12T04:47:54.749+0000] {processor.py:208} INFO - Processing /home/airflow/.local/lib/python3.12/site-packages/airflow/example_dags/example_latest_only_with_trigger.py took 0.109 seconds
