[2026-08-12T04:30:46.307+0000] {processor.py:186} INFO - Started process (PID=108) to work on /home/airflow/.local/lib/python3.12/site-packages/airflow/example_dags/example_trigger_controller_dag.py
[2026-08-12T04:30:46.309+0000] {processor.py:914} INFO - Processing file /home/airflow/.local/lib/python3.12/site-packages/airflow/example_dags/example_trigger_controller_dag.py for tasks to queue
[2026-08-12T04:30:46.313+0000] {logging_mixin.py:190} INFO - [2026-08-12T04:30:46.313+0000] {dagbag.py:587} INFO - Filling up the DagBag from /home/airflow/.local/lib/python3.12/site-packages/airflow/example_dags/example_trigger_controller_dag.py
[2026-08-12T04:30:46.324+0000] {processor.py:925} INFO - DAG(s) 'example_trigger_controller_dag' retrieved from /home/airflow/.local/lib/python3.12/site-packages/airflow/example_dags/example_trigger_controller_dag.py
[2026-08-12T04:30:46.462+0000] {logging_mixin.py:190} INFO - [2026-08-12T04:30:46.461+0000] {override.py:1858} INFO - Created Permission View: can delete on DAG:example_trigger_controller_dag
[2026-08-12T04:30:46.479+0000] {logging_mixin.py:190} INFO - [2026-08-12T04:30:46.479+0000] {override.py:1858} INFO - Created Permission View: can read on DAG:example_trigger_controller_dag
[2026-08-12T04:30:46.488+0000] {logging_mixin.py:190} INFO - [2026-08-12T04:30:46.488+0000] {override.py:1858} INFO - Created Permission View: can edit on DAG:example_trigger_controller_dag
[2026-08-12T04:30:46.490+0000] {logging_mixin.py:190} INFO - [2026-08-12T04:30:46.490+0000] {dag.py:3211} INFO - Sync 1 DAGs
[2026-08-12T04:30:46.505+0000] {logging_mixin.py:190} INFO - [2026-08-12T04:30:46.504+0000] {dag.py:3234} INFO - Creating ORM DAG for example_trigger_controller_dag
[2026-08-12T04:30:46.515+0000] {logging_mixin.py:190} INFO - [2026-08-12T04:30:46.515+0000] {dag.py:4138} INFO - Setting next_dagrun for example_trigger_controller_dag to 2021-01-01 00:00:00+00:00, run_after=2021-01-01 00:00:00+00:00
[2026-08-12T04:30:46.535+0000] {processor.py:208} INFO - Processing /home/airflow/.local/lib/python3.12/site-packages/airflow/example_dags/example_trigger_controller_dag.py took 0.236 seconds
[2026-08-12T04:31:16.603+0000] {processor.py:186} INFO - Started process (PID=170) to work on /home/airflow/.local/lib/python3.12/site-packages/airflow/example_dags/example_trigger_controller_dag.py
[2026-08-12T04:31:16.622+0000] {processor.py:914} INFO - Processing file /home/airflow/.local/lib/python3.12/site-packages/airflow/example_dags/example_trigger_controller_dag.py for tasks to queue
[2026-08-12T04:31:16.625+0000] {logging_mixin.py:190} INFO - [2026-08-12T04:31:16.625+0000] {dagbag.py:587} INFO - Filling up the DagBag from /home/airflow/.local/lib/python3.12/site-packages/airflow/example_dags/example_trigger_controller_dag.py
[2026-08-12T04:31:16.634+0000] {processor.py:925} INFO - DAG(s) 'example_trigger_controller_dag' retrieved from /home/airflow/.local/lib/python3.12/site-packages/airflow/example_dags/example_trigger_controller_dag.py
[2026-08-12T04:31:16.657+0000] {logging_mixin.py:190} INFO - [2026-08-12T04:31:16.657+0000] {dag.py:3211} INFO - Sync 1 DAGs
[2026-08-12T04:31:16.681+0000] {logging_mixin.py:190} INFO - [2026-08-12T04:31:16.681+0000] {dag.py:4138} INFO - Setting next_dagrun for example_trigger_controller_dag to 2021-01-01 00:00:00+00:00, run_after=2021-01-01 00:00:00+00:00
[2026-08-12T04:31:16.708+0000] {processor.py:208} INFO - Processing /home/airflow/.local/lib/python3.12/site-packages/airflow/example_dags/example_trigger_controller_dag.py took 0.120 seconds
[2026-08-12T04:31:46.937+0000] {processor.py:186} INFO - Started process (PID=232) to work on /home/airflow/.local/lib/python3.12/site-packages/airflow/example_dags/example_trigger_controller_dag.py
[2026-08-12T04:31:46.940+0000] {processor.py:914} INFO - Processing file /home/airflow/.local/lib/python3.12/site-packages/airflow/example_dags/example_trigger_controller_dag.py for tasks to queue
[2026-08-12T04:31:46.943+0000] {logging_mixin.py:190} INFO - [2026-08-12T04:31:46.943+0000] {dagbag.py:587} INFO - Filling up the DagBag from /home/airflow/.local/lib/python3.12/site-packages/airflow/example_dags/example_trigger_controller_dag.py
[2026-08-12T04:31:46.950+0000] {processor.py:925} INFO - DAG(s) 'example_trigger_controller_dag' retrieved from /home/airflow/.local/lib/python3.12/site-packages/airflow/example_dags/example_trigger_controller_dag.py
[2026-08-12T04:31:46.971+0000] {logging_mixin.py:190} INFO - [2026-08-12T04:31:46.971+0000] {dag.py:3211} INFO - Sync 1 DAGs
[2026-08-12T04:31:47.001+0000] {logging_mixin.py:190} INFO - [2026-08-12T04:31:47.000+0000] {dag.py:4138} INFO - Setting next_dagrun for example_trigger_controller_dag to 2021-01-01 00:00:00+00:00, run_after=2021-01-01 00:00:00+00:00
[2026-08-12T04:31:47.025+0000] {processor.py:208} INFO - Processing /home/airflow/.local/lib/python3.12/site-packages/airflow/example_dags/example_trigger_controller_dag.py took 0.094 seconds
[2026-08-12T04:33:05.953+0000] {processor.py:186} INFO - Started process (PID=94) to work on /home/airflow/.local/lib/python3.12/site-packages/airflow/example_dags/example_trigger_controller_dag.py
[2026-08-12T04:33:05.955+0000] {processor.py:914} INFO - Processing file /home/airflow/.local/lib/python3.12/site-packages/airflow/example_dags/example_trigger_controller_dag.py for tasks to queue
[2026-08-12T04:33:05.961+0000] {logging_mixin.py:190} INFO - [2026-08-12T04:33:05.961+0000] {dagbag.py:587} INFO - Filling up the DagBag from /home/airflow/.local/lib/python3.12/site-packages/airflow/example_dags/example_trigger_controller_dag.py
[2026-08-12T04:33:05.977+0000] {processor.py:925} INFO - DAG(s) 'example_trigger_controller_dag' retrieved from /home/airflow/.local/lib/python3.12/site-packages/airflow/example_dags/example_trigger_controller_dag.py
[2026-08-12T04:33:06.011+0000] {logging_mixin.py:190} INFO - [2026-08-12T04:33:06.011+0000] {dag.py:3211} INFO - Sync 1 DAGs
[2026-08-12T04:33:06.047+0000] {logging_mixin.py:190} INFO - [2026-08-12T04:33:06.046+0000] {dag.py:4138} INFO - Setting next_dagrun for example_trigger_controller_dag to 2021-01-01 00:00:00+00:00, run_after=2021-01-01 00:00:00+00:00
[2026-08-12T04:33:06.070+0000] {processor.py:208} INFO - Processing /home/airflow/.local/lib/python3.12/site-packages/airflow/example_dags/example_trigger_controller_dag.py took 0.129 seconds
[2026-08-12T04:33:36.692+0000] {processor.py:186} INFO - Started process (PID=157) to work on /home/airflow/.local/lib/python3.12/site-packages/airflow/example_dags/example_trigger_controller_dag.py
[2026-08-12T04:33:36.694+0000] {processor.py:914} INFO - Processing file /home/airflow/.local/lib/python3.12/site-packages/airflow/example_dags/example_trigger_controller_dag.py for tasks to queue
[2026-08-12T04:33:36.698+0000] {logging_mixin.py:190} INFO - [2026-08-12T04:33:36.698+0000] {dagbag.py:587} INFO - Filling up the DagBag from /home/airflow/.local/lib/python3.12/site-packages/airflow/example_dags/example_trigger_controller_dag.py
[2026-08-12T04:33:36.705+0000] {processor.py:925} INFO - DAG(s) 'example_trigger_controller_dag' retrieved from /home/airflow/.local/lib/python3.12/site-packages/airflow/example_dags/example_trigger_controller_dag.py
[2026-08-12T04:33:36.730+0000] {logging_mixin.py:190} INFO - [2026-08-12T04:33:36.729+0000] {dag.py:3211} INFO - Sync 1 DAGs
[2026-08-12T04:33:36.759+0000] {logging_mixin.py:190} INFO - [2026-08-12T04:33:36.759+0000] {dag.py:4138} INFO - Setting next_dagrun for example_trigger_controller_dag to 2021-01-01 00:00:00+00:00, run_after=2021-01-01 00:00:00+00:00
[2026-08-12T04:33:36.784+0000] {processor.py:208} INFO - Processing /home/airflow/.local/lib/python3.12/site-packages/airflow/example_dags/example_trigger_controller_dag.py took 0.100 seconds
[2026-08-12T04:34:07.147+0000] {processor.py:186} INFO - Started process (PID=219) to work on /home/airflow/.local/lib/python3.12/site-packages/airflow/example_dags/example_trigger_controller_dag.py
[2026-08-12T04:34:07.149+0000] {processor.py:914} INFO - Processing file /home/airflow/.local/lib/python3.12/site-packages/airflow/example_dags/example_trigger_controller_dag.py for tasks to queue
[2026-08-12T04:34:07.152+0000] {logging_mixin.py:190} INFO - [2026-08-12T04:34:07.152+0000] {dagbag.py:587} INFO - Filling up the DagBag from /home/airflow/.local/lib/python3.12/site-packages/airflow/example_dags/example_trigger_controller_dag.py
[2026-08-12T04:34:07.160+0000] {processor.py:925} INFO - DAG(s) 'example_trigger_controller_dag' retrieved from /home/airflow/.local/lib/python3.12/site-packages/airflow/example_dags/example_trigger_controller_dag.py
[2026-08-12T04:34:07.182+0000] {logging_mixin.py:190} INFO - [2026-08-12T04:34:07.181+0000] {dag.py:3211} INFO - Sync 1 DAGs
[2026-08-12T04:34:07.207+0000] {logging_mixin.py:190} INFO - [2026-08-12T04:34:07.207+0000] {dag.py:4138} INFO - Setting next_dagrun for example_trigger_controller_dag to 2021-01-01 00:00:00+00:00, run_after=2021-01-01 00:00:00+00:00
[2026-08-12T04:34:07.228+0000] {processor.py:208} INFO - Processing /home/airflow/.local/lib/python3.12/site-packages/airflow/example_dags/example_trigger_controller_dag.py took 0.086 seconds
[2026-08-12T04:34:37.509+0000] {processor.py:186} INFO - Started process (PID=281) to work on /home/airflow/.local/lib/python3.12/site-packages/airflow/example_dags/example_trigger_controller_dag.py
[2026-08-12T04:34:37.511+0000] {processor.py:914} INFO - Processing file /home/airflow/.local/lib/python3.12/site-packages/airflow/example_dags/example_trigger_controller_dag.py for tasks to queue
[2026-08-12T04:34:37.514+0000] {logging_mixin.py:190} INFO - [2026-08-12T04:34:37.514+0000] {dagbag.py:587} INFO - Filling up the DagBag from /home/airflow/.local/lib/python3.12/site-packages/airflow/example_dags/example_trigger_controller_dag.py
[2026-08-12T04:34:37.523+0000] {processor.py:925} INFO - DAG(s) 'example_trigger_controller_dag' retrieved from /home/airflow/.local/lib/python3.12/site-packages/airflow/example_dags/example_trigger_controller_dag.py
[2026-08-12T04:34:37.544+0000] {logging_mixin.py:190} INFO - [2026-08-12T04:34:37.544+0000] {dag.py:3211} INFO - Sync 1 DAGs
[2026-08-12T04:34:37.568+0000] {logging_mixin.py:190} INFO - [2026-08-12T04:34:37.568+0000] {dag.py:4138} INFO - Setting next_dagrun for example_trigger_controller_dag to 2021-01-01 00:00:00+00:00, run_after=2021-01-01 00:00:00+00:00
[2026-08-12T04:34:37.588+0000] {processor.py:208} INFO - Processing /home/airflow/.local/lib/python3.12/site-packages/airflow/example_dags/example_trigger_controller_dag.py took 0.086 seconds
[2026-08-12T04:35:08.357+0000] {processor.py:186} INFO - Started process (PID=343) to work on /home/airflow/.local/lib/python3.12/site-packages/airflow/example_dags/example_trigger_controller_dag.py
[2026-08-12T04:35:08.359+0000] {processor.py:914} INFO - Processing file /home/airflow/.local/lib/python3.12/site-packages/airflow/example_dags/example_trigger_controller_dag.py for tasks to queue
[2026-08-12T04:35:08.362+0000] {logging_mixin.py:190} INFO - [2026-08-12T04:35:08.362+0000] {dagbag.py:587} INFO - Filling up the DagBag from /home/airflow/.local/lib/python3.12/site-packages/airflow/example_dags/example_trigger_controller_dag.py
[2026-08-12T04:35:08.369+0000] {processor.py:925} INFO - DAG(s) 'example_trigger_controller_dag' retrieved from /home/airflow/.local/lib/python3.12/site-packages/airflow/example_dags/example_trigger_controller_dag.py
[2026-08-12T04:35:08.389+0000] {logging_mixin.py:190} INFO - [2026-08-12T04:35:08.388+0000] {dag.py:3211} INFO - Sync 1 DAGs
[2026-08-12T04:35:08.410+0000] {logging_mixin.py:190} INFO - [2026-08-12T04:35:08.409+0000] {dag.py:4138} INFO - Setting next_dagrun for example_trigger_controller_dag to 2021-01-01 00:00:00+00:00, run_after=2021-01-01 00:00:00+00:00
[2026-08-12T04:35:08.431+0000] {processor.py:208} INFO - Processing /home/airflow/.local/lib/python3.12/site-packages/airflow/example_dags/example_trigger_controller_dag.py took 0.081 seconds
[2026-08-12T04:35:39.310+0000] {processor.py:186} INFO - Started process (PID=405) to work on /home/airflow/.local/lib/python3.12/site-packages/airflow/example_dags/example_trigger_controller_dag.py
[2026-08-12T04:35:39.312+0000] {processor.py:914} INFO - Processing file /home/airflow/.local/lib/python3.12/site-packages/airflow/example_dags/example_trigger_controller_dag.py for tasks to queue
[2026-08-12T04:35:39.316+0000] {logging_mixin.py:190} INFO - [2026-08-12T04:35:39.315+0000] {dagbag.py:587} INFO - Filling up the DagBag from /home/airflow/.local/lib/python3.12/site-packages/airflow/example_dags/example_trigger_controller_dag.py
[2026-08-12T04:35:39.329+0000] {processor.py:925} INFO - DAG(s) 'example_trigger_controller_dag' retrieved from /home/airflow/.local/lib/python3.12/site-packages/airflow/example_dags/example_trigger_controller_dag.py
[2026-08-12T04:35:39.353+0000] {logging_mixin.py:190} INFO - [2026-08-12T04:35:39.352+0000] {dag.py:3211} INFO - Sync 1 DAGs
[2026-08-12T04:35:39.381+0000] {logging_mixin.py:190} INFO - [2026-08-12T04:35:39.381+0000] {dag.py:4138} INFO - Setting next_dagrun for example_trigger_controller_dag to 2021-01-01 00:00:00+00:00, run_after=2021-01-01 00:00:00+00:00
[2026-08-12T04:35:39.405+0000] {processor.py:208} INFO - Processing /home/airflow/.local/lib/python3.12/site-packages/airflow/example_dags/example_trigger_controller_dag.py took 0.102 seconds
[2026-08-12T04:36:10.736+0000] {processor.py:186} INFO - Started process (PID=467) to work on /home/airflow/.local/lib/python3.12/site-packages/airflow/example_dags/example_trigger_controller_dag.py
[2026-08-12T04:36:10.738+0000] {processor.py:914} INFO - Processing file /home/airflow/.local/lib/python3.12/site-packages/airflow/example_dags/example_trigger_controller_dag.py for tasks to queue
[2026-08-12T04:36:10.743+0000] {logging_mixin.py:190} INFO - [2026-08-12T04:36:10.742+0000] {dagbag.py:587} INFO - Filling up the DagBag from /home/airflow/.local/lib/python3.12/site-packages/airflow/example_dags/example_trigger_controller_dag.py
[2026-08-12T04:36:10.753+0000] {processor.py:925} INFO - DAG(s) 'example_trigger_controller_dag' retrieved from /home/airflow/.local/lib/python3.12/site-packages/airflow/example_dags/example_trigger_controller_dag.py
[2026-08-12T04:36:10.781+0000] {logging_mixin.py:190} INFO - [2026-08-12T04:36:10.781+0000] {dag.py:3211} INFO - Sync 1 DAGs
[2026-08-12T04:36:10.811+0000] {logging_mixin.py:190} INFO - [2026-08-12T04:36:10.811+0000] {dag.py:4138} INFO - Setting next_dagrun for example_trigger_controller_dag to 2021-01-01 00:00:00+00:00, run_after=2021-01-01 00:00:00+00:00
[2026-08-12T04:36:10.836+0000] {processor.py:208} INFO - Processing /home/airflow/.local/lib/python3.12/site-packages/airflow/example_dags/example_trigger_controller_dag.py took 0.108 seconds
[2026-08-12T04:36:41.633+0000] {processor.py:186} INFO - Started process (PID=529) to work on /home/airflow/.local/lib/python3.12/site-packages/airflow/example_dags/example_trigger_controller_dag.py
[2026-08-12T04:36:41.635+0000] {processor.py:914} INFO - Processing file /home/airflow/.local/lib/python3.12/site-packages/airflow/example_dags/example_trigger_controller_dag.py for tasks to queue
[2026-08-12T04:36:41.640+0000] {logging_mixin.py:190} INFO - [2026-08-12T04:36:41.639+0000] {dagbag.py:587} INFO - Filling up the DagBag from /home/airflow/.local/lib/python3.12/site-packages/airflow/example_dags/example_trigger_controller_dag.py
[2026-08-12T04:36:41.649+0000] {processor.py:925} INFO - DAG(s) 'example_trigger_controller_dag' retrieved from /home/airflow/.local/lib/python3.12/site-packages/airflow/example_dags/example_trigger_controller_dag.py
[2026-08-12T04:36:41.700+0000] {logging_mixin.py:190} INFO - [2026-08-12T04:36:41.700+0000] {dag.py:3211} INFO - Sync 1 DAGs
[2026-08-12T04:36:41.738+0000] {logging_mixin.py:190} INFO - [2026-08-12T04:36:41.737+0000] {dag.py:4138} INFO - Setting next_dagrun for example_trigger_controller_dag to 2021-01-01 00:00:00+00:00, run_after=2021-01-01 00:00:00+00:00
[2026-08-12T04:36:41.767+0000] {processor.py:208} INFO - Processing /home/airflow/.local/lib/python3.12/site-packages/airflow/example_dags/example_trigger_controller_dag.py took 0.142 seconds
[2026-08-12T04:37:12.627+0000] {processor.py:186} INFO - Started process (PID=591) to work on /home/airflow/.local/lib/python3.12/site-packages/airflow/example_dags/example_trigger_controller_dag.py
[2026-08-12T04:37:12.629+0000] {processor.py:914} INFO - Processing file /home/airflow/.local/lib/python3.12/site-packages/airflow/example_dags/example_trigger_controller_dag.py for tasks to queue
[2026-08-12T04:37:12.633+0000] {logging_mixin.py:190} INFO - [2026-08-12T04:37:12.633+0000] {dagbag.py:587} INFO - Filling up the DagBag from /home/airflow/.local/lib/python3.12/site-packages/airflow/example_dags/example_trigger_controller_dag.py
[2026-08-12T04:37:12.642+0000] {processor.py:925} INFO - DAG(s) 'example_trigger_controller_dag' retrieved from /home/airflow/.local/lib/python3.12/site-packages/airflow/example_dags/example_trigger_controller_dag.py
[2026-08-12T04:37:12.666+0000] {logging_mixin.py:190} INFO - [2026-08-12T04:37:12.665+0000] {dag.py:3211} INFO - Sync 1 DAGs
[2026-08-12T04:37:12.694+0000] {logging_mixin.py:190} INFO - [2026-08-12T04:37:12.694+0000] {dag.py:4138} INFO - Setting next_dagrun for example_trigger_controller_dag to 2021-01-01 00:00:00+00:00, run_after=2021-01-01 00:00:00+00:00
[2026-08-12T04:37:12.718+0000] {processor.py:208} INFO - Processing /home/airflow/.local/lib/python3.12/site-packages/airflow/example_dags/example_trigger_controller_dag.py took 0.099 seconds
[2026-08-12T04:37:43.011+0000] {processor.py:186} INFO - Started process (PID=653) to work on /home/airflow/.local/lib/python3.12/site-packages/airflow/example_dags/example_trigger_controller_dag.py
[2026-08-12T04:37:43.013+0000] {processor.py:914} INFO - Processing file /home/airflow/.local/lib/python3.12/site-packages/airflow/example_dags/example_trigger_controller_dag.py for tasks to queue
[2026-08-12T04:37:43.017+0000] {logging_mixin.py:190} INFO - [2026-08-12T04:37:43.017+0000] {dagbag.py:587} INFO - Filling up the DagBag from /home/airflow/.local/lib/python3.12/site-packages/airflow/example_dags/example_trigger_controller_dag.py
[2026-08-12T04:37:43.029+0000] {processor.py:925} INFO - DAG(s) 'example_trigger_controller_dag' retrieved from /home/airflow/.local/lib/python3.12/site-packages/airflow/example_dags/example_trigger_controller_dag.py
[2026-08-12T04:37:43.056+0000] {logging_mixin.py:190} INFO - [2026-08-12T04:37:43.055+0000] {dag.py:3211} INFO - Sync 1 DAGs
[2026-08-12T04:37:43.081+0000] {logging_mixin.py:190} INFO - [2026-08-12T04:37:43.081+0000] {dag.py:4138} INFO - Setting next_dagrun for example_trigger_controller_dag to 2021-01-01 00:00:00+00:00, run_after=2021-01-01 00:00:00+00:00
[2026-08-12T04:37:43.106+0000] {processor.py:208} INFO - Processing /home/airflow/.local/lib/python3.12/site-packages/airflow/example_dags/example_trigger_controller_dag.py took 0.104 seconds
[2026-08-12T04:38:13.878+0000] {processor.py:186} INFO - Started process (PID=715) to work on /home/airflow/.local/lib/python3.12/site-packages/airflow/example_dags/example_trigger_controller_dag.py
[2026-08-12T04:38:13.881+0000] {processor.py:914} INFO - Processing file /home/airflow/.local/lib/python3.12/site-packages/airflow/example_dags/example_trigger_controller_dag.py for tasks to queue
[2026-08-12T04:38:13.885+0000] {logging_mixin.py:190} INFO - [2026-08-12T04:38:13.884+0000] {dagbag.py:587} INFO - Filling up the DagBag from /home/airflow/.local/lib/python3.12/site-packages/airflow/example_dags/example_trigger_controller_dag.py
[2026-08-12T04:38:13.893+0000] {processor.py:925} INFO - DAG(s) 'example_trigger_controller_dag' retrieved from /home/airflow/.local/lib/python3.12/site-packages/airflow/example_dags/example_trigger_controller_dag.py
[2026-08-12T04:38:13.915+0000] {logging_mixin.py:190} INFO - [2026-08-12T04:38:13.914+0000] {dag.py:3211} INFO - Sync 1 DAGs
[2026-08-12T04:38:13.938+0000] {logging_mixin.py:190} INFO - [2026-08-12T04:38:13.938+0000] {dag.py:4138} INFO - Setting next_dagrun for example_trigger_controller_dag to 2021-01-01 00:00:00+00:00, run_after=2021-01-01 00:00:00+00:00
[2026-08-12T04:38:13.963+0000] {processor.py:208} INFO - Processing /home/airflow/.local/lib/python3.12/site-packages/airflow/example_dags/example_trigger_controller_dag.py took 0.092 seconds
[2026-08-12T04:38:44.878+0000] {processor.py:186} INFO - Started process (PID=777) to work on /home/airflow/.local/lib/python3.12/site-packages/airflow/example_dags/example_trigger_controller_dag.py
[2026-08-12T04:38:44.880+0000] {processor.py:914} INFO - Processing file /home/airflow/.local/lib/python3.12/site-packages/airflow/example_dags/example_trigger_controller_dag.py for tasks to queue
[2026-08-12T04:38:44.884+0000] {logging_mixin.py:190} INFO - [2026-08-12T04:38:44.883+0000] {dagbag.py:587} INFO - Filling up the DagBag from /home/airflow/.local/lib/python3.12/site-packages/airflow/example_dags/example_trigger_controller_dag.py
[2026-08-12T04:38:44.894+0000] {processor.py:925} INFO - DAG(s) 'example_trigger_controller_dag' retrieved from /home/airflow/.local/lib/python3.12/site-packages/airflow/example_dags/example_trigger_controller_dag.py
[2026-08-12T04:38:44.918+0000] {logging_mixin.py:190} INFO - [2026-08-12T04:38:44.918+0000] {dag.py:3211} INFO - Sync 1 DAGs
[2026-08-12T04:38:44.944+0000] {logging_mixin.py:190} INFO - [2026-08-12T04:38:44.944+0000] {dag.py:4138} INFO - Setting next_dagrun for example_trigger_controller_dag to 2021-01-01 00:00:00+00:00, run_after=2021-01-01 00:00:00+00:00
[2026-08-12T04:38:44.968+0000] {processor.py:208} INFO - Processing /home/airflow/.local/lib/python3.12/site-packages/airflow/example_dags/example_trigger_controller_dag.py took 0.097 seconds
[2026-08-12T04:39:15.339+0000] {processor.py:186} INFO - Started process (PID=839) to work on /home/airflow/.local/lib/python3.12/site-packages/airflow/example_dags/example_trigger_controller_dag.py
[2026-08-12T04:39:15.340+0000] {processor.py:914} INFO - Processing file /home/airflow/.local/lib/python3.12/site-packages/airflow/example_dags/example_trigger_controller_dag.py for tasks to queue
[2026-08-12T04:39:15.345+0000] {logging_mixin.py:190} INFO - [2026-08-12T04:39:15.345+0000] {dagbag.py:587} INFO - Filling up the DagBag from /home/airflow/.local/lib/python3.12/site-packages/airflow/example_dags/example_trigger_controller_dag.py
[2026-08-12T04:39:15.354+0000] {processor.py:925} INFO - DAG(s) 'example_trigger_controller_dag' retrieved from /home/airflow/.local/lib/python3.12/site-packages/airflow/example_dags/example_trigger_controller_dag.py
[2026-08-12T04:39:15.377+0000] {logging_mixin.py:190} INFO - [2026-08-12T04:39:15.377+0000] {dag.py:3211} INFO - Sync 1 DAGs
[2026-08-12T04:39:15.404+0000] {logging_mixin.py:190} INFO - [2026-08-12T04:39:15.404+0000] {dag.py:4138} INFO - Setting next_dagrun for example_trigger_controller_dag to 2021-01-01 00:00:00+00:00, run_after=2021-01-01 00:00:00+00:00
[2026-08-12T04:39:15.430+0000] {processor.py:208} INFO - Processing /home/airflow/.local/lib/python3.12/site-packages/airflow/example_dags/example_trigger_controller_dag.py took 0.098 seconds
[2026-08-12T04:39:46.210+0000] {processor.py:186} INFO - Started process (PID=901) to work on /home/airflow/.local/lib/python3.12/site-packages/airflow/example_dags/example_trigger_controller_dag.py
[2026-08-12T04:39:46.212+0000] {processor.py:914} INFO - Processing file /home/airflow/.local/lib/python3.12/site-packages/airflow/example_dags/example_trigger_controller_dag.py for tasks to queue
[2026-08-12T04:39:46.215+0000] {logging_mixin.py:190} INFO - [2026-08-12T04:39:46.215+0000] {dagbag.py:587} INFO - Filling up the DagBag from /home/airflow/.local/lib/python3.12/site-packages/airflow/example_dags/example_trigger_controller_dag.py
[2026-08-12T04:39:46.222+0000] {processor.py:925} INFO - DAG(s) 'example_trigger_controller_dag' retrieved from /home/airflow/.local/lib/python3.12/site-packages/airflow/example_dags/example_trigger_controller_dag.py
[2026-08-12T04:39:46.243+0000] {logging_mixin.py:190} INFO - [2026-08-12T04:39:46.243+0000] {dag.py:3211} INFO - Sync 1 DAGs
[2026-08-12T04:39:46.270+0000] {logging_mixin.py:190} INFO - [2026-08-12T04:39:46.270+0000] {dag.py:4138} INFO - Setting next_dagrun for example_trigger_controller_dag to 2021-01-01 00:00:00+00:00, run_after=2021-01-01 00:00:00+00:00
[2026-08-12T04:39:46.294+0000] {processor.py:208} INFO - Processing /home/airflow/.local/lib/python3.12/site-packages/airflow/example_dags/example_trigger_controller_dag.py took 0.089 seconds
[2026-08-12T04:40:16.985+0000] {processor.py:186} INFO - Started process (PID=963) to work on /home/airflow/.local/lib/python3.12/site-packages/airflow/example_dags/example_trigger_controller_dag.py
[2026-08-12T04:40:16.987+0000] {processor.py:914} INFO - Processing file /home/airflow/.local/lib/python3.12/site-packages/airflow/example_dags/example_trigger_controller_dag.py for tasks to queue
[2026-08-12T04:40:16.990+0000] {logging_mixin.py:190} INFO - [2026-08-12T04:40:16.989+0000] {dagbag.py:587} INFO - Filling up the DagBag from /home/airflow/.local/lib/python3.12/site-packages/airflow/example_dags/example_trigger_controller_dag.py
[2026-08-12T04:40:16.997+0000] {processor.py:925} INFO - DAG(s) 'example_trigger_controller_dag' retrieved from /home/airflow/.local/lib/python3.12/site-packages/airflow/example_dags/example_trigger_controller_dag.py
[2026-08-12T04:40:17.017+0000] {logging_mixin.py:190} INFO - [2026-08-12T04:40:17.017+0000] {dag.py:3211} INFO - Sync 1 DAGs
[2026-08-12T04:40:17.043+0000] {logging_mixin.py:190} INFO - [2026-08-12T04:40:17.043+0000] {dag.py:4138} INFO - Setting next_dagrun for example_trigger_controller_dag to 2021-01-01 00:00:00+00:00, run_after=2021-01-01 00:00:00+00:00
[2026-08-12T04:40:17.063+0000] {processor.py:208} INFO - Processing /home/airflow/.local/lib/python3.12/site-packages/airflow/example_dags/example_trigger_controller_dag.py took 0.084 seconds
[2026-08-12T04:40:47.535+0000] {processor.py:186} INFO - Started process (PID=1025) to work on /home/airflow/.local/lib/python3.12/site-packages/airflow/example_dags/example_trigger_controller_dag.py
[2026-08-12T04:40:47.537+0000] {processor.py:914} INFO - Processing file /home/airflow/.local/lib/python3.12/site-packages/airflow/example_dags/example_trigger_controller_dag.py for tasks to queue
[2026-08-12T04:40:47.540+0000] {logging_mixin.py:190} INFO - [2026-08-12T04:40:47.539+0000] {dagbag.py:587} INFO - Filling up the DagBag from /home/airflow/.local/lib/python3.12/site-packages/airflow/example_dags/example_trigger_controller_dag.py
[2026-08-12T04:40:47.547+0000] {processor.py:925} INFO - DAG(s) 'example_trigger_controller_dag' retrieved from /home/airflow/.local/lib/python3.12/site-packages/airflow/example_dags/example_trigger_controller_dag.py
[2026-08-12T04:40:47.568+0000] {logging_mixin.py:190} INFO - [2026-08-12T04:40:47.568+0000] {dag.py:3211} INFO - Sync 1 DAGs
[2026-08-12T04:40:47.593+0000] {logging_mixin.py:190} INFO - [2026-08-12T04:40:47.592+0000] {dag.py:4138} INFO - Setting next_dagrun for example_trigger_controller_dag to 2021-01-01 00:00:00+00:00, run_after=2021-01-01 00:00:00+00:00
[2026-08-12T04:40:47.615+0000] {processor.py:208} INFO - Processing /home/airflow/.local/lib/python3.12/site-packages/airflow/example_dags/example_trigger_controller_dag.py took 0.085 seconds
[2026-08-12T04:41:18.442+0000] {processor.py:186} INFO - Started process (PID=1087) to work on /home/airflow/.local/lib/python3.12/site-packages/airflow/example_dags/example_trigger_controller_dag.py
[2026-08-12T04:41:18.444+0000] {processor.py:914} INFO - Processing file /home/airflow/.local/lib/python3.12/site-packages/airflow/example_dags/example_trigger_controller_dag.py for tasks to queue
[2026-08-12T04:41:18.449+0000] {logging_mixin.py:190} INFO - [2026-08-12T04:41:18.448+0000] {dagbag.py:587} INFO - Filling up the DagBag from /home/airflow/.local/lib/python3.12/site-packages/airflow/example_dags/example_trigger_controller_dag.py
[2026-08-12T04:41:18.456+0000] {processor.py:925} INFO - DAG(s) 'example_trigger_controller_dag' retrieved from /home/airflow/.local/lib/python3.12/site-packages/airflow/example_dags/example_trigger_controller_dag.py
[2026-08-12T04:41:18.480+0000] {logging_mixin.py:190} INFO - [2026-08-12T04:41:18.479+0000] {dag.py:3211} INFO - Sync 1 DAGs
[2026-08-12T04:41:18.505+0000] {logging_mixin.py:190} INFO - [2026-08-12T04:41:18.504+0000] {dag.py:4138} INFO - Setting next_dagrun for example_trigger_controller_dag to 2021-01-01 00:00:00+00:00, run_after=2021-01-01 00:00:00+00:00
[2026-08-12T04:41:18.529+0000] {processor.py:208} INFO - Processing /home/airflow/.local/lib/python3.12/site-packages/airflow/example_dags/example_trigger_controller_dag.py took 0.095 seconds
[2026-08-12T04:41:48.992+0000] {processor.py:186} INFO - Started process (PID=1149) to work on /home/airflow/.local/lib/python3.12/site-packages/airflow/example_dags/example_trigger_controller_dag.py
[2026-08-12T04:41:48.994+0000] {processor.py:914} INFO - Processing file /home/airflow/.local/lib/python3.12/site-packages/airflow/example_dags/example_trigger_controller_dag.py for tasks to queue
[2026-08-12T04:41:48.997+0000] {logging_mixin.py:190} INFO - [2026-08-12T04:41:48.997+0000] {dagbag.py:587} INFO - Filling up the DagBag from /home/airflow/.local/lib/python3.12/site-packages/airflow/example_dags/example_trigger_controller_dag.py
[2026-08-12T04:41:49.006+0000] {processor.py:925} INFO - DAG(s) 'example_trigger_controller_dag' retrieved from /home/airflow/.local/lib/python3.12/site-packages/airflow/example_dags/example_trigger_controller_dag.py
[2026-08-12T04:41:49.027+0000] {logging_mixin.py:190} INFO - [2026-08-12T04:41:49.026+0000] {dag.py:3211} INFO - Sync 1 DAGs
[2026-08-12T04:41:49.054+0000] {logging_mixin.py:190} INFO - [2026-08-12T04:41:49.054+0000] {dag.py:4138} INFO - Setting next_dagrun for example_trigger_controller_dag to 2021-01-01 00:00:00+00:00, run_after=2021-01-01 00:00:00+00:00
[2026-08-12T04:41:49.079+0000] {processor.py:208} INFO - Processing /home/airflow/.local/lib/python3.12/site-packages/airflow/example_dags/example_trigger_controller_dag.py took 0.092 seconds
[2026-08-12T04:42:19.889+0000] {processor.py:186} INFO - Started process (PID=1211) to work on /home/airflow/.local/lib/python3.12/site-packages/airflow/example_dags/example_trigger_controller_dag.py
[2026-08-12T04:42:19.892+0000] {processor.py:914} INFO - Processing file /home/airflow/.local/lib/python3.12/site-packages/airflow/example_dags/example_trigger_controller_dag.py for tasks to queue
[2026-08-12T04:42:19.897+0000] {logging_mixin.py:190} INFO - [2026-08-12T04:42:19.897+0000] {dagbag.py:587} INFO - Filling up the DagBag from /home/airflow/.local/lib/python3.12/site-packages/airflow/example_dags/example_trigger_controller_dag.py
[2026-08-12T04:42:19.909+0000] {processor.py:925} INFO - DAG(s) 'example_trigger_controller_dag' retrieved from /home/airflow/.local/lib/python3.12/site-packages/airflow/example_dags/example_trigger_controller_dag.py
[2026-08-12T04:42:19.955+0000] {logging_mixin.py:190} INFO - [2026-08-12T04:42:19.955+0000] {dag.py:3211} INFO - Sync 1 DAGs
[2026-08-12T04:42:20.009+0000] {logging_mixin.py:190} INFO - [2026-08-12T04:42:20.008+0000] {dag.py:4138} INFO - Setting next_dagrun for example_trigger_controller_dag to 2021-01-01 00:00:00+00:00, run_after=2021-01-01 00:00:00+00:00
[2026-08-12T04:42:20.048+0000] {processor.py:208} INFO - Processing /home/airflow/.local/lib/python3.12/site-packages/airflow/example_dags/example_trigger_controller_dag.py took 0.171 seconds
[2026-08-12T04:42:50.451+0000] {processor.py:186} INFO - Started process (PID=1273) to work on /home/airflow/.local/lib/python3.12/site-packages/airflow/example_dags/example_trigger_controller_dag.py
[2026-08-12T04:42:50.453+0000] {processor.py:914} INFO - Processing file /home/airflow/.local/lib/python3.12/site-packages/airflow/example_dags/example_trigger_controller_dag.py for tasks to queue
[2026-08-12T04:42:50.456+0000] {logging_mixin.py:190} INFO - [2026-08-12T04:42:50.456+0000] {dagbag.py:587} INFO - Filling up the DagBag from /home/airflow/.local/lib/python3.12/site-packages/airflow/example_dags/example_trigger_controller_dag.py
[2026-08-12T04:42:50.464+0000] {processor.py:925} INFO - DAG(s) 'example_trigger_controller_dag' retrieved from /home/airflow/.local/lib/python3.12/site-packages/airflow/example_dags/example_trigger_controller_dag.py
[2026-08-12T04:42:50.488+0000] {logging_mixin.py:190} INFO - [2026-08-12T04:42:50.488+0000] {dag.py:3211} INFO - Sync 1 DAGs
[2026-08-12T04:42:50.525+0000] {logging_mixin.py:190} INFO - [2026-08-12T04:42:50.525+0000] {dag.py:4138} INFO - Setting next_dagrun for example_trigger_controller_dag to 2021-01-01 00:00:00+00:00, run_after=2021-01-01 00:00:00+00:00
[2026-08-12T04:42:50.549+0000] {processor.py:208} INFO - Processing /home/airflow/.local/lib/python3.12/site-packages/airflow/example_dags/example_trigger_controller_dag.py took 0.104 seconds
[2026-08-12T04:43:21.174+0000] {processor.py:186} INFO - Started process (PID=1335) to work on /home/airflow/.local/lib/python3.12/site-packages/airflow/example_dags/example_trigger_controller_dag.py
[2026-08-12T04:43:21.176+0000] {processor.py:914} INFO - Processing file /home/airflow/.local/lib/python3.12/site-packages/airflow/example_dags/example_trigger_controller_dag.py for tasks to queue
[2026-08-12T04:43:21.179+0000] {logging_mixin.py:190} INFO - [2026-08-12T04:43:21.179+0000] {dagbag.py:587} INFO - Filling up the DagBag from /home/airflow/.local/lib/python3.12/site-packages/airflow/example_dags/example_trigger_controller_dag.py
[2026-08-12T04:43:21.189+0000] {processor.py:925} INFO - DAG(s) 'example_trigger_controller_dag' retrieved from /home/airflow/.local/lib/python3.12/site-packages/airflow/example_dags/example_trigger_controller_dag.py
[2026-08-12T04:43:21.210+0000] {logging_mixin.py:190} INFO - [2026-08-12T04:43:21.210+0000] {dag.py:3211} INFO - Sync 1 DAGs
[2026-08-12T04:43:21.237+0000] {logging_mixin.py:190} INFO - [2026-08-12T04:43:21.237+0000] {dag.py:4138} INFO - Setting next_dagrun for example_trigger_controller_dag to 2021-01-01 00:00:00+00:00, run_after=2021-01-01 00:00:00+00:00
[2026-08-12T04:43:21.260+0000] {processor.py:208} INFO - Processing /home/airflow/.local/lib/python3.12/site-packages/airflow/example_dags/example_trigger_controller_dag.py took 0.091 seconds
[2026-08-12T04:43:51.994+0000] {processor.py:186} INFO - Started process (PID=1397) to work on /home/airflow/.local/lib/python3.12/site-packages/airflow/example_dags/example_trigger_controller_dag.py
[2026-08-12T04:43:51.996+0000] {processor.py:914} INFO - Processing file /home/airflow/.local/lib/python3.12/site-packages/airflow/example_dags/example_trigger_controller_dag.py for tasks to queue
[2026-08-12T04:43:51.999+0000] {logging_mixin.py:190} INFO - [2026-08-12T04:43:51.999+0000] {dagbag.py:587} INFO - Filling up the DagBag from /home/airflow/.local/lib/python3.12/site-packages/airflow/example_dags/example_trigger_controller_dag.py
[2026-08-12T04:43:52.008+0000] {processor.py:925} INFO - DAG(s) 'example_trigger_controller_dag' retrieved from /home/airflow/.local/lib/python3.12/site-packages/airflow/example_dags/example_trigger_controller_dag.py
[2026-08-12T04:43:52.035+0000] {logging_mixin.py:190} INFO - [2026-08-12T04:43:52.035+0000] {dag.py:3211} INFO - Sync 1 DAGs
[2026-08-12T04:43:52.061+0000] {logging_mixin.py:190} INFO - [2026-08-12T04:43:52.060+0000] {dag.py:4138} INFO - Setting next_dagrun for example_trigger_controller_dag to 2021-01-01 00:00:00+00:00, run_after=2021-01-01 00:00:00+00:00
[2026-08-12T04:43:52.093+0000] {processor.py:208} INFO - Processing /home/airflow/.local/lib/python3.12/site-packages/airflow/example_dags/example_trigger_controller_dag.py took 0.117 seconds
[2026-08-12T04:44:22.733+0000] {processor.py:186} INFO - Started process (PID=1459) to work on /home/airflow/.local/lib/python3.12/site-packages/airflow/example_dags/example_trigger_controller_dag.py
[2026-08-12T04:44:22.735+0000] {processor.py:914} INFO - Processing file /home/airflow/.local/lib/python3.12/site-packages/airflow/example_dags/example_trigger_controller_dag.py for tasks to queue
[2026-08-12T04:44:22.738+0000] {logging_mixin.py:190} INFO - [2026-08-12T04:44:22.737+0000] {dagbag.py:587} INFO - Filling up the DagBag from /home/airflow/.local/lib/python3.12/site-packages/airflow/example_dags/example_trigger_controller_dag.py
[2026-08-12T04:44:22.746+0000] {processor.py:925} INFO - DAG(s) 'example_trigger_controller_dag' retrieved from /home/airflow/.local/lib/python3.12/site-packages/airflow/example_dags/example_trigger_controller_dag.py
[2026-08-12T04:44:22.771+0000] {logging_mixin.py:190} INFO - [2026-08-12T04:44:22.771+0000] {dag.py:3211} INFO - Sync 1 DAGs
[2026-08-12T04:44:22.800+0000] {logging_mixin.py:190} INFO - [2026-08-12T04:44:22.799+0000] {dag.py:4138} INFO - Setting next_dagrun for example_trigger_controller_dag to 2021-01-01 00:00:00+00:00, run_after=2021-01-01 00:00:00+00:00
[2026-08-12T04:44:22.825+0000] {processor.py:208} INFO - Processing /home/airflow/.local/lib/python3.12/site-packages/airflow/example_dags/example_trigger_controller_dag.py took 0.098 seconds
[2026-08-12T04:44:53.538+0000] {processor.py:186} INFO - Started process (PID=1521) to work on /home/airflow/.local/lib/python3.12/site-packages/airflow/example_dags/example_trigger_controller_dag.py
[2026-08-12T04:44:53.540+0000] {processor.py:914} INFO - Processing file /home/airflow/.local/lib/python3.12/site-packages/airflow/example_dags/example_trigger_controller_dag.py for tasks to queue
[2026-08-12T04:44:53.544+0000] {logging_mixin.py:190} INFO - [2026-08-12T04:44:53.543+0000] {dagbag.py:587} INFO - Filling up the DagBag from /home/airflow/.local/lib/python3.12/site-packages/airflow/example_dags/example_trigger_controller_dag.py
[2026-08-12T04:44:53.555+0000] {processor.py:925} INFO - DAG(s) 'example_trigger_controller_dag' retrieved from /home/airflow/.local/lib/python3.12/site-packages/airflow/example_dags/example_trigger_controller_dag.py
[2026-08-12T04:44:53.577+0000] {logging_mixin.py:190} INFO - [2026-08-12T04:44:53.577+0000] {dag.py:3211} INFO - Sync 1 DAGs
[2026-08-12T04:44:53.601+0000] {logging_mixin.py:190} INFO - [2026-08-12T04:44:53.601+0000] {dag.py:4138} INFO - Setting next_dagrun for example_trigger_controller_dag to 2021-01-01 00:00:00+00:00, run_after=2021-01-01 00:00:00+00:00
[2026-08-12T04:44:53.624+0000] {processor.py:208} INFO - Processing /home/airflow/.local/lib/python3.12/site-packages/airflow/example_dags/example_trigger_controller_dag.py took 0.093 seconds
[2026-08-12T04:45:24.065+0000] {processor.py:186} INFO - Started process (PID=1583) to work on /home/airflow/.local/lib/python3.12/site-packages/airflow/example_dags/example_trigger_controller_dag.py
[2026-08-12T04:45:24.067+0000] {processor.py:914} INFO - Processing file /home/airflow/.local/lib/python3.12/site-packages/airflow/example_dags/example_trigger_controller_dag.py for tasks to queue
[2026-08-12T04:45:24.070+0000] {logging_mixin.py:190} INFO - [2026-08-12T04:45:24.070+0000] {dagbag.py:587} INFO - Filling up the DagBag from /home/airflow/.local/lib/python3.12/site-packages/airflow/example_dags/example_trigger_controller_dag.py
[2026-08-12T04:45:24.077+0000] {processor.py:925} INFO - DAG(s) 'example_trigger_controller_dag' retrieved from /home/airflow/.local/lib/python3.12/site-packages/airflow/example_dags/example_trigger_controller_dag.py
[2026-08-12T04:45:24.100+0000] {logging_mixin.py:190} INFO - [2026-08-12T04:45:24.099+0000] {dag.py:3211} INFO - Sync 1 DAGs
[2026-08-12T04:45:24.130+0000] {logging_mixin.py:190} INFO - [2026-08-12T04:45:24.130+0000] {dag.py:4138} INFO - Setting next_dagrun for example_trigger_controller_dag to 2021-01-01 00:00:00+00:00, run_after=2021-01-01 00:00:00+00:00
[2026-08-12T04:45:24.158+0000] {processor.py:208} INFO - Processing /home/airflow/.local/lib/python3.12/site-packages/airflow/example_dags/example_trigger_controller_dag.py took 0.100 seconds
[2026-08-12T04:45:54.923+0000] {processor.py:186} INFO - Started process (PID=1645) to work on /home/airflow/.local/lib/python3.12/site-packages/airflow/example_dags/example_trigger_controller_dag.py
[2026-08-12T04:45:54.925+0000] {processor.py:914} INFO - Processing file /home/airflow/.local/lib/python3.12/site-packages/airflow/example_dags/example_trigger_controller_dag.py for tasks to queue
[2026-08-12T04:45:54.928+0000] {logging_mixin.py:190} INFO - [2026-08-12T04:45:54.928+0000] {dagbag.py:587} INFO - Filling up the DagBag from /home/airflow/.local/lib/python3.12/site-packages/airflow/example_dags/example_trigger_controller_dag.py
[2026-08-12T04:45:54.935+0000] {processor.py:925} INFO - DAG(s) 'example_trigger_controller_dag' retrieved from /home/airflow/.local/lib/python3.12/site-packages/airflow/example_dags/example_trigger_controller_dag.py
[2026-08-12T04:45:54.960+0000] {logging_mixin.py:190} INFO - [2026-08-12T04:45:54.960+0000] {dag.py:3211} INFO - Sync 1 DAGs
[2026-08-12T04:45:54.987+0000] {logging_mixin.py:190} INFO - [2026-08-12T04:45:54.987+0000] {dag.py:4138} INFO - Setting next_dagrun for example_trigger_controller_dag to 2021-01-01 00:00:00+00:00, run_after=2021-01-01 00:00:00+00:00
[2026-08-12T04:45:55.013+0000] {processor.py:208} INFO - Processing /home/airflow/.local/lib/python3.12/site-packages/airflow/example_dags/example_trigger_controller_dag.py took 0.096 seconds
[2026-08-12T04:46:25.606+0000] {processor.py:186} INFO - Started process (PID=1707) to work on /home/airflow/.local/lib/python3.12/site-packages/airflow/example_dags/example_trigger_controller_dag.py
[2026-08-12T04:46:25.608+0000] {processor.py:914} INFO - Processing file /home/airflow/.local/lib/python3.12/site-packages/airflow/example_dags/example_trigger_controller_dag.py for tasks to queue
[2026-08-12T04:46:25.612+0000] {logging_mixin.py:190} INFO - [2026-08-12T04:46:25.611+0000] {dagbag.py:587} INFO - Filling up the DagBag from /home/airflow/.local/lib/python3.12/site-packages/airflow/example_dags/example_trigger_controller_dag.py
[2026-08-12T04:46:25.620+0000] {processor.py:925} INFO - DAG(s) 'example_trigger_controller_dag' retrieved from /home/airflow/.local/lib/python3.12/site-packages/airflow/example_dags/example_trigger_controller_dag.py
[2026-08-12T04:46:25.645+0000] {logging_mixin.py:190} INFO - [2026-08-12T04:46:25.645+0000] {dag.py:3211} INFO - Sync 1 DAGs
[2026-08-12T04:46:25.673+0000] {logging_mixin.py:190} INFO - [2026-08-12T04:46:25.673+0000] {dag.py:4138} INFO - Setting next_dagrun for example_trigger_controller_dag to 2021-01-01 00:00:00+00:00, run_after=2021-01-01 00:00:00+00:00
[2026-08-12T04:46:25.697+0000] {processor.py:208} INFO - Processing /home/airflow/.local/lib/python3.12/site-packages/airflow/example_dags/example_trigger_controller_dag.py took 0.099 seconds
[2026-08-12T04:46:56.454+0000] {processor.py:186} INFO - Started process (PID=1769) to work on /home/airflow/.local/lib/python3.12/site-packages/airflow/example_dags/example_trigger_controller_dag.py
[2026-08-12T04:46:56.457+0000] {processor.py:914} INFO - Processing file /home/airflow/.local/lib/python3.12/site-packages/airflow/example_dags/example_trigger_controller_dag.py for tasks to queue
[2026-08-12T04:46:56.463+0000] {logging_mixin.py:190} INFO - [2026-08-12T04:46:56.462+0000] {dagbag.py:587} INFO - Filling up the DagBag from /home/airflow/.local/lib/python3.12/site-packages/airflow/example_dags/example_trigger_controller_dag.py
[2026-08-12T04:46:56.475+0000] {processor.py:925} INFO - DAG(s) 'example_trigger_controller_dag' retrieved from /home/airflow/.local/lib/python3.12/site-packages/airflow/example_dags/example_trigger_controller_dag.py
[2026-08-12T04:46:56.499+0000] {logging_mixin.py:190} INFO - [2026-08-12T04:46:56.498+0000] {dag.py:3211} INFO - Sync 1 DAGs
[2026-08-12T04:46:56.536+0000] {logging_mixin.py:190} INFO - [2026-08-12T04:46:56.536+0000] {dag.py:4138} INFO - Setting next_dagrun for example_trigger_controller_dag to 2021-01-01 00:00:00+00:00, run_after=2021-01-01 00:00:00+00:00
[2026-08-12T04:46:56.564+0000] {processor.py:208} INFO - Processing /home/airflow/.local/lib/python3.12/site-packages/airflow/example_dags/example_trigger_controller_dag.py took 0.129 seconds
[2026-08-12T04:47:26.765+0000] {processor.py:186} INFO - Started process (PID=1831) to work on /home/airflow/.local/lib/python3.12/site-packages/airflow/example_dags/example_trigger_controller_dag.py
[2026-08-12T04:47:26.767+0000] {processor.py:914} INFO - Processing file /home/airflow/.local/lib/python3.12/site-packages/airflow/example_dags/example_trigger_controller_dag.py for tasks to queue
[2026-08-12T04:47:26.770+0000] {logging_mixin.py:190} INFO - [2026-08-12T04:47:26.770+0000] {dagbag.py:587} INFO - Filling up the DagBag from /home/airflow/.local/lib/python3.12/site-packages/airflow/example_dags/example_trigger_controller_dag.py
[2026-08-12T04:47:26.781+0000] {processor.py:925} INFO - DAG(s) 'example_trigger_controller_dag' retrieved from /home/airflow/.local/lib/python3.12/site-packages/airflow/example_dags/example_trigger_controller_dag.py
[2026-08-12T04:47:26.806+0000] {logging_mixin.py:190} INFO - [2026-08-12T04:47:26.806+0000] {dag.py:3211} INFO - Sync 1 DAGs
[2026-08-12T04:47:26.833+0000] {logging_mixin.py:190} INFO - [2026-08-12T04:47:26.833+0000] {dag.py:4138} INFO - Setting next_dagrun for example_trigger_controller_dag to 2021-01-01 00:00:00+00:00, run_after=2021-01-01 00:00:00+00:00
[2026-08-12T04:47:26.864+0000] {processor.py:208} INFO - Processing /home/airflow/.local/lib/python3.12/site-packages/airflow/example_dags/example_trigger_controller_dag.py took 0.111 seconds
[2026-08-12T04:47:57.571+0000] {processor.py:186} INFO - Started process (PID=1893) to work on /home/airflow/.local/lib/python3.12/site-packages/airflow/example_dags/example_trigger_controller_dag.py
[2026-08-12T04:47:57.573+0000] {processor.py:914} INFO - Processing file /home/airflow/.local/lib/python3.12/site-packages/airflow/example_dags/example_trigger_controller_dag.py for tasks to queue
[2026-08-12T04:47:57.578+0000] {logging_mixin.py:190} INFO - [2026-08-12T04:47:57.577+0000] {dagbag.py:587} INFO - Filling up the DagBag from /home/airflow/.local/lib/python3.12/site-packages/airflow/example_dags/example_trigger_controller_dag.py
[2026-08-12T04:47:57.587+0000] {processor.py:925} INFO - DAG(s) 'example_trigger_controller_dag' retrieved from /home/airflow/.local/lib/python3.12/site-packages/airflow/example_dags/example_trigger_controller_dag.py
[2026-08-12T04:47:57.613+0000] {logging_mixin.py:190} INFO - [2026-08-12T04:47:57.613+0000] {dag.py:3211} INFO - Sync 1 DAGs
[2026-08-12T04:47:57.641+0000] {logging_mixin.py:190} INFO - [2026-08-12T04:47:57.641+0000] {dag.py:4138} INFO - Setting next_dagrun for example_trigger_controller_dag to 2021-01-01 00:00:00+00:00, run_after=2021-01-01 00:00:00+00:00
[2026-08-12T04:47:57.667+0000] {processor.py:208} INFO - Processing /home/airflow/.local/lib/python3.12/site-packages/airflow/example_dags/example_trigger_controller_dag.py took 0.103 seconds
