[2026-08-12T04:30:44.844+0000] {processor.py:186} INFO - Started process (PID=100) to work on /home/airflow/.local/lib/python3.12/site-packages/airflow/example_dags/example_branch_python_dop_operator_3.py
[2026-08-12T04:30:44.846+0000] {processor.py:914} INFO - Processing file /home/airflow/.local/lib/python3.12/site-packages/airflow/example_dags/example_branch_python_dop_operator_3.py for tasks to queue
[2026-08-12T04:30:44.850+0000] {logging_mixin.py:190} INFO - [2026-08-12T04:30:44.850+0000] {dagbag.py:587} INFO - Filling up the DagBag from /home/airflow/.local/lib/python3.12/site-packages/airflow/example_dags/example_branch_python_dop_operator_3.py
[2026-08-12T04:30:44.864+0000] {processor.py:925} INFO - DAG(s) 'example_branch_dop_operator_v3' retrieved from /home/airflow/.local/lib/python3.12/site-packages/airflow/example_dags/example_branch_python_dop_operator_3.py
[2026-08-12T04:30:45.005+0000] {logging_mixin.py:190} INFO - [2026-08-12T04:30:45.004+0000] {override.py:1858} INFO - Created Permission View: can delete on DAG:example_branch_dop_operator_v3
[2026-08-12T04:30:45.019+0000] {logging_mixin.py:190} INFO - [2026-08-12T04:30:45.019+0000] {override.py:1858} INFO - Created Permission View: can read on DAG:example_branch_dop_operator_v3
[2026-08-12T04:30:45.029+0000] {logging_mixin.py:190} INFO - [2026-08-12T04:30:45.029+0000] {override.py:1858} INFO - Created Permission View: can edit on DAG:example_branch_dop_operator_v3
[2026-08-12T04:30:45.031+0000] {logging_mixin.py:190} INFO - [2026-08-12T04:30:45.031+0000] {dag.py:3211} INFO - Sync 1 DAGs
[2026-08-12T04:30:45.047+0000] {logging_mixin.py:190} INFO - [2026-08-12T04:30:45.047+0000] {dag.py:3234} INFO - Creating ORM DAG for example_branch_dop_operator_v3
[2026-08-12T04:30:45.065+0000] {logging_mixin.py:190} INFO - [2026-08-12T04:30:45.065+0000] {dag.py:4138} INFO - Setting next_dagrun for example_branch_dop_operator_v3 to 2026-08-12 04:29:00+00:00, run_after=2026-08-12 04:30:00+00:00
[2026-08-12T04:30:45.094+0000] {processor.py:208} INFO - Processing /home/airflow/.local/lib/python3.12/site-packages/airflow/example_dags/example_branch_python_dop_operator_3.py took 0.259 seconds
[2026-08-12T04:31:15.866+0000] {processor.py:186} INFO - Started process (PID=162) to work on /home/airflow/.local/lib/python3.12/site-packages/airflow/example_dags/example_branch_python_dop_operator_3.py
[2026-08-12T04:31:15.869+0000] {processor.py:914} INFO - Processing file /home/airflow/.local/lib/python3.12/site-packages/airflow/example_dags/example_branch_python_dop_operator_3.py for tasks to queue
[2026-08-12T04:31:15.873+0000] {logging_mixin.py:190} INFO - [2026-08-12T04:31:15.873+0000] {dagbag.py:587} INFO - Filling up the DagBag from /home/airflow/.local/lib/python3.12/site-packages/airflow/example_dags/example_branch_python_dop_operator_3.py
[2026-08-12T04:31:15.885+0000] {processor.py:925} INFO - DAG(s) 'example_branch_dop_operator_v3' retrieved from /home/airflow/.local/lib/python3.12/site-packages/airflow/example_dags/example_branch_python_dop_operator_3.py
[2026-08-12T04:31:15.906+0000] {logging_mixin.py:190} INFO - [2026-08-12T04:31:15.905+0000] {dag.py:3211} INFO - Sync 1 DAGs
[2026-08-12T04:31:15.931+0000] {logging_mixin.py:190} INFO - [2026-08-12T04:31:15.931+0000] {dag.py:4138} INFO - Setting next_dagrun for example_branch_dop_operator_v3 to 2026-08-12 04:30:00+00:00, run_after=2026-08-12 04:31:00+00:00
[2026-08-12T04:31:15.968+0000] {processor.py:208} INFO - Processing /home/airflow/.local/lib/python3.12/site-packages/airflow/example_dags/example_branch_python_dop_operator_3.py took 0.109 seconds
[2026-08-12T04:31:46.352+0000] {processor.py:186} INFO - Started process (PID=224) to work on /home/airflow/.local/lib/python3.12/site-packages/airflow/example_dags/example_branch_python_dop_operator_3.py
[2026-08-12T04:31:46.354+0000] {processor.py:914} INFO - Processing file /home/airflow/.local/lib/python3.12/site-packages/airflow/example_dags/example_branch_python_dop_operator_3.py for tasks to queue
[2026-08-12T04:31:46.358+0000] {logging_mixin.py:190} INFO - [2026-08-12T04:31:46.358+0000] {dagbag.py:587} INFO - Filling up the DagBag from /home/airflow/.local/lib/python3.12/site-packages/airflow/example_dags/example_branch_python_dop_operator_3.py
[2026-08-12T04:31:46.370+0000] {processor.py:925} INFO - DAG(s) 'example_branch_dop_operator_v3' retrieved from /home/airflow/.local/lib/python3.12/site-packages/airflow/example_dags/example_branch_python_dop_operator_3.py
[2026-08-12T04:31:46.392+0000] {logging_mixin.py:190} INFO - [2026-08-12T04:31:46.392+0000] {dag.py:3211} INFO - Sync 1 DAGs
[2026-08-12T04:31:46.420+0000] {logging_mixin.py:190} INFO - [2026-08-12T04:31:46.420+0000] {dag.py:4138} INFO - Setting next_dagrun for example_branch_dop_operator_v3 to 2026-08-12 04:30:00+00:00, run_after=2026-08-12 04:31:00+00:00
[2026-08-12T04:31:46.443+0000] {processor.py:208} INFO - Processing /home/airflow/.local/lib/python3.12/site-packages/airflow/example_dags/example_branch_python_dop_operator_3.py took 0.099 seconds
[2026-08-12T04:33:05.082+0000] {processor.py:186} INFO - Started process (PID=86) to work on /home/airflow/.local/lib/python3.12/site-packages/airflow/example_dags/example_branch_python_dop_operator_3.py
[2026-08-12T04:33:05.084+0000] {processor.py:914} INFO - Processing file /home/airflow/.local/lib/python3.12/site-packages/airflow/example_dags/example_branch_python_dop_operator_3.py for tasks to queue
[2026-08-12T04:33:05.089+0000] {logging_mixin.py:190} INFO - [2026-08-12T04:33:05.088+0000] {dagbag.py:587} INFO - Filling up the DagBag from /home/airflow/.local/lib/python3.12/site-packages/airflow/example_dags/example_branch_python_dop_operator_3.py
[2026-08-12T04:33:05.112+0000] {processor.py:925} INFO - DAG(s) 'example_branch_dop_operator_v3' retrieved from /home/airflow/.local/lib/python3.12/site-packages/airflow/example_dags/example_branch_python_dop_operator_3.py
[2026-08-12T04:33:05.160+0000] {logging_mixin.py:190} INFO - [2026-08-12T04:33:05.160+0000] {dag.py:3211} INFO - Sync 1 DAGs
[2026-08-12T04:33:05.216+0000] {logging_mixin.py:190} INFO - [2026-08-12T04:33:05.215+0000] {dag.py:4138} INFO - Setting next_dagrun for example_branch_dop_operator_v3 to 2026-08-12 04:32:00+00:00, run_after=2026-08-12 04:33:00+00:00
[2026-08-12T04:33:05.258+0000] {processor.py:208} INFO - Processing /home/airflow/.local/lib/python3.12/site-packages/airflow/example_dags/example_branch_python_dop_operator_3.py took 0.186 seconds
[2026-08-12T04:33:35.799+0000] {processor.py:186} INFO - Started process (PID=149) to work on /home/airflow/.local/lib/python3.12/site-packages/airflow/example_dags/example_branch_python_dop_operator_3.py
[2026-08-12T04:33:35.801+0000] {processor.py:914} INFO - Processing file /home/airflow/.local/lib/python3.12/site-packages/airflow/example_dags/example_branch_python_dop_operator_3.py for tasks to queue
[2026-08-12T04:33:35.806+0000] {logging_mixin.py:190} INFO - [2026-08-12T04:33:35.805+0000] {dagbag.py:587} INFO - Filling up the DagBag from /home/airflow/.local/lib/python3.12/site-packages/airflow/example_dags/example_branch_python_dop_operator_3.py
[2026-08-12T04:33:35.823+0000] {processor.py:925} INFO - DAG(s) 'example_branch_dop_operator_v3' retrieved from /home/airflow/.local/lib/python3.12/site-packages/airflow/example_dags/example_branch_python_dop_operator_3.py
[2026-08-12T04:33:35.866+0000] {logging_mixin.py:190} INFO - [2026-08-12T04:33:35.865+0000] {dag.py:3211} INFO - Sync 1 DAGs
[2026-08-12T04:33:35.917+0000] {logging_mixin.py:190} INFO - [2026-08-12T04:33:35.915+0000] {dag.py:4138} INFO - Setting next_dagrun for example_branch_dop_operator_v3 to 2026-08-12 04:32:00+00:00, run_after=2026-08-12 04:33:00+00:00
[2026-08-12T04:33:35.999+0000] {processor.py:208} INFO - Processing /home/airflow/.local/lib/python3.12/site-packages/airflow/example_dags/example_branch_python_dop_operator_3.py took 0.208 seconds
[2026-08-12T04:34:06.446+0000] {processor.py:186} INFO - Started process (PID=211) to work on /home/airflow/.local/lib/python3.12/site-packages/airflow/example_dags/example_branch_python_dop_operator_3.py
[2026-08-12T04:34:06.447+0000] {processor.py:914} INFO - Processing file /home/airflow/.local/lib/python3.12/site-packages/airflow/example_dags/example_branch_python_dop_operator_3.py for tasks to queue
[2026-08-12T04:34:06.450+0000] {logging_mixin.py:190} INFO - [2026-08-12T04:34:06.450+0000] {dagbag.py:587} INFO - Filling up the DagBag from /home/airflow/.local/lib/python3.12/site-packages/airflow/example_dags/example_branch_python_dop_operator_3.py
[2026-08-12T04:34:06.461+0000] {processor.py:925} INFO - DAG(s) 'example_branch_dop_operator_v3' retrieved from /home/airflow/.local/lib/python3.12/site-packages/airflow/example_dags/example_branch_python_dop_operator_3.py
[2026-08-12T04:34:06.484+0000] {logging_mixin.py:190} INFO - [2026-08-12T04:34:06.483+0000] {dag.py:3211} INFO - Sync 1 DAGs
[2026-08-12T04:34:06.515+0000] {logging_mixin.py:190} INFO - [2026-08-12T04:34:06.515+0000] {dag.py:4138} INFO - Setting next_dagrun for example_branch_dop_operator_v3 to 2026-08-12 04:33:00+00:00, run_after=2026-08-12 04:34:00+00:00
[2026-08-12T04:34:06.544+0000] {processor.py:208} INFO - Processing /home/airflow/.local/lib/python3.12/site-packages/airflow/example_dags/example_branch_python_dop_operator_3.py took 0.103 seconds
[2026-08-12T04:34:36.843+0000] {processor.py:186} INFO - Started process (PID=273) to work on /home/airflow/.local/lib/python3.12/site-packages/airflow/example_dags/example_branch_python_dop_operator_3.py
[2026-08-12T04:34:36.845+0000] {processor.py:914} INFO - Processing file /home/airflow/.local/lib/python3.12/site-packages/airflow/example_dags/example_branch_python_dop_operator_3.py for tasks to queue
[2026-08-12T04:34:36.848+0000] {logging_mixin.py:190} INFO - [2026-08-12T04:34:36.848+0000] {dagbag.py:587} INFO - Filling up the DagBag from /home/airflow/.local/lib/python3.12/site-packages/airflow/example_dags/example_branch_python_dop_operator_3.py
[2026-08-12T04:34:36.859+0000] {processor.py:925} INFO - DAG(s) 'example_branch_dop_operator_v3' retrieved from /home/airflow/.local/lib/python3.12/site-packages/airflow/example_dags/example_branch_python_dop_operator_3.py
[2026-08-12T04:34:36.879+0000] {logging_mixin.py:190} INFO - [2026-08-12T04:34:36.879+0000] {dag.py:3211} INFO - Sync 1 DAGs
[2026-08-12T04:34:36.902+0000] {logging_mixin.py:190} INFO - [2026-08-12T04:34:36.902+0000] {dag.py:4138} INFO - Setting next_dagrun for example_branch_dop_operator_v3 to 2026-08-12 04:33:00+00:00, run_after=2026-08-12 04:34:00+00:00
[2026-08-12T04:34:36.924+0000] {processor.py:208} INFO - Processing /home/airflow/.local/lib/python3.12/site-packages/airflow/example_dags/example_branch_python_dop_operator_3.py took 0.087 seconds
[2026-08-12T04:35:07.759+0000] {processor.py:186} INFO - Started process (PID=335) to work on /home/airflow/.local/lib/python3.12/site-packages/airflow/example_dags/example_branch_python_dop_operator_3.py
[2026-08-12T04:35:07.761+0000] {processor.py:914} INFO - Processing file /home/airflow/.local/lib/python3.12/site-packages/airflow/example_dags/example_branch_python_dop_operator_3.py for tasks to queue
[2026-08-12T04:35:07.764+0000] {logging_mixin.py:190} INFO - [2026-08-12T04:35:07.763+0000] {dagbag.py:587} INFO - Filling up the DagBag from /home/airflow/.local/lib/python3.12/site-packages/airflow/example_dags/example_branch_python_dop_operator_3.py
[2026-08-12T04:35:07.776+0000] {processor.py:925} INFO - DAG(s) 'example_branch_dop_operator_v3' retrieved from /home/airflow/.local/lib/python3.12/site-packages/airflow/example_dags/example_branch_python_dop_operator_3.py
[2026-08-12T04:35:07.797+0000] {logging_mixin.py:190} INFO - [2026-08-12T04:35:07.796+0000] {dag.py:3211} INFO - Sync 1 DAGs
[2026-08-12T04:35:07.822+0000] {logging_mixin.py:190} INFO - [2026-08-12T04:35:07.822+0000] {dag.py:4138} INFO - Setting next_dagrun for example_branch_dop_operator_v3 to 2026-08-12 04:34:00+00:00, run_after=2026-08-12 04:35:00+00:00
[2026-08-12T04:35:07.845+0000] {processor.py:208} INFO - Processing /home/airflow/.local/lib/python3.12/site-packages/airflow/example_dags/example_branch_python_dop_operator_3.py took 0.091 seconds
[2026-08-12T04:35:38.741+0000] {processor.py:186} INFO - Started process (PID=397) to work on /home/airflow/.local/lib/python3.12/site-packages/airflow/example_dags/example_branch_python_dop_operator_3.py
[2026-08-12T04:35:38.743+0000] {processor.py:914} INFO - Processing file /home/airflow/.local/lib/python3.12/site-packages/airflow/example_dags/example_branch_python_dop_operator_3.py for tasks to queue
[2026-08-12T04:35:38.747+0000] {logging_mixin.py:190} INFO - [2026-08-12T04:35:38.747+0000] {dagbag.py:587} INFO - Filling up the DagBag from /home/airflow/.local/lib/python3.12/site-packages/airflow/example_dags/example_branch_python_dop_operator_3.py
[2026-08-12T04:35:38.763+0000] {processor.py:925} INFO - DAG(s) 'example_branch_dop_operator_v3' retrieved from /home/airflow/.local/lib/python3.12/site-packages/airflow/example_dags/example_branch_python_dop_operator_3.py
[2026-08-12T04:35:38.785+0000] {logging_mixin.py:190} INFO - [2026-08-12T04:35:38.784+0000] {dag.py:3211} INFO - Sync 1 DAGs
[2026-08-12T04:35:38.821+0000] {logging_mixin.py:190} INFO - [2026-08-12T04:35:38.821+0000] {dag.py:4138} INFO - Setting next_dagrun for example_branch_dop_operator_v3 to 2026-08-12 04:34:00+00:00, run_after=2026-08-12 04:35:00+00:00
[2026-08-12T04:35:38.847+0000] {processor.py:208} INFO - Processing /home/airflow/.local/lib/python3.12/site-packages/airflow/example_dags/example_branch_python_dop_operator_3.py took 0.111 seconds
[2026-08-12T04:36:09.675+0000] {processor.py:186} INFO - Started process (PID=459) to work on /home/airflow/.local/lib/python3.12/site-packages/airflow/example_dags/example_branch_python_dop_operator_3.py
[2026-08-12T04:36:09.677+0000] {processor.py:914} INFO - Processing file /home/airflow/.local/lib/python3.12/site-packages/airflow/example_dags/example_branch_python_dop_operator_3.py for tasks to queue
[2026-08-12T04:36:09.684+0000] {logging_mixin.py:190} INFO - [2026-08-12T04:36:09.684+0000] {dagbag.py:587} INFO - Filling up the DagBag from /home/airflow/.local/lib/python3.12/site-packages/airflow/example_dags/example_branch_python_dop_operator_3.py
[2026-08-12T04:36:09.702+0000] {processor.py:925} INFO - DAG(s) 'example_branch_dop_operator_v3' retrieved from /home/airflow/.local/lib/python3.12/site-packages/airflow/example_dags/example_branch_python_dop_operator_3.py
[2026-08-12T04:36:09.749+0000] {logging_mixin.py:190} INFO - [2026-08-12T04:36:09.748+0000] {dag.py:3211} INFO - Sync 1 DAGs
[2026-08-12T04:36:09.792+0000] {logging_mixin.py:190} INFO - [2026-08-12T04:36:09.791+0000] {dag.py:4138} INFO - Setting next_dagrun for example_branch_dop_operator_v3 to 2026-08-12 04:35:00+00:00, run_after=2026-08-12 04:36:00+00:00
[2026-08-12T04:36:09.828+0000] {processor.py:208} INFO - Processing /home/airflow/.local/lib/python3.12/site-packages/airflow/example_dags/example_branch_python_dop_operator_3.py took 0.168 seconds
[2026-08-12T04:36:40.767+0000] {processor.py:186} INFO - Started process (PID=521) to work on /home/airflow/.local/lib/python3.12/site-packages/airflow/example_dags/example_branch_python_dop_operator_3.py
[2026-08-12T04:36:40.770+0000] {processor.py:914} INFO - Processing file /home/airflow/.local/lib/python3.12/site-packages/airflow/example_dags/example_branch_python_dop_operator_3.py for tasks to queue
[2026-08-12T04:36:40.774+0000] {logging_mixin.py:190} INFO - [2026-08-12T04:36:40.773+0000] {dagbag.py:587} INFO - Filling up the DagBag from /home/airflow/.local/lib/python3.12/site-packages/airflow/example_dags/example_branch_python_dop_operator_3.py
[2026-08-12T04:36:40.787+0000] {processor.py:925} INFO - DAG(s) 'example_branch_dop_operator_v3' retrieved from /home/airflow/.local/lib/python3.12/site-packages/airflow/example_dags/example_branch_python_dop_operator_3.py
[2026-08-12T04:36:40.812+0000] {logging_mixin.py:190} INFO - [2026-08-12T04:36:40.812+0000] {dag.py:3211} INFO - Sync 1 DAGs
[2026-08-12T04:36:40.849+0000] {logging_mixin.py:190} INFO - [2026-08-12T04:36:40.849+0000] {dag.py:4138} INFO - Setting next_dagrun for example_branch_dop_operator_v3 to 2026-08-12 04:35:00+00:00, run_after=2026-08-12 04:36:00+00:00
[2026-08-12T04:36:40.877+0000] {processor.py:208} INFO - Processing /home/airflow/.local/lib/python3.12/site-packages/airflow/example_dags/example_branch_python_dop_operator_3.py took 0.116 seconds
[2026-08-12T04:37:10.933+0000] {processor.py:186} INFO - Started process (PID=583) to work on /home/airflow/.local/lib/python3.12/site-packages/airflow/example_dags/example_branch_python_dop_operator_3.py
[2026-08-12T04:37:10.935+0000] {processor.py:914} INFO - Processing file /home/airflow/.local/lib/python3.12/site-packages/airflow/example_dags/example_branch_python_dop_operator_3.py for tasks to queue
[2026-08-12T04:37:10.940+0000] {logging_mixin.py:190} INFO - [2026-08-12T04:37:10.939+0000] {dagbag.py:587} INFO - Filling up the DagBag from /home/airflow/.local/lib/python3.12/site-packages/airflow/example_dags/example_branch_python_dop_operator_3.py
[2026-08-12T04:37:10.952+0000] {processor.py:925} INFO - DAG(s) 'example_branch_dop_operator_v3' retrieved from /home/airflow/.local/lib/python3.12/site-packages/airflow/example_dags/example_branch_python_dop_operator_3.py
[2026-08-12T04:37:10.976+0000] {logging_mixin.py:190} INFO - [2026-08-12T04:37:10.976+0000] {dag.py:3211} INFO - Sync 1 DAGs
[2026-08-12T04:37:11.005+0000] {logging_mixin.py:190} INFO - [2026-08-12T04:37:11.005+0000] {dag.py:4138} INFO - Setting next_dagrun for example_branch_dop_operator_v3 to 2026-08-12 04:36:00+00:00, run_after=2026-08-12 04:37:00+00:00
[2026-08-12T04:37:11.032+0000] {processor.py:208} INFO - Processing /home/airflow/.local/lib/python3.12/site-packages/airflow/example_dags/example_branch_python_dop_operator_3.py took 0.105 seconds
[2026-08-12T04:37:41.267+0000] {processor.py:186} INFO - Started process (PID=645) to work on /home/airflow/.local/lib/python3.12/site-packages/airflow/example_dags/example_branch_python_dop_operator_3.py
[2026-08-12T04:37:41.269+0000] {processor.py:914} INFO - Processing file /home/airflow/.local/lib/python3.12/site-packages/airflow/example_dags/example_branch_python_dop_operator_3.py for tasks to queue
[2026-08-12T04:37:41.272+0000] {logging_mixin.py:190} INFO - [2026-08-12T04:37:41.271+0000] {dagbag.py:587} INFO - Filling up the DagBag from /home/airflow/.local/lib/python3.12/site-packages/airflow/example_dags/example_branch_python_dop_operator_3.py
[2026-08-12T04:37:41.283+0000] {processor.py:925} INFO - DAG(s) 'example_branch_dop_operator_v3' retrieved from /home/airflow/.local/lib/python3.12/site-packages/airflow/example_dags/example_branch_python_dop_operator_3.py
[2026-08-12T04:37:41.303+0000] {logging_mixin.py:190} INFO - [2026-08-12T04:37:41.303+0000] {dag.py:3211} INFO - Sync 1 DAGs
[2026-08-12T04:37:41.328+0000] {logging_mixin.py:190} INFO - [2026-08-12T04:37:41.328+0000] {dag.py:4138} INFO - Setting next_dagrun for example_branch_dop_operator_v3 to 2026-08-12 04:36:00+00:00, run_after=2026-08-12 04:37:00+00:00
[2026-08-12T04:37:41.350+0000] {processor.py:208} INFO - Processing /home/airflow/.local/lib/python3.12/site-packages/airflow/example_dags/example_branch_python_dop_operator_3.py took 0.088 seconds
[2026-08-12T04:38:12.235+0000] {processor.py:186} INFO - Started process (PID=707) to work on /home/airflow/.local/lib/python3.12/site-packages/airflow/example_dags/example_branch_python_dop_operator_3.py
[2026-08-12T04:38:12.237+0000] {processor.py:914} INFO - Processing file /home/airflow/.local/lib/python3.12/site-packages/airflow/example_dags/example_branch_python_dop_operator_3.py for tasks to queue
[2026-08-12T04:38:12.241+0000] {logging_mixin.py:190} INFO - [2026-08-12T04:38:12.241+0000] {dagbag.py:587} INFO - Filling up the DagBag from /home/airflow/.local/lib/python3.12/site-packages/airflow/example_dags/example_branch_python_dop_operator_3.py
[2026-08-12T04:38:12.254+0000] {processor.py:925} INFO - DAG(s) 'example_branch_dop_operator_v3' retrieved from /home/airflow/.local/lib/python3.12/site-packages/airflow/example_dags/example_branch_python_dop_operator_3.py
[2026-08-12T04:38:12.303+0000] {logging_mixin.py:190} INFO - [2026-08-12T04:38:12.303+0000] {dag.py:3211} INFO - Sync 1 DAGs
[2026-08-12T04:38:12.350+0000] {logging_mixin.py:190} INFO - [2026-08-12T04:38:12.350+0000] {dag.py:4138} INFO - Setting next_dagrun for example_branch_dop_operator_v3 to 2026-08-12 04:37:00+00:00, run_after=2026-08-12 04:38:00+00:00
[2026-08-12T04:38:12.372+0000] {processor.py:208} INFO - Processing /home/airflow/.local/lib/python3.12/site-packages/airflow/example_dags/example_branch_python_dop_operator_3.py took 0.145 seconds
[2026-08-12T04:38:43.236+0000] {processor.py:186} INFO - Started process (PID=769) to work on /home/airflow/.local/lib/python3.12/site-packages/airflow/example_dags/example_branch_python_dop_operator_3.py
[2026-08-12T04:38:43.238+0000] {processor.py:914} INFO - Processing file /home/airflow/.local/lib/python3.12/site-packages/airflow/example_dags/example_branch_python_dop_operator_3.py for tasks to queue
[2026-08-12T04:38:43.244+0000] {logging_mixin.py:190} INFO - [2026-08-12T04:38:43.243+0000] {dagbag.py:587} INFO - Filling up the DagBag from /home/airflow/.local/lib/python3.12/site-packages/airflow/example_dags/example_branch_python_dop_operator_3.py
[2026-08-12T04:38:43.261+0000] {processor.py:925} INFO - DAG(s) 'example_branch_dop_operator_v3' retrieved from /home/airflow/.local/lib/python3.12/site-packages/airflow/example_dags/example_branch_python_dop_operator_3.py
[2026-08-12T04:38:43.292+0000] {logging_mixin.py:190} INFO - [2026-08-12T04:38:43.291+0000] {dag.py:3211} INFO - Sync 1 DAGs
[2026-08-12T04:38:43.327+0000] {logging_mixin.py:190} INFO - [2026-08-12T04:38:43.326+0000] {dag.py:4138} INFO - Setting next_dagrun for example_branch_dop_operator_v3 to 2026-08-12 04:37:00+00:00, run_after=2026-08-12 04:38:00+00:00
[2026-08-12T04:38:43.354+0000] {processor.py:208} INFO - Processing /home/airflow/.local/lib/python3.12/site-packages/airflow/example_dags/example_branch_python_dop_operator_3.py took 0.126 seconds
[2026-08-12T04:39:13.587+0000] {processor.py:186} INFO - Started process (PID=831) to work on /home/airflow/.local/lib/python3.12/site-packages/airflow/example_dags/example_branch_python_dop_operator_3.py
[2026-08-12T04:39:13.589+0000] {processor.py:914} INFO - Processing file /home/airflow/.local/lib/python3.12/site-packages/airflow/example_dags/example_branch_python_dop_operator_3.py for tasks to queue
[2026-08-12T04:39:13.593+0000] {logging_mixin.py:190} INFO - [2026-08-12T04:39:13.592+0000] {dagbag.py:587} INFO - Filling up the DagBag from /home/airflow/.local/lib/python3.12/site-packages/airflow/example_dags/example_branch_python_dop_operator_3.py
[2026-08-12T04:39:13.604+0000] {processor.py:925} INFO - DAG(s) 'example_branch_dop_operator_v3' retrieved from /home/airflow/.local/lib/python3.12/site-packages/airflow/example_dags/example_branch_python_dop_operator_3.py
[2026-08-12T04:39:13.628+0000] {logging_mixin.py:190} INFO - [2026-08-12T04:39:13.628+0000] {dag.py:3211} INFO - Sync 1 DAGs
[2026-08-12T04:39:13.668+0000] {logging_mixin.py:190} INFO - [2026-08-12T04:39:13.663+0000] {dag.py:4138} INFO - Setting next_dagrun for example_branch_dop_operator_v3 to 2026-08-12 04:38:00+00:00, run_after=2026-08-12 04:39:00+00:00
[2026-08-12T04:39:13.702+0000] {processor.py:208} INFO - Processing /home/airflow/.local/lib/python3.12/site-packages/airflow/example_dags/example_branch_python_dop_operator_3.py took 0.120 seconds
[2026-08-12T04:39:44.587+0000] {processor.py:186} INFO - Started process (PID=893) to work on /home/airflow/.local/lib/python3.12/site-packages/airflow/example_dags/example_branch_python_dop_operator_3.py
[2026-08-12T04:39:44.589+0000] {processor.py:914} INFO - Processing file /home/airflow/.local/lib/python3.12/site-packages/airflow/example_dags/example_branch_python_dop_operator_3.py for tasks to queue
[2026-08-12T04:39:44.593+0000] {logging_mixin.py:190} INFO - [2026-08-12T04:39:44.592+0000] {dagbag.py:587} INFO - Filling up the DagBag from /home/airflow/.local/lib/python3.12/site-packages/airflow/example_dags/example_branch_python_dop_operator_3.py
[2026-08-12T04:39:44.604+0000] {processor.py:925} INFO - DAG(s) 'example_branch_dop_operator_v3' retrieved from /home/airflow/.local/lib/python3.12/site-packages/airflow/example_dags/example_branch_python_dop_operator_3.py
[2026-08-12T04:39:44.631+0000] {logging_mixin.py:190} INFO - [2026-08-12T04:39:44.630+0000] {dag.py:3211} INFO - Sync 1 DAGs
[2026-08-12T04:39:44.675+0000] {logging_mixin.py:190} INFO - [2026-08-12T04:39:44.674+0000] {dag.py:4138} INFO - Setting next_dagrun for example_branch_dop_operator_v3 to 2026-08-12 04:38:00+00:00, run_after=2026-08-12 04:39:00+00:00
[2026-08-12T04:39:44.698+0000] {processor.py:208} INFO - Processing /home/airflow/.local/lib/python3.12/site-packages/airflow/example_dags/example_branch_python_dop_operator_3.py took 0.116 seconds
[2026-08-12T04:40:15.353+0000] {processor.py:186} INFO - Started process (PID=955) to work on /home/airflow/.local/lib/python3.12/site-packages/airflow/example_dags/example_branch_python_dop_operator_3.py
[2026-08-12T04:40:15.356+0000] {processor.py:914} INFO - Processing file /home/airflow/.local/lib/python3.12/site-packages/airflow/example_dags/example_branch_python_dop_operator_3.py for tasks to queue
[2026-08-12T04:40:15.360+0000] {logging_mixin.py:190} INFO - [2026-08-12T04:40:15.360+0000] {dagbag.py:587} INFO - Filling up the DagBag from /home/airflow/.local/lib/python3.12/site-packages/airflow/example_dags/example_branch_python_dop_operator_3.py
[2026-08-12T04:40:15.373+0000] {processor.py:925} INFO - DAG(s) 'example_branch_dop_operator_v3' retrieved from /home/airflow/.local/lib/python3.12/site-packages/airflow/example_dags/example_branch_python_dop_operator_3.py
[2026-08-12T04:40:15.398+0000] {logging_mixin.py:190} INFO - [2026-08-12T04:40:15.398+0000] {dag.py:3211} INFO - Sync 1 DAGs
[2026-08-12T04:40:15.447+0000] {logging_mixin.py:190} INFO - [2026-08-12T04:40:15.447+0000] {dag.py:4138} INFO - Setting next_dagrun for example_branch_dop_operator_v3 to 2026-08-12 04:39:00+00:00, run_after=2026-08-12 04:40:00+00:00
[2026-08-12T04:40:15.472+0000] {processor.py:208} INFO - Processing /home/airflow/.local/lib/python3.12/site-packages/airflow/example_dags/example_branch_python_dop_operator_3.py took 0.129 seconds
[2026-08-12T04:40:45.895+0000] {processor.py:186} INFO - Started process (PID=1017) to work on /home/airflow/.local/lib/python3.12/site-packages/airflow/example_dags/example_branch_python_dop_operator_3.py
[2026-08-12T04:40:45.897+0000] {processor.py:914} INFO - Processing file /home/airflow/.local/lib/python3.12/site-packages/airflow/example_dags/example_branch_python_dop_operator_3.py for tasks to queue
[2026-08-12T04:40:45.901+0000] {logging_mixin.py:190} INFO - [2026-08-12T04:40:45.901+0000] {dagbag.py:587} INFO - Filling up the DagBag from /home/airflow/.local/lib/python3.12/site-packages/airflow/example_dags/example_branch_python_dop_operator_3.py
[2026-08-12T04:40:45.912+0000] {processor.py:925} INFO - DAG(s) 'example_branch_dop_operator_v3' retrieved from /home/airflow/.local/lib/python3.12/site-packages/airflow/example_dags/example_branch_python_dop_operator_3.py
[2026-08-12T04:40:45.932+0000] {logging_mixin.py:190} INFO - [2026-08-12T04:40:45.931+0000] {dag.py:3211} INFO - Sync 1 DAGs
[2026-08-12T04:40:45.955+0000] {logging_mixin.py:190} INFO - [2026-08-12T04:40:45.955+0000] {dag.py:4138} INFO - Setting next_dagrun for example_branch_dop_operator_v3 to 2026-08-12 04:39:00+00:00, run_after=2026-08-12 04:40:00+00:00
[2026-08-12T04:40:45.978+0000] {processor.py:208} INFO - Processing /home/airflow/.local/lib/python3.12/site-packages/airflow/example_dags/example_branch_python_dop_operator_3.py took 0.088 seconds
[2026-08-12T04:41:16.811+0000] {processor.py:186} INFO - Started process (PID=1079) to work on /home/airflow/.local/lib/python3.12/site-packages/airflow/example_dags/example_branch_python_dop_operator_3.py
[2026-08-12T04:41:16.813+0000] {processor.py:914} INFO - Processing file /home/airflow/.local/lib/python3.12/site-packages/airflow/example_dags/example_branch_python_dop_operator_3.py for tasks to queue
[2026-08-12T04:41:16.817+0000] {logging_mixin.py:190} INFO - [2026-08-12T04:41:16.816+0000] {dagbag.py:587} INFO - Filling up the DagBag from /home/airflow/.local/lib/python3.12/site-packages/airflow/example_dags/example_branch_python_dop_operator_3.py
[2026-08-12T04:41:16.829+0000] {processor.py:925} INFO - DAG(s) 'example_branch_dop_operator_v3' retrieved from /home/airflow/.local/lib/python3.12/site-packages/airflow/example_dags/example_branch_python_dop_operator_3.py
[2026-08-12T04:41:16.857+0000] {logging_mixin.py:190} INFO - [2026-08-12T04:41:16.856+0000] {dag.py:3211} INFO - Sync 1 DAGs
[2026-08-12T04:41:16.886+0000] {logging_mixin.py:190} INFO - [2026-08-12T04:41:16.886+0000] {dag.py:4138} INFO - Setting next_dagrun for example_branch_dop_operator_v3 to 2026-08-12 04:40:00+00:00, run_after=2026-08-12 04:41:00+00:00
[2026-08-12T04:41:16.910+0000] {processor.py:208} INFO - Processing /home/airflow/.local/lib/python3.12/site-packages/airflow/example_dags/example_branch_python_dop_operator_3.py took 0.105 seconds
[2026-08-12T04:41:47.384+0000] {processor.py:186} INFO - Started process (PID=1141) to work on /home/airflow/.local/lib/python3.12/site-packages/airflow/example_dags/example_branch_python_dop_operator_3.py
[2026-08-12T04:41:47.386+0000] {processor.py:914} INFO - Processing file /home/airflow/.local/lib/python3.12/site-packages/airflow/example_dags/example_branch_python_dop_operator_3.py for tasks to queue
[2026-08-12T04:41:47.391+0000] {logging_mixin.py:190} INFO - [2026-08-12T04:41:47.390+0000] {dagbag.py:587} INFO - Filling up the DagBag from /home/airflow/.local/lib/python3.12/site-packages/airflow/example_dags/example_branch_python_dop_operator_3.py
[2026-08-12T04:41:47.403+0000] {processor.py:925} INFO - DAG(s) 'example_branch_dop_operator_v3' retrieved from /home/airflow/.local/lib/python3.12/site-packages/airflow/example_dags/example_branch_python_dop_operator_3.py
[2026-08-12T04:41:47.429+0000] {logging_mixin.py:190} INFO - [2026-08-12T04:41:47.428+0000] {dag.py:3211} INFO - Sync 1 DAGs
[2026-08-12T04:41:47.455+0000] {logging_mixin.py:190} INFO - [2026-08-12T04:41:47.455+0000] {dag.py:4138} INFO - Setting next_dagrun for example_branch_dop_operator_v3 to 2026-08-12 04:40:00+00:00, run_after=2026-08-12 04:41:00+00:00
[2026-08-12T04:41:47.479+0000] {processor.py:208} INFO - Processing /home/airflow/.local/lib/python3.12/site-packages/airflow/example_dags/example_branch_python_dop_operator_3.py took 0.101 seconds
[2026-08-12T04:42:18.183+0000] {processor.py:186} INFO - Started process (PID=1203) to work on /home/airflow/.local/lib/python3.12/site-packages/airflow/example_dags/example_branch_python_dop_operator_3.py
[2026-08-12T04:42:18.184+0000] {processor.py:914} INFO - Processing file /home/airflow/.local/lib/python3.12/site-packages/airflow/example_dags/example_branch_python_dop_operator_3.py for tasks to queue
[2026-08-12T04:42:18.188+0000] {logging_mixin.py:190} INFO - [2026-08-12T04:42:18.188+0000] {dagbag.py:587} INFO - Filling up the DagBag from /home/airflow/.local/lib/python3.12/site-packages/airflow/example_dags/example_branch_python_dop_operator_3.py
[2026-08-12T04:42:18.202+0000] {processor.py:925} INFO - DAG(s) 'example_branch_dop_operator_v3' retrieved from /home/airflow/.local/lib/python3.12/site-packages/airflow/example_dags/example_branch_python_dop_operator_3.py
[2026-08-12T04:42:18.229+0000] {logging_mixin.py:190} INFO - [2026-08-12T04:42:18.229+0000] {dag.py:3211} INFO - Sync 1 DAGs
[2026-08-12T04:42:18.261+0000] {logging_mixin.py:190} INFO - [2026-08-12T04:42:18.261+0000] {dag.py:4138} INFO - Setting next_dagrun for example_branch_dop_operator_v3 to 2026-08-12 04:41:00+00:00, run_after=2026-08-12 04:42:00+00:00
[2026-08-12T04:42:18.285+0000] {processor.py:208} INFO - Processing /home/airflow/.local/lib/python3.12/site-packages/airflow/example_dags/example_branch_python_dop_operator_3.py took 0.108 seconds
[2026-08-12T04:42:48.880+0000] {processor.py:186} INFO - Started process (PID=1265) to work on /home/airflow/.local/lib/python3.12/site-packages/airflow/example_dags/example_branch_python_dop_operator_3.py
[2026-08-12T04:42:48.882+0000] {processor.py:914} INFO - Processing file /home/airflow/.local/lib/python3.12/site-packages/airflow/example_dags/example_branch_python_dop_operator_3.py for tasks to queue
[2026-08-12T04:42:48.885+0000] {logging_mixin.py:190} INFO - [2026-08-12T04:42:48.885+0000] {dagbag.py:587} INFO - Filling up the DagBag from /home/airflow/.local/lib/python3.12/site-packages/airflow/example_dags/example_branch_python_dop_operator_3.py
[2026-08-12T04:42:48.895+0000] {processor.py:925} INFO - DAG(s) 'example_branch_dop_operator_v3' retrieved from /home/airflow/.local/lib/python3.12/site-packages/airflow/example_dags/example_branch_python_dop_operator_3.py
[2026-08-12T04:42:48.918+0000] {logging_mixin.py:190} INFO - [2026-08-12T04:42:48.918+0000] {dag.py:3211} INFO - Sync 1 DAGs
[2026-08-12T04:42:48.945+0000] {logging_mixin.py:190} INFO - [2026-08-12T04:42:48.944+0000] {dag.py:4138} INFO - Setting next_dagrun for example_branch_dop_operator_v3 to 2026-08-12 04:41:00+00:00, run_after=2026-08-12 04:42:00+00:00
[2026-08-12T04:42:48.968+0000] {processor.py:208} INFO - Processing /home/airflow/.local/lib/python3.12/site-packages/airflow/example_dags/example_branch_python_dop_operator_3.py took 0.093 seconds
[2026-08-12T04:43:19.435+0000] {processor.py:186} INFO - Started process (PID=1327) to work on /home/airflow/.local/lib/python3.12/site-packages/airflow/example_dags/example_branch_python_dop_operator_3.py
[2026-08-12T04:43:19.437+0000] {processor.py:914} INFO - Processing file /home/airflow/.local/lib/python3.12/site-packages/airflow/example_dags/example_branch_python_dop_operator_3.py for tasks to queue
[2026-08-12T04:43:19.440+0000] {logging_mixin.py:190} INFO - [2026-08-12T04:43:19.440+0000] {dagbag.py:587} INFO - Filling up the DagBag from /home/airflow/.local/lib/python3.12/site-packages/airflow/example_dags/example_branch_python_dop_operator_3.py
[2026-08-12T04:43:19.451+0000] {processor.py:925} INFO - DAG(s) 'example_branch_dop_operator_v3' retrieved from /home/airflow/.local/lib/python3.12/site-packages/airflow/example_dags/example_branch_python_dop_operator_3.py
[2026-08-12T04:43:19.473+0000] {logging_mixin.py:190} INFO - [2026-08-12T04:43:19.473+0000] {dag.py:3211} INFO - Sync 1 DAGs
[2026-08-12T04:43:19.506+0000] {logging_mixin.py:190} INFO - [2026-08-12T04:43:19.506+0000] {dag.py:4138} INFO - Setting next_dagrun for example_branch_dop_operator_v3 to 2026-08-12 04:42:00+00:00, run_after=2026-08-12 04:43:00+00:00
[2026-08-12T04:43:19.528+0000] {processor.py:208} INFO - Processing /home/airflow/.local/lib/python3.12/site-packages/airflow/example_dags/example_branch_python_dop_operator_3.py took 0.098 seconds
[2026-08-12T04:43:50.315+0000] {processor.py:186} INFO - Started process (PID=1389) to work on /home/airflow/.local/lib/python3.12/site-packages/airflow/example_dags/example_branch_python_dop_operator_3.py
[2026-08-12T04:43:50.317+0000] {processor.py:914} INFO - Processing file /home/airflow/.local/lib/python3.12/site-packages/airflow/example_dags/example_branch_python_dop_operator_3.py for tasks to queue
[2026-08-12T04:43:50.321+0000] {logging_mixin.py:190} INFO - [2026-08-12T04:43:50.320+0000] {dagbag.py:587} INFO - Filling up the DagBag from /home/airflow/.local/lib/python3.12/site-packages/airflow/example_dags/example_branch_python_dop_operator_3.py
[2026-08-12T04:43:50.331+0000] {processor.py:925} INFO - DAG(s) 'example_branch_dop_operator_v3' retrieved from /home/airflow/.local/lib/python3.12/site-packages/airflow/example_dags/example_branch_python_dop_operator_3.py
[2026-08-12T04:43:50.358+0000] {logging_mixin.py:190} INFO - [2026-08-12T04:43:50.358+0000] {dag.py:3211} INFO - Sync 1 DAGs
[2026-08-12T04:43:50.389+0000] {logging_mixin.py:190} INFO - [2026-08-12T04:43:50.389+0000] {dag.py:4138} INFO - Setting next_dagrun for example_branch_dop_operator_v3 to 2026-08-12 04:42:00+00:00, run_after=2026-08-12 04:43:00+00:00
[2026-08-12T04:43:50.414+0000] {processor.py:208} INFO - Processing /home/airflow/.local/lib/python3.12/site-packages/airflow/example_dags/example_branch_python_dop_operator_3.py took 0.105 seconds
[2026-08-12T04:44:21.019+0000] {processor.py:186} INFO - Started process (PID=1451) to work on /home/airflow/.local/lib/python3.12/site-packages/airflow/example_dags/example_branch_python_dop_operator_3.py
[2026-08-12T04:44:21.022+0000] {processor.py:914} INFO - Processing file /home/airflow/.local/lib/python3.12/site-packages/airflow/example_dags/example_branch_python_dop_operator_3.py for tasks to queue
[2026-08-12T04:44:21.026+0000] {logging_mixin.py:190} INFO - [2026-08-12T04:44:21.025+0000] {dagbag.py:587} INFO - Filling up the DagBag from /home/airflow/.local/lib/python3.12/site-packages/airflow/example_dags/example_branch_python_dop_operator_3.py
[2026-08-12T04:44:21.039+0000] {processor.py:925} INFO - DAG(s) 'example_branch_dop_operator_v3' retrieved from /home/airflow/.local/lib/python3.12/site-packages/airflow/example_dags/example_branch_python_dop_operator_3.py
[2026-08-12T04:44:21.079+0000] {logging_mixin.py:190} INFO - [2026-08-12T04:44:21.078+0000] {dag.py:3211} INFO - Sync 1 DAGs
[2026-08-12T04:44:21.129+0000] {logging_mixin.py:190} INFO - [2026-08-12T04:44:21.128+0000] {dag.py:4138} INFO - Setting next_dagrun for example_branch_dop_operator_v3 to 2026-08-12 04:43:00+00:00, run_after=2026-08-12 04:44:00+00:00
[2026-08-12T04:44:21.165+0000] {processor.py:208} INFO - Processing /home/airflow/.local/lib/python3.12/site-packages/airflow/example_dags/example_branch_python_dop_operator_3.py took 0.154 seconds
[2026-08-12T04:44:51.923+0000] {processor.py:186} INFO - Started process (PID=1513) to work on /home/airflow/.local/lib/python3.12/site-packages/airflow/example_dags/example_branch_python_dop_operator_3.py
[2026-08-12T04:44:51.925+0000] {processor.py:914} INFO - Processing file /home/airflow/.local/lib/python3.12/site-packages/airflow/example_dags/example_branch_python_dop_operator_3.py for tasks to queue
[2026-08-12T04:44:51.928+0000] {logging_mixin.py:190} INFO - [2026-08-12T04:44:51.928+0000] {dagbag.py:587} INFO - Filling up the DagBag from /home/airflow/.local/lib/python3.12/site-packages/airflow/example_dags/example_branch_python_dop_operator_3.py
[2026-08-12T04:44:51.939+0000] {processor.py:925} INFO - DAG(s) 'example_branch_dop_operator_v3' retrieved from /home/airflow/.local/lib/python3.12/site-packages/airflow/example_dags/example_branch_python_dop_operator_3.py
[2026-08-12T04:44:51.967+0000] {logging_mixin.py:190} INFO - [2026-08-12T04:44:51.966+0000] {dag.py:3211} INFO - Sync 1 DAGs
[2026-08-12T04:44:51.995+0000] {logging_mixin.py:190} INFO - [2026-08-12T04:44:51.995+0000] {dag.py:4138} INFO - Setting next_dagrun for example_branch_dop_operator_v3 to 2026-08-12 04:43:00+00:00, run_after=2026-08-12 04:44:00+00:00
[2026-08-12T04:44:52.018+0000] {processor.py:208} INFO - Processing /home/airflow/.local/lib/python3.12/site-packages/airflow/example_dags/example_branch_python_dop_operator_3.py took 0.101 seconds
[2026-08-12T04:45:22.464+0000] {processor.py:186} INFO - Started process (PID=1575) to work on /home/airflow/.local/lib/python3.12/site-packages/airflow/example_dags/example_branch_python_dop_operator_3.py
[2026-08-12T04:45:22.466+0000] {processor.py:914} INFO - Processing file /home/airflow/.local/lib/python3.12/site-packages/airflow/example_dags/example_branch_python_dop_operator_3.py for tasks to queue
[2026-08-12T04:45:22.469+0000] {logging_mixin.py:190} INFO - [2026-08-12T04:45:22.469+0000] {dagbag.py:587} INFO - Filling up the DagBag from /home/airflow/.local/lib/python3.12/site-packages/airflow/example_dags/example_branch_python_dop_operator_3.py
[2026-08-12T04:45:22.481+0000] {processor.py:925} INFO - DAG(s) 'example_branch_dop_operator_v3' retrieved from /home/airflow/.local/lib/python3.12/site-packages/airflow/example_dags/example_branch_python_dop_operator_3.py
[2026-08-12T04:45:22.501+0000] {logging_mixin.py:190} INFO - [2026-08-12T04:45:22.501+0000] {dag.py:3211} INFO - Sync 1 DAGs
[2026-08-12T04:45:22.528+0000] {logging_mixin.py:190} INFO - [2026-08-12T04:45:22.528+0000] {dag.py:4138} INFO - Setting next_dagrun for example_branch_dop_operator_v3 to 2026-08-12 04:44:00+00:00, run_after=2026-08-12 04:45:00+00:00
[2026-08-12T04:45:22.548+0000] {processor.py:208} INFO - Processing /home/airflow/.local/lib/python3.12/site-packages/airflow/example_dags/example_branch_python_dop_operator_3.py took 0.091 seconds
[2026-08-12T04:45:53.302+0000] {processor.py:186} INFO - Started process (PID=1637) to work on /home/airflow/.local/lib/python3.12/site-packages/airflow/example_dags/example_branch_python_dop_operator_3.py
[2026-08-12T04:45:53.304+0000] {processor.py:914} INFO - Processing file /home/airflow/.local/lib/python3.12/site-packages/airflow/example_dags/example_branch_python_dop_operator_3.py for tasks to queue
[2026-08-12T04:45:53.307+0000] {logging_mixin.py:190} INFO - [2026-08-12T04:45:53.307+0000] {dagbag.py:587} INFO - Filling up the DagBag from /home/airflow/.local/lib/python3.12/site-packages/airflow/example_dags/example_branch_python_dop_operator_3.py
[2026-08-12T04:45:53.318+0000] {processor.py:925} INFO - DAG(s) 'example_branch_dop_operator_v3' retrieved from /home/airflow/.local/lib/python3.12/site-packages/airflow/example_dags/example_branch_python_dop_operator_3.py
[2026-08-12T04:45:53.341+0000] {logging_mixin.py:190} INFO - [2026-08-12T04:45:53.341+0000] {dag.py:3211} INFO - Sync 1 DAGs
[2026-08-12T04:45:53.371+0000] {logging_mixin.py:190} INFO - [2026-08-12T04:45:53.371+0000] {dag.py:4138} INFO - Setting next_dagrun for example_branch_dop_operator_v3 to 2026-08-12 04:44:00+00:00, run_after=2026-08-12 04:45:00+00:00
[2026-08-12T04:45:53.394+0000] {processor.py:208} INFO - Processing /home/airflow/.local/lib/python3.12/site-packages/airflow/example_dags/example_branch_python_dop_operator_3.py took 0.097 seconds
[2026-08-12T04:46:23.970+0000] {processor.py:186} INFO - Started process (PID=1699) to work on /home/airflow/.local/lib/python3.12/site-packages/airflow/example_dags/example_branch_python_dop_operator_3.py
[2026-08-12T04:46:23.974+0000] {processor.py:914} INFO - Processing file /home/airflow/.local/lib/python3.12/site-packages/airflow/example_dags/example_branch_python_dop_operator_3.py for tasks to queue
[2026-08-12T04:46:23.977+0000] {logging_mixin.py:190} INFO - [2026-08-12T04:46:23.976+0000] {dagbag.py:587} INFO - Filling up the DagBag from /home/airflow/.local/lib/python3.12/site-packages/airflow/example_dags/example_branch_python_dop_operator_3.py
[2026-08-12T04:46:24.002+0000] {processor.py:925} INFO - DAG(s) 'example_branch_dop_operator_v3' retrieved from /home/airflow/.local/lib/python3.12/site-packages/airflow/example_dags/example_branch_python_dop_operator_3.py
[2026-08-12T04:46:24.030+0000] {logging_mixin.py:190} INFO - [2026-08-12T04:46:24.030+0000] {dag.py:3211} INFO - Sync 1 DAGs
[2026-08-12T04:46:24.061+0000] {logging_mixin.py:190} INFO - [2026-08-12T04:46:24.061+0000] {dag.py:4138} INFO - Setting next_dagrun for example_branch_dop_operator_v3 to 2026-08-12 04:45:00+00:00, run_after=2026-08-12 04:46:00+00:00
[2026-08-12T04:46:24.088+0000] {processor.py:208} INFO - Processing /home/airflow/.local/lib/python3.12/site-packages/airflow/example_dags/example_branch_python_dop_operator_3.py took 0.124 seconds
[2026-08-12T04:46:54.784+0000] {processor.py:186} INFO - Started process (PID=1761) to work on /home/airflow/.local/lib/python3.12/site-packages/airflow/example_dags/example_branch_python_dop_operator_3.py
[2026-08-12T04:46:54.786+0000] {processor.py:914} INFO - Processing file /home/airflow/.local/lib/python3.12/site-packages/airflow/example_dags/example_branch_python_dop_operator_3.py for tasks to queue
[2026-08-12T04:46:54.789+0000] {logging_mixin.py:190} INFO - [2026-08-12T04:46:54.788+0000] {dagbag.py:587} INFO - Filling up the DagBag from /home/airflow/.local/lib/python3.12/site-packages/airflow/example_dags/example_branch_python_dop_operator_3.py
[2026-08-12T04:46:54.801+0000] {processor.py:925} INFO - DAG(s) 'example_branch_dop_operator_v3' retrieved from /home/airflow/.local/lib/python3.12/site-packages/airflow/example_dags/example_branch_python_dop_operator_3.py
[2026-08-12T04:46:54.826+0000] {logging_mixin.py:190} INFO - [2026-08-12T04:46:54.826+0000] {dag.py:3211} INFO - Sync 1 DAGs
[2026-08-12T04:46:54.854+0000] {logging_mixin.py:190} INFO - [2026-08-12T04:46:54.853+0000] {dag.py:4138} INFO - Setting next_dagrun for example_branch_dop_operator_v3 to 2026-08-12 04:45:00+00:00, run_after=2026-08-12 04:46:00+00:00
[2026-08-12T04:46:54.891+0000] {processor.py:208} INFO - Processing /home/airflow/.local/lib/python3.12/site-packages/airflow/example_dags/example_branch_python_dop_operator_3.py took 0.112 seconds
[2026-08-12T04:47:24.943+0000] {processor.py:186} INFO - Started process (PID=1822) to work on /home/airflow/.local/lib/python3.12/site-packages/airflow/example_dags/example_branch_python_dop_operator_3.py
[2026-08-12T04:47:24.945+0000] {processor.py:914} INFO - Processing file /home/airflow/.local/lib/python3.12/site-packages/airflow/example_dags/example_branch_python_dop_operator_3.py for tasks to queue
[2026-08-12T04:47:24.948+0000] {logging_mixin.py:190} INFO - [2026-08-12T04:47:24.947+0000] {dagbag.py:587} INFO - Filling up the DagBag from /home/airflow/.local/lib/python3.12/site-packages/airflow/example_dags/example_branch_python_dop_operator_3.py
[2026-08-12T04:47:24.958+0000] {processor.py:925} INFO - DAG(s) 'example_branch_dop_operator_v3' retrieved from /home/airflow/.local/lib/python3.12/site-packages/airflow/example_dags/example_branch_python_dop_operator_3.py
[2026-08-12T04:47:24.985+0000] {logging_mixin.py:190} INFO - [2026-08-12T04:47:24.985+0000] {dag.py:3211} INFO - Sync 1 DAGs
[2026-08-12T04:47:25.013+0000] {logging_mixin.py:190} INFO - [2026-08-12T04:47:25.013+0000] {dag.py:4138} INFO - Setting next_dagrun for example_branch_dop_operator_v3 to 2026-08-12 04:46:00+00:00, run_after=2026-08-12 04:47:00+00:00
[2026-08-12T04:47:25.043+0000] {processor.py:208} INFO - Processing /home/airflow/.local/lib/python3.12/site-packages/airflow/example_dags/example_branch_python_dop_operator_3.py took 0.106 seconds
[2026-08-12T04:47:55.527+0000] {processor.py:186} INFO - Started process (PID=1884) to work on /home/airflow/.local/lib/python3.12/site-packages/airflow/example_dags/example_branch_python_dop_operator_3.py
[2026-08-12T04:47:55.529+0000] {processor.py:914} INFO - Processing file /home/airflow/.local/lib/python3.12/site-packages/airflow/example_dags/example_branch_python_dop_operator_3.py for tasks to queue
[2026-08-12T04:47:55.532+0000] {logging_mixin.py:190} INFO - [2026-08-12T04:47:55.532+0000] {dagbag.py:587} INFO - Filling up the DagBag from /home/airflow/.local/lib/python3.12/site-packages/airflow/example_dags/example_branch_python_dop_operator_3.py
[2026-08-12T04:47:55.546+0000] {processor.py:925} INFO - DAG(s) 'example_branch_dop_operator_v3' retrieved from /home/airflow/.local/lib/python3.12/site-packages/airflow/example_dags/example_branch_python_dop_operator_3.py
[2026-08-12T04:47:55.571+0000] {logging_mixin.py:190} INFO - [2026-08-12T04:47:55.571+0000] {dag.py:3211} INFO - Sync 1 DAGs
[2026-08-12T04:47:55.616+0000] {logging_mixin.py:190} INFO - [2026-08-12T04:47:55.616+0000] {dag.py:4138} INFO - Setting next_dagrun for example_branch_dop_operator_v3 to 2026-08-12 04:46:00+00:00, run_after=2026-08-12 04:47:00+00:00
[2026-08-12T04:47:55.640+0000] {processor.py:208} INFO - Processing /home/airflow/.local/lib/python3.12/site-packages/airflow/example_dags/example_branch_python_dop_operator_3.py took 0.120 seconds
[2026-08-12T04:48:26.129+0000] {processor.py:186} INFO - Started process (PID=1946) to work on /home/airflow/.local/lib/python3.12/site-packages/airflow/example_dags/example_branch_python_dop_operator_3.py
[2026-08-12T04:48:26.131+0000] {processor.py:914} INFO - Processing file /home/airflow/.local/lib/python3.12/site-packages/airflow/example_dags/example_branch_python_dop_operator_3.py for tasks to queue
[2026-08-12T04:48:26.136+0000] {logging_mixin.py:190} INFO - [2026-08-12T04:48:26.135+0000] {dagbag.py:587} INFO - Filling up the DagBag from /home/airflow/.local/lib/python3.12/site-packages/airflow/example_dags/example_branch_python_dop_operator_3.py
[2026-08-12T04:48:26.154+0000] {processor.py:925} INFO - DAG(s) 'example_branch_dop_operator_v3' retrieved from /home/airflow/.local/lib/python3.12/site-packages/airflow/example_dags/example_branch_python_dop_operator_3.py
[2026-08-12T04:48:26.197+0000] {logging_mixin.py:190} INFO - [2026-08-12T04:48:26.197+0000] {dag.py:3211} INFO - Sync 1 DAGs
[2026-08-12T04:48:26.246+0000] {logging_mixin.py:190} INFO - [2026-08-12T04:48:26.245+0000] {dag.py:4138} INFO - Setting next_dagrun for example_branch_dop_operator_v3 to 2026-08-12 04:47:00+00:00, run_after=2026-08-12 04:48:00+00:00
[2026-08-12T04:48:26.282+0000] {processor.py:208} INFO - Processing /home/airflow/.local/lib/python3.12/site-packages/airflow/example_dags/example_branch_python_dop_operator_3.py took 0.164 seconds
[2026-08-12T04:48:56.535+0000] {processor.py:186} INFO - Started process (PID=2008) to work on /home/airflow/.local/lib/python3.12/site-packages/airflow/example_dags/example_branch_python_dop_operator_3.py
[2026-08-12T04:48:56.537+0000] {processor.py:914} INFO - Processing file /home/airflow/.local/lib/python3.12/site-packages/airflow/example_dags/example_branch_python_dop_operator_3.py for tasks to queue
[2026-08-12T04:48:56.540+0000] {logging_mixin.py:190} INFO - [2026-08-12T04:48:56.540+0000] {dagbag.py:587} INFO - Filling up the DagBag from /home/airflow/.local/lib/python3.12/site-packages/airflow/example_dags/example_branch_python_dop_operator_3.py
[2026-08-12T04:48:56.567+0000] {processor.py:925} INFO - DAG(s) 'example_branch_dop_operator_v3' retrieved from /home/airflow/.local/lib/python3.12/site-packages/airflow/example_dags/example_branch_python_dop_operator_3.py
[2026-08-12T04:48:56.590+0000] {logging_mixin.py:190} INFO - [2026-08-12T04:48:56.590+0000] {dag.py:3211} INFO - Sync 1 DAGs
[2026-08-12T04:48:56.634+0000] {logging_mixin.py:190} INFO - [2026-08-12T04:48:56.634+0000] {dag.py:4138} INFO - Setting next_dagrun for example_branch_dop_operator_v3 to 2026-08-12 04:47:00+00:00, run_after=2026-08-12 04:48:00+00:00
[2026-08-12T04:48:56.656+0000] {processor.py:208} INFO - Processing /home/airflow/.local/lib/python3.12/site-packages/airflow/example_dags/example_branch_python_dop_operator_3.py took 0.130 seconds
[2026-08-12T04:49:27.188+0000] {processor.py:186} INFO - Started process (PID=2070) to work on /home/airflow/.local/lib/python3.12/site-packages/airflow/example_dags/example_branch_python_dop_operator_3.py
[2026-08-12T04:49:27.189+0000] {processor.py:914} INFO - Processing file /home/airflow/.local/lib/python3.12/site-packages/airflow/example_dags/example_branch_python_dop_operator_3.py for tasks to queue
[2026-08-12T04:49:27.192+0000] {logging_mixin.py:190} INFO - [2026-08-12T04:49:27.192+0000] {dagbag.py:587} INFO - Filling up the DagBag from /home/airflow/.local/lib/python3.12/site-packages/airflow/example_dags/example_branch_python_dop_operator_3.py
[2026-08-12T04:49:27.204+0000] {processor.py:925} INFO - DAG(s) 'example_branch_dop_operator_v3' retrieved from /home/airflow/.local/lib/python3.12/site-packages/airflow/example_dags/example_branch_python_dop_operator_3.py
[2026-08-12T04:49:27.227+0000] {logging_mixin.py:190} INFO - [2026-08-12T04:49:27.227+0000] {dag.py:3211} INFO - Sync 1 DAGs
[2026-08-12T04:49:27.284+0000] {logging_mixin.py:190} INFO - [2026-08-12T04:49:27.283+0000] {dag.py:4138} INFO - Setting next_dagrun for example_branch_dop_operator_v3 to 2026-08-12 04:48:00+00:00, run_after=2026-08-12 04:49:00+00:00
[2026-08-12T04:49:27.320+0000] {processor.py:208} INFO - Processing /home/airflow/.local/lib/python3.12/site-packages/airflow/example_dags/example_branch_python_dop_operator_3.py took 0.137 seconds
