[2026-08-12T04:30:47.267+0000] {processor.py:186} INFO - Started process (PID=114) to work on /home/airflow/.local/lib/python3.12/site-packages/airflow/example_dags/example_short_circuit_operator.py
[2026-08-12T04:30:47.270+0000] {processor.py:914} INFO - Processing file /home/airflow/.local/lib/python3.12/site-packages/airflow/example_dags/example_short_circuit_operator.py for tasks to queue
[2026-08-12T04:30:47.275+0000] {logging_mixin.py:190} INFO - [2026-08-12T04:30:47.275+0000] {dagbag.py:587} INFO - Filling up the DagBag from /home/airflow/.local/lib/python3.12/site-packages/airflow/example_dags/example_short_circuit_operator.py
[2026-08-12T04:30:47.293+0000] {processor.py:925} INFO - DAG(s) 'example_short_circuit_operator' retrieved from /home/airflow/.local/lib/python3.12/site-packages/airflow/example_dags/example_short_circuit_operator.py
[2026-08-12T04:30:47.457+0000] {logging_mixin.py:190} INFO - [2026-08-12T04:30:47.456+0000] {override.py:1858} INFO - Created Permission View: can delete on DAG:example_short_circuit_operator
[2026-08-12T04:30:47.469+0000] {logging_mixin.py:190} INFO - [2026-08-12T04:30:47.468+0000] {override.py:1858} INFO - Created Permission View: can read on DAG:example_short_circuit_operator
[2026-08-12T04:30:47.479+0000] {logging_mixin.py:190} INFO - [2026-08-12T04:30:47.479+0000] {override.py:1858} INFO - Created Permission View: can edit on DAG:example_short_circuit_operator
[2026-08-12T04:30:47.481+0000] {logging_mixin.py:190} INFO - [2026-08-12T04:30:47.481+0000] {dag.py:3211} INFO - Sync 1 DAGs
[2026-08-12T04:30:47.497+0000] {logging_mixin.py:190} INFO - [2026-08-12T04:30:47.497+0000] {dag.py:3234} INFO - Creating ORM DAG for example_short_circuit_operator
[2026-08-12T04:30:47.510+0000] {logging_mixin.py:190} INFO - [2026-08-12T04:30:47.510+0000] {dag.py:4138} INFO - Setting next_dagrun for example_short_circuit_operator to 2026-08-11 00:00:00+00:00, run_after=2026-08-12 00:00:00+00:00
[2026-08-12T04:30:47.531+0000] {processor.py:208} INFO - Processing /home/airflow/.local/lib/python3.12/site-packages/airflow/example_dags/example_short_circuit_operator.py took 0.271 seconds
[2026-08-12T04:31:18.092+0000] {processor.py:186} INFO - Started process (PID=176) to work on /home/airflow/.local/lib/python3.12/site-packages/airflow/example_dags/example_short_circuit_operator.py
[2026-08-12T04:31:18.094+0000] {processor.py:914} INFO - Processing file /home/airflow/.local/lib/python3.12/site-packages/airflow/example_dags/example_short_circuit_operator.py for tasks to queue
[2026-08-12T04:31:18.097+0000] {logging_mixin.py:190} INFO - [2026-08-12T04:31:18.097+0000] {dagbag.py:587} INFO - Filling up the DagBag from /home/airflow/.local/lib/python3.12/site-packages/airflow/example_dags/example_short_circuit_operator.py
[2026-08-12T04:31:18.108+0000] {processor.py:925} INFO - DAG(s) 'example_short_circuit_operator' retrieved from /home/airflow/.local/lib/python3.12/site-packages/airflow/example_dags/example_short_circuit_operator.py
[2026-08-12T04:31:18.136+0000] {logging_mixin.py:190} INFO - [2026-08-12T04:31:18.136+0000] {dag.py:3211} INFO - Sync 1 DAGs
[2026-08-12T04:31:18.162+0000] {logging_mixin.py:190} INFO - [2026-08-12T04:31:18.162+0000] {dag.py:4138} INFO - Setting next_dagrun for example_short_circuit_operator to 2026-08-11 00:00:00+00:00, run_after=2026-08-12 00:00:00+00:00
[2026-08-12T04:31:18.187+0000] {processor.py:208} INFO - Processing /home/airflow/.local/lib/python3.12/site-packages/airflow/example_dags/example_short_circuit_operator.py took 0.102 seconds
[2026-08-12T04:31:48.366+0000] {processor.py:186} INFO - Started process (PID=237) to work on /home/airflow/.local/lib/python3.12/site-packages/airflow/example_dags/example_short_circuit_operator.py
[2026-08-12T04:31:48.368+0000] {processor.py:914} INFO - Processing file /home/airflow/.local/lib/python3.12/site-packages/airflow/example_dags/example_short_circuit_operator.py for tasks to queue
[2026-08-12T04:31:48.371+0000] {logging_mixin.py:190} INFO - [2026-08-12T04:31:48.371+0000] {dagbag.py:587} INFO - Filling up the DagBag from /home/airflow/.local/lib/python3.12/site-packages/airflow/example_dags/example_short_circuit_operator.py
[2026-08-12T04:31:48.382+0000] {processor.py:925} INFO - DAG(s) 'example_short_circuit_operator' retrieved from /home/airflow/.local/lib/python3.12/site-packages/airflow/example_dags/example_short_circuit_operator.py
[2026-08-12T04:31:48.410+0000] {logging_mixin.py:190} INFO - [2026-08-12T04:31:48.410+0000] {dag.py:3211} INFO - Sync 1 DAGs
[2026-08-12T04:31:48.434+0000] {logging_mixin.py:190} INFO - [2026-08-12T04:31:48.434+0000] {dag.py:4138} INFO - Setting next_dagrun for example_short_circuit_operator to 2026-08-11 00:00:00+00:00, run_after=2026-08-12 00:00:00+00:00
[2026-08-12T04:31:48.461+0000] {processor.py:208} INFO - Processing /home/airflow/.local/lib/python3.12/site-packages/airflow/example_dags/example_short_circuit_operator.py took 0.102 seconds
[2026-08-12T04:33:06.688+0000] {processor.py:186} INFO - Started process (PID=100) to work on /home/airflow/.local/lib/python3.12/site-packages/airflow/example_dags/example_short_circuit_operator.py
[2026-08-12T04:33:06.690+0000] {processor.py:914} INFO - Processing file /home/airflow/.local/lib/python3.12/site-packages/airflow/example_dags/example_short_circuit_operator.py for tasks to queue
[2026-08-12T04:33:06.695+0000] {logging_mixin.py:190} INFO - [2026-08-12T04:33:06.694+0000] {dagbag.py:587} INFO - Filling up the DagBag from /home/airflow/.local/lib/python3.12/site-packages/airflow/example_dags/example_short_circuit_operator.py
[2026-08-12T04:33:06.716+0000] {processor.py:925} INFO - DAG(s) 'example_short_circuit_operator' retrieved from /home/airflow/.local/lib/python3.12/site-packages/airflow/example_dags/example_short_circuit_operator.py
[2026-08-12T04:33:06.755+0000] {logging_mixin.py:190} INFO - [2026-08-12T04:33:06.755+0000] {dag.py:3211} INFO - Sync 1 DAGs
[2026-08-12T04:33:06.788+0000] {logging_mixin.py:190} INFO - [2026-08-12T04:33:06.788+0000] {dag.py:4138} INFO - Setting next_dagrun for example_short_circuit_operator to 2026-08-11 00:00:00+00:00, run_after=2026-08-12 00:00:00+00:00
[2026-08-12T04:33:06.829+0000] {processor.py:208} INFO - Processing /home/airflow/.local/lib/python3.12/site-packages/airflow/example_dags/example_short_circuit_operator.py took 0.148 seconds
[2026-08-12T04:33:37.117+0000] {processor.py:186} INFO - Started process (PID=163) to work on /home/airflow/.local/lib/python3.12/site-packages/airflow/example_dags/example_short_circuit_operator.py
[2026-08-12T04:33:37.119+0000] {processor.py:914} INFO - Processing file /home/airflow/.local/lib/python3.12/site-packages/airflow/example_dags/example_short_circuit_operator.py for tasks to queue
[2026-08-12T04:33:37.122+0000] {logging_mixin.py:190} INFO - [2026-08-12T04:33:37.122+0000] {dagbag.py:587} INFO - Filling up the DagBag from /home/airflow/.local/lib/python3.12/site-packages/airflow/example_dags/example_short_circuit_operator.py
[2026-08-12T04:33:37.133+0000] {processor.py:925} INFO - DAG(s) 'example_short_circuit_operator' retrieved from /home/airflow/.local/lib/python3.12/site-packages/airflow/example_dags/example_short_circuit_operator.py
[2026-08-12T04:33:37.161+0000] {logging_mixin.py:190} INFO - [2026-08-12T04:33:37.161+0000] {dag.py:3211} INFO - Sync 1 DAGs
[2026-08-12T04:33:37.190+0000] {logging_mixin.py:190} INFO - [2026-08-12T04:33:37.190+0000] {dag.py:4138} INFO - Setting next_dagrun for example_short_circuit_operator to 2026-08-11 00:00:00+00:00, run_after=2026-08-12 00:00:00+00:00
[2026-08-12T04:33:37.216+0000] {processor.py:208} INFO - Processing /home/airflow/.local/lib/python3.12/site-packages/airflow/example_dags/example_short_circuit_operator.py took 0.105 seconds
[2026-08-12T04:34:07.523+0000] {processor.py:186} INFO - Started process (PID=224) to work on /home/airflow/.local/lib/python3.12/site-packages/airflow/example_dags/example_short_circuit_operator.py
[2026-08-12T04:34:07.524+0000] {processor.py:914} INFO - Processing file /home/airflow/.local/lib/python3.12/site-packages/airflow/example_dags/example_short_circuit_operator.py for tasks to queue
[2026-08-12T04:34:07.527+0000] {logging_mixin.py:190} INFO - [2026-08-12T04:34:07.526+0000] {dagbag.py:587} INFO - Filling up the DagBag from /home/airflow/.local/lib/python3.12/site-packages/airflow/example_dags/example_short_circuit_operator.py
[2026-08-12T04:34:07.537+0000] {processor.py:925} INFO - DAG(s) 'example_short_circuit_operator' retrieved from /home/airflow/.local/lib/python3.12/site-packages/airflow/example_dags/example_short_circuit_operator.py
[2026-08-12T04:34:07.559+0000] {logging_mixin.py:190} INFO - [2026-08-12T04:34:07.559+0000] {dag.py:3211} INFO - Sync 1 DAGs
[2026-08-12T04:34:07.596+0000] {logging_mixin.py:190} INFO - [2026-08-12T04:34:07.596+0000] {dag.py:4138} INFO - Setting next_dagrun for example_short_circuit_operator to 2026-08-11 00:00:00+00:00, run_after=2026-08-12 00:00:00+00:00
[2026-08-12T04:34:07.617+0000] {processor.py:208} INFO - Processing /home/airflow/.local/lib/python3.12/site-packages/airflow/example_dags/example_short_circuit_operator.py took 0.100 seconds
[2026-08-12T04:34:37.814+0000] {processor.py:186} INFO - Started process (PID=286) to work on /home/airflow/.local/lib/python3.12/site-packages/airflow/example_dags/example_short_circuit_operator.py
[2026-08-12T04:34:37.829+0000] {processor.py:914} INFO - Processing file /home/airflow/.local/lib/python3.12/site-packages/airflow/example_dags/example_short_circuit_operator.py for tasks to queue
[2026-08-12T04:34:37.833+0000] {logging_mixin.py:190} INFO - [2026-08-12T04:34:37.833+0000] {dagbag.py:587} INFO - Filling up the DagBag from /home/airflow/.local/lib/python3.12/site-packages/airflow/example_dags/example_short_circuit_operator.py
[2026-08-12T04:34:37.849+0000] {processor.py:925} INFO - DAG(s) 'example_short_circuit_operator' retrieved from /home/airflow/.local/lib/python3.12/site-packages/airflow/example_dags/example_short_circuit_operator.py
[2026-08-12T04:34:37.890+0000] {logging_mixin.py:190} INFO - [2026-08-12T04:34:37.889+0000] {dag.py:3211} INFO - Sync 1 DAGs
[2026-08-12T04:34:37.923+0000] {logging_mixin.py:190} INFO - [2026-08-12T04:34:37.922+0000] {dag.py:4138} INFO - Setting next_dagrun for example_short_circuit_operator to 2026-08-11 00:00:00+00:00, run_after=2026-08-12 00:00:00+00:00
[2026-08-12T04:34:37.957+0000] {processor.py:208} INFO - Processing /home/airflow/.local/lib/python3.12/site-packages/airflow/example_dags/example_short_circuit_operator.py took 0.151 seconds
[2026-08-12T04:35:08.752+0000] {processor.py:186} INFO - Started process (PID=349) to work on /home/airflow/.local/lib/python3.12/site-packages/airflow/example_dags/example_short_circuit_operator.py
[2026-08-12T04:35:08.754+0000] {processor.py:914} INFO - Processing file /home/airflow/.local/lib/python3.12/site-packages/airflow/example_dags/example_short_circuit_operator.py for tasks to queue
[2026-08-12T04:35:08.757+0000] {logging_mixin.py:190} INFO - [2026-08-12T04:35:08.757+0000] {dagbag.py:587} INFO - Filling up the DagBag from /home/airflow/.local/lib/python3.12/site-packages/airflow/example_dags/example_short_circuit_operator.py
[2026-08-12T04:35:08.767+0000] {processor.py:925} INFO - DAG(s) 'example_short_circuit_operator' retrieved from /home/airflow/.local/lib/python3.12/site-packages/airflow/example_dags/example_short_circuit_operator.py
[2026-08-12T04:35:08.796+0000] {logging_mixin.py:190} INFO - [2026-08-12T04:35:08.796+0000] {dag.py:3211} INFO - Sync 1 DAGs
[2026-08-12T04:35:08.827+0000] {logging_mixin.py:190} INFO - [2026-08-12T04:35:08.827+0000] {dag.py:4138} INFO - Setting next_dagrun for example_short_circuit_operator to 2026-08-11 00:00:00+00:00, run_after=2026-08-12 00:00:00+00:00
[2026-08-12T04:35:08.851+0000] {processor.py:208} INFO - Processing /home/airflow/.local/lib/python3.12/site-packages/airflow/example_dags/example_short_circuit_operator.py took 0.106 seconds
[2026-08-12T04:35:39.799+0000] {processor.py:186} INFO - Started process (PID=411) to work on /home/airflow/.local/lib/python3.12/site-packages/airflow/example_dags/example_short_circuit_operator.py
[2026-08-12T04:35:39.801+0000] {processor.py:914} INFO - Processing file /home/airflow/.local/lib/python3.12/site-packages/airflow/example_dags/example_short_circuit_operator.py for tasks to queue
[2026-08-12T04:35:39.806+0000] {logging_mixin.py:190} INFO - [2026-08-12T04:35:39.805+0000] {dagbag.py:587} INFO - Filling up the DagBag from /home/airflow/.local/lib/python3.12/site-packages/airflow/example_dags/example_short_circuit_operator.py
[2026-08-12T04:35:39.815+0000] {processor.py:925} INFO - DAG(s) 'example_short_circuit_operator' retrieved from /home/airflow/.local/lib/python3.12/site-packages/airflow/example_dags/example_short_circuit_operator.py
[2026-08-12T04:35:39.838+0000] {logging_mixin.py:190} INFO - [2026-08-12T04:35:39.837+0000] {dag.py:3211} INFO - Sync 1 DAGs
[2026-08-12T04:35:39.861+0000] {logging_mixin.py:190} INFO - [2026-08-12T04:35:39.861+0000] {dag.py:4138} INFO - Setting next_dagrun for example_short_circuit_operator to 2026-08-11 00:00:00+00:00, run_after=2026-08-12 00:00:00+00:00
[2026-08-12T04:35:39.882+0000] {processor.py:208} INFO - Processing /home/airflow/.local/lib/python3.12/site-packages/airflow/example_dags/example_short_circuit_operator.py took 0.101 seconds
[2026-08-12T04:36:11.176+0000] {processor.py:186} INFO - Started process (PID=473) to work on /home/airflow/.local/lib/python3.12/site-packages/airflow/example_dags/example_short_circuit_operator.py
[2026-08-12T04:36:11.179+0000] {processor.py:914} INFO - Processing file /home/airflow/.local/lib/python3.12/site-packages/airflow/example_dags/example_short_circuit_operator.py for tasks to queue
[2026-08-12T04:36:11.182+0000] {logging_mixin.py:190} INFO - [2026-08-12T04:36:11.182+0000] {dagbag.py:587} INFO - Filling up the DagBag from /home/airflow/.local/lib/python3.12/site-packages/airflow/example_dags/example_short_circuit_operator.py
[2026-08-12T04:36:11.192+0000] {processor.py:925} INFO - DAG(s) 'example_short_circuit_operator' retrieved from /home/airflow/.local/lib/python3.12/site-packages/airflow/example_dags/example_short_circuit_operator.py
[2026-08-12T04:36:11.218+0000] {logging_mixin.py:190} INFO - [2026-08-12T04:36:11.218+0000] {dag.py:3211} INFO - Sync 1 DAGs
[2026-08-12T04:36:11.242+0000] {logging_mixin.py:190} INFO - [2026-08-12T04:36:11.242+0000] {dag.py:4138} INFO - Setting next_dagrun for example_short_circuit_operator to 2026-08-11 00:00:00+00:00, run_after=2026-08-12 00:00:00+00:00
[2026-08-12T04:36:11.267+0000] {processor.py:208} INFO - Processing /home/airflow/.local/lib/python3.12/site-packages/airflow/example_dags/example_short_circuit_operator.py took 0.098 seconds
[2026-08-12T04:36:42.194+0000] {processor.py:186} INFO - Started process (PID=535) to work on /home/airflow/.local/lib/python3.12/site-packages/airflow/example_dags/example_short_circuit_operator.py
[2026-08-12T04:36:42.196+0000] {processor.py:914} INFO - Processing file /home/airflow/.local/lib/python3.12/site-packages/airflow/example_dags/example_short_circuit_operator.py for tasks to queue
[2026-08-12T04:36:42.199+0000] {logging_mixin.py:190} INFO - [2026-08-12T04:36:42.199+0000] {dagbag.py:587} INFO - Filling up the DagBag from /home/airflow/.local/lib/python3.12/site-packages/airflow/example_dags/example_short_circuit_operator.py
[2026-08-12T04:36:42.209+0000] {processor.py:925} INFO - DAG(s) 'example_short_circuit_operator' retrieved from /home/airflow/.local/lib/python3.12/site-packages/airflow/example_dags/example_short_circuit_operator.py
[2026-08-12T04:36:42.233+0000] {logging_mixin.py:190} INFO - [2026-08-12T04:36:42.232+0000] {dag.py:3211} INFO - Sync 1 DAGs
[2026-08-12T04:36:42.255+0000] {logging_mixin.py:190} INFO - [2026-08-12T04:36:42.255+0000] {dag.py:4138} INFO - Setting next_dagrun for example_short_circuit_operator to 2026-08-11 00:00:00+00:00, run_after=2026-08-12 00:00:00+00:00
[2026-08-12T04:36:42.278+0000] {processor.py:208} INFO - Processing /home/airflow/.local/lib/python3.12/site-packages/airflow/example_dags/example_short_circuit_operator.py took 0.089 seconds
[2026-08-12T04:37:13.041+0000] {processor.py:186} INFO - Started process (PID=597) to work on /home/airflow/.local/lib/python3.12/site-packages/airflow/example_dags/example_short_circuit_operator.py
[2026-08-12T04:37:13.045+0000] {processor.py:914} INFO - Processing file /home/airflow/.local/lib/python3.12/site-packages/airflow/example_dags/example_short_circuit_operator.py for tasks to queue
[2026-08-12T04:37:13.060+0000] {logging_mixin.py:190} INFO - [2026-08-12T04:37:13.060+0000] {dagbag.py:587} INFO - Filling up the DagBag from /home/airflow/.local/lib/python3.12/site-packages/airflow/example_dags/example_short_circuit_operator.py
[2026-08-12T04:37:13.071+0000] {processor.py:925} INFO - DAG(s) 'example_short_circuit_operator' retrieved from /home/airflow/.local/lib/python3.12/site-packages/airflow/example_dags/example_short_circuit_operator.py
[2026-08-12T04:37:13.099+0000] {logging_mixin.py:190} INFO - [2026-08-12T04:37:13.099+0000] {dag.py:3211} INFO - Sync 1 DAGs
[2026-08-12T04:37:13.124+0000] {logging_mixin.py:190} INFO - [2026-08-12T04:37:13.124+0000] {dag.py:4138} INFO - Setting next_dagrun for example_short_circuit_operator to 2026-08-11 00:00:00+00:00, run_after=2026-08-12 00:00:00+00:00
[2026-08-12T04:37:13.146+0000] {processor.py:208} INFO - Processing /home/airflow/.local/lib/python3.12/site-packages/airflow/example_dags/example_short_circuit_operator.py took 0.112 seconds
[2026-08-12T04:37:43.434+0000] {processor.py:186} INFO - Started process (PID=659) to work on /home/airflow/.local/lib/python3.12/site-packages/airflow/example_dags/example_short_circuit_operator.py
[2026-08-12T04:37:43.436+0000] {processor.py:914} INFO - Processing file /home/airflow/.local/lib/python3.12/site-packages/airflow/example_dags/example_short_circuit_operator.py for tasks to queue
[2026-08-12T04:37:43.441+0000] {logging_mixin.py:190} INFO - [2026-08-12T04:37:43.441+0000] {dagbag.py:587} INFO - Filling up the DagBag from /home/airflow/.local/lib/python3.12/site-packages/airflow/example_dags/example_short_circuit_operator.py
[2026-08-12T04:37:43.452+0000] {processor.py:925} INFO - DAG(s) 'example_short_circuit_operator' retrieved from /home/airflow/.local/lib/python3.12/site-packages/airflow/example_dags/example_short_circuit_operator.py
[2026-08-12T04:37:43.478+0000] {logging_mixin.py:190} INFO - [2026-08-12T04:37:43.478+0000] {dag.py:3211} INFO - Sync 1 DAGs
[2026-08-12T04:37:43.501+0000] {logging_mixin.py:190} INFO - [2026-08-12T04:37:43.501+0000] {dag.py:4138} INFO - Setting next_dagrun for example_short_circuit_operator to 2026-08-11 00:00:00+00:00, run_after=2026-08-12 00:00:00+00:00
[2026-08-12T04:37:43.527+0000] {processor.py:208} INFO - Processing /home/airflow/.local/lib/python3.12/site-packages/airflow/example_dags/example_short_circuit_operator.py took 0.098 seconds
[2026-08-12T04:38:14.254+0000] {processor.py:186} INFO - Started process (PID=720) to work on /home/airflow/.local/lib/python3.12/site-packages/airflow/example_dags/example_short_circuit_operator.py
[2026-08-12T04:38:14.256+0000] {processor.py:914} INFO - Processing file /home/airflow/.local/lib/python3.12/site-packages/airflow/example_dags/example_short_circuit_operator.py for tasks to queue
[2026-08-12T04:38:14.260+0000] {logging_mixin.py:190} INFO - [2026-08-12T04:38:14.259+0000] {dagbag.py:587} INFO - Filling up the DagBag from /home/airflow/.local/lib/python3.12/site-packages/airflow/example_dags/example_short_circuit_operator.py
[2026-08-12T04:38:14.271+0000] {processor.py:925} INFO - DAG(s) 'example_short_circuit_operator' retrieved from /home/airflow/.local/lib/python3.12/site-packages/airflow/example_dags/example_short_circuit_operator.py
[2026-08-12T04:38:14.312+0000] {logging_mixin.py:190} INFO - [2026-08-12T04:38:14.312+0000] {dag.py:3211} INFO - Sync 1 DAGs
[2026-08-12T04:38:14.338+0000] {logging_mixin.py:190} INFO - [2026-08-12T04:38:14.338+0000] {dag.py:4138} INFO - Setting next_dagrun for example_short_circuit_operator to 2026-08-11 00:00:00+00:00, run_after=2026-08-12 00:00:00+00:00
[2026-08-12T04:38:14.361+0000] {processor.py:208} INFO - Processing /home/airflow/.local/lib/python3.12/site-packages/airflow/example_dags/example_short_circuit_operator.py took 0.114 seconds
[2026-08-12T04:38:45.286+0000] {processor.py:186} INFO - Started process (PID=783) to work on /home/airflow/.local/lib/python3.12/site-packages/airflow/example_dags/example_short_circuit_operator.py
[2026-08-12T04:38:45.288+0000] {processor.py:914} INFO - Processing file /home/airflow/.local/lib/python3.12/site-packages/airflow/example_dags/example_short_circuit_operator.py for tasks to queue
[2026-08-12T04:38:45.292+0000] {logging_mixin.py:190} INFO - [2026-08-12T04:38:45.292+0000] {dagbag.py:587} INFO - Filling up the DagBag from /home/airflow/.local/lib/python3.12/site-packages/airflow/example_dags/example_short_circuit_operator.py
[2026-08-12T04:38:45.303+0000] {processor.py:925} INFO - DAG(s) 'example_short_circuit_operator' retrieved from /home/airflow/.local/lib/python3.12/site-packages/airflow/example_dags/example_short_circuit_operator.py
[2026-08-12T04:38:45.328+0000] {logging_mixin.py:190} INFO - [2026-08-12T04:38:45.328+0000] {dag.py:3211} INFO - Sync 1 DAGs
[2026-08-12T04:38:45.353+0000] {logging_mixin.py:190} INFO - [2026-08-12T04:38:45.353+0000] {dag.py:4138} INFO - Setting next_dagrun for example_short_circuit_operator to 2026-08-11 00:00:00+00:00, run_after=2026-08-12 00:00:00+00:00
[2026-08-12T04:38:45.378+0000] {processor.py:208} INFO - Processing /home/airflow/.local/lib/python3.12/site-packages/airflow/example_dags/example_short_circuit_operator.py took 0.099 seconds
[2026-08-12T04:39:15.692+0000] {processor.py:186} INFO - Started process (PID=844) to work on /home/airflow/.local/lib/python3.12/site-packages/airflow/example_dags/example_short_circuit_operator.py
[2026-08-12T04:39:15.694+0000] {processor.py:914} INFO - Processing file /home/airflow/.local/lib/python3.12/site-packages/airflow/example_dags/example_short_circuit_operator.py for tasks to queue
[2026-08-12T04:39:15.698+0000] {logging_mixin.py:190} INFO - [2026-08-12T04:39:15.698+0000] {dagbag.py:587} INFO - Filling up the DagBag from /home/airflow/.local/lib/python3.12/site-packages/airflow/example_dags/example_short_circuit_operator.py
[2026-08-12T04:39:15.708+0000] {processor.py:925} INFO - DAG(s) 'example_short_circuit_operator' retrieved from /home/airflow/.local/lib/python3.12/site-packages/airflow/example_dags/example_short_circuit_operator.py
[2026-08-12T04:39:15.736+0000] {logging_mixin.py:190} INFO - [2026-08-12T04:39:15.736+0000] {dag.py:3211} INFO - Sync 1 DAGs
[2026-08-12T04:39:15.759+0000] {logging_mixin.py:190} INFO - [2026-08-12T04:39:15.759+0000] {dag.py:4138} INFO - Setting next_dagrun for example_short_circuit_operator to 2026-08-11 00:00:00+00:00, run_after=2026-08-12 00:00:00+00:00
[2026-08-12T04:39:15.780+0000] {processor.py:208} INFO - Processing /home/airflow/.local/lib/python3.12/site-packages/airflow/example_dags/example_short_circuit_operator.py took 0.094 seconds
[2026-08-12T04:39:46.605+0000] {processor.py:186} INFO - Started process (PID=906) to work on /home/airflow/.local/lib/python3.12/site-packages/airflow/example_dags/example_short_circuit_operator.py
[2026-08-12T04:39:46.607+0000] {processor.py:914} INFO - Processing file /home/airflow/.local/lib/python3.12/site-packages/airflow/example_dags/example_short_circuit_operator.py for tasks to queue
[2026-08-12T04:39:46.611+0000] {logging_mixin.py:190} INFO - [2026-08-12T04:39:46.610+0000] {dagbag.py:587} INFO - Filling up the DagBag from /home/airflow/.local/lib/python3.12/site-packages/airflow/example_dags/example_short_circuit_operator.py
[2026-08-12T04:39:46.621+0000] {processor.py:925} INFO - DAG(s) 'example_short_circuit_operator' retrieved from /home/airflow/.local/lib/python3.12/site-packages/airflow/example_dags/example_short_circuit_operator.py
[2026-08-12T04:39:46.654+0000] {logging_mixin.py:190} INFO - [2026-08-12T04:39:46.653+0000] {dag.py:3211} INFO - Sync 1 DAGs
[2026-08-12T04:39:46.681+0000] {logging_mixin.py:190} INFO - [2026-08-12T04:39:46.681+0000] {dag.py:4138} INFO - Setting next_dagrun for example_short_circuit_operator to 2026-08-11 00:00:00+00:00, run_after=2026-08-12 00:00:00+00:00
[2026-08-12T04:39:46.704+0000] {processor.py:208} INFO - Processing /home/airflow/.local/lib/python3.12/site-packages/airflow/example_dags/example_short_circuit_operator.py took 0.105 seconds
[2026-08-12T04:40:17.309+0000] {processor.py:186} INFO - Started process (PID=968) to work on /home/airflow/.local/lib/python3.12/site-packages/airflow/example_dags/example_short_circuit_operator.py
[2026-08-12T04:40:17.311+0000] {processor.py:914} INFO - Processing file /home/airflow/.local/lib/python3.12/site-packages/airflow/example_dags/example_short_circuit_operator.py for tasks to queue
[2026-08-12T04:40:17.316+0000] {logging_mixin.py:190} INFO - [2026-08-12T04:40:17.315+0000] {dagbag.py:587} INFO - Filling up the DagBag from /home/airflow/.local/lib/python3.12/site-packages/airflow/example_dags/example_short_circuit_operator.py
[2026-08-12T04:40:17.325+0000] {processor.py:925} INFO - DAG(s) 'example_short_circuit_operator' retrieved from /home/airflow/.local/lib/python3.12/site-packages/airflow/example_dags/example_short_circuit_operator.py
[2026-08-12T04:40:17.353+0000] {logging_mixin.py:190} INFO - [2026-08-12T04:40:17.353+0000] {dag.py:3211} INFO - Sync 1 DAGs
[2026-08-12T04:40:17.377+0000] {logging_mixin.py:190} INFO - [2026-08-12T04:40:17.377+0000] {dag.py:4138} INFO - Setting next_dagrun for example_short_circuit_operator to 2026-08-11 00:00:00+00:00, run_after=2026-08-12 00:00:00+00:00
[2026-08-12T04:40:17.400+0000] {processor.py:208} INFO - Processing /home/airflow/.local/lib/python3.12/site-packages/airflow/example_dags/example_short_circuit_operator.py took 0.097 seconds
[2026-08-12T04:40:47.942+0000] {processor.py:186} INFO - Started process (PID=1031) to work on /home/airflow/.local/lib/python3.12/site-packages/airflow/example_dags/example_short_circuit_operator.py
[2026-08-12T04:40:47.944+0000] {processor.py:914} INFO - Processing file /home/airflow/.local/lib/python3.12/site-packages/airflow/example_dags/example_short_circuit_operator.py for tasks to queue
[2026-08-12T04:40:47.947+0000] {logging_mixin.py:190} INFO - [2026-08-12T04:40:47.947+0000] {dagbag.py:587} INFO - Filling up the DagBag from /home/airflow/.local/lib/python3.12/site-packages/airflow/example_dags/example_short_circuit_operator.py
[2026-08-12T04:40:47.957+0000] {processor.py:925} INFO - DAG(s) 'example_short_circuit_operator' retrieved from /home/airflow/.local/lib/python3.12/site-packages/airflow/example_dags/example_short_circuit_operator.py
[2026-08-12T04:40:47.979+0000] {logging_mixin.py:190} INFO - [2026-08-12T04:40:47.979+0000] {dag.py:3211} INFO - Sync 1 DAGs
[2026-08-12T04:40:48.015+0000] {logging_mixin.py:190} INFO - [2026-08-12T04:40:48.015+0000] {dag.py:4138} INFO - Setting next_dagrun for example_short_circuit_operator to 2026-08-11 00:00:00+00:00, run_after=2026-08-12 00:00:00+00:00
[2026-08-12T04:40:48.037+0000] {processor.py:208} INFO - Processing /home/airflow/.local/lib/python3.12/site-packages/airflow/example_dags/example_short_circuit_operator.py took 0.101 seconds
[2026-08-12T04:41:18.923+0000] {processor.py:186} INFO - Started process (PID=1093) to work on /home/airflow/.local/lib/python3.12/site-packages/airflow/example_dags/example_short_circuit_operator.py
[2026-08-12T04:41:18.925+0000] {processor.py:914} INFO - Processing file /home/airflow/.local/lib/python3.12/site-packages/airflow/example_dags/example_short_circuit_operator.py for tasks to queue
[2026-08-12T04:41:18.929+0000] {logging_mixin.py:190} INFO - [2026-08-12T04:41:18.928+0000] {dagbag.py:587} INFO - Filling up the DagBag from /home/airflow/.local/lib/python3.12/site-packages/airflow/example_dags/example_short_circuit_operator.py
[2026-08-12T04:41:18.938+0000] {processor.py:925} INFO - DAG(s) 'example_short_circuit_operator' retrieved from /home/airflow/.local/lib/python3.12/site-packages/airflow/example_dags/example_short_circuit_operator.py
[2026-08-12T04:41:18.965+0000] {logging_mixin.py:190} INFO - [2026-08-12T04:41:18.965+0000] {dag.py:3211} INFO - Sync 1 DAGs
[2026-08-12T04:41:18.990+0000] {logging_mixin.py:190} INFO - [2026-08-12T04:41:18.990+0000] {dag.py:4138} INFO - Setting next_dagrun for example_short_circuit_operator to 2026-08-11 00:00:00+00:00, run_after=2026-08-12 00:00:00+00:00
[2026-08-12T04:41:19.014+0000] {processor.py:208} INFO - Processing /home/airflow/.local/lib/python3.12/site-packages/airflow/example_dags/example_short_circuit_operator.py took 0.096 seconds
[2026-08-12T04:41:49.325+0000] {processor.py:186} INFO - Started process (PID=1154) to work on /home/airflow/.local/lib/python3.12/site-packages/airflow/example_dags/example_short_circuit_operator.py
[2026-08-12T04:41:49.327+0000] {processor.py:914} INFO - Processing file /home/airflow/.local/lib/python3.12/site-packages/airflow/example_dags/example_short_circuit_operator.py for tasks to queue
[2026-08-12T04:41:49.330+0000] {logging_mixin.py:190} INFO - [2026-08-12T04:41:49.330+0000] {dagbag.py:587} INFO - Filling up the DagBag from /home/airflow/.local/lib/python3.12/site-packages/airflow/example_dags/example_short_circuit_operator.py
[2026-08-12T04:41:49.340+0000] {processor.py:925} INFO - DAG(s) 'example_short_circuit_operator' retrieved from /home/airflow/.local/lib/python3.12/site-packages/airflow/example_dags/example_short_circuit_operator.py
[2026-08-12T04:41:49.367+0000] {logging_mixin.py:190} INFO - [2026-08-12T04:41:49.367+0000] {dag.py:3211} INFO - Sync 1 DAGs
[2026-08-12T04:41:49.409+0000] {logging_mixin.py:190} INFO - [2026-08-12T04:41:49.409+0000] {dag.py:4138} INFO - Setting next_dagrun for example_short_circuit_operator to 2026-08-11 00:00:00+00:00, run_after=2026-08-12 00:00:00+00:00
[2026-08-12T04:41:49.430+0000] {processor.py:208} INFO - Processing /home/airflow/.local/lib/python3.12/site-packages/airflow/example_dags/example_short_circuit_operator.py took 0.109 seconds
[2026-08-12T04:42:20.379+0000] {processor.py:186} INFO - Started process (PID=1216) to work on /home/airflow/.local/lib/python3.12/site-packages/airflow/example_dags/example_short_circuit_operator.py
[2026-08-12T04:42:20.381+0000] {processor.py:914} INFO - Processing file /home/airflow/.local/lib/python3.12/site-packages/airflow/example_dags/example_short_circuit_operator.py for tasks to queue
[2026-08-12T04:42:20.385+0000] {logging_mixin.py:190} INFO - [2026-08-12T04:42:20.384+0000] {dagbag.py:587} INFO - Filling up the DagBag from /home/airflow/.local/lib/python3.12/site-packages/airflow/example_dags/example_short_circuit_operator.py
[2026-08-12T04:42:20.396+0000] {processor.py:925} INFO - DAG(s) 'example_short_circuit_operator' retrieved from /home/airflow/.local/lib/python3.12/site-packages/airflow/example_dags/example_short_circuit_operator.py
[2026-08-12T04:42:20.430+0000] {logging_mixin.py:190} INFO - [2026-08-12T04:42:20.430+0000] {dag.py:3211} INFO - Sync 1 DAGs
[2026-08-12T04:42:20.459+0000] {logging_mixin.py:190} INFO - [2026-08-12T04:42:20.459+0000] {dag.py:4138} INFO - Setting next_dagrun for example_short_circuit_operator to 2026-08-11 00:00:00+00:00, run_after=2026-08-12 00:00:00+00:00
[2026-08-12T04:42:20.482+0000] {processor.py:208} INFO - Processing /home/airflow/.local/lib/python3.12/site-packages/airflow/example_dags/example_short_circuit_operator.py took 0.109 seconds
[2026-08-12T04:42:50.838+0000] {processor.py:186} INFO - Started process (PID=1278) to work on /home/airflow/.local/lib/python3.12/site-packages/airflow/example_dags/example_short_circuit_operator.py
[2026-08-12T04:42:50.840+0000] {processor.py:914} INFO - Processing file /home/airflow/.local/lib/python3.12/site-packages/airflow/example_dags/example_short_circuit_operator.py for tasks to queue
[2026-08-12T04:42:50.845+0000] {logging_mixin.py:190} INFO - [2026-08-12T04:42:50.845+0000] {dagbag.py:587} INFO - Filling up the DagBag from /home/airflow/.local/lib/python3.12/site-packages/airflow/example_dags/example_short_circuit_operator.py
[2026-08-12T04:42:50.858+0000] {processor.py:925} INFO - DAG(s) 'example_short_circuit_operator' retrieved from /home/airflow/.local/lib/python3.12/site-packages/airflow/example_dags/example_short_circuit_operator.py
[2026-08-12T04:42:50.882+0000] {logging_mixin.py:190} INFO - [2026-08-12T04:42:50.882+0000] {dag.py:3211} INFO - Sync 1 DAGs
[2026-08-12T04:42:50.909+0000] {logging_mixin.py:190} INFO - [2026-08-12T04:42:50.909+0000] {dag.py:4138} INFO - Setting next_dagrun for example_short_circuit_operator to 2026-08-11 00:00:00+00:00, run_after=2026-08-12 00:00:00+00:00
[2026-08-12T04:42:50.932+0000] {processor.py:208} INFO - Processing /home/airflow/.local/lib/python3.12/site-packages/airflow/example_dags/example_short_circuit_operator.py took 0.102 seconds
[2026-08-12T04:43:21.534+0000] {processor.py:186} INFO - Started process (PID=1340) to work on /home/airflow/.local/lib/python3.12/site-packages/airflow/example_dags/example_short_circuit_operator.py
[2026-08-12T04:43:21.537+0000] {processor.py:914} INFO - Processing file /home/airflow/.local/lib/python3.12/site-packages/airflow/example_dags/example_short_circuit_operator.py for tasks to queue
[2026-08-12T04:43:21.542+0000] {logging_mixin.py:190} INFO - [2026-08-12T04:43:21.541+0000] {dagbag.py:587} INFO - Filling up the DagBag from /home/airflow/.local/lib/python3.12/site-packages/airflow/example_dags/example_short_circuit_operator.py
[2026-08-12T04:43:21.554+0000] {processor.py:925} INFO - DAG(s) 'example_short_circuit_operator' retrieved from /home/airflow/.local/lib/python3.12/site-packages/airflow/example_dags/example_short_circuit_operator.py
[2026-08-12T04:43:21.582+0000] {logging_mixin.py:190} INFO - [2026-08-12T04:43:21.582+0000] {dag.py:3211} INFO - Sync 1 DAGs
[2026-08-12T04:43:21.608+0000] {logging_mixin.py:190} INFO - [2026-08-12T04:43:21.608+0000] {dag.py:4138} INFO - Setting next_dagrun for example_short_circuit_operator to 2026-08-11 00:00:00+00:00, run_after=2026-08-12 00:00:00+00:00
[2026-08-12T04:43:21.629+0000] {processor.py:208} INFO - Processing /home/airflow/.local/lib/python3.12/site-packages/airflow/example_dags/example_short_circuit_operator.py took 0.102 seconds
[2026-08-12T04:43:52.392+0000] {processor.py:186} INFO - Started process (PID=1402) to work on /home/airflow/.local/lib/python3.12/site-packages/airflow/example_dags/example_short_circuit_operator.py
[2026-08-12T04:43:52.394+0000] {processor.py:914} INFO - Processing file /home/airflow/.local/lib/python3.12/site-packages/airflow/example_dags/example_short_circuit_operator.py for tasks to queue
[2026-08-12T04:43:52.397+0000] {logging_mixin.py:190} INFO - [2026-08-12T04:43:52.397+0000] {dagbag.py:587} INFO - Filling up the DagBag from /home/airflow/.local/lib/python3.12/site-packages/airflow/example_dags/example_short_circuit_operator.py
[2026-08-12T04:43:52.409+0000] {processor.py:925} INFO - DAG(s) 'example_short_circuit_operator' retrieved from /home/airflow/.local/lib/python3.12/site-packages/airflow/example_dags/example_short_circuit_operator.py
[2026-08-12T04:43:52.436+0000] {logging_mixin.py:190} INFO - [2026-08-12T04:43:52.436+0000] {dag.py:3211} INFO - Sync 1 DAGs
[2026-08-12T04:43:52.463+0000] {logging_mixin.py:190} INFO - [2026-08-12T04:43:52.463+0000] {dag.py:4138} INFO - Setting next_dagrun for example_short_circuit_operator to 2026-08-11 00:00:00+00:00, run_after=2026-08-12 00:00:00+00:00
[2026-08-12T04:43:52.496+0000] {processor.py:208} INFO - Processing /home/airflow/.local/lib/python3.12/site-packages/airflow/example_dags/example_short_circuit_operator.py took 0.110 seconds
[2026-08-12T04:44:23.092+0000] {processor.py:186} INFO - Started process (PID=1464) to work on /home/airflow/.local/lib/python3.12/site-packages/airflow/example_dags/example_short_circuit_operator.py
[2026-08-12T04:44:23.094+0000] {processor.py:914} INFO - Processing file /home/airflow/.local/lib/python3.12/site-packages/airflow/example_dags/example_short_circuit_operator.py for tasks to queue
[2026-08-12T04:44:23.098+0000] {logging_mixin.py:190} INFO - [2026-08-12T04:44:23.097+0000] {dagbag.py:587} INFO - Filling up the DagBag from /home/airflow/.local/lib/python3.12/site-packages/airflow/example_dags/example_short_circuit_operator.py
[2026-08-12T04:44:23.110+0000] {processor.py:925} INFO - DAG(s) 'example_short_circuit_operator' retrieved from /home/airflow/.local/lib/python3.12/site-packages/airflow/example_dags/example_short_circuit_operator.py
[2026-08-12T04:44:23.141+0000] {logging_mixin.py:190} INFO - [2026-08-12T04:44:23.141+0000] {dag.py:3211} INFO - Sync 1 DAGs
[2026-08-12T04:44:23.171+0000] {logging_mixin.py:190} INFO - [2026-08-12T04:44:23.171+0000] {dag.py:4138} INFO - Setting next_dagrun for example_short_circuit_operator to 2026-08-11 00:00:00+00:00, run_after=2026-08-12 00:00:00+00:00
[2026-08-12T04:44:23.203+0000] {processor.py:208} INFO - Processing /home/airflow/.local/lib/python3.12/site-packages/airflow/example_dags/example_short_circuit_operator.py took 0.119 seconds
[2026-08-12T04:44:53.887+0000] {processor.py:186} INFO - Started process (PID=1526) to work on /home/airflow/.local/lib/python3.12/site-packages/airflow/example_dags/example_short_circuit_operator.py
[2026-08-12T04:44:53.889+0000] {processor.py:914} INFO - Processing file /home/airflow/.local/lib/python3.12/site-packages/airflow/example_dags/example_short_circuit_operator.py for tasks to queue
[2026-08-12T04:44:53.894+0000] {logging_mixin.py:190} INFO - [2026-08-12T04:44:53.893+0000] {dagbag.py:587} INFO - Filling up the DagBag from /home/airflow/.local/lib/python3.12/site-packages/airflow/example_dags/example_short_circuit_operator.py
[2026-08-12T04:44:53.916+0000] {processor.py:925} INFO - DAG(s) 'example_short_circuit_operator' retrieved from /home/airflow/.local/lib/python3.12/site-packages/airflow/example_dags/example_short_circuit_operator.py
[2026-08-12T04:44:53.950+0000] {logging_mixin.py:190} INFO - [2026-08-12T04:44:53.949+0000] {dag.py:3211} INFO - Sync 1 DAGs
[2026-08-12T04:44:53.975+0000] {logging_mixin.py:190} INFO - [2026-08-12T04:44:53.975+0000] {dag.py:4138} INFO - Setting next_dagrun for example_short_circuit_operator to 2026-08-11 00:00:00+00:00, run_after=2026-08-12 00:00:00+00:00
[2026-08-12T04:44:53.998+0000] {processor.py:208} INFO - Processing /home/airflow/.local/lib/python3.12/site-packages/airflow/example_dags/example_short_circuit_operator.py took 0.119 seconds
[2026-08-12T04:45:24.469+0000] {processor.py:186} INFO - Started process (PID=1589) to work on /home/airflow/.local/lib/python3.12/site-packages/airflow/example_dags/example_short_circuit_operator.py
[2026-08-12T04:45:24.471+0000] {processor.py:914} INFO - Processing file /home/airflow/.local/lib/python3.12/site-packages/airflow/example_dags/example_short_circuit_operator.py for tasks to queue
[2026-08-12T04:45:24.486+0000] {logging_mixin.py:190} INFO - [2026-08-12T04:45:24.486+0000] {dagbag.py:587} INFO - Filling up the DagBag from /home/airflow/.local/lib/python3.12/site-packages/airflow/example_dags/example_short_circuit_operator.py
[2026-08-12T04:45:24.497+0000] {processor.py:925} INFO - DAG(s) 'example_short_circuit_operator' retrieved from /home/airflow/.local/lib/python3.12/site-packages/airflow/example_dags/example_short_circuit_operator.py
[2026-08-12T04:45:24.524+0000] {logging_mixin.py:190} INFO - [2026-08-12T04:45:24.524+0000] {dag.py:3211} INFO - Sync 1 DAGs
[2026-08-12T04:45:24.548+0000] {logging_mixin.py:190} INFO - [2026-08-12T04:45:24.548+0000] {dag.py:4138} INFO - Setting next_dagrun for example_short_circuit_operator to 2026-08-11 00:00:00+00:00, run_after=2026-08-12 00:00:00+00:00
[2026-08-12T04:45:24.573+0000] {processor.py:208} INFO - Processing /home/airflow/.local/lib/python3.12/site-packages/airflow/example_dags/example_short_circuit_operator.py took 0.110 seconds
[2026-08-12T04:45:55.317+0000] {processor.py:186} INFO - Started process (PID=1650) to work on /home/airflow/.local/lib/python3.12/site-packages/airflow/example_dags/example_short_circuit_operator.py
[2026-08-12T04:45:55.319+0000] {processor.py:914} INFO - Processing file /home/airflow/.local/lib/python3.12/site-packages/airflow/example_dags/example_short_circuit_operator.py for tasks to queue
[2026-08-12T04:45:55.323+0000] {logging_mixin.py:190} INFO - [2026-08-12T04:45:55.323+0000] {dagbag.py:587} INFO - Filling up the DagBag from /home/airflow/.local/lib/python3.12/site-packages/airflow/example_dags/example_short_circuit_operator.py
[2026-08-12T04:45:55.336+0000] {processor.py:925} INFO - DAG(s) 'example_short_circuit_operator' retrieved from /home/airflow/.local/lib/python3.12/site-packages/airflow/example_dags/example_short_circuit_operator.py
[2026-08-12T04:45:55.371+0000] {logging_mixin.py:190} INFO - [2026-08-12T04:45:55.370+0000] {dag.py:3211} INFO - Sync 1 DAGs
[2026-08-12T04:45:55.402+0000] {logging_mixin.py:190} INFO - [2026-08-12T04:45:55.402+0000] {dag.py:4138} INFO - Setting next_dagrun for example_short_circuit_operator to 2026-08-11 00:00:00+00:00, run_after=2026-08-12 00:00:00+00:00
[2026-08-12T04:45:55.425+0000] {processor.py:208} INFO - Processing /home/airflow/.local/lib/python3.12/site-packages/airflow/example_dags/example_short_circuit_operator.py took 0.114 seconds
[2026-08-12T04:46:26.065+0000] {processor.py:186} INFO - Started process (PID=1713) to work on /home/airflow/.local/lib/python3.12/site-packages/airflow/example_dags/example_short_circuit_operator.py
[2026-08-12T04:46:26.067+0000] {processor.py:914} INFO - Processing file /home/airflow/.local/lib/python3.12/site-packages/airflow/example_dags/example_short_circuit_operator.py for tasks to queue
[2026-08-12T04:46:26.070+0000] {logging_mixin.py:190} INFO - [2026-08-12T04:46:26.070+0000] {dagbag.py:587} INFO - Filling up the DagBag from /home/airflow/.local/lib/python3.12/site-packages/airflow/example_dags/example_short_circuit_operator.py
[2026-08-12T04:46:26.081+0000] {processor.py:925} INFO - DAG(s) 'example_short_circuit_operator' retrieved from /home/airflow/.local/lib/python3.12/site-packages/airflow/example_dags/example_short_circuit_operator.py
[2026-08-12T04:46:26.140+0000] {logging_mixin.py:190} INFO - [2026-08-12T04:46:26.140+0000] {dag.py:3211} INFO - Sync 1 DAGs
[2026-08-12T04:46:26.178+0000] {logging_mixin.py:190} INFO - [2026-08-12T04:46:26.178+0000] {dag.py:4138} INFO - Setting next_dagrun for example_short_circuit_operator to 2026-08-11 00:00:00+00:00, run_after=2026-08-12 00:00:00+00:00
[2026-08-12T04:46:26.201+0000] {processor.py:208} INFO - Processing /home/airflow/.local/lib/python3.12/site-packages/airflow/example_dags/example_short_circuit_operator.py took 0.143 seconds
[2026-08-12T04:46:56.972+0000] {processor.py:186} INFO - Started process (PID=1775) to work on /home/airflow/.local/lib/python3.12/site-packages/airflow/example_dags/example_short_circuit_operator.py
[2026-08-12T04:46:56.975+0000] {processor.py:914} INFO - Processing file /home/airflow/.local/lib/python3.12/site-packages/airflow/example_dags/example_short_circuit_operator.py for tasks to queue
[2026-08-12T04:46:56.979+0000] {logging_mixin.py:190} INFO - [2026-08-12T04:46:56.978+0000] {dagbag.py:587} INFO - Filling up the DagBag from /home/airflow/.local/lib/python3.12/site-packages/airflow/example_dags/example_short_circuit_operator.py
[2026-08-12T04:46:56.988+0000] {processor.py:925} INFO - DAG(s) 'example_short_circuit_operator' retrieved from /home/airflow/.local/lib/python3.12/site-packages/airflow/example_dags/example_short_circuit_operator.py
[2026-08-12T04:46:57.012+0000] {logging_mixin.py:190} INFO - [2026-08-12T04:46:57.012+0000] {dag.py:3211} INFO - Sync 1 DAGs
[2026-08-12T04:46:57.038+0000] {logging_mixin.py:190} INFO - [2026-08-12T04:46:57.038+0000] {dag.py:4138} INFO - Setting next_dagrun for example_short_circuit_operator to 2026-08-11 00:00:00+00:00, run_after=2026-08-12 00:00:00+00:00
[2026-08-12T04:46:57.063+0000] {processor.py:208} INFO - Processing /home/airflow/.local/lib/python3.12/site-packages/airflow/example_dags/example_short_circuit_operator.py took 0.096 seconds
[2026-08-12T04:47:27.184+0000] {processor.py:186} INFO - Started process (PID=1836) to work on /home/airflow/.local/lib/python3.12/site-packages/airflow/example_dags/example_short_circuit_operator.py
[2026-08-12T04:47:27.186+0000] {processor.py:914} INFO - Processing file /home/airflow/.local/lib/python3.12/site-packages/airflow/example_dags/example_short_circuit_operator.py for tasks to queue
[2026-08-12T04:47:27.189+0000] {logging_mixin.py:190} INFO - [2026-08-12T04:47:27.189+0000] {dagbag.py:587} INFO - Filling up the DagBag from /home/airflow/.local/lib/python3.12/site-packages/airflow/example_dags/example_short_circuit_operator.py
[2026-08-12T04:47:27.204+0000] {processor.py:925} INFO - DAG(s) 'example_short_circuit_operator' retrieved from /home/airflow/.local/lib/python3.12/site-packages/airflow/example_dags/example_short_circuit_operator.py
[2026-08-12T04:47:27.234+0000] {logging_mixin.py:190} INFO - [2026-08-12T04:47:27.234+0000] {dag.py:3211} INFO - Sync 1 DAGs
[2026-08-12T04:47:27.276+0000] {logging_mixin.py:190} INFO - [2026-08-12T04:47:27.276+0000] {dag.py:4138} INFO - Setting next_dagrun for example_short_circuit_operator to 2026-08-11 00:00:00+00:00, run_after=2026-08-12 00:00:00+00:00
[2026-08-12T04:47:27.298+0000] {processor.py:208} INFO - Processing /home/airflow/.local/lib/python3.12/site-packages/airflow/example_dags/example_short_circuit_operator.py took 0.123 seconds
[2026-08-12T04:47:57.977+0000] {processor.py:186} INFO - Started process (PID=1898) to work on /home/airflow/.local/lib/python3.12/site-packages/airflow/example_dags/example_short_circuit_operator.py
[2026-08-12T04:47:57.979+0000] {processor.py:914} INFO - Processing file /home/airflow/.local/lib/python3.12/site-packages/airflow/example_dags/example_short_circuit_operator.py for tasks to queue
[2026-08-12T04:47:57.982+0000] {logging_mixin.py:190} INFO - [2026-08-12T04:47:57.982+0000] {dagbag.py:587} INFO - Filling up the DagBag from /home/airflow/.local/lib/python3.12/site-packages/airflow/example_dags/example_short_circuit_operator.py
[2026-08-12T04:47:57.996+0000] {processor.py:925} INFO - DAG(s) 'example_short_circuit_operator' retrieved from /home/airflow/.local/lib/python3.12/site-packages/airflow/example_dags/example_short_circuit_operator.py
[2026-08-12T04:47:58.030+0000] {logging_mixin.py:190} INFO - [2026-08-12T04:47:58.030+0000] {dag.py:3211} INFO - Sync 1 DAGs
[2026-08-12T04:47:58.064+0000] {logging_mixin.py:190} INFO - [2026-08-12T04:47:58.064+0000] {dag.py:4138} INFO - Setting next_dagrun for example_short_circuit_operator to 2026-08-11 00:00:00+00:00, run_after=2026-08-12 00:00:00+00:00
[2026-08-12T04:47:58.089+0000] {processor.py:208} INFO - Processing /home/airflow/.local/lib/python3.12/site-packages/airflow/example_dags/example_short_circuit_operator.py took 0.121 seconds
