[2026-08-12T04:30:39.904+0000] {processor.py:186} INFO - Started process (PID=74) to work on /home/airflow/.local/lib/python3.12/site-packages/airflow/example_dags/example_dataset_alias_with_no_taskflow.py
[2026-08-12T04:30:39.911+0000] {processor.py:914} INFO - Processing file /home/airflow/.local/lib/python3.12/site-packages/airflow/example_dags/example_dataset_alias_with_no_taskflow.py for tasks to queue
[2026-08-12T04:30:39.925+0000] {logging_mixin.py:190} INFO - [2026-08-12T04:30:39.924+0000] {dagbag.py:587} INFO - Filling up the DagBag from /home/airflow/.local/lib/python3.12/site-packages/airflow/example_dags/example_dataset_alias_with_no_taskflow.py
[2026-08-12T04:30:40.251+0000] {processor.py:925} INFO - DAG(s) 'dataset_alias_example_alias_consumer_with_no_taskflow', 'dataset_s3_bucket_producer_with_no_taskflow', 'dataset_alias_example_alias_producer_with_no_taskflow', 'dataset_s3_bucket_consumer_with_no_taskflow' retrieved from /home/airflow/.local/lib/python3.12/site-packages/airflow/example_dags/example_dataset_alias_with_no_taskflow.py
[2026-08-12T04:30:40.432+0000] {logging_mixin.py:190} INFO - [2026-08-12T04:30:40.431+0000] {override.py:1858} INFO - Created Permission View: can delete on DAG:dataset_alias_example_alias_consumer_with_no_taskflow
[2026-08-12T04:30:40.451+0000] {logging_mixin.py:190} INFO - [2026-08-12T04:30:40.451+0000] {override.py:1858} INFO - Created Permission View: can read on DAG:dataset_alias_example_alias_consumer_with_no_taskflow
[2026-08-12T04:30:40.465+0000] {logging_mixin.py:190} INFO - [2026-08-12T04:30:40.465+0000] {override.py:1858} INFO - Created Permission View: can edit on DAG:dataset_alias_example_alias_consumer_with_no_taskflow
[2026-08-12T04:30:40.484+0000] {logging_mixin.py:190} INFO - [2026-08-12T04:30:40.484+0000] {override.py:1858} INFO - Created Permission View: can delete on DAG:dataset_s3_bucket_producer_with_no_taskflow
[2026-08-12T04:30:40.495+0000] {logging_mixin.py:190} INFO - [2026-08-12T04:30:40.495+0000] {override.py:1858} INFO - Created Permission View: can read on DAG:dataset_s3_bucket_producer_with_no_taskflow
[2026-08-12T04:30:40.505+0000] {logging_mixin.py:190} INFO - [2026-08-12T04:30:40.504+0000] {override.py:1858} INFO - Created Permission View: can edit on DAG:dataset_s3_bucket_producer_with_no_taskflow
[2026-08-12T04:30:40.530+0000] {logging_mixin.py:190} INFO - [2026-08-12T04:30:40.530+0000] {override.py:1858} INFO - Created Permission View: can delete on DAG:dataset_alias_example_alias_producer_with_no_taskflow
[2026-08-12T04:30:40.545+0000] {logging_mixin.py:190} INFO - [2026-08-12T04:30:40.545+0000] {override.py:1858} INFO - Created Permission View: can read on DAG:dataset_alias_example_alias_producer_with_no_taskflow
[2026-08-12T04:30:40.560+0000] {logging_mixin.py:190} INFO - [2026-08-12T04:30:40.559+0000] {override.py:1858} INFO - Created Permission View: can edit on DAG:dataset_alias_example_alias_producer_with_no_taskflow
[2026-08-12T04:30:40.580+0000] {logging_mixin.py:190} INFO - [2026-08-12T04:30:40.579+0000] {override.py:1858} INFO - Created Permission View: can delete on DAG:dataset_s3_bucket_consumer_with_no_taskflow
[2026-08-12T04:30:40.594+0000] {logging_mixin.py:190} INFO - [2026-08-12T04:30:40.593+0000] {override.py:1858} INFO - Created Permission View: can read on DAG:dataset_s3_bucket_consumer_with_no_taskflow
[2026-08-12T04:30:40.604+0000] {logging_mixin.py:190} INFO - [2026-08-12T04:30:40.603+0000] {override.py:1858} INFO - Created Permission View: can edit on DAG:dataset_s3_bucket_consumer_with_no_taskflow
[2026-08-12T04:30:40.606+0000] {logging_mixin.py:190} INFO - [2026-08-12T04:30:40.606+0000] {dag.py:3211} INFO - Sync 4 DAGs
[2026-08-12T04:30:40.622+0000] {logging_mixin.py:190} INFO - [2026-08-12T04:30:40.622+0000] {dag.py:3234} INFO - Creating ORM DAG for dataset_alias_example_alias_consumer_with_no_taskflow
[2026-08-12T04:30:40.624+0000] {logging_mixin.py:190} INFO - [2026-08-12T04:30:40.624+0000] {dag.py:3234} INFO - Creating ORM DAG for dataset_s3_bucket_producer_with_no_taskflow
[2026-08-12T04:30:40.626+0000] {logging_mixin.py:190} INFO - [2026-08-12T04:30:40.626+0000] {dag.py:3234} INFO - Creating ORM DAG for dataset_alias_example_alias_producer_with_no_taskflow
[2026-08-12T04:30:40.627+0000] {logging_mixin.py:190} INFO - [2026-08-12T04:30:40.627+0000] {dag.py:3234} INFO - Creating ORM DAG for dataset_s3_bucket_consumer_with_no_taskflow
[2026-08-12T04:30:40.640+0000] {logging_mixin.py:190} INFO - [2026-08-12T04:30:40.640+0000] {dag.py:4138} INFO - Setting next_dagrun for dataset_alias_example_alias_consumer_with_no_taskflow to None, run_after=None
[2026-08-12T04:30:40.642+0000] {logging_mixin.py:190} INFO - [2026-08-12T04:30:40.642+0000] {dag.py:4138} INFO - Setting next_dagrun for dataset_alias_example_alias_producer_with_no_taskflow to None, run_after=None
[2026-08-12T04:30:40.644+0000] {logging_mixin.py:190} INFO - [2026-08-12T04:30:40.644+0000] {dag.py:4138} INFO - Setting next_dagrun for dataset_s3_bucket_consumer_with_no_taskflow to None, run_after=None
[2026-08-12T04:30:40.645+0000] {logging_mixin.py:190} INFO - [2026-08-12T04:30:40.645+0000] {dag.py:4138} INFO - Setting next_dagrun for dataset_s3_bucket_producer_with_no_taskflow to None, run_after=None
[2026-08-12T04:30:40.685+0000] {processor.py:208} INFO - Processing /home/airflow/.local/lib/python3.12/site-packages/airflow/example_dags/example_dataset_alias_with_no_taskflow.py took 0.803 seconds
[2026-08-12T04:31:11.461+0000] {processor.py:186} INFO - Started process (PID=136) to work on /home/airflow/.local/lib/python3.12/site-packages/airflow/example_dags/example_dataset_alias_with_no_taskflow.py
[2026-08-12T04:31:11.462+0000] {processor.py:914} INFO - Processing file /home/airflow/.local/lib/python3.12/site-packages/airflow/example_dags/example_dataset_alias_with_no_taskflow.py for tasks to queue
[2026-08-12T04:31:11.466+0000] {logging_mixin.py:190} INFO - [2026-08-12T04:31:11.465+0000] {dagbag.py:587} INFO - Filling up the DagBag from /home/airflow/.local/lib/python3.12/site-packages/airflow/example_dags/example_dataset_alias_with_no_taskflow.py
[2026-08-12T04:31:11.655+0000] {processor.py:925} INFO - DAG(s) 'dataset_s3_bucket_consumer_with_no_taskflow', 'dataset_s3_bucket_producer_with_no_taskflow', 'dataset_alias_example_alias_producer_with_no_taskflow', 'dataset_alias_example_alias_consumer_with_no_taskflow' retrieved from /home/airflow/.local/lib/python3.12/site-packages/airflow/example_dags/example_dataset_alias_with_no_taskflow.py
[2026-08-12T04:31:11.679+0000] {logging_mixin.py:190} INFO - [2026-08-12T04:31:11.679+0000] {dag.py:3211} INFO - Sync 4 DAGs
[2026-08-12T04:31:11.718+0000] {logging_mixin.py:190} INFO - [2026-08-12T04:31:11.718+0000] {dag.py:4138} INFO - Setting next_dagrun for dataset_alias_example_alias_consumer_with_no_taskflow to None, run_after=None
[2026-08-12T04:31:11.723+0000] {logging_mixin.py:190} INFO - [2026-08-12T04:31:11.723+0000] {dag.py:4138} INFO - Setting next_dagrun for dataset_alias_example_alias_producer_with_no_taskflow to None, run_after=None
[2026-08-12T04:31:11.726+0000] {logging_mixin.py:190} INFO - [2026-08-12T04:31:11.726+0000] {dag.py:4138} INFO - Setting next_dagrun for dataset_s3_bucket_consumer_with_no_taskflow to None, run_after=None
[2026-08-12T04:31:11.728+0000] {logging_mixin.py:190} INFO - [2026-08-12T04:31:11.728+0000] {dag.py:4138} INFO - Setting next_dagrun for dataset_s3_bucket_producer_with_no_taskflow to None, run_after=None
[2026-08-12T04:31:11.756+0000] {processor.py:208} INFO - Processing /home/airflow/.local/lib/python3.12/site-packages/airflow/example_dags/example_dataset_alias_with_no_taskflow.py took 0.303 seconds
[2026-08-12T04:31:41.905+0000] {processor.py:186} INFO - Started process (PID=200) to work on /home/airflow/.local/lib/python3.12/site-packages/airflow/example_dags/example_dataset_alias_with_no_taskflow.py
[2026-08-12T04:31:41.909+0000] {processor.py:914} INFO - Processing file /home/airflow/.local/lib/python3.12/site-packages/airflow/example_dags/example_dataset_alias_with_no_taskflow.py for tasks to queue
[2026-08-12T04:31:41.912+0000] {logging_mixin.py:190} INFO - [2026-08-12T04:31:41.912+0000] {dagbag.py:587} INFO - Filling up the DagBag from /home/airflow/.local/lib/python3.12/site-packages/airflow/example_dags/example_dataset_alias_with_no_taskflow.py
[2026-08-12T04:31:42.102+0000] {processor.py:925} INFO - DAG(s) 'dataset_alias_example_alias_consumer_with_no_taskflow', 'dataset_alias_example_alias_producer_with_no_taskflow', 'dataset_s3_bucket_consumer_with_no_taskflow', 'dataset_s3_bucket_producer_with_no_taskflow' retrieved from /home/airflow/.local/lib/python3.12/site-packages/airflow/example_dags/example_dataset_alias_with_no_taskflow.py
[2026-08-12T04:31:42.128+0000] {logging_mixin.py:190} INFO - [2026-08-12T04:31:42.128+0000] {dag.py:3211} INFO - Sync 4 DAGs
[2026-08-12T04:31:42.153+0000] {logging_mixin.py:190} INFO - [2026-08-12T04:31:42.153+0000] {dag.py:4138} INFO - Setting next_dagrun for dataset_alias_example_alias_consumer_with_no_taskflow to None, run_after=None
[2026-08-12T04:31:42.159+0000] {logging_mixin.py:190} INFO - [2026-08-12T04:31:42.159+0000] {dag.py:4138} INFO - Setting next_dagrun for dataset_alias_example_alias_producer_with_no_taskflow to None, run_after=None
[2026-08-12T04:31:42.162+0000] {logging_mixin.py:190} INFO - [2026-08-12T04:31:42.162+0000] {dag.py:4138} INFO - Setting next_dagrun for dataset_s3_bucket_consumer_with_no_taskflow to None, run_after=None
[2026-08-12T04:31:42.164+0000] {logging_mixin.py:190} INFO - [2026-08-12T04:31:42.164+0000] {dag.py:4138} INFO - Setting next_dagrun for dataset_s3_bucket_producer_with_no_taskflow to None, run_after=None
[2026-08-12T04:31:42.212+0000] {processor.py:208} INFO - Processing /home/airflow/.local/lib/python3.12/site-packages/airflow/example_dags/example_dataset_alias_with_no_taskflow.py took 0.313 seconds
[2026-08-12T04:33:00.603+0000] {processor.py:186} INFO - Started process (PID=60) to work on /home/airflow/.local/lib/python3.12/site-packages/airflow/example_dags/example_dataset_alias_with_no_taskflow.py
[2026-08-12T04:33:00.605+0000] {processor.py:914} INFO - Processing file /home/airflow/.local/lib/python3.12/site-packages/airflow/example_dags/example_dataset_alias_with_no_taskflow.py for tasks to queue
[2026-08-12T04:33:00.611+0000] {logging_mixin.py:190} INFO - [2026-08-12T04:33:00.611+0000] {dagbag.py:587} INFO - Filling up the DagBag from /home/airflow/.local/lib/python3.12/site-packages/airflow/example_dags/example_dataset_alias_with_no_taskflow.py
[2026-08-12T04:33:00.869+0000] {processor.py:925} INFO - DAG(s) 'dataset_alias_example_alias_consumer_with_no_taskflow', 'dataset_s3_bucket_producer_with_no_taskflow', 'dataset_s3_bucket_consumer_with_no_taskflow', 'dataset_alias_example_alias_producer_with_no_taskflow' retrieved from /home/airflow/.local/lib/python3.12/site-packages/airflow/example_dags/example_dataset_alias_with_no_taskflow.py
[2026-08-12T04:33:00.916+0000] {logging_mixin.py:190} INFO - [2026-08-12T04:33:00.916+0000] {dag.py:3211} INFO - Sync 4 DAGs
[2026-08-12T04:33:00.960+0000] {logging_mixin.py:190} INFO - [2026-08-12T04:33:00.960+0000] {dag.py:4138} INFO - Setting next_dagrun for dataset_alias_example_alias_consumer_with_no_taskflow to None, run_after=None
[2026-08-12T04:33:00.965+0000] {logging_mixin.py:190} INFO - [2026-08-12T04:33:00.965+0000] {dag.py:4138} INFO - Setting next_dagrun for dataset_alias_example_alias_producer_with_no_taskflow to None, run_after=None
[2026-08-12T04:33:00.969+0000] {logging_mixin.py:190} INFO - [2026-08-12T04:33:00.968+0000] {dag.py:4138} INFO - Setting next_dagrun for dataset_s3_bucket_consumer_with_no_taskflow to None, run_after=None
[2026-08-12T04:33:00.972+0000] {logging_mixin.py:190} INFO - [2026-08-12T04:33:00.972+0000] {dag.py:4138} INFO - Setting next_dagrun for dataset_s3_bucket_producer_with_no_taskflow to None, run_after=None
[2026-08-12T04:33:01.016+0000] {processor.py:208} INFO - Processing /home/airflow/.local/lib/python3.12/site-packages/airflow/example_dags/example_dataset_alias_with_no_taskflow.py took 0.425 seconds
[2026-08-12T04:33:31.326+0000] {processor.py:186} INFO - Started process (PID=123) to work on /home/airflow/.local/lib/python3.12/site-packages/airflow/example_dags/example_dataset_alias_with_no_taskflow.py
[2026-08-12T04:33:31.328+0000] {processor.py:914} INFO - Processing file /home/airflow/.local/lib/python3.12/site-packages/airflow/example_dags/example_dataset_alias_with_no_taskflow.py for tasks to queue
[2026-08-12T04:33:31.333+0000] {logging_mixin.py:190} INFO - [2026-08-12T04:33:31.332+0000] {dagbag.py:587} INFO - Filling up the DagBag from /home/airflow/.local/lib/python3.12/site-packages/airflow/example_dags/example_dataset_alias_with_no_taskflow.py
[2026-08-12T04:33:31.545+0000] {processor.py:925} INFO - DAG(s) 'dataset_s3_bucket_producer_with_no_taskflow', 'dataset_s3_bucket_consumer_with_no_taskflow', 'dataset_alias_example_alias_producer_with_no_taskflow', 'dataset_alias_example_alias_consumer_with_no_taskflow' retrieved from /home/airflow/.local/lib/python3.12/site-packages/airflow/example_dags/example_dataset_alias_with_no_taskflow.py
[2026-08-12T04:33:31.591+0000] {logging_mixin.py:190} INFO - [2026-08-12T04:33:31.591+0000] {dag.py:3211} INFO - Sync 4 DAGs
[2026-08-12T04:33:31.629+0000] {logging_mixin.py:190} INFO - [2026-08-12T04:33:31.629+0000] {dag.py:4138} INFO - Setting next_dagrun for dataset_alias_example_alias_consumer_with_no_taskflow to None, run_after=None
[2026-08-12T04:33:31.635+0000] {logging_mixin.py:190} INFO - [2026-08-12T04:33:31.634+0000] {dag.py:4138} INFO - Setting next_dagrun for dataset_alias_example_alias_producer_with_no_taskflow to None, run_after=None
[2026-08-12T04:33:31.638+0000] {logging_mixin.py:190} INFO - [2026-08-12T04:33:31.638+0000] {dag.py:4138} INFO - Setting next_dagrun for dataset_s3_bucket_consumer_with_no_taskflow to None, run_after=None
[2026-08-12T04:33:31.643+0000] {logging_mixin.py:190} INFO - [2026-08-12T04:33:31.643+0000] {dag.py:4138} INFO - Setting next_dagrun for dataset_s3_bucket_producer_with_no_taskflow to None, run_after=None
[2026-08-12T04:33:31.678+0000] {processor.py:208} INFO - Processing /home/airflow/.local/lib/python3.12/site-packages/airflow/example_dags/example_dataset_alias_with_no_taskflow.py took 0.359 seconds
[2026-08-12T04:34:01.867+0000] {processor.py:186} INFO - Started process (PID=185) to work on /home/airflow/.local/lib/python3.12/site-packages/airflow/example_dags/example_dataset_alias_with_no_taskflow.py
[2026-08-12T04:34:01.869+0000] {processor.py:914} INFO - Processing file /home/airflow/.local/lib/python3.12/site-packages/airflow/example_dags/example_dataset_alias_with_no_taskflow.py for tasks to queue
[2026-08-12T04:34:01.873+0000] {logging_mixin.py:190} INFO - [2026-08-12T04:34:01.873+0000] {dagbag.py:587} INFO - Filling up the DagBag from /home/airflow/.local/lib/python3.12/site-packages/airflow/example_dags/example_dataset_alias_with_no_taskflow.py
[2026-08-12T04:34:02.016+0000] {processor.py:925} INFO - DAG(s) 'dataset_s3_bucket_producer_with_no_taskflow', 'dataset_alias_example_alias_producer_with_no_taskflow', 'dataset_alias_example_alias_consumer_with_no_taskflow', 'dataset_s3_bucket_consumer_with_no_taskflow' retrieved from /home/airflow/.local/lib/python3.12/site-packages/airflow/example_dags/example_dataset_alias_with_no_taskflow.py
[2026-08-12T04:34:02.039+0000] {logging_mixin.py:190} INFO - [2026-08-12T04:34:02.039+0000] {dag.py:3211} INFO - Sync 4 DAGs
[2026-08-12T04:34:02.061+0000] {logging_mixin.py:190} INFO - [2026-08-12T04:34:02.061+0000] {dag.py:4138} INFO - Setting next_dagrun for dataset_alias_example_alias_consumer_with_no_taskflow to None, run_after=None
[2026-08-12T04:34:02.064+0000] {logging_mixin.py:190} INFO - [2026-08-12T04:34:02.064+0000] {dag.py:4138} INFO - Setting next_dagrun for dataset_alias_example_alias_producer_with_no_taskflow to None, run_after=None
[2026-08-12T04:34:02.066+0000] {logging_mixin.py:190} INFO - [2026-08-12T04:34:02.066+0000] {dag.py:4138} INFO - Setting next_dagrun for dataset_s3_bucket_consumer_with_no_taskflow to None, run_after=None
[2026-08-12T04:34:02.069+0000] {logging_mixin.py:190} INFO - [2026-08-12T04:34:02.068+0000] {dag.py:4138} INFO - Setting next_dagrun for dataset_s3_bucket_producer_with_no_taskflow to None, run_after=None
[2026-08-12T04:34:02.091+0000] {processor.py:208} INFO - Processing /home/airflow/.local/lib/python3.12/site-packages/airflow/example_dags/example_dataset_alias_with_no_taskflow.py took 0.231 seconds
[2026-08-12T04:34:32.314+0000] {processor.py:186} INFO - Started process (PID=247) to work on /home/airflow/.local/lib/python3.12/site-packages/airflow/example_dags/example_dataset_alias_with_no_taskflow.py
[2026-08-12T04:34:32.316+0000] {processor.py:914} INFO - Processing file /home/airflow/.local/lib/python3.12/site-packages/airflow/example_dags/example_dataset_alias_with_no_taskflow.py for tasks to queue
[2026-08-12T04:34:32.320+0000] {logging_mixin.py:190} INFO - [2026-08-12T04:34:32.319+0000] {dagbag.py:587} INFO - Filling up the DagBag from /home/airflow/.local/lib/python3.12/site-packages/airflow/example_dags/example_dataset_alias_with_no_taskflow.py
[2026-08-12T04:34:32.469+0000] {processor.py:925} INFO - DAG(s) 'dataset_s3_bucket_producer_with_no_taskflow', 'dataset_s3_bucket_consumer_with_no_taskflow', 'dataset_alias_example_alias_producer_with_no_taskflow', 'dataset_alias_example_alias_consumer_with_no_taskflow' retrieved from /home/airflow/.local/lib/python3.12/site-packages/airflow/example_dags/example_dataset_alias_with_no_taskflow.py
[2026-08-12T04:34:32.496+0000] {logging_mixin.py:190} INFO - [2026-08-12T04:34:32.496+0000] {dag.py:3211} INFO - Sync 4 DAGs
[2026-08-12T04:34:32.522+0000] {logging_mixin.py:190} INFO - [2026-08-12T04:34:32.522+0000] {dag.py:4138} INFO - Setting next_dagrun for dataset_alias_example_alias_consumer_with_no_taskflow to None, run_after=None
[2026-08-12T04:34:32.527+0000] {logging_mixin.py:190} INFO - [2026-08-12T04:34:32.526+0000] {dag.py:4138} INFO - Setting next_dagrun for dataset_alias_example_alias_producer_with_no_taskflow to None, run_after=None
[2026-08-12T04:34:32.529+0000] {logging_mixin.py:190} INFO - [2026-08-12T04:34:32.529+0000] {dag.py:4138} INFO - Setting next_dagrun for dataset_s3_bucket_consumer_with_no_taskflow to None, run_after=None
[2026-08-12T04:34:32.532+0000] {logging_mixin.py:190} INFO - [2026-08-12T04:34:32.531+0000] {dag.py:4138} INFO - Setting next_dagrun for dataset_s3_bucket_producer_with_no_taskflow to None, run_after=None
[2026-08-12T04:34:32.560+0000] {processor.py:208} INFO - Processing /home/airflow/.local/lib/python3.12/site-packages/airflow/example_dags/example_dataset_alias_with_no_taskflow.py took 0.253 seconds
[2026-08-12T04:35:03.244+0000] {processor.py:186} INFO - Started process (PID=309) to work on /home/airflow/.local/lib/python3.12/site-packages/airflow/example_dags/example_dataset_alias_with_no_taskflow.py
[2026-08-12T04:35:03.246+0000] {processor.py:914} INFO - Processing file /home/airflow/.local/lib/python3.12/site-packages/airflow/example_dags/example_dataset_alias_with_no_taskflow.py for tasks to queue
[2026-08-12T04:35:03.249+0000] {logging_mixin.py:190} INFO - [2026-08-12T04:35:03.249+0000] {dagbag.py:587} INFO - Filling up the DagBag from /home/airflow/.local/lib/python3.12/site-packages/airflow/example_dags/example_dataset_alias_with_no_taskflow.py
[2026-08-12T04:35:03.390+0000] {processor.py:925} INFO - DAG(s) 'dataset_alias_example_alias_consumer_with_no_taskflow', 'dataset_s3_bucket_producer_with_no_taskflow', 'dataset_alias_example_alias_producer_with_no_taskflow', 'dataset_s3_bucket_consumer_with_no_taskflow' retrieved from /home/airflow/.local/lib/python3.12/site-packages/airflow/example_dags/example_dataset_alias_with_no_taskflow.py
[2026-08-12T04:35:03.410+0000] {logging_mixin.py:190} INFO - [2026-08-12T04:35:03.410+0000] {dag.py:3211} INFO - Sync 4 DAGs
[2026-08-12T04:35:03.432+0000] {logging_mixin.py:190} INFO - [2026-08-12T04:35:03.431+0000] {dag.py:4138} INFO - Setting next_dagrun for dataset_alias_example_alias_consumer_with_no_taskflow to None, run_after=None
[2026-08-12T04:35:03.436+0000] {logging_mixin.py:190} INFO - [2026-08-12T04:35:03.436+0000] {dag.py:4138} INFO - Setting next_dagrun for dataset_alias_example_alias_producer_with_no_taskflow to None, run_after=None
[2026-08-12T04:35:03.440+0000] {logging_mixin.py:190} INFO - [2026-08-12T04:35:03.439+0000] {dag.py:4138} INFO - Setting next_dagrun for dataset_s3_bucket_consumer_with_no_taskflow to None, run_after=None
[2026-08-12T04:35:03.442+0000] {logging_mixin.py:190} INFO - [2026-08-12T04:35:03.442+0000] {dag.py:4138} INFO - Setting next_dagrun for dataset_s3_bucket_producer_with_no_taskflow to None, run_after=None
[2026-08-12T04:35:03.470+0000] {processor.py:208} INFO - Processing /home/airflow/.local/lib/python3.12/site-packages/airflow/example_dags/example_dataset_alias_with_no_taskflow.py took 0.231 seconds
[2026-08-12T04:35:34.245+0000] {processor.py:186} INFO - Started process (PID=371) to work on /home/airflow/.local/lib/python3.12/site-packages/airflow/example_dags/example_dataset_alias_with_no_taskflow.py
[2026-08-12T04:35:34.247+0000] {processor.py:914} INFO - Processing file /home/airflow/.local/lib/python3.12/site-packages/airflow/example_dags/example_dataset_alias_with_no_taskflow.py for tasks to queue
[2026-08-12T04:35:34.250+0000] {logging_mixin.py:190} INFO - [2026-08-12T04:35:34.250+0000] {dagbag.py:587} INFO - Filling up the DagBag from /home/airflow/.local/lib/python3.12/site-packages/airflow/example_dags/example_dataset_alias_with_no_taskflow.py
[2026-08-12T04:35:34.394+0000] {processor.py:925} INFO - DAG(s) 'dataset_s3_bucket_producer_with_no_taskflow', 'dataset_alias_example_alias_consumer_with_no_taskflow', 'dataset_s3_bucket_consumer_with_no_taskflow', 'dataset_alias_example_alias_producer_with_no_taskflow' retrieved from /home/airflow/.local/lib/python3.12/site-packages/airflow/example_dags/example_dataset_alias_with_no_taskflow.py
[2026-08-12T04:35:34.416+0000] {logging_mixin.py:190} INFO - [2026-08-12T04:35:34.416+0000] {dag.py:3211} INFO - Sync 4 DAGs
[2026-08-12T04:35:34.442+0000] {logging_mixin.py:190} INFO - [2026-08-12T04:35:34.442+0000] {dag.py:4138} INFO - Setting next_dagrun for dataset_alias_example_alias_consumer_with_no_taskflow to None, run_after=None
[2026-08-12T04:35:34.445+0000] {logging_mixin.py:190} INFO - [2026-08-12T04:35:34.445+0000] {dag.py:4138} INFO - Setting next_dagrun for dataset_alias_example_alias_producer_with_no_taskflow to None, run_after=None
[2026-08-12T04:35:34.447+0000] {logging_mixin.py:190} INFO - [2026-08-12T04:35:34.447+0000] {dag.py:4138} INFO - Setting next_dagrun for dataset_s3_bucket_consumer_with_no_taskflow to None, run_after=None
[2026-08-12T04:35:34.450+0000] {logging_mixin.py:190} INFO - [2026-08-12T04:35:34.449+0000] {dag.py:4138} INFO - Setting next_dagrun for dataset_s3_bucket_producer_with_no_taskflow to None, run_after=None
[2026-08-12T04:35:34.482+0000] {processor.py:208} INFO - Processing /home/airflow/.local/lib/python3.12/site-packages/airflow/example_dags/example_dataset_alias_with_no_taskflow.py took 0.243 seconds
[2026-08-12T04:36:05.259+0000] {processor.py:186} INFO - Started process (PID=433) to work on /home/airflow/.local/lib/python3.12/site-packages/airflow/example_dags/example_dataset_alias_with_no_taskflow.py
[2026-08-12T04:36:05.261+0000] {processor.py:914} INFO - Processing file /home/airflow/.local/lib/python3.12/site-packages/airflow/example_dags/example_dataset_alias_with_no_taskflow.py for tasks to queue
[2026-08-12T04:36:05.264+0000] {logging_mixin.py:190} INFO - [2026-08-12T04:36:05.264+0000] {dagbag.py:587} INFO - Filling up the DagBag from /home/airflow/.local/lib/python3.12/site-packages/airflow/example_dags/example_dataset_alias_with_no_taskflow.py
[2026-08-12T04:36:05.419+0000] {processor.py:925} INFO - DAG(s) 'dataset_s3_bucket_producer_with_no_taskflow', 'dataset_alias_example_alias_consumer_with_no_taskflow', 'dataset_alias_example_alias_producer_with_no_taskflow', 'dataset_s3_bucket_consumer_with_no_taskflow' retrieved from /home/airflow/.local/lib/python3.12/site-packages/airflow/example_dags/example_dataset_alias_with_no_taskflow.py
[2026-08-12T04:36:05.443+0000] {logging_mixin.py:190} INFO - [2026-08-12T04:36:05.442+0000] {dag.py:3211} INFO - Sync 4 DAGs
[2026-08-12T04:36:05.468+0000] {logging_mixin.py:190} INFO - [2026-08-12T04:36:05.467+0000] {dag.py:4138} INFO - Setting next_dagrun for dataset_alias_example_alias_consumer_with_no_taskflow to None, run_after=None
[2026-08-12T04:36:05.471+0000] {logging_mixin.py:190} INFO - [2026-08-12T04:36:05.471+0000] {dag.py:4138} INFO - Setting next_dagrun for dataset_alias_example_alias_producer_with_no_taskflow to None, run_after=None
[2026-08-12T04:36:05.474+0000] {logging_mixin.py:190} INFO - [2026-08-12T04:36:05.474+0000] {dag.py:4138} INFO - Setting next_dagrun for dataset_s3_bucket_consumer_with_no_taskflow to None, run_after=None
[2026-08-12T04:36:05.477+0000] {logging_mixin.py:190} INFO - [2026-08-12T04:36:05.477+0000] {dag.py:4138} INFO - Setting next_dagrun for dataset_s3_bucket_producer_with_no_taskflow to None, run_after=None
[2026-08-12T04:36:05.508+0000] {processor.py:208} INFO - Processing /home/airflow/.local/lib/python3.12/site-packages/airflow/example_dags/example_dataset_alias_with_no_taskflow.py took 0.256 seconds
[2026-08-12T04:36:35.563+0000] {processor.py:186} INFO - Started process (PID=496) to work on /home/airflow/.local/lib/python3.12/site-packages/airflow/example_dags/example_dataset_alias_with_no_taskflow.py
[2026-08-12T04:36:35.565+0000] {processor.py:914} INFO - Processing file /home/airflow/.local/lib/python3.12/site-packages/airflow/example_dags/example_dataset_alias_with_no_taskflow.py for tasks to queue
[2026-08-12T04:36:35.568+0000] {logging_mixin.py:190} INFO - [2026-08-12T04:36:35.568+0000] {dagbag.py:587} INFO - Filling up the DagBag from /home/airflow/.local/lib/python3.12/site-packages/airflow/example_dags/example_dataset_alias_with_no_taskflow.py
[2026-08-12T04:36:35.772+0000] {processor.py:925} INFO - DAG(s) 'dataset_s3_bucket_producer_with_no_taskflow', 'dataset_alias_example_alias_consumer_with_no_taskflow', 'dataset_s3_bucket_consumer_with_no_taskflow', 'dataset_alias_example_alias_producer_with_no_taskflow' retrieved from /home/airflow/.local/lib/python3.12/site-packages/airflow/example_dags/example_dataset_alias_with_no_taskflow.py
[2026-08-12T04:36:35.795+0000] {logging_mixin.py:190} INFO - [2026-08-12T04:36:35.795+0000] {dag.py:3211} INFO - Sync 4 DAGs
[2026-08-12T04:36:35.818+0000] {logging_mixin.py:190} INFO - [2026-08-12T04:36:35.818+0000] {dag.py:4138} INFO - Setting next_dagrun for dataset_alias_example_alias_consumer_with_no_taskflow to None, run_after=None
[2026-08-12T04:36:35.822+0000] {logging_mixin.py:190} INFO - [2026-08-12T04:36:35.821+0000] {dag.py:4138} INFO - Setting next_dagrun for dataset_alias_example_alias_producer_with_no_taskflow to None, run_after=None
[2026-08-12T04:36:35.824+0000] {logging_mixin.py:190} INFO - [2026-08-12T04:36:35.824+0000] {dag.py:4138} INFO - Setting next_dagrun for dataset_s3_bucket_consumer_with_no_taskflow to None, run_after=None
[2026-08-12T04:36:35.826+0000] {logging_mixin.py:190} INFO - [2026-08-12T04:36:35.826+0000] {dag.py:4138} INFO - Setting next_dagrun for dataset_s3_bucket_producer_with_no_taskflow to None, run_after=None
[2026-08-12T04:36:35.856+0000] {processor.py:208} INFO - Processing /home/airflow/.local/lib/python3.12/site-packages/airflow/example_dags/example_dataset_alias_with_no_taskflow.py took 0.300 seconds
[2026-08-12T04:37:06.406+0000] {processor.py:186} INFO - Started process (PID=557) to work on /home/airflow/.local/lib/python3.12/site-packages/airflow/example_dags/example_dataset_alias_with_no_taskflow.py
[2026-08-12T04:37:06.408+0000] {processor.py:914} INFO - Processing file /home/airflow/.local/lib/python3.12/site-packages/airflow/example_dags/example_dataset_alias_with_no_taskflow.py for tasks to queue
[2026-08-12T04:37:06.412+0000] {logging_mixin.py:190} INFO - [2026-08-12T04:37:06.411+0000] {dagbag.py:587} INFO - Filling up the DagBag from /home/airflow/.local/lib/python3.12/site-packages/airflow/example_dags/example_dataset_alias_with_no_taskflow.py
[2026-08-12T04:37:06.567+0000] {processor.py:925} INFO - DAG(s) 'dataset_alias_example_alias_consumer_with_no_taskflow', 'dataset_s3_bucket_consumer_with_no_taskflow', 'dataset_s3_bucket_producer_with_no_taskflow', 'dataset_alias_example_alias_producer_with_no_taskflow' retrieved from /home/airflow/.local/lib/python3.12/site-packages/airflow/example_dags/example_dataset_alias_with_no_taskflow.py
[2026-08-12T04:37:06.590+0000] {logging_mixin.py:190} INFO - [2026-08-12T04:37:06.590+0000] {dag.py:3211} INFO - Sync 4 DAGs
[2026-08-12T04:37:06.617+0000] {logging_mixin.py:190} INFO - [2026-08-12T04:37:06.617+0000] {dag.py:4138} INFO - Setting next_dagrun for dataset_alias_example_alias_consumer_with_no_taskflow to None, run_after=None
[2026-08-12T04:37:06.621+0000] {logging_mixin.py:190} INFO - [2026-08-12T04:37:06.621+0000] {dag.py:4138} INFO - Setting next_dagrun for dataset_alias_example_alias_producer_with_no_taskflow to None, run_after=None
[2026-08-12T04:37:06.624+0000] {logging_mixin.py:190} INFO - [2026-08-12T04:37:06.623+0000] {dag.py:4138} INFO - Setting next_dagrun for dataset_s3_bucket_consumer_with_no_taskflow to None, run_after=None
[2026-08-12T04:37:06.628+0000] {logging_mixin.py:190} INFO - [2026-08-12T04:37:06.627+0000] {dag.py:4138} INFO - Setting next_dagrun for dataset_s3_bucket_producer_with_no_taskflow to None, run_after=None
[2026-08-12T04:37:06.660+0000] {processor.py:208} INFO - Processing /home/airflow/.local/lib/python3.12/site-packages/airflow/example_dags/example_dataset_alias_with_no_taskflow.py took 0.259 seconds
[2026-08-12T04:37:37.350+0000] {processor.py:186} INFO - Started process (PID=619) to work on /home/airflow/.local/lib/python3.12/site-packages/airflow/example_dags/example_dataset_alias_with_no_taskflow.py
[2026-08-12T04:37:37.352+0000] {processor.py:914} INFO - Processing file /home/airflow/.local/lib/python3.12/site-packages/airflow/example_dags/example_dataset_alias_with_no_taskflow.py for tasks to queue
[2026-08-12T04:37:37.357+0000] {logging_mixin.py:190} INFO - [2026-08-12T04:37:37.356+0000] {dagbag.py:587} INFO - Filling up the DagBag from /home/airflow/.local/lib/python3.12/site-packages/airflow/example_dags/example_dataset_alias_with_no_taskflow.py
[2026-08-12T04:37:37.518+0000] {processor.py:925} INFO - DAG(s) 'dataset_alias_example_alias_producer_with_no_taskflow', 'dataset_s3_bucket_producer_with_no_taskflow', 'dataset_alias_example_alias_consumer_with_no_taskflow', 'dataset_s3_bucket_consumer_with_no_taskflow' retrieved from /home/airflow/.local/lib/python3.12/site-packages/airflow/example_dags/example_dataset_alias_with_no_taskflow.py
[2026-08-12T04:37:37.545+0000] {logging_mixin.py:190} INFO - [2026-08-12T04:37:37.545+0000] {dag.py:3211} INFO - Sync 4 DAGs
[2026-08-12T04:37:37.569+0000] {logging_mixin.py:190} INFO - [2026-08-12T04:37:37.569+0000] {dag.py:4138} INFO - Setting next_dagrun for dataset_alias_example_alias_consumer_with_no_taskflow to None, run_after=None
[2026-08-12T04:37:37.573+0000] {logging_mixin.py:190} INFO - [2026-08-12T04:37:37.572+0000] {dag.py:4138} INFO - Setting next_dagrun for dataset_alias_example_alias_producer_with_no_taskflow to None, run_after=None
[2026-08-12T04:37:37.575+0000] {logging_mixin.py:190} INFO - [2026-08-12T04:37:37.575+0000] {dag.py:4138} INFO - Setting next_dagrun for dataset_s3_bucket_consumer_with_no_taskflow to None, run_after=None
[2026-08-12T04:37:37.578+0000] {logging_mixin.py:190} INFO - [2026-08-12T04:37:37.577+0000] {dag.py:4138} INFO - Setting next_dagrun for dataset_s3_bucket_producer_with_no_taskflow to None, run_after=None
[2026-08-12T04:37:37.604+0000] {processor.py:208} INFO - Processing /home/airflow/.local/lib/python3.12/site-packages/airflow/example_dags/example_dataset_alias_with_no_taskflow.py took 0.259 seconds
[2026-08-12T04:38:07.979+0000] {processor.py:186} INFO - Started process (PID=682) to work on /home/airflow/.local/lib/python3.12/site-packages/airflow/example_dags/example_dataset_alias_with_no_taskflow.py
[2026-08-12T04:38:07.981+0000] {processor.py:914} INFO - Processing file /home/airflow/.local/lib/python3.12/site-packages/airflow/example_dags/example_dataset_alias_with_no_taskflow.py for tasks to queue
[2026-08-12T04:38:07.984+0000] {logging_mixin.py:190} INFO - [2026-08-12T04:38:07.983+0000] {dagbag.py:587} INFO - Filling up the DagBag from /home/airflow/.local/lib/python3.12/site-packages/airflow/example_dags/example_dataset_alias_with_no_taskflow.py
[2026-08-12T04:38:08.159+0000] {processor.py:925} INFO - DAG(s) 'dataset_alias_example_alias_producer_with_no_taskflow', 'dataset_s3_bucket_producer_with_no_taskflow', 'dataset_s3_bucket_consumer_with_no_taskflow', 'dataset_alias_example_alias_consumer_with_no_taskflow' retrieved from /home/airflow/.local/lib/python3.12/site-packages/airflow/example_dags/example_dataset_alias_with_no_taskflow.py
[2026-08-12T04:38:08.204+0000] {logging_mixin.py:190} INFO - [2026-08-12T04:38:08.204+0000] {dag.py:3211} INFO - Sync 4 DAGs
[2026-08-12T04:38:08.238+0000] {logging_mixin.py:190} INFO - [2026-08-12T04:38:08.237+0000] {dag.py:4138} INFO - Setting next_dagrun for dataset_alias_example_alias_consumer_with_no_taskflow to None, run_after=None
[2026-08-12T04:38:08.243+0000] {logging_mixin.py:190} INFO - [2026-08-12T04:38:08.242+0000] {dag.py:4138} INFO - Setting next_dagrun for dataset_alias_example_alias_producer_with_no_taskflow to None, run_after=None
[2026-08-12T04:38:08.246+0000] {logging_mixin.py:190} INFO - [2026-08-12T04:38:08.246+0000] {dag.py:4138} INFO - Setting next_dagrun for dataset_s3_bucket_consumer_with_no_taskflow to None, run_after=None
[2026-08-12T04:38:08.250+0000] {logging_mixin.py:190} INFO - [2026-08-12T04:38:08.250+0000] {dag.py:4138} INFO - Setting next_dagrun for dataset_s3_bucket_producer_with_no_taskflow to None, run_after=None
[2026-08-12T04:38:08.280+0000] {processor.py:208} INFO - Processing /home/airflow/.local/lib/python3.12/site-packages/airflow/example_dags/example_dataset_alias_with_no_taskflow.py took 0.306 seconds
[2026-08-12T04:38:38.827+0000] {processor.py:186} INFO - Started process (PID=745) to work on /home/airflow/.local/lib/python3.12/site-packages/airflow/example_dags/example_dataset_alias_with_no_taskflow.py
[2026-08-12T04:38:38.829+0000] {processor.py:914} INFO - Processing file /home/airflow/.local/lib/python3.12/site-packages/airflow/example_dags/example_dataset_alias_with_no_taskflow.py for tasks to queue
[2026-08-12T04:38:38.832+0000] {logging_mixin.py:190} INFO - [2026-08-12T04:38:38.832+0000] {dagbag.py:587} INFO - Filling up the DagBag from /home/airflow/.local/lib/python3.12/site-packages/airflow/example_dags/example_dataset_alias_with_no_taskflow.py
[2026-08-12T04:38:39.034+0000] {processor.py:925} INFO - DAG(s) 'dataset_s3_bucket_producer_with_no_taskflow', 'dataset_alias_example_alias_consumer_with_no_taskflow', 'dataset_s3_bucket_consumer_with_no_taskflow', 'dataset_alias_example_alias_producer_with_no_taskflow' retrieved from /home/airflow/.local/lib/python3.12/site-packages/airflow/example_dags/example_dataset_alias_with_no_taskflow.py
[2026-08-12T04:38:39.059+0000] {logging_mixin.py:190} INFO - [2026-08-12T04:38:39.058+0000] {dag.py:3211} INFO - Sync 4 DAGs
[2026-08-12T04:38:39.083+0000] {logging_mixin.py:190} INFO - [2026-08-12T04:38:39.083+0000] {dag.py:4138} INFO - Setting next_dagrun for dataset_alias_example_alias_consumer_with_no_taskflow to None, run_after=None
[2026-08-12T04:38:39.089+0000] {logging_mixin.py:190} INFO - [2026-08-12T04:38:39.088+0000] {dag.py:4138} INFO - Setting next_dagrun for dataset_alias_example_alias_producer_with_no_taskflow to None, run_after=None
[2026-08-12T04:38:39.092+0000] {logging_mixin.py:190} INFO - [2026-08-12T04:38:39.092+0000] {dag.py:4138} INFO - Setting next_dagrun for dataset_s3_bucket_consumer_with_no_taskflow to None, run_after=None
[2026-08-12T04:38:39.095+0000] {logging_mixin.py:190} INFO - [2026-08-12T04:38:39.094+0000] {dag.py:4138} INFO - Setting next_dagrun for dataset_s3_bucket_producer_with_no_taskflow to None, run_after=None
[2026-08-12T04:38:39.122+0000] {processor.py:208} INFO - Processing /home/airflow/.local/lib/python3.12/site-packages/airflow/example_dags/example_dataset_alias_with_no_taskflow.py took 0.301 seconds
[2026-08-12T04:39:09.796+0000] {processor.py:186} INFO - Started process (PID=805) to work on /home/airflow/.local/lib/python3.12/site-packages/airflow/example_dags/example_dataset_alias_with_no_taskflow.py
[2026-08-12T04:39:09.798+0000] {processor.py:914} INFO - Processing file /home/airflow/.local/lib/python3.12/site-packages/airflow/example_dags/example_dataset_alias_with_no_taskflow.py for tasks to queue
[2026-08-12T04:39:09.803+0000] {logging_mixin.py:190} INFO - [2026-08-12T04:39:09.803+0000] {dagbag.py:587} INFO - Filling up the DagBag from /home/airflow/.local/lib/python3.12/site-packages/airflow/example_dags/example_dataset_alias_with_no_taskflow.py
[2026-08-12T04:39:09.951+0000] {processor.py:925} INFO - DAG(s) 'dataset_s3_bucket_consumer_with_no_taskflow', 'dataset_s3_bucket_producer_with_no_taskflow', 'dataset_alias_example_alias_producer_with_no_taskflow', 'dataset_alias_example_alias_consumer_with_no_taskflow' retrieved from /home/airflow/.local/lib/python3.12/site-packages/airflow/example_dags/example_dataset_alias_with_no_taskflow.py
[2026-08-12T04:39:09.976+0000] {logging_mixin.py:190} INFO - [2026-08-12T04:39:09.976+0000] {dag.py:3211} INFO - Sync 4 DAGs
[2026-08-12T04:39:09.998+0000] {logging_mixin.py:190} INFO - [2026-08-12T04:39:09.998+0000] {dag.py:4138} INFO - Setting next_dagrun for dataset_alias_example_alias_consumer_with_no_taskflow to None, run_after=None
[2026-08-12T04:39:10.002+0000] {logging_mixin.py:190} INFO - [2026-08-12T04:39:10.001+0000] {dag.py:4138} INFO - Setting next_dagrun for dataset_alias_example_alias_producer_with_no_taskflow to None, run_after=None
[2026-08-12T04:39:10.004+0000] {logging_mixin.py:190} INFO - [2026-08-12T04:39:10.004+0000] {dag.py:4138} INFO - Setting next_dagrun for dataset_s3_bucket_consumer_with_no_taskflow to None, run_after=None
[2026-08-12T04:39:10.007+0000] {logging_mixin.py:190} INFO - [2026-08-12T04:39:10.006+0000] {dag.py:4138} INFO - Setting next_dagrun for dataset_s3_bucket_producer_with_no_taskflow to None, run_after=None
[2026-08-12T04:39:10.033+0000] {processor.py:208} INFO - Processing /home/airflow/.local/lib/python3.12/site-packages/airflow/example_dags/example_dataset_alias_with_no_taskflow.py took 0.247 seconds
[2026-08-12T04:39:40.137+0000] {processor.py:186} INFO - Started process (PID=867) to work on /home/airflow/.local/lib/python3.12/site-packages/airflow/example_dags/example_dataset_alias_with_no_taskflow.py
[2026-08-12T04:39:40.139+0000] {processor.py:914} INFO - Processing file /home/airflow/.local/lib/python3.12/site-packages/airflow/example_dags/example_dataset_alias_with_no_taskflow.py for tasks to queue
[2026-08-12T04:39:40.142+0000] {logging_mixin.py:190} INFO - [2026-08-12T04:39:40.142+0000] {dagbag.py:587} INFO - Filling up the DagBag from /home/airflow/.local/lib/python3.12/site-packages/airflow/example_dags/example_dataset_alias_with_no_taskflow.py
[2026-08-12T04:39:40.309+0000] {processor.py:925} INFO - DAG(s) 'dataset_s3_bucket_consumer_with_no_taskflow', 'dataset_s3_bucket_producer_with_no_taskflow', 'dataset_alias_example_alias_producer_with_no_taskflow', 'dataset_alias_example_alias_consumer_with_no_taskflow' retrieved from /home/airflow/.local/lib/python3.12/site-packages/airflow/example_dags/example_dataset_alias_with_no_taskflow.py
[2026-08-12T04:39:40.336+0000] {logging_mixin.py:190} INFO - [2026-08-12T04:39:40.336+0000] {dag.py:3211} INFO - Sync 4 DAGs
[2026-08-12T04:39:40.359+0000] {logging_mixin.py:190} INFO - [2026-08-12T04:39:40.359+0000] {dag.py:4138} INFO - Setting next_dagrun for dataset_alias_example_alias_consumer_with_no_taskflow to None, run_after=None
[2026-08-12T04:39:40.363+0000] {logging_mixin.py:190} INFO - [2026-08-12T04:39:40.363+0000] {dag.py:4138} INFO - Setting next_dagrun for dataset_alias_example_alias_producer_with_no_taskflow to None, run_after=None
[2026-08-12T04:39:40.366+0000] {logging_mixin.py:190} INFO - [2026-08-12T04:39:40.365+0000] {dag.py:4138} INFO - Setting next_dagrun for dataset_s3_bucket_consumer_with_no_taskflow to None, run_after=None
[2026-08-12T04:39:40.368+0000] {logging_mixin.py:190} INFO - [2026-08-12T04:39:40.368+0000] {dag.py:4138} INFO - Setting next_dagrun for dataset_s3_bucket_producer_with_no_taskflow to None, run_after=None
[2026-08-12T04:39:40.396+0000] {processor.py:208} INFO - Processing /home/airflow/.local/lib/python3.12/site-packages/airflow/example_dags/example_dataset_alias_with_no_taskflow.py took 0.264 seconds
[2026-08-12T04:40:11.048+0000] {processor.py:186} INFO - Started process (PID=929) to work on /home/airflow/.local/lib/python3.12/site-packages/airflow/example_dags/example_dataset_alias_with_no_taskflow.py
[2026-08-12T04:40:11.049+0000] {processor.py:914} INFO - Processing file /home/airflow/.local/lib/python3.12/site-packages/airflow/example_dags/example_dataset_alias_with_no_taskflow.py for tasks to queue
[2026-08-12T04:40:11.052+0000] {logging_mixin.py:190} INFO - [2026-08-12T04:40:11.052+0000] {dagbag.py:587} INFO - Filling up the DagBag from /home/airflow/.local/lib/python3.12/site-packages/airflow/example_dags/example_dataset_alias_with_no_taskflow.py
[2026-08-12T04:40:11.199+0000] {processor.py:925} INFO - DAG(s) 'dataset_s3_bucket_producer_with_no_taskflow', 'dataset_alias_example_alias_producer_with_no_taskflow', 'dataset_s3_bucket_consumer_with_no_taskflow', 'dataset_alias_example_alias_consumer_with_no_taskflow' retrieved from /home/airflow/.local/lib/python3.12/site-packages/airflow/example_dags/example_dataset_alias_with_no_taskflow.py
[2026-08-12T04:40:11.227+0000] {logging_mixin.py:190} INFO - [2026-08-12T04:40:11.226+0000] {dag.py:3211} INFO - Sync 4 DAGs
[2026-08-12T04:40:11.250+0000] {logging_mixin.py:190} INFO - [2026-08-12T04:40:11.250+0000] {dag.py:4138} INFO - Setting next_dagrun for dataset_alias_example_alias_consumer_with_no_taskflow to None, run_after=None
[2026-08-12T04:40:11.254+0000] {logging_mixin.py:190} INFO - [2026-08-12T04:40:11.254+0000] {dag.py:4138} INFO - Setting next_dagrun for dataset_alias_example_alias_producer_with_no_taskflow to None, run_after=None
[2026-08-12T04:40:11.258+0000] {logging_mixin.py:190} INFO - [2026-08-12T04:40:11.258+0000] {dag.py:4138} INFO - Setting next_dagrun for dataset_s3_bucket_consumer_with_no_taskflow to None, run_after=None
[2026-08-12T04:40:11.261+0000] {logging_mixin.py:190} INFO - [2026-08-12T04:40:11.261+0000] {dag.py:4138} INFO - Setting next_dagrun for dataset_s3_bucket_producer_with_no_taskflow to None, run_after=None
[2026-08-12T04:40:11.287+0000] {processor.py:208} INFO - Processing /home/airflow/.local/lib/python3.12/site-packages/airflow/example_dags/example_dataset_alias_with_no_taskflow.py took 0.244 seconds
[2026-08-12T04:40:41.615+0000] {processor.py:186} INFO - Started process (PID=991) to work on /home/airflow/.local/lib/python3.12/site-packages/airflow/example_dags/example_dataset_alias_with_no_taskflow.py
[2026-08-12T04:40:41.617+0000] {processor.py:914} INFO - Processing file /home/airflow/.local/lib/python3.12/site-packages/airflow/example_dags/example_dataset_alias_with_no_taskflow.py for tasks to queue
[2026-08-12T04:40:41.621+0000] {logging_mixin.py:190} INFO - [2026-08-12T04:40:41.621+0000] {dagbag.py:587} INFO - Filling up the DagBag from /home/airflow/.local/lib/python3.12/site-packages/airflow/example_dags/example_dataset_alias_with_no_taskflow.py
[2026-08-12T04:40:41.816+0000] {processor.py:925} INFO - DAG(s) 'dataset_alias_example_alias_consumer_with_no_taskflow', 'dataset_alias_example_alias_producer_with_no_taskflow', 'dataset_s3_bucket_producer_with_no_taskflow', 'dataset_s3_bucket_consumer_with_no_taskflow' retrieved from /home/airflow/.local/lib/python3.12/site-packages/airflow/example_dags/example_dataset_alias_with_no_taskflow.py
[2026-08-12T04:40:41.858+0000] {logging_mixin.py:190} INFO - [2026-08-12T04:40:41.858+0000] {dag.py:3211} INFO - Sync 4 DAGs
[2026-08-12T04:40:41.902+0000] {logging_mixin.py:190} INFO - [2026-08-12T04:40:41.901+0000] {dag.py:4138} INFO - Setting next_dagrun for dataset_alias_example_alias_consumer_with_no_taskflow to None, run_after=None
[2026-08-12T04:40:41.913+0000] {logging_mixin.py:190} INFO - [2026-08-12T04:40:41.912+0000] {dag.py:4138} INFO - Setting next_dagrun for dataset_alias_example_alias_producer_with_no_taskflow to None, run_after=None
[2026-08-12T04:40:41.920+0000] {logging_mixin.py:190} INFO - [2026-08-12T04:40:41.919+0000] {dag.py:4138} INFO - Setting next_dagrun for dataset_s3_bucket_consumer_with_no_taskflow to None, run_after=None
[2026-08-12T04:40:41.928+0000] {logging_mixin.py:190} INFO - [2026-08-12T04:40:41.928+0000] {dag.py:4138} INFO - Setting next_dagrun for dataset_s3_bucket_producer_with_no_taskflow to None, run_after=None
[2026-08-12T04:40:41.964+0000] {processor.py:208} INFO - Processing /home/airflow/.local/lib/python3.12/site-packages/airflow/example_dags/example_dataset_alias_with_no_taskflow.py took 0.355 seconds
[2026-08-12T04:41:12.532+0000] {processor.py:186} INFO - Started process (PID=1054) to work on /home/airflow/.local/lib/python3.12/site-packages/airflow/example_dags/example_dataset_alias_with_no_taskflow.py
[2026-08-12T04:41:12.534+0000] {processor.py:914} INFO - Processing file /home/airflow/.local/lib/python3.12/site-packages/airflow/example_dags/example_dataset_alias_with_no_taskflow.py for tasks to queue
[2026-08-12T04:41:12.537+0000] {logging_mixin.py:190} INFO - [2026-08-12T04:41:12.537+0000] {dagbag.py:587} INFO - Filling up the DagBag from /home/airflow/.local/lib/python3.12/site-packages/airflow/example_dags/example_dataset_alias_with_no_taskflow.py
[2026-08-12T04:41:12.699+0000] {processor.py:925} INFO - DAG(s) 'dataset_s3_bucket_producer_with_no_taskflow', 'dataset_alias_example_alias_consumer_with_no_taskflow', 'dataset_alias_example_alias_producer_with_no_taskflow', 'dataset_s3_bucket_consumer_with_no_taskflow' retrieved from /home/airflow/.local/lib/python3.12/site-packages/airflow/example_dags/example_dataset_alias_with_no_taskflow.py
[2026-08-12T04:41:12.723+0000] {logging_mixin.py:190} INFO - [2026-08-12T04:41:12.722+0000] {dag.py:3211} INFO - Sync 4 DAGs
[2026-08-12T04:41:12.750+0000] {logging_mixin.py:190} INFO - [2026-08-12T04:41:12.749+0000] {dag.py:4138} INFO - Setting next_dagrun for dataset_alias_example_alias_consumer_with_no_taskflow to None, run_after=None
[2026-08-12T04:41:12.754+0000] {logging_mixin.py:190} INFO - [2026-08-12T04:41:12.753+0000] {dag.py:4138} INFO - Setting next_dagrun for dataset_alias_example_alias_producer_with_no_taskflow to None, run_after=None
[2026-08-12T04:41:12.757+0000] {logging_mixin.py:190} INFO - [2026-08-12T04:41:12.756+0000] {dag.py:4138} INFO - Setting next_dagrun for dataset_s3_bucket_consumer_with_no_taskflow to None, run_after=None
[2026-08-12T04:41:12.759+0000] {logging_mixin.py:190} INFO - [2026-08-12T04:41:12.759+0000] {dag.py:4138} INFO - Setting next_dagrun for dataset_s3_bucket_producer_with_no_taskflow to None, run_after=None
[2026-08-12T04:41:12.786+0000] {processor.py:208} INFO - Processing /home/airflow/.local/lib/python3.12/site-packages/airflow/example_dags/example_dataset_alias_with_no_taskflow.py took 0.259 seconds
[2026-08-12T04:41:43.279+0000] {processor.py:186} INFO - Started process (PID=1117) to work on /home/airflow/.local/lib/python3.12/site-packages/airflow/example_dags/example_dataset_alias_with_no_taskflow.py
[2026-08-12T04:41:43.281+0000] {processor.py:914} INFO - Processing file /home/airflow/.local/lib/python3.12/site-packages/airflow/example_dags/example_dataset_alias_with_no_taskflow.py for tasks to queue
[2026-08-12T04:41:43.286+0000] {logging_mixin.py:190} INFO - [2026-08-12T04:41:43.285+0000] {dagbag.py:587} INFO - Filling up the DagBag from /home/airflow/.local/lib/python3.12/site-packages/airflow/example_dags/example_dataset_alias_with_no_taskflow.py
[2026-08-12T04:41:43.462+0000] {processor.py:925} INFO - DAG(s) 'dataset_s3_bucket_producer_with_no_taskflow', 'dataset_alias_example_alias_producer_with_no_taskflow', 'dataset_alias_example_alias_consumer_with_no_taskflow', 'dataset_s3_bucket_consumer_with_no_taskflow' retrieved from /home/airflow/.local/lib/python3.12/site-packages/airflow/example_dags/example_dataset_alias_with_no_taskflow.py
[2026-08-12T04:41:43.488+0000] {logging_mixin.py:190} INFO - [2026-08-12T04:41:43.487+0000] {dag.py:3211} INFO - Sync 4 DAGs
[2026-08-12T04:41:43.516+0000] {logging_mixin.py:190} INFO - [2026-08-12T04:41:43.516+0000] {dag.py:4138} INFO - Setting next_dagrun for dataset_alias_example_alias_consumer_with_no_taskflow to None, run_after=None
[2026-08-12T04:41:43.520+0000] {logging_mixin.py:190} INFO - [2026-08-12T04:41:43.519+0000] {dag.py:4138} INFO - Setting next_dagrun for dataset_alias_example_alias_producer_with_no_taskflow to None, run_after=None
[2026-08-12T04:41:43.523+0000] {logging_mixin.py:190} INFO - [2026-08-12T04:41:43.522+0000] {dag.py:4138} INFO - Setting next_dagrun for dataset_s3_bucket_consumer_with_no_taskflow to None, run_after=None
[2026-08-12T04:41:43.527+0000] {logging_mixin.py:190} INFO - [2026-08-12T04:41:43.527+0000] {dag.py:4138} INFO - Setting next_dagrun for dataset_s3_bucket_producer_with_no_taskflow to None, run_after=None
[2026-08-12T04:41:43.555+0000] {processor.py:208} INFO - Processing /home/airflow/.local/lib/python3.12/site-packages/airflow/example_dags/example_dataset_alias_with_no_taskflow.py took 0.284 seconds
[2026-08-12T04:42:14.164+0000] {processor.py:186} INFO - Started process (PID=1180) to work on /home/airflow/.local/lib/python3.12/site-packages/airflow/example_dags/example_dataset_alias_with_no_taskflow.py
[2026-08-12T04:42:14.167+0000] {processor.py:914} INFO - Processing file /home/airflow/.local/lib/python3.12/site-packages/airflow/example_dags/example_dataset_alias_with_no_taskflow.py for tasks to queue
[2026-08-12T04:42:14.171+0000] {logging_mixin.py:190} INFO - [2026-08-12T04:42:14.170+0000] {dagbag.py:587} INFO - Filling up the DagBag from /home/airflow/.local/lib/python3.12/site-packages/airflow/example_dags/example_dataset_alias_with_no_taskflow.py
[2026-08-12T04:42:14.319+0000] {processor.py:925} INFO - DAG(s) 'dataset_s3_bucket_consumer_with_no_taskflow', 'dataset_alias_example_alias_producer_with_no_taskflow', 'dataset_alias_example_alias_consumer_with_no_taskflow', 'dataset_s3_bucket_producer_with_no_taskflow' retrieved from /home/airflow/.local/lib/python3.12/site-packages/airflow/example_dags/example_dataset_alias_with_no_taskflow.py
[2026-08-12T04:42:14.345+0000] {logging_mixin.py:190} INFO - [2026-08-12T04:42:14.345+0000] {dag.py:3211} INFO - Sync 4 DAGs
[2026-08-12T04:42:14.370+0000] {logging_mixin.py:190} INFO - [2026-08-12T04:42:14.370+0000] {dag.py:4138} INFO - Setting next_dagrun for dataset_alias_example_alias_consumer_with_no_taskflow to None, run_after=None
[2026-08-12T04:42:14.375+0000] {logging_mixin.py:190} INFO - [2026-08-12T04:42:14.375+0000] {dag.py:4138} INFO - Setting next_dagrun for dataset_alias_example_alias_producer_with_no_taskflow to None, run_after=None
[2026-08-12T04:42:14.377+0000] {logging_mixin.py:190} INFO - [2026-08-12T04:42:14.377+0000] {dag.py:4138} INFO - Setting next_dagrun for dataset_s3_bucket_consumer_with_no_taskflow to None, run_after=None
[2026-08-12T04:42:14.380+0000] {logging_mixin.py:190} INFO - [2026-08-12T04:42:14.380+0000] {dag.py:4138} INFO - Setting next_dagrun for dataset_s3_bucket_producer_with_no_taskflow to None, run_after=None
[2026-08-12T04:42:14.406+0000] {processor.py:208} INFO - Processing /home/airflow/.local/lib/python3.12/site-packages/airflow/example_dags/example_dataset_alias_with_no_taskflow.py took 0.247 seconds
[2026-08-12T04:42:45.094+0000] {processor.py:186} INFO - Started process (PID=1242) to work on /home/airflow/.local/lib/python3.12/site-packages/airflow/example_dags/example_dataset_alias_with_no_taskflow.py
[2026-08-12T04:42:45.096+0000] {processor.py:914} INFO - Processing file /home/airflow/.local/lib/python3.12/site-packages/airflow/example_dags/example_dataset_alias_with_no_taskflow.py for tasks to queue
[2026-08-12T04:42:45.100+0000] {logging_mixin.py:190} INFO - [2026-08-12T04:42:45.100+0000] {dagbag.py:587} INFO - Filling up the DagBag from /home/airflow/.local/lib/python3.12/site-packages/airflow/example_dags/example_dataset_alias_with_no_taskflow.py
[2026-08-12T04:42:45.257+0000] {processor.py:925} INFO - DAG(s) 'dataset_alias_example_alias_producer_with_no_taskflow', 'dataset_alias_example_alias_consumer_with_no_taskflow', 'dataset_s3_bucket_producer_with_no_taskflow', 'dataset_s3_bucket_consumer_with_no_taskflow' retrieved from /home/airflow/.local/lib/python3.12/site-packages/airflow/example_dags/example_dataset_alias_with_no_taskflow.py
[2026-08-12T04:42:45.282+0000] {logging_mixin.py:190} INFO - [2026-08-12T04:42:45.282+0000] {dag.py:3211} INFO - Sync 4 DAGs
[2026-08-12T04:42:45.308+0000] {logging_mixin.py:190} INFO - [2026-08-12T04:42:45.307+0000] {dag.py:4138} INFO - Setting next_dagrun for dataset_alias_example_alias_consumer_with_no_taskflow to None, run_after=None
[2026-08-12T04:42:45.311+0000] {logging_mixin.py:190} INFO - [2026-08-12T04:42:45.311+0000] {dag.py:4138} INFO - Setting next_dagrun for dataset_alias_example_alias_producer_with_no_taskflow to None, run_after=None
[2026-08-12T04:42:45.314+0000] {logging_mixin.py:190} INFO - [2026-08-12T04:42:45.313+0000] {dag.py:4138} INFO - Setting next_dagrun for dataset_s3_bucket_consumer_with_no_taskflow to None, run_after=None
[2026-08-12T04:42:45.317+0000] {logging_mixin.py:190} INFO - [2026-08-12T04:42:45.316+0000] {dag.py:4138} INFO - Setting next_dagrun for dataset_s3_bucket_producer_with_no_taskflow to None, run_after=None
[2026-08-12T04:42:45.359+0000] {processor.py:208} INFO - Processing /home/airflow/.local/lib/python3.12/site-packages/airflow/example_dags/example_dataset_alias_with_no_taskflow.py took 0.271 seconds
[2026-08-12T04:43:15.628+0000] {processor.py:186} INFO - Started process (PID=1305) to work on /home/airflow/.local/lib/python3.12/site-packages/airflow/example_dags/example_dataset_alias_with_no_taskflow.py
[2026-08-12T04:43:15.630+0000] {processor.py:914} INFO - Processing file /home/airflow/.local/lib/python3.12/site-packages/airflow/example_dags/example_dataset_alias_with_no_taskflow.py for tasks to queue
[2026-08-12T04:43:15.634+0000] {logging_mixin.py:190} INFO - [2026-08-12T04:43:15.633+0000] {dagbag.py:587} INFO - Filling up the DagBag from /home/airflow/.local/lib/python3.12/site-packages/airflow/example_dags/example_dataset_alias_with_no_taskflow.py
[2026-08-12T04:43:15.789+0000] {processor.py:925} INFO - DAG(s) 'dataset_alias_example_alias_consumer_with_no_taskflow', 'dataset_s3_bucket_consumer_with_no_taskflow', 'dataset_alias_example_alias_producer_with_no_taskflow', 'dataset_s3_bucket_producer_with_no_taskflow' retrieved from /home/airflow/.local/lib/python3.12/site-packages/airflow/example_dags/example_dataset_alias_with_no_taskflow.py
[2026-08-12T04:43:15.813+0000] {logging_mixin.py:190} INFO - [2026-08-12T04:43:15.813+0000] {dag.py:3211} INFO - Sync 4 DAGs
[2026-08-12T04:43:15.837+0000] {logging_mixin.py:190} INFO - [2026-08-12T04:43:15.837+0000] {dag.py:4138} INFO - Setting next_dagrun for dataset_alias_example_alias_consumer_with_no_taskflow to None, run_after=None
[2026-08-12T04:43:15.840+0000] {logging_mixin.py:190} INFO - [2026-08-12T04:43:15.840+0000] {dag.py:4138} INFO - Setting next_dagrun for dataset_alias_example_alias_producer_with_no_taskflow to None, run_after=None
[2026-08-12T04:43:15.843+0000] {logging_mixin.py:190} INFO - [2026-08-12T04:43:15.843+0000] {dag.py:4138} INFO - Setting next_dagrun for dataset_s3_bucket_consumer_with_no_taskflow to None, run_after=None
[2026-08-12T04:43:15.845+0000] {logging_mixin.py:190} INFO - [2026-08-12T04:43:15.845+0000] {dag.py:4138} INFO - Setting next_dagrun for dataset_s3_bucket_producer_with_no_taskflow to None, run_after=None
[2026-08-12T04:43:15.875+0000] {processor.py:208} INFO - Processing /home/airflow/.local/lib/python3.12/site-packages/airflow/example_dags/example_dataset_alias_with_no_taskflow.py took 0.255 seconds
[2026-08-12T04:43:46.166+0000] {processor.py:186} INFO - Started process (PID=1365) to work on /home/airflow/.local/lib/python3.12/site-packages/airflow/example_dags/example_dataset_alias_with_no_taskflow.py
[2026-08-12T04:43:46.168+0000] {processor.py:914} INFO - Processing file /home/airflow/.local/lib/python3.12/site-packages/airflow/example_dags/example_dataset_alias_with_no_taskflow.py for tasks to queue
[2026-08-12T04:43:46.171+0000] {logging_mixin.py:190} INFO - [2026-08-12T04:43:46.171+0000] {dagbag.py:587} INFO - Filling up the DagBag from /home/airflow/.local/lib/python3.12/site-packages/airflow/example_dags/example_dataset_alias_with_no_taskflow.py
[2026-08-12T04:43:46.327+0000] {processor.py:925} INFO - DAG(s) 'dataset_s3_bucket_producer_with_no_taskflow', 'dataset_alias_example_alias_producer_with_no_taskflow', 'dataset_alias_example_alias_consumer_with_no_taskflow', 'dataset_s3_bucket_consumer_with_no_taskflow' retrieved from /home/airflow/.local/lib/python3.12/site-packages/airflow/example_dags/example_dataset_alias_with_no_taskflow.py
[2026-08-12T04:43:46.352+0000] {logging_mixin.py:190} INFO - [2026-08-12T04:43:46.351+0000] {dag.py:3211} INFO - Sync 4 DAGs
[2026-08-12T04:43:46.376+0000] {logging_mixin.py:190} INFO - [2026-08-12T04:43:46.375+0000] {dag.py:4138} INFO - Setting next_dagrun for dataset_alias_example_alias_consumer_with_no_taskflow to None, run_after=None
[2026-08-12T04:43:46.380+0000] {logging_mixin.py:190} INFO - [2026-08-12T04:43:46.380+0000] {dag.py:4138} INFO - Setting next_dagrun for dataset_alias_example_alias_producer_with_no_taskflow to None, run_after=None
[2026-08-12T04:43:46.383+0000] {logging_mixin.py:190} INFO - [2026-08-12T04:43:46.382+0000] {dag.py:4138} INFO - Setting next_dagrun for dataset_s3_bucket_consumer_with_no_taskflow to None, run_after=None
[2026-08-12T04:43:46.385+0000] {logging_mixin.py:190} INFO - [2026-08-12T04:43:46.385+0000] {dag.py:4138} INFO - Setting next_dagrun for dataset_s3_bucket_producer_with_no_taskflow to None, run_after=None
[2026-08-12T04:43:46.410+0000] {processor.py:208} INFO - Processing /home/airflow/.local/lib/python3.12/site-packages/airflow/example_dags/example_dataset_alias_with_no_taskflow.py took 0.251 seconds
[2026-08-12T04:44:17.084+0000] {processor.py:186} INFO - Started process (PID=1428) to work on /home/airflow/.local/lib/python3.12/site-packages/airflow/example_dags/example_dataset_alias_with_no_taskflow.py
[2026-08-12T04:44:17.086+0000] {processor.py:914} INFO - Processing file /home/airflow/.local/lib/python3.12/site-packages/airflow/example_dags/example_dataset_alias_with_no_taskflow.py for tasks to queue
[2026-08-12T04:44:17.089+0000] {logging_mixin.py:190} INFO - [2026-08-12T04:44:17.089+0000] {dagbag.py:587} INFO - Filling up the DagBag from /home/airflow/.local/lib/python3.12/site-packages/airflow/example_dags/example_dataset_alias_with_no_taskflow.py
[2026-08-12T04:44:17.248+0000] {processor.py:925} INFO - DAG(s) 'dataset_s3_bucket_consumer_with_no_taskflow', 'dataset_alias_example_alias_consumer_with_no_taskflow', 'dataset_s3_bucket_producer_with_no_taskflow', 'dataset_alias_example_alias_producer_with_no_taskflow' retrieved from /home/airflow/.local/lib/python3.12/site-packages/airflow/example_dags/example_dataset_alias_with_no_taskflow.py
[2026-08-12T04:44:17.274+0000] {logging_mixin.py:190} INFO - [2026-08-12T04:44:17.273+0000] {dag.py:3211} INFO - Sync 4 DAGs
[2026-08-12T04:44:17.298+0000] {logging_mixin.py:190} INFO - [2026-08-12T04:44:17.298+0000] {dag.py:4138} INFO - Setting next_dagrun for dataset_alias_example_alias_consumer_with_no_taskflow to None, run_after=None
[2026-08-12T04:44:17.302+0000] {logging_mixin.py:190} INFO - [2026-08-12T04:44:17.301+0000] {dag.py:4138} INFO - Setting next_dagrun for dataset_alias_example_alias_producer_with_no_taskflow to None, run_after=None
[2026-08-12T04:44:17.305+0000] {logging_mixin.py:190} INFO - [2026-08-12T04:44:17.304+0000] {dag.py:4138} INFO - Setting next_dagrun for dataset_s3_bucket_consumer_with_no_taskflow to None, run_after=None
[2026-08-12T04:44:17.308+0000] {logging_mixin.py:190} INFO - [2026-08-12T04:44:17.308+0000] {dag.py:4138} INFO - Setting next_dagrun for dataset_s3_bucket_producer_with_no_taskflow to None, run_after=None
[2026-08-12T04:44:17.334+0000] {processor.py:208} INFO - Processing /home/airflow/.local/lib/python3.12/site-packages/airflow/example_dags/example_dataset_alias_with_no_taskflow.py took 0.255 seconds
[2026-08-12T04:44:47.759+0000] {processor.py:186} INFO - Started process (PID=1490) to work on /home/airflow/.local/lib/python3.12/site-packages/airflow/example_dags/example_dataset_alias_with_no_taskflow.py
[2026-08-12T04:44:47.761+0000] {processor.py:914} INFO - Processing file /home/airflow/.local/lib/python3.12/site-packages/airflow/example_dags/example_dataset_alias_with_no_taskflow.py for tasks to queue
[2026-08-12T04:44:47.764+0000] {logging_mixin.py:190} INFO - [2026-08-12T04:44:47.764+0000] {dagbag.py:587} INFO - Filling up the DagBag from /home/airflow/.local/lib/python3.12/site-packages/airflow/example_dags/example_dataset_alias_with_no_taskflow.py
[2026-08-12T04:44:47.942+0000] {processor.py:925} INFO - DAG(s) 'dataset_s3_bucket_producer_with_no_taskflow', 'dataset_alias_example_alias_producer_with_no_taskflow', 'dataset_alias_example_alias_consumer_with_no_taskflow', 'dataset_s3_bucket_consumer_with_no_taskflow' retrieved from /home/airflow/.local/lib/python3.12/site-packages/airflow/example_dags/example_dataset_alias_with_no_taskflow.py
[2026-08-12T04:44:47.967+0000] {logging_mixin.py:190} INFO - [2026-08-12T04:44:47.967+0000] {dag.py:3211} INFO - Sync 4 DAGs
[2026-08-12T04:44:47.993+0000] {logging_mixin.py:190} INFO - [2026-08-12T04:44:47.993+0000] {dag.py:4138} INFO - Setting next_dagrun for dataset_alias_example_alias_consumer_with_no_taskflow to None, run_after=None
[2026-08-12T04:44:47.997+0000] {logging_mixin.py:190} INFO - [2026-08-12T04:44:47.997+0000] {dag.py:4138} INFO - Setting next_dagrun for dataset_alias_example_alias_producer_with_no_taskflow to None, run_after=None
[2026-08-12T04:44:48.000+0000] {logging_mixin.py:190} INFO - [2026-08-12T04:44:47.999+0000] {dag.py:4138} INFO - Setting next_dagrun for dataset_s3_bucket_consumer_with_no_taskflow to None, run_after=None
[2026-08-12T04:44:48.002+0000] {logging_mixin.py:190} INFO - [2026-08-12T04:44:48.002+0000] {dag.py:4138} INFO - Setting next_dagrun for dataset_s3_bucket_producer_with_no_taskflow to None, run_after=None
[2026-08-12T04:44:48.030+0000] {processor.py:208} INFO - Processing /home/airflow/.local/lib/python3.12/site-packages/airflow/example_dags/example_dataset_alias_with_no_taskflow.py took 0.278 seconds
[2026-08-12T04:45:18.567+0000] {processor.py:186} INFO - Started process (PID=1552) to work on /home/airflow/.local/lib/python3.12/site-packages/airflow/example_dags/example_dataset_alias_with_no_taskflow.py
[2026-08-12T04:45:18.569+0000] {processor.py:914} INFO - Processing file /home/airflow/.local/lib/python3.12/site-packages/airflow/example_dags/example_dataset_alias_with_no_taskflow.py for tasks to queue
[2026-08-12T04:45:18.573+0000] {logging_mixin.py:190} INFO - [2026-08-12T04:45:18.573+0000] {dagbag.py:587} INFO - Filling up the DagBag from /home/airflow/.local/lib/python3.12/site-packages/airflow/example_dags/example_dataset_alias_with_no_taskflow.py
[2026-08-12T04:45:18.717+0000] {processor.py:925} INFO - DAG(s) 'dataset_alias_example_alias_producer_with_no_taskflow', 'dataset_alias_example_alias_consumer_with_no_taskflow', 'dataset_s3_bucket_consumer_with_no_taskflow', 'dataset_s3_bucket_producer_with_no_taskflow' retrieved from /home/airflow/.local/lib/python3.12/site-packages/airflow/example_dags/example_dataset_alias_with_no_taskflow.py
[2026-08-12T04:45:18.743+0000] {logging_mixin.py:190} INFO - [2026-08-12T04:45:18.743+0000] {dag.py:3211} INFO - Sync 4 DAGs
[2026-08-12T04:45:18.765+0000] {logging_mixin.py:190} INFO - [2026-08-12T04:45:18.765+0000] {dag.py:4138} INFO - Setting next_dagrun for dataset_alias_example_alias_consumer_with_no_taskflow to None, run_after=None
[2026-08-12T04:45:18.769+0000] {logging_mixin.py:190} INFO - [2026-08-12T04:45:18.769+0000] {dag.py:4138} INFO - Setting next_dagrun for dataset_alias_example_alias_producer_with_no_taskflow to None, run_after=None
[2026-08-12T04:45:18.771+0000] {logging_mixin.py:190} INFO - [2026-08-12T04:45:18.771+0000] {dag.py:4138} INFO - Setting next_dagrun for dataset_s3_bucket_consumer_with_no_taskflow to None, run_after=None
[2026-08-12T04:45:18.774+0000] {logging_mixin.py:190} INFO - [2026-08-12T04:45:18.774+0000] {dag.py:4138} INFO - Setting next_dagrun for dataset_s3_bucket_producer_with_no_taskflow to None, run_after=None
[2026-08-12T04:45:18.797+0000] {processor.py:208} INFO - Processing /home/airflow/.local/lib/python3.12/site-packages/airflow/example_dags/example_dataset_alias_with_no_taskflow.py took 0.236 seconds
[2026-08-12T04:45:49.029+0000] {processor.py:186} INFO - Started process (PID=1612) to work on /home/airflow/.local/lib/python3.12/site-packages/airflow/example_dags/example_dataset_alias_with_no_taskflow.py
[2026-08-12T04:45:49.032+0000] {processor.py:914} INFO - Processing file /home/airflow/.local/lib/python3.12/site-packages/airflow/example_dags/example_dataset_alias_with_no_taskflow.py for tasks to queue
[2026-08-12T04:45:49.036+0000] {logging_mixin.py:190} INFO - [2026-08-12T04:45:49.036+0000] {dagbag.py:587} INFO - Filling up the DagBag from /home/airflow/.local/lib/python3.12/site-packages/airflow/example_dags/example_dataset_alias_with_no_taskflow.py
[2026-08-12T04:45:49.220+0000] {processor.py:925} INFO - DAG(s) 'dataset_alias_example_alias_producer_with_no_taskflow', 'dataset_s3_bucket_consumer_with_no_taskflow', 'dataset_s3_bucket_producer_with_no_taskflow', 'dataset_alias_example_alias_consumer_with_no_taskflow' retrieved from /home/airflow/.local/lib/python3.12/site-packages/airflow/example_dags/example_dataset_alias_with_no_taskflow.py
[2026-08-12T04:45:49.251+0000] {logging_mixin.py:190} INFO - [2026-08-12T04:45:49.250+0000] {dag.py:3211} INFO - Sync 4 DAGs
[2026-08-12T04:45:49.280+0000] {logging_mixin.py:190} INFO - [2026-08-12T04:45:49.279+0000] {dag.py:4138} INFO - Setting next_dagrun for dataset_alias_example_alias_consumer_with_no_taskflow to None, run_after=None
[2026-08-12T04:45:49.284+0000] {logging_mixin.py:190} INFO - [2026-08-12T04:45:49.283+0000] {dag.py:4138} INFO - Setting next_dagrun for dataset_alias_example_alias_producer_with_no_taskflow to None, run_after=None
[2026-08-12T04:45:49.287+0000] {logging_mixin.py:190} INFO - [2026-08-12T04:45:49.286+0000] {dag.py:4138} INFO - Setting next_dagrun for dataset_s3_bucket_consumer_with_no_taskflow to None, run_after=None
[2026-08-12T04:45:49.290+0000] {logging_mixin.py:190} INFO - [2026-08-12T04:45:49.290+0000] {dag.py:4138} INFO - Setting next_dagrun for dataset_s3_bucket_producer_with_no_taskflow to None, run_after=None
[2026-08-12T04:45:49.320+0000] {processor.py:208} INFO - Processing /home/airflow/.local/lib/python3.12/site-packages/airflow/example_dags/example_dataset_alias_with_no_taskflow.py took 0.300 seconds
[2026-08-12T04:46:19.752+0000] {processor.py:186} INFO - Started process (PID=1673) to work on /home/airflow/.local/lib/python3.12/site-packages/airflow/example_dags/example_dataset_alias_with_no_taskflow.py
[2026-08-12T04:46:19.753+0000] {processor.py:914} INFO - Processing file /home/airflow/.local/lib/python3.12/site-packages/airflow/example_dags/example_dataset_alias_with_no_taskflow.py for tasks to queue
[2026-08-12T04:46:19.757+0000] {logging_mixin.py:190} INFO - [2026-08-12T04:46:19.756+0000] {dagbag.py:587} INFO - Filling up the DagBag from /home/airflow/.local/lib/python3.12/site-packages/airflow/example_dags/example_dataset_alias_with_no_taskflow.py
[2026-08-12T04:46:19.911+0000] {processor.py:925} INFO - DAG(s) 'dataset_alias_example_alias_producer_with_no_taskflow', 'dataset_s3_bucket_consumer_with_no_taskflow', 'dataset_alias_example_alias_consumer_with_no_taskflow', 'dataset_s3_bucket_producer_with_no_taskflow' retrieved from /home/airflow/.local/lib/python3.12/site-packages/airflow/example_dags/example_dataset_alias_with_no_taskflow.py
[2026-08-12T04:46:19.935+0000] {logging_mixin.py:190} INFO - [2026-08-12T04:46:19.935+0000] {dag.py:3211} INFO - Sync 4 DAGs
[2026-08-12T04:46:19.959+0000] {logging_mixin.py:190} INFO - [2026-08-12T04:46:19.959+0000] {dag.py:4138} INFO - Setting next_dagrun for dataset_alias_example_alias_consumer_with_no_taskflow to None, run_after=None
[2026-08-12T04:46:19.962+0000] {logging_mixin.py:190} INFO - [2026-08-12T04:46:19.962+0000] {dag.py:4138} INFO - Setting next_dagrun for dataset_alias_example_alias_producer_with_no_taskflow to None, run_after=None
[2026-08-12T04:46:19.965+0000] {logging_mixin.py:190} INFO - [2026-08-12T04:46:19.965+0000] {dag.py:4138} INFO - Setting next_dagrun for dataset_s3_bucket_consumer_with_no_taskflow to None, run_after=None
[2026-08-12T04:46:19.968+0000] {logging_mixin.py:190} INFO - [2026-08-12T04:46:19.968+0000] {dag.py:4138} INFO - Setting next_dagrun for dataset_s3_bucket_producer_with_no_taskflow to None, run_after=None
[2026-08-12T04:46:20.000+0000] {processor.py:208} INFO - Processing /home/airflow/.local/lib/python3.12/site-packages/airflow/example_dags/example_dataset_alias_with_no_taskflow.py took 0.254 seconds
[2026-08-12T04:46:50.605+0000] {processor.py:186} INFO - Started process (PID=1735) to work on /home/airflow/.local/lib/python3.12/site-packages/airflow/example_dags/example_dataset_alias_with_no_taskflow.py
[2026-08-12T04:46:50.607+0000] {processor.py:914} INFO - Processing file /home/airflow/.local/lib/python3.12/site-packages/airflow/example_dags/example_dataset_alias_with_no_taskflow.py for tasks to queue
[2026-08-12T04:46:50.613+0000] {logging_mixin.py:190} INFO - [2026-08-12T04:46:50.612+0000] {dagbag.py:587} INFO - Filling up the DagBag from /home/airflow/.local/lib/python3.12/site-packages/airflow/example_dags/example_dataset_alias_with_no_taskflow.py
[2026-08-12T04:46:50.802+0000] {processor.py:925} INFO - DAG(s) 'dataset_s3_bucket_consumer_with_no_taskflow', 'dataset_s3_bucket_producer_with_no_taskflow', 'dataset_alias_example_alias_consumer_with_no_taskflow', 'dataset_alias_example_alias_producer_with_no_taskflow' retrieved from /home/airflow/.local/lib/python3.12/site-packages/airflow/example_dags/example_dataset_alias_with_no_taskflow.py
[2026-08-12T04:46:50.831+0000] {logging_mixin.py:190} INFO - [2026-08-12T04:46:50.831+0000] {dag.py:3211} INFO - Sync 4 DAGs
[2026-08-12T04:46:50.857+0000] {logging_mixin.py:190} INFO - [2026-08-12T04:46:50.857+0000] {dag.py:4138} INFO - Setting next_dagrun for dataset_alias_example_alias_consumer_with_no_taskflow to None, run_after=None
[2026-08-12T04:46:50.863+0000] {logging_mixin.py:190} INFO - [2026-08-12T04:46:50.863+0000] {dag.py:4138} INFO - Setting next_dagrun for dataset_alias_example_alias_producer_with_no_taskflow to None, run_after=None
[2026-08-12T04:46:50.866+0000] {logging_mixin.py:190} INFO - [2026-08-12T04:46:50.866+0000] {dag.py:4138} INFO - Setting next_dagrun for dataset_s3_bucket_consumer_with_no_taskflow to None, run_after=None
[2026-08-12T04:46:50.868+0000] {logging_mixin.py:190} INFO - [2026-08-12T04:46:50.868+0000] {dag.py:4138} INFO - Setting next_dagrun for dataset_s3_bucket_producer_with_no_taskflow to None, run_after=None
[2026-08-12T04:46:50.914+0000] {processor.py:208} INFO - Processing /home/airflow/.local/lib/python3.12/site-packages/airflow/example_dags/example_dataset_alias_with_no_taskflow.py took 0.316 seconds
[2026-08-12T04:47:21.436+0000] {processor.py:186} INFO - Started process (PID=1798) to work on /home/airflow/.local/lib/python3.12/site-packages/airflow/example_dags/example_dataset_alias_with_no_taskflow.py
[2026-08-12T04:47:21.438+0000] {processor.py:914} INFO - Processing file /home/airflow/.local/lib/python3.12/site-packages/airflow/example_dags/example_dataset_alias_with_no_taskflow.py for tasks to queue
[2026-08-12T04:47:21.441+0000] {logging_mixin.py:190} INFO - [2026-08-12T04:47:21.441+0000] {dagbag.py:587} INFO - Filling up the DagBag from /home/airflow/.local/lib/python3.12/site-packages/airflow/example_dags/example_dataset_alias_with_no_taskflow.py
[2026-08-12T04:47:21.645+0000] {processor.py:925} INFO - DAG(s) 'dataset_s3_bucket_producer_with_no_taskflow', 'dataset_alias_example_alias_consumer_with_no_taskflow', 'dataset_alias_example_alias_producer_with_no_taskflow', 'dataset_s3_bucket_consumer_with_no_taskflow' retrieved from /home/airflow/.local/lib/python3.12/site-packages/airflow/example_dags/example_dataset_alias_with_no_taskflow.py
[2026-08-12T04:47:21.697+0000] {logging_mixin.py:190} INFO - [2026-08-12T04:47:21.696+0000] {dag.py:3211} INFO - Sync 4 DAGs
[2026-08-12T04:47:21.910+0000] {logging_mixin.py:190} INFO - [2026-08-12T04:47:21.909+0000] {dag.py:4138} INFO - Setting next_dagrun for dataset_alias_example_alias_consumer_with_no_taskflow to None, run_after=None
[2026-08-12T04:47:21.914+0000] {logging_mixin.py:190} INFO - [2026-08-12T04:47:21.913+0000] {dag.py:4138} INFO - Setting next_dagrun for dataset_alias_example_alias_producer_with_no_taskflow to None, run_after=None
[2026-08-12T04:47:21.916+0000] {logging_mixin.py:190} INFO - [2026-08-12T04:47:21.916+0000] {dag.py:4138} INFO - Setting next_dagrun for dataset_s3_bucket_consumer_with_no_taskflow to None, run_after=None
[2026-08-12T04:47:21.919+0000] {logging_mixin.py:190} INFO - [2026-08-12T04:47:21.919+0000] {dag.py:4138} INFO - Setting next_dagrun for dataset_s3_bucket_producer_with_no_taskflow to None, run_after=None
[2026-08-12T04:47:21.949+0000] {processor.py:208} INFO - Processing /home/airflow/.local/lib/python3.12/site-packages/airflow/example_dags/example_dataset_alias_with_no_taskflow.py took 0.521 seconds
[2026-08-12T04:47:52.018+0000] {processor.py:186} INFO - Started process (PID=1862) to work on /home/airflow/.local/lib/python3.12/site-packages/airflow/example_dags/example_dataset_alias_with_no_taskflow.py
[2026-08-12T04:47:52.020+0000] {processor.py:914} INFO - Processing file /home/airflow/.local/lib/python3.12/site-packages/airflow/example_dags/example_dataset_alias_with_no_taskflow.py for tasks to queue
[2026-08-12T04:47:52.024+0000] {logging_mixin.py:190} INFO - [2026-08-12T04:47:52.023+0000] {dagbag.py:587} INFO - Filling up the DagBag from /home/airflow/.local/lib/python3.12/site-packages/airflow/example_dags/example_dataset_alias_with_no_taskflow.py
[2026-08-12T04:47:52.268+0000] {processor.py:925} INFO - DAG(s) 'dataset_s3_bucket_consumer_with_no_taskflow', 'dataset_alias_example_alias_consumer_with_no_taskflow', 'dataset_s3_bucket_producer_with_no_taskflow', 'dataset_alias_example_alias_producer_with_no_taskflow' retrieved from /home/airflow/.local/lib/python3.12/site-packages/airflow/example_dags/example_dataset_alias_with_no_taskflow.py
[2026-08-12T04:47:52.300+0000] {logging_mixin.py:190} INFO - [2026-08-12T04:47:52.300+0000] {dag.py:3211} INFO - Sync 4 DAGs
[2026-08-12T04:47:52.616+0000] {logging_mixin.py:190} INFO - [2026-08-12T04:47:52.616+0000] {dag.py:4138} INFO - Setting next_dagrun for dataset_alias_example_alias_consumer_with_no_taskflow to None, run_after=None
[2026-08-12T04:47:52.620+0000] {logging_mixin.py:190} INFO - [2026-08-12T04:47:52.620+0000] {dag.py:4138} INFO - Setting next_dagrun for dataset_alias_example_alias_producer_with_no_taskflow to None, run_after=None
[2026-08-12T04:47:52.623+0000] {logging_mixin.py:190} INFO - [2026-08-12T04:47:52.623+0000] {dag.py:4138} INFO - Setting next_dagrun for dataset_s3_bucket_consumer_with_no_taskflow to None, run_after=None
[2026-08-12T04:47:52.627+0000] {logging_mixin.py:190} INFO - [2026-08-12T04:47:52.626+0000] {dag.py:4138} INFO - Setting next_dagrun for dataset_s3_bucket_producer_with_no_taskflow to None, run_after=None
[2026-08-12T04:47:52.661+0000] {processor.py:208} INFO - Processing /home/airflow/.local/lib/python3.12/site-packages/airflow/example_dags/example_dataset_alias_with_no_taskflow.py took 0.649 seconds
[2026-08-12T04:48:22.796+0000] {processor.py:186} INFO - Started process (PID=1925) to work on /home/airflow/.local/lib/python3.12/site-packages/airflow/example_dags/example_dataset_alias_with_no_taskflow.py
[2026-08-12T04:48:22.797+0000] {processor.py:914} INFO - Processing file /home/airflow/.local/lib/python3.12/site-packages/airflow/example_dags/example_dataset_alias_with_no_taskflow.py for tasks to queue
[2026-08-12T04:48:22.802+0000] {logging_mixin.py:190} INFO - [2026-08-12T04:48:22.801+0000] {dagbag.py:587} INFO - Filling up the DagBag from /home/airflow/.local/lib/python3.12/site-packages/airflow/example_dags/example_dataset_alias_with_no_taskflow.py
[2026-08-12T04:48:23.115+0000] {processor.py:925} INFO - DAG(s) 'dataset_s3_bucket_producer_with_no_taskflow', 'dataset_alias_example_alias_consumer_with_no_taskflow', 'dataset_alias_example_alias_producer_with_no_taskflow', 'dataset_s3_bucket_consumer_with_no_taskflow' retrieved from /home/airflow/.local/lib/python3.12/site-packages/airflow/example_dags/example_dataset_alias_with_no_taskflow.py
[2026-08-12T04:48:23.146+0000] {logging_mixin.py:190} INFO - [2026-08-12T04:48:23.146+0000] {dag.py:3211} INFO - Sync 4 DAGs
[2026-08-12T04:48:23.456+0000] {logging_mixin.py:190} INFO - [2026-08-12T04:48:23.456+0000] {dag.py:4138} INFO - Setting next_dagrun for dataset_alias_example_alias_consumer_with_no_taskflow to None, run_after=None
[2026-08-12T04:48:23.461+0000] {logging_mixin.py:190} INFO - [2026-08-12T04:48:23.460+0000] {dag.py:4138} INFO - Setting next_dagrun for dataset_alias_example_alias_producer_with_no_taskflow to None, run_after=None
[2026-08-12T04:48:23.464+0000] {logging_mixin.py:190} INFO - [2026-08-12T04:48:23.464+0000] {dag.py:4138} INFO - Setting next_dagrun for dataset_s3_bucket_consumer_with_no_taskflow to None, run_after=None
[2026-08-12T04:48:23.467+0000] {logging_mixin.py:190} INFO - [2026-08-12T04:48:23.466+0000] {dag.py:4138} INFO - Setting next_dagrun for dataset_s3_bucket_producer_with_no_taskflow to None, run_after=None
[2026-08-12T04:48:23.490+0000] {processor.py:208} INFO - Processing /home/airflow/.local/lib/python3.12/site-packages/airflow/example_dags/example_dataset_alias_with_no_taskflow.py took 0.703 seconds
[2026-08-12T04:48:54.080+0000] {processor.py:186} INFO - Started process (PID=1987) to work on /home/airflow/.local/lib/python3.12/site-packages/airflow/example_dags/example_dataset_alias_with_no_taskflow.py
[2026-08-12T04:48:54.081+0000] {processor.py:914} INFO - Processing file /home/airflow/.local/lib/python3.12/site-packages/airflow/example_dags/example_dataset_alias_with_no_taskflow.py for tasks to queue
[2026-08-12T04:48:54.084+0000] {logging_mixin.py:190} INFO - [2026-08-12T04:48:54.084+0000] {dagbag.py:587} INFO - Filling up the DagBag from /home/airflow/.local/lib/python3.12/site-packages/airflow/example_dags/example_dataset_alias_with_no_taskflow.py
[2026-08-12T04:48:54.322+0000] {processor.py:925} INFO - DAG(s) 'dataset_alias_example_alias_consumer_with_no_taskflow', 'dataset_s3_bucket_consumer_with_no_taskflow', 'dataset_alias_example_alias_producer_with_no_taskflow', 'dataset_s3_bucket_producer_with_no_taskflow' retrieved from /home/airflow/.local/lib/python3.12/site-packages/airflow/example_dags/example_dataset_alias_with_no_taskflow.py
[2026-08-12T04:48:54.358+0000] {logging_mixin.py:190} INFO - [2026-08-12T04:48:54.358+0000] {dag.py:3211} INFO - Sync 4 DAGs
[2026-08-12T04:48:54.659+0000] {logging_mixin.py:190} INFO - [2026-08-12T04:48:54.659+0000] {dag.py:4138} INFO - Setting next_dagrun for dataset_alias_example_alias_consumer_with_no_taskflow to None, run_after=None
[2026-08-12T04:48:54.666+0000] {logging_mixin.py:190} INFO - [2026-08-12T04:48:54.666+0000] {dag.py:4138} INFO - Setting next_dagrun for dataset_alias_example_alias_producer_with_no_taskflow to None, run_after=None
[2026-08-12T04:48:54.668+0000] {logging_mixin.py:190} INFO - [2026-08-12T04:48:54.668+0000] {dag.py:4138} INFO - Setting next_dagrun for dataset_s3_bucket_consumer_with_no_taskflow to None, run_after=None
[2026-08-12T04:48:54.670+0000] {logging_mixin.py:190} INFO - [2026-08-12T04:48:54.670+0000] {dag.py:4138} INFO - Setting next_dagrun for dataset_s3_bucket_producer_with_no_taskflow to None, run_after=None
[2026-08-12T04:48:54.699+0000] {processor.py:208} INFO - Processing /home/airflow/.local/lib/python3.12/site-packages/airflow/example_dags/example_dataset_alias_with_no_taskflow.py took 0.626 seconds
[2026-08-12T04:49:24.850+0000] {processor.py:186} INFO - Started process (PID=2049) to work on /home/airflow/.local/lib/python3.12/site-packages/airflow/example_dags/example_dataset_alias_with_no_taskflow.py
[2026-08-12T04:49:24.851+0000] {processor.py:914} INFO - Processing file /home/airflow/.local/lib/python3.12/site-packages/airflow/example_dags/example_dataset_alias_with_no_taskflow.py for tasks to queue
[2026-08-12T04:49:24.854+0000] {logging_mixin.py:190} INFO - [2026-08-12T04:49:24.854+0000] {dagbag.py:587} INFO - Filling up the DagBag from /home/airflow/.local/lib/python3.12/site-packages/airflow/example_dags/example_dataset_alias_with_no_taskflow.py
[2026-08-12T04:49:25.035+0000] {processor.py:925} INFO - DAG(s) 'dataset_alias_example_alias_producer_with_no_taskflow', 'dataset_s3_bucket_producer_with_no_taskflow', 'dataset_s3_bucket_consumer_with_no_taskflow', 'dataset_alias_example_alias_consumer_with_no_taskflow' retrieved from /home/airflow/.local/lib/python3.12/site-packages/airflow/example_dags/example_dataset_alias_with_no_taskflow.py
[2026-08-12T04:49:25.072+0000] {logging_mixin.py:190} INFO - [2026-08-12T04:49:25.071+0000] {dag.py:3211} INFO - Sync 4 DAGs
[2026-08-12T04:49:25.334+0000] {logging_mixin.py:190} INFO - [2026-08-12T04:49:25.333+0000] {dag.py:4138} INFO - Setting next_dagrun for dataset_alias_example_alias_consumer_with_no_taskflow to None, run_after=None
[2026-08-12T04:49:25.338+0000] {logging_mixin.py:190} INFO - [2026-08-12T04:49:25.338+0000] {dag.py:4138} INFO - Setting next_dagrun for dataset_alias_example_alias_producer_with_no_taskflow to None, run_after=None
[2026-08-12T04:49:25.340+0000] {logging_mixin.py:190} INFO - [2026-08-12T04:49:25.340+0000] {dag.py:4138} INFO - Setting next_dagrun for dataset_s3_bucket_consumer_with_no_taskflow to None, run_after=None
[2026-08-12T04:49:25.342+0000] {logging_mixin.py:190} INFO - [2026-08-12T04:49:25.341+0000] {dag.py:4138} INFO - Setting next_dagrun for dataset_s3_bucket_producer_with_no_taskflow to None, run_after=None
[2026-08-12T04:49:25.370+0000] {processor.py:208} INFO - Processing /home/airflow/.local/lib/python3.12/site-packages/airflow/example_dags/example_dataset_alias_with_no_taskflow.py took 0.526 seconds
