[2026-08-12T04:30:45.306+0000] {processor.py:186} INFO - Started process (PID=103) to work on /home/airflow/.local/lib/python3.12/site-packages/airflow/example_dags/example_display_name.py
[2026-08-12T04:30:45.308+0000] {processor.py:914} INFO - Processing file /home/airflow/.local/lib/python3.12/site-packages/airflow/example_dags/example_display_name.py for tasks to queue
[2026-08-12T04:30:45.311+0000] {logging_mixin.py:190} INFO - [2026-08-12T04:30:45.311+0000] {dagbag.py:587} INFO - Filling up the DagBag from /home/airflow/.local/lib/python3.12/site-packages/airflow/example_dags/example_display_name.py
[2026-08-12T04:30:45.322+0000] {processor.py:925} INFO - DAG(s) 'example_display_name' retrieved from /home/airflow/.local/lib/python3.12/site-packages/airflow/example_dags/example_display_name.py
[2026-08-12T04:30:45.456+0000] {logging_mixin.py:190} INFO - [2026-08-12T04:30:45.455+0000] {override.py:1858} INFO - Created Permission View: can delete on DAG:example_display_name
[2026-08-12T04:30:45.472+0000] {logging_mixin.py:190} INFO - [2026-08-12T04:30:45.472+0000] {override.py:1858} INFO - Created Permission View: can read on DAG:example_display_name
[2026-08-12T04:30:45.484+0000] {logging_mixin.py:190} INFO - [2026-08-12T04:30:45.484+0000] {override.py:1858} INFO - Created Permission View: can edit on DAG:example_display_name
[2026-08-12T04:30:45.486+0000] {logging_mixin.py:190} INFO - [2026-08-12T04:30:45.486+0000] {dag.py:3211} INFO - Sync 1 DAGs
[2026-08-12T04:30:45.531+0000] {logging_mixin.py:190} INFO - [2026-08-12T04:30:45.531+0000] {dag.py:3234} INFO - Creating ORM DAG for example_display_name
[2026-08-12T04:30:45.536+0000] {logging_mixin.py:190} INFO - [2026-08-12T04:30:45.535+0000] {dag.py:4138} INFO - Setting next_dagrun for example_display_name to None, run_after=None
[2026-08-12T04:30:45.568+0000] {processor.py:208} INFO - Processing /home/airflow/.local/lib/python3.12/site-packages/airflow/example_dags/example_display_name.py took 0.269 seconds
[2026-08-12T04:31:16.101+0000] {processor.py:186} INFO - Started process (PID=165) to work on /home/airflow/.local/lib/python3.12/site-packages/airflow/example_dags/example_display_name.py
[2026-08-12T04:31:16.104+0000] {processor.py:914} INFO - Processing file /home/airflow/.local/lib/python3.12/site-packages/airflow/example_dags/example_display_name.py for tasks to queue
[2026-08-12T04:31:16.108+0000] {logging_mixin.py:190} INFO - [2026-08-12T04:31:16.107+0000] {dagbag.py:587} INFO - Filling up the DagBag from /home/airflow/.local/lib/python3.12/site-packages/airflow/example_dags/example_display_name.py
[2026-08-12T04:31:16.118+0000] {processor.py:925} INFO - DAG(s) 'example_display_name' retrieved from /home/airflow/.local/lib/python3.12/site-packages/airflow/example_dags/example_display_name.py
[2026-08-12T04:31:16.141+0000] {logging_mixin.py:190} INFO - [2026-08-12T04:31:16.140+0000] {dag.py:3211} INFO - Sync 1 DAGs
[2026-08-12T04:31:16.159+0000] {logging_mixin.py:190} INFO - [2026-08-12T04:31:16.159+0000] {dag.py:4138} INFO - Setting next_dagrun for example_display_name to None, run_after=None
[2026-08-12T04:31:16.184+0000] {processor.py:208} INFO - Processing /home/airflow/.local/lib/python3.12/site-packages/airflow/example_dags/example_display_name.py took 0.090 seconds
[2026-08-12T04:31:46.533+0000] {processor.py:186} INFO - Started process (PID=227) to work on /home/airflow/.local/lib/python3.12/site-packages/airflow/example_dags/example_display_name.py
[2026-08-12T04:31:46.535+0000] {processor.py:914} INFO - Processing file /home/airflow/.local/lib/python3.12/site-packages/airflow/example_dags/example_display_name.py for tasks to queue
[2026-08-12T04:31:46.538+0000] {logging_mixin.py:190} INFO - [2026-08-12T04:31:46.538+0000] {dagbag.py:587} INFO - Filling up the DagBag from /home/airflow/.local/lib/python3.12/site-packages/airflow/example_dags/example_display_name.py
[2026-08-12T04:31:46.548+0000] {processor.py:925} INFO - DAG(s) 'example_display_name' retrieved from /home/airflow/.local/lib/python3.12/site-packages/airflow/example_dags/example_display_name.py
[2026-08-12T04:31:46.570+0000] {logging_mixin.py:190} INFO - [2026-08-12T04:31:46.570+0000] {dag.py:3211} INFO - Sync 1 DAGs
[2026-08-12T04:31:46.587+0000] {logging_mixin.py:190} INFO - [2026-08-12T04:31:46.586+0000] {dag.py:4138} INFO - Setting next_dagrun for example_display_name to None, run_after=None
[2026-08-12T04:31:46.636+0000] {processor.py:208} INFO - Processing /home/airflow/.local/lib/python3.12/site-packages/airflow/example_dags/example_display_name.py took 0.111 seconds
[2026-08-12T04:33:05.405+0000] {processor.py:186} INFO - Started process (PID=89) to work on /home/airflow/.local/lib/python3.12/site-packages/airflow/example_dags/example_display_name.py
[2026-08-12T04:33:05.408+0000] {processor.py:914} INFO - Processing file /home/airflow/.local/lib/python3.12/site-packages/airflow/example_dags/example_display_name.py for tasks to queue
[2026-08-12T04:33:05.415+0000] {logging_mixin.py:190} INFO - [2026-08-12T04:33:05.415+0000] {dagbag.py:587} INFO - Filling up the DagBag from /home/airflow/.local/lib/python3.12/site-packages/airflow/example_dags/example_display_name.py
[2026-08-12T04:33:05.436+0000] {processor.py:925} INFO - DAG(s) 'example_display_name' retrieved from /home/airflow/.local/lib/python3.12/site-packages/airflow/example_dags/example_display_name.py
[2026-08-12T04:33:05.479+0000] {logging_mixin.py:190} INFO - [2026-08-12T04:33:05.478+0000] {dag.py:3211} INFO - Sync 1 DAGs
[2026-08-12T04:33:05.513+0000] {logging_mixin.py:190} INFO - [2026-08-12T04:33:05.512+0000] {dag.py:4138} INFO - Setting next_dagrun for example_display_name to None, run_after=None
[2026-08-12T04:33:05.548+0000] {processor.py:208} INFO - Processing /home/airflow/.local/lib/python3.12/site-packages/airflow/example_dags/example_display_name.py took 0.153 seconds
[2026-08-12T04:33:36.188+0000] {processor.py:186} INFO - Started process (PID=152) to work on /home/airflow/.local/lib/python3.12/site-packages/airflow/example_dags/example_display_name.py
[2026-08-12T04:33:36.191+0000] {processor.py:914} INFO - Processing file /home/airflow/.local/lib/python3.12/site-packages/airflow/example_dags/example_display_name.py for tasks to queue
[2026-08-12T04:33:36.195+0000] {logging_mixin.py:190} INFO - [2026-08-12T04:33:36.194+0000] {dagbag.py:587} INFO - Filling up the DagBag from /home/airflow/.local/lib/python3.12/site-packages/airflow/example_dags/example_display_name.py
[2026-08-12T04:33:36.207+0000] {processor.py:925} INFO - DAG(s) 'example_display_name' retrieved from /home/airflow/.local/lib/python3.12/site-packages/airflow/example_dags/example_display_name.py
[2026-08-12T04:33:36.239+0000] {logging_mixin.py:190} INFO - [2026-08-12T04:33:36.239+0000] {dag.py:3211} INFO - Sync 1 DAGs
[2026-08-12T04:33:36.259+0000] {logging_mixin.py:190} INFO - [2026-08-12T04:33:36.258+0000] {dag.py:4138} INFO - Setting next_dagrun for example_display_name to None, run_after=None
[2026-08-12T04:33:36.291+0000] {processor.py:208} INFO - Processing /home/airflow/.local/lib/python3.12/site-packages/airflow/example_dags/example_display_name.py took 0.111 seconds
[2026-08-12T04:34:06.728+0000] {processor.py:186} INFO - Started process (PID=214) to work on /home/airflow/.local/lib/python3.12/site-packages/airflow/example_dags/example_display_name.py
[2026-08-12T04:34:06.730+0000] {processor.py:914} INFO - Processing file /home/airflow/.local/lib/python3.12/site-packages/airflow/example_dags/example_display_name.py for tasks to queue
[2026-08-12T04:34:06.734+0000] {logging_mixin.py:190} INFO - [2026-08-12T04:34:06.734+0000] {dagbag.py:587} INFO - Filling up the DagBag from /home/airflow/.local/lib/python3.12/site-packages/airflow/example_dags/example_display_name.py
[2026-08-12T04:34:06.744+0000] {processor.py:925} INFO - DAG(s) 'example_display_name' retrieved from /home/airflow/.local/lib/python3.12/site-packages/airflow/example_dags/example_display_name.py
[2026-08-12T04:34:06.765+0000] {logging_mixin.py:190} INFO - [2026-08-12T04:34:06.764+0000] {dag.py:3211} INFO - Sync 1 DAGs
[2026-08-12T04:34:06.780+0000] {logging_mixin.py:190} INFO - [2026-08-12T04:34:06.780+0000] {dag.py:4138} INFO - Setting next_dagrun for example_display_name to None, run_after=None
[2026-08-12T04:34:06.803+0000] {processor.py:208} INFO - Processing /home/airflow/.local/lib/python3.12/site-packages/airflow/example_dags/example_display_name.py took 0.082 seconds
[2026-08-12T04:34:37.102+0000] {processor.py:186} INFO - Started process (PID=276) to work on /home/airflow/.local/lib/python3.12/site-packages/airflow/example_dags/example_display_name.py
[2026-08-12T04:34:37.104+0000] {processor.py:914} INFO - Processing file /home/airflow/.local/lib/python3.12/site-packages/airflow/example_dags/example_display_name.py for tasks to queue
[2026-08-12T04:34:37.107+0000] {logging_mixin.py:190} INFO - [2026-08-12T04:34:37.106+0000] {dagbag.py:587} INFO - Filling up the DagBag from /home/airflow/.local/lib/python3.12/site-packages/airflow/example_dags/example_display_name.py
[2026-08-12T04:34:37.114+0000] {processor.py:925} INFO - DAG(s) 'example_display_name' retrieved from /home/airflow/.local/lib/python3.12/site-packages/airflow/example_dags/example_display_name.py
[2026-08-12T04:34:37.136+0000] {logging_mixin.py:190} INFO - [2026-08-12T04:34:37.136+0000] {dag.py:3211} INFO - Sync 1 DAGs
[2026-08-12T04:34:37.152+0000] {logging_mixin.py:190} INFO - [2026-08-12T04:34:37.151+0000] {dag.py:4138} INFO - Setting next_dagrun for example_display_name to None, run_after=None
[2026-08-12T04:34:37.179+0000] {processor.py:208} INFO - Processing /home/airflow/.local/lib/python3.12/site-packages/airflow/example_dags/example_display_name.py took 0.082 seconds
[2026-08-12T04:35:08.008+0000] {processor.py:186} INFO - Started process (PID=338) to work on /home/airflow/.local/lib/python3.12/site-packages/airflow/example_dags/example_display_name.py
[2026-08-12T04:35:08.009+0000] {processor.py:914} INFO - Processing file /home/airflow/.local/lib/python3.12/site-packages/airflow/example_dags/example_display_name.py for tasks to queue
[2026-08-12T04:35:08.012+0000] {logging_mixin.py:190} INFO - [2026-08-12T04:35:08.012+0000] {dagbag.py:587} INFO - Filling up the DagBag from /home/airflow/.local/lib/python3.12/site-packages/airflow/example_dags/example_display_name.py
[2026-08-12T04:35:08.021+0000] {processor.py:925} INFO - DAG(s) 'example_display_name' retrieved from /home/airflow/.local/lib/python3.12/site-packages/airflow/example_dags/example_display_name.py
[2026-08-12T04:35:08.056+0000] {logging_mixin.py:190} INFO - [2026-08-12T04:35:08.056+0000] {dag.py:3211} INFO - Sync 1 DAGs
[2026-08-12T04:35:08.098+0000] {logging_mixin.py:190} INFO - [2026-08-12T04:35:08.097+0000] {dag.py:4138} INFO - Setting next_dagrun for example_display_name to None, run_after=None
[2026-08-12T04:35:08.130+0000] {processor.py:208} INFO - Processing /home/airflow/.local/lib/python3.12/site-packages/airflow/example_dags/example_display_name.py took 0.128 seconds
[2026-08-12T04:35:38.954+0000] {processor.py:186} INFO - Started process (PID=400) to work on /home/airflow/.local/lib/python3.12/site-packages/airflow/example_dags/example_display_name.py
[2026-08-12T04:35:38.956+0000] {processor.py:914} INFO - Processing file /home/airflow/.local/lib/python3.12/site-packages/airflow/example_dags/example_display_name.py for tasks to queue
[2026-08-12T04:35:38.959+0000] {logging_mixin.py:190} INFO - [2026-08-12T04:35:38.959+0000] {dagbag.py:587} INFO - Filling up the DagBag from /home/airflow/.local/lib/python3.12/site-packages/airflow/example_dags/example_display_name.py
[2026-08-12T04:35:38.968+0000] {processor.py:925} INFO - DAG(s) 'example_display_name' retrieved from /home/airflow/.local/lib/python3.12/site-packages/airflow/example_dags/example_display_name.py
[2026-08-12T04:35:38.992+0000] {logging_mixin.py:190} INFO - [2026-08-12T04:35:38.992+0000] {dag.py:3211} INFO - Sync 1 DAGs
[2026-08-12T04:35:39.009+0000] {logging_mixin.py:190} INFO - [2026-08-12T04:35:39.009+0000] {dag.py:4138} INFO - Setting next_dagrun for example_display_name to None, run_after=None
[2026-08-12T04:35:39.031+0000] {processor.py:208} INFO - Processing /home/airflow/.local/lib/python3.12/site-packages/airflow/example_dags/example_display_name.py took 0.083 seconds
[2026-08-12T04:36:10.030+0000] {processor.py:186} INFO - Started process (PID=462) to work on /home/airflow/.local/lib/python3.12/site-packages/airflow/example_dags/example_display_name.py
[2026-08-12T04:36:10.032+0000] {processor.py:914} INFO - Processing file /home/airflow/.local/lib/python3.12/site-packages/airflow/example_dags/example_display_name.py for tasks to queue
[2026-08-12T04:36:10.036+0000] {logging_mixin.py:190} INFO - [2026-08-12T04:36:10.036+0000] {dagbag.py:587} INFO - Filling up the DagBag from /home/airflow/.local/lib/python3.12/site-packages/airflow/example_dags/example_display_name.py
[2026-08-12T04:36:10.044+0000] {processor.py:925} INFO - DAG(s) 'example_display_name' retrieved from /home/airflow/.local/lib/python3.12/site-packages/airflow/example_dags/example_display_name.py
[2026-08-12T04:36:10.080+0000] {logging_mixin.py:190} INFO - [2026-08-12T04:36:10.080+0000] {dag.py:3211} INFO - Sync 1 DAGs
[2026-08-12T04:36:10.116+0000] {logging_mixin.py:190} INFO - [2026-08-12T04:36:10.116+0000] {dag.py:4138} INFO - Setting next_dagrun for example_display_name to None, run_after=None
[2026-08-12T04:36:10.152+0000] {processor.py:208} INFO - Processing /home/airflow/.local/lib/python3.12/site-packages/airflow/example_dags/example_display_name.py took 0.128 seconds
[2026-08-12T04:36:40.952+0000] {processor.py:186} INFO - Started process (PID=524) to work on /home/airflow/.local/lib/python3.12/site-packages/airflow/example_dags/example_display_name.py
[2026-08-12T04:36:40.955+0000] {processor.py:914} INFO - Processing file /home/airflow/.local/lib/python3.12/site-packages/airflow/example_dags/example_display_name.py for tasks to queue
[2026-08-12T04:36:40.958+0000] {logging_mixin.py:190} INFO - [2026-08-12T04:36:40.958+0000] {dagbag.py:587} INFO - Filling up the DagBag from /home/airflow/.local/lib/python3.12/site-packages/airflow/example_dags/example_display_name.py
[2026-08-12T04:36:40.967+0000] {processor.py:925} INFO - DAG(s) 'example_display_name' retrieved from /home/airflow/.local/lib/python3.12/site-packages/airflow/example_dags/example_display_name.py
[2026-08-12T04:36:40.996+0000] {logging_mixin.py:190} INFO - [2026-08-12T04:36:40.996+0000] {dag.py:3211} INFO - Sync 1 DAGs
[2026-08-12T04:36:41.014+0000] {logging_mixin.py:190} INFO - [2026-08-12T04:36:41.014+0000] {dag.py:4138} INFO - Setting next_dagrun for example_display_name to None, run_after=None
[2026-08-12T04:36:41.049+0000] {processor.py:208} INFO - Processing /home/airflow/.local/lib/python3.12/site-packages/airflow/example_dags/example_display_name.py took 0.104 seconds
[2026-08-12T04:37:11.334+0000] {processor.py:186} INFO - Started process (PID=586) to work on /home/airflow/.local/lib/python3.12/site-packages/airflow/example_dags/example_display_name.py
[2026-08-12T04:37:11.336+0000] {processor.py:914} INFO - Processing file /home/airflow/.local/lib/python3.12/site-packages/airflow/example_dags/example_display_name.py for tasks to queue
[2026-08-12T04:37:11.339+0000] {logging_mixin.py:190} INFO - [2026-08-12T04:37:11.339+0000] {dagbag.py:587} INFO - Filling up the DagBag from /home/airflow/.local/lib/python3.12/site-packages/airflow/example_dags/example_display_name.py
[2026-08-12T04:37:11.347+0000] {processor.py:925} INFO - DAG(s) 'example_display_name' retrieved from /home/airflow/.local/lib/python3.12/site-packages/airflow/example_dags/example_display_name.py
[2026-08-12T04:37:11.367+0000] {logging_mixin.py:190} INFO - [2026-08-12T04:37:11.367+0000] {dag.py:3211} INFO - Sync 1 DAGs
[2026-08-12T04:37:11.382+0000] {logging_mixin.py:190} INFO - [2026-08-12T04:37:11.382+0000] {dag.py:4138} INFO - Setting next_dagrun for example_display_name to None, run_after=None
[2026-08-12T04:37:11.405+0000] {processor.py:208} INFO - Processing /home/airflow/.local/lib/python3.12/site-packages/airflow/example_dags/example_display_name.py took 0.075 seconds
[2026-08-12T04:37:41.605+0000] {processor.py:186} INFO - Started process (PID=648) to work on /home/airflow/.local/lib/python3.12/site-packages/airflow/example_dags/example_display_name.py
[2026-08-12T04:37:41.608+0000] {processor.py:914} INFO - Processing file /home/airflow/.local/lib/python3.12/site-packages/airflow/example_dags/example_display_name.py for tasks to queue
[2026-08-12T04:37:41.612+0000] {logging_mixin.py:190} INFO - [2026-08-12T04:37:41.612+0000] {dagbag.py:587} INFO - Filling up the DagBag from /home/airflow/.local/lib/python3.12/site-packages/airflow/example_dags/example_display_name.py
[2026-08-12T04:37:41.623+0000] {processor.py:925} INFO - DAG(s) 'example_display_name' retrieved from /home/airflow/.local/lib/python3.12/site-packages/airflow/example_dags/example_display_name.py
[2026-08-12T04:37:41.656+0000] {logging_mixin.py:190} INFO - [2026-08-12T04:37:41.655+0000] {dag.py:3211} INFO - Sync 1 DAGs
[2026-08-12T04:37:41.677+0000] {logging_mixin.py:190} INFO - [2026-08-12T04:37:41.676+0000] {dag.py:4138} INFO - Setting next_dagrun for example_display_name to None, run_after=None
[2026-08-12T04:37:41.718+0000] {processor.py:208} INFO - Processing /home/airflow/.local/lib/python3.12/site-packages/airflow/example_dags/example_display_name.py took 0.120 seconds
[2026-08-12T04:38:12.562+0000] {processor.py:186} INFO - Started process (PID=710) to work on /home/airflow/.local/lib/python3.12/site-packages/airflow/example_dags/example_display_name.py
[2026-08-12T04:38:12.564+0000] {processor.py:914} INFO - Processing file /home/airflow/.local/lib/python3.12/site-packages/airflow/example_dags/example_display_name.py for tasks to queue
[2026-08-12T04:38:12.567+0000] {logging_mixin.py:190} INFO - [2026-08-12T04:38:12.567+0000] {dagbag.py:587} INFO - Filling up the DagBag from /home/airflow/.local/lib/python3.12/site-packages/airflow/example_dags/example_display_name.py
[2026-08-12T04:38:12.578+0000] {processor.py:925} INFO - DAG(s) 'example_display_name' retrieved from /home/airflow/.local/lib/python3.12/site-packages/airflow/example_dags/example_display_name.py
[2026-08-12T04:38:12.603+0000] {logging_mixin.py:190} INFO - [2026-08-12T04:38:12.603+0000] {dag.py:3211} INFO - Sync 1 DAGs
[2026-08-12T04:38:12.620+0000] {logging_mixin.py:190} INFO - [2026-08-12T04:38:12.619+0000] {dag.py:4138} INFO - Setting next_dagrun for example_display_name to None, run_after=None
[2026-08-12T04:38:12.642+0000] {processor.py:208} INFO - Processing /home/airflow/.local/lib/python3.12/site-packages/airflow/example_dags/example_display_name.py took 0.088 seconds
[2026-08-12T04:38:43.509+0000] {processor.py:186} INFO - Started process (PID=772) to work on /home/airflow/.local/lib/python3.12/site-packages/airflow/example_dags/example_display_name.py
[2026-08-12T04:38:43.513+0000] {processor.py:914} INFO - Processing file /home/airflow/.local/lib/python3.12/site-packages/airflow/example_dags/example_display_name.py for tasks to queue
[2026-08-12T04:38:43.517+0000] {logging_mixin.py:190} INFO - [2026-08-12T04:38:43.517+0000] {dagbag.py:587} INFO - Filling up the DagBag from /home/airflow/.local/lib/python3.12/site-packages/airflow/example_dags/example_display_name.py
[2026-08-12T04:38:43.536+0000] {processor.py:925} INFO - DAG(s) 'example_display_name' retrieved from /home/airflow/.local/lib/python3.12/site-packages/airflow/example_dags/example_display_name.py
[2026-08-12T04:38:43.584+0000] {logging_mixin.py:190} INFO - [2026-08-12T04:38:43.584+0000] {dag.py:3211} INFO - Sync 1 DAGs
[2026-08-12T04:38:43.612+0000] {logging_mixin.py:190} INFO - [2026-08-12T04:38:43.612+0000] {dag.py:4138} INFO - Setting next_dagrun for example_display_name to None, run_after=None
[2026-08-12T04:38:43.649+0000] {processor.py:208} INFO - Processing /home/airflow/.local/lib/python3.12/site-packages/airflow/example_dags/example_display_name.py took 0.148 seconds
[2026-08-12T04:39:14.027+0000] {processor.py:186} INFO - Started process (PID=834) to work on /home/airflow/.local/lib/python3.12/site-packages/airflow/example_dags/example_display_name.py
[2026-08-12T04:39:14.029+0000] {processor.py:914} INFO - Processing file /home/airflow/.local/lib/python3.12/site-packages/airflow/example_dags/example_display_name.py for tasks to queue
[2026-08-12T04:39:14.032+0000] {logging_mixin.py:190} INFO - [2026-08-12T04:39:14.032+0000] {dagbag.py:587} INFO - Filling up the DagBag from /home/airflow/.local/lib/python3.12/site-packages/airflow/example_dags/example_display_name.py
[2026-08-12T04:39:14.040+0000] {processor.py:925} INFO - DAG(s) 'example_display_name' retrieved from /home/airflow/.local/lib/python3.12/site-packages/airflow/example_dags/example_display_name.py
[2026-08-12T04:39:14.064+0000] {logging_mixin.py:190} INFO - [2026-08-12T04:39:14.064+0000] {dag.py:3211} INFO - Sync 1 DAGs
[2026-08-12T04:39:14.079+0000] {logging_mixin.py:190} INFO - [2026-08-12T04:39:14.079+0000] {dag.py:4138} INFO - Setting next_dagrun for example_display_name to None, run_after=None
[2026-08-12T04:39:14.103+0000] {processor.py:208} INFO - Processing /home/airflow/.local/lib/python3.12/site-packages/airflow/example_dags/example_display_name.py took 0.082 seconds
[2026-08-12T04:39:44.885+0000] {processor.py:186} INFO - Started process (PID=896) to work on /home/airflow/.local/lib/python3.12/site-packages/airflow/example_dags/example_display_name.py
[2026-08-12T04:39:44.887+0000] {processor.py:914} INFO - Processing file /home/airflow/.local/lib/python3.12/site-packages/airflow/example_dags/example_display_name.py for tasks to queue
[2026-08-12T04:39:44.891+0000] {logging_mixin.py:190} INFO - [2026-08-12T04:39:44.891+0000] {dagbag.py:587} INFO - Filling up the DagBag from /home/airflow/.local/lib/python3.12/site-packages/airflow/example_dags/example_display_name.py
[2026-08-12T04:39:44.903+0000] {processor.py:925} INFO - DAG(s) 'example_display_name' retrieved from /home/airflow/.local/lib/python3.12/site-packages/airflow/example_dags/example_display_name.py
[2026-08-12T04:39:44.927+0000] {logging_mixin.py:190} INFO - [2026-08-12T04:39:44.927+0000] {dag.py:3211} INFO - Sync 1 DAGs
[2026-08-12T04:39:44.943+0000] {logging_mixin.py:190} INFO - [2026-08-12T04:39:44.943+0000] {dag.py:4138} INFO - Setting next_dagrun for example_display_name to None, run_after=None
[2026-08-12T04:39:44.969+0000] {processor.py:208} INFO - Processing /home/airflow/.local/lib/python3.12/site-packages/airflow/example_dags/example_display_name.py took 0.093 seconds
[2026-08-12T04:40:15.683+0000] {processor.py:186} INFO - Started process (PID=958) to work on /home/airflow/.local/lib/python3.12/site-packages/airflow/example_dags/example_display_name.py
[2026-08-12T04:40:15.684+0000] {processor.py:914} INFO - Processing file /home/airflow/.local/lib/python3.12/site-packages/airflow/example_dags/example_display_name.py for tasks to queue
[2026-08-12T04:40:15.688+0000] {logging_mixin.py:190} INFO - [2026-08-12T04:40:15.687+0000] {dagbag.py:587} INFO - Filling up the DagBag from /home/airflow/.local/lib/python3.12/site-packages/airflow/example_dags/example_display_name.py
[2026-08-12T04:40:15.697+0000] {processor.py:925} INFO - DAG(s) 'example_display_name' retrieved from /home/airflow/.local/lib/python3.12/site-packages/airflow/example_dags/example_display_name.py
[2026-08-12T04:40:15.726+0000] {logging_mixin.py:190} INFO - [2026-08-12T04:40:15.726+0000] {dag.py:3211} INFO - Sync 1 DAGs
[2026-08-12T04:40:15.745+0000] {logging_mixin.py:190} INFO - [2026-08-12T04:40:15.745+0000] {dag.py:4138} INFO - Setting next_dagrun for example_display_name to None, run_after=None
[2026-08-12T04:40:15.768+0000] {processor.py:208} INFO - Processing /home/airflow/.local/lib/python3.12/site-packages/airflow/example_dags/example_display_name.py took 0.091 seconds
[2026-08-12T04:40:46.154+0000] {processor.py:186} INFO - Started process (PID=1020) to work on /home/airflow/.local/lib/python3.12/site-packages/airflow/example_dags/example_display_name.py
[2026-08-12T04:40:46.155+0000] {processor.py:914} INFO - Processing file /home/airflow/.local/lib/python3.12/site-packages/airflow/example_dags/example_display_name.py for tasks to queue
[2026-08-12T04:40:46.158+0000] {logging_mixin.py:190} INFO - [2026-08-12T04:40:46.158+0000] {dagbag.py:587} INFO - Filling up the DagBag from /home/airflow/.local/lib/python3.12/site-packages/airflow/example_dags/example_display_name.py
[2026-08-12T04:40:46.167+0000] {processor.py:925} INFO - DAG(s) 'example_display_name' retrieved from /home/airflow/.local/lib/python3.12/site-packages/airflow/example_dags/example_display_name.py
[2026-08-12T04:40:46.191+0000] {logging_mixin.py:190} INFO - [2026-08-12T04:40:46.191+0000] {dag.py:3211} INFO - Sync 1 DAGs
[2026-08-12T04:40:46.211+0000] {logging_mixin.py:190} INFO - [2026-08-12T04:40:46.211+0000] {dag.py:4138} INFO - Setting next_dagrun for example_display_name to None, run_after=None
[2026-08-12T04:40:46.235+0000] {processor.py:208} INFO - Processing /home/airflow/.local/lib/python3.12/site-packages/airflow/example_dags/example_display_name.py took 0.087 seconds
[2026-08-12T04:41:17.096+0000] {processor.py:186} INFO - Started process (PID=1082) to work on /home/airflow/.local/lib/python3.12/site-packages/airflow/example_dags/example_display_name.py
[2026-08-12T04:41:17.097+0000] {processor.py:914} INFO - Processing file /home/airflow/.local/lib/python3.12/site-packages/airflow/example_dags/example_display_name.py for tasks to queue
[2026-08-12T04:41:17.101+0000] {logging_mixin.py:190} INFO - [2026-08-12T04:41:17.101+0000] {dagbag.py:587} INFO - Filling up the DagBag from /home/airflow/.local/lib/python3.12/site-packages/airflow/example_dags/example_display_name.py
[2026-08-12T04:41:17.110+0000] {processor.py:925} INFO - DAG(s) 'example_display_name' retrieved from /home/airflow/.local/lib/python3.12/site-packages/airflow/example_dags/example_display_name.py
[2026-08-12T04:41:17.132+0000] {logging_mixin.py:190} INFO - [2026-08-12T04:41:17.131+0000] {dag.py:3211} INFO - Sync 1 DAGs
[2026-08-12T04:41:17.147+0000] {logging_mixin.py:190} INFO - [2026-08-12T04:41:17.147+0000] {dag.py:4138} INFO - Setting next_dagrun for example_display_name to None, run_after=None
[2026-08-12T04:41:17.169+0000] {processor.py:208} INFO - Processing /home/airflow/.local/lib/python3.12/site-packages/airflow/example_dags/example_display_name.py took 0.082 seconds
[2026-08-12T04:41:47.653+0000] {processor.py:186} INFO - Started process (PID=1144) to work on /home/airflow/.local/lib/python3.12/site-packages/airflow/example_dags/example_display_name.py
[2026-08-12T04:41:47.654+0000] {processor.py:914} INFO - Processing file /home/airflow/.local/lib/python3.12/site-packages/airflow/example_dags/example_display_name.py for tasks to queue
[2026-08-12T04:41:47.658+0000] {logging_mixin.py:190} INFO - [2026-08-12T04:41:47.657+0000] {dagbag.py:587} INFO - Filling up the DagBag from /home/airflow/.local/lib/python3.12/site-packages/airflow/example_dags/example_display_name.py
[2026-08-12T04:41:47.666+0000] {processor.py:925} INFO - DAG(s) 'example_display_name' retrieved from /home/airflow/.local/lib/python3.12/site-packages/airflow/example_dags/example_display_name.py
[2026-08-12T04:41:47.687+0000] {logging_mixin.py:190} INFO - [2026-08-12T04:41:47.686+0000] {dag.py:3211} INFO - Sync 1 DAGs
[2026-08-12T04:41:47.702+0000] {logging_mixin.py:190} INFO - [2026-08-12T04:41:47.701+0000] {dag.py:4138} INFO - Setting next_dagrun for example_display_name to None, run_after=None
[2026-08-12T04:41:47.724+0000] {processor.py:208} INFO - Processing /home/airflow/.local/lib/python3.12/site-packages/airflow/example_dags/example_display_name.py took 0.080 seconds
[2026-08-12T04:42:18.460+0000] {processor.py:186} INFO - Started process (PID=1206) to work on /home/airflow/.local/lib/python3.12/site-packages/airflow/example_dags/example_display_name.py
[2026-08-12T04:42:18.461+0000] {processor.py:914} INFO - Processing file /home/airflow/.local/lib/python3.12/site-packages/airflow/example_dags/example_display_name.py for tasks to queue
[2026-08-12T04:42:18.464+0000] {logging_mixin.py:190} INFO - [2026-08-12T04:42:18.464+0000] {dagbag.py:587} INFO - Filling up the DagBag from /home/airflow/.local/lib/python3.12/site-packages/airflow/example_dags/example_display_name.py
[2026-08-12T04:42:18.474+0000] {processor.py:925} INFO - DAG(s) 'example_display_name' retrieved from /home/airflow/.local/lib/python3.12/site-packages/airflow/example_dags/example_display_name.py
[2026-08-12T04:42:18.497+0000] {logging_mixin.py:190} INFO - [2026-08-12T04:42:18.497+0000] {dag.py:3211} INFO - Sync 1 DAGs
[2026-08-12T04:42:18.514+0000] {logging_mixin.py:190} INFO - [2026-08-12T04:42:18.513+0000] {dag.py:4138} INFO - Setting next_dagrun for example_display_name to None, run_after=None
[2026-08-12T04:42:18.537+0000] {processor.py:208} INFO - Processing /home/airflow/.local/lib/python3.12/site-packages/airflow/example_dags/example_display_name.py took 0.084 seconds
[2026-08-12T04:42:49.134+0000] {processor.py:186} INFO - Started process (PID=1268) to work on /home/airflow/.local/lib/python3.12/site-packages/airflow/example_dags/example_display_name.py
[2026-08-12T04:42:49.135+0000] {processor.py:914} INFO - Processing file /home/airflow/.local/lib/python3.12/site-packages/airflow/example_dags/example_display_name.py for tasks to queue
[2026-08-12T04:42:49.138+0000] {logging_mixin.py:190} INFO - [2026-08-12T04:42:49.138+0000] {dagbag.py:587} INFO - Filling up the DagBag from /home/airflow/.local/lib/python3.12/site-packages/airflow/example_dags/example_display_name.py
[2026-08-12T04:42:49.147+0000] {processor.py:925} INFO - DAG(s) 'example_display_name' retrieved from /home/airflow/.local/lib/python3.12/site-packages/airflow/example_dags/example_display_name.py
[2026-08-12T04:42:49.170+0000] {logging_mixin.py:190} INFO - [2026-08-12T04:42:49.170+0000] {dag.py:3211} INFO - Sync 1 DAGs
[2026-08-12T04:42:49.199+0000] {logging_mixin.py:190} INFO - [2026-08-12T04:42:49.199+0000] {dag.py:4138} INFO - Setting next_dagrun for example_display_name to None, run_after=None
[2026-08-12T04:42:49.221+0000] {processor.py:208} INFO - Processing /home/airflow/.local/lib/python3.12/site-packages/airflow/example_dags/example_display_name.py took 0.094 seconds
[2026-08-12T04:43:19.705+0000] {processor.py:186} INFO - Started process (PID=1329) to work on /home/airflow/.local/lib/python3.12/site-packages/airflow/example_dags/example_display_name.py
[2026-08-12T04:43:19.706+0000] {processor.py:914} INFO - Processing file /home/airflow/.local/lib/python3.12/site-packages/airflow/example_dags/example_display_name.py for tasks to queue
[2026-08-12T04:43:19.709+0000] {logging_mixin.py:190} INFO - [2026-08-12T04:43:19.709+0000] {dagbag.py:587} INFO - Filling up the DagBag from /home/airflow/.local/lib/python3.12/site-packages/airflow/example_dags/example_display_name.py
[2026-08-12T04:43:19.717+0000] {processor.py:925} INFO - DAG(s) 'example_display_name' retrieved from /home/airflow/.local/lib/python3.12/site-packages/airflow/example_dags/example_display_name.py
[2026-08-12T04:43:19.738+0000] {logging_mixin.py:190} INFO - [2026-08-12T04:43:19.738+0000] {dag.py:3211} INFO - Sync 1 DAGs
[2026-08-12T04:43:19.752+0000] {logging_mixin.py:190} INFO - [2026-08-12T04:43:19.751+0000] {dag.py:4138} INFO - Setting next_dagrun for example_display_name to None, run_after=None
[2026-08-12T04:43:19.772+0000] {processor.py:208} INFO - Processing /home/airflow/.local/lib/python3.12/site-packages/airflow/example_dags/example_display_name.py took 0.074 seconds
[2026-08-12T04:43:50.625+0000] {processor.py:186} INFO - Started process (PID=1392) to work on /home/airflow/.local/lib/python3.12/site-packages/airflow/example_dags/example_display_name.py
[2026-08-12T04:43:50.627+0000] {processor.py:914} INFO - Processing file /home/airflow/.local/lib/python3.12/site-packages/airflow/example_dags/example_display_name.py for tasks to queue
[2026-08-12T04:43:50.630+0000] {logging_mixin.py:190} INFO - [2026-08-12T04:43:50.630+0000] {dagbag.py:587} INFO - Filling up the DagBag from /home/airflow/.local/lib/python3.12/site-packages/airflow/example_dags/example_display_name.py
[2026-08-12T04:43:50.654+0000] {processor.py:925} INFO - DAG(s) 'example_display_name' retrieved from /home/airflow/.local/lib/python3.12/site-packages/airflow/example_dags/example_display_name.py
[2026-08-12T04:43:50.676+0000] {logging_mixin.py:190} INFO - [2026-08-12T04:43:50.676+0000] {dag.py:3211} INFO - Sync 1 DAGs
[2026-08-12T04:43:50.692+0000] {logging_mixin.py:190} INFO - [2026-08-12T04:43:50.692+0000] {dag.py:4138} INFO - Setting next_dagrun for example_display_name to None, run_after=None
[2026-08-12T04:43:50.717+0000] {processor.py:208} INFO - Processing /home/airflow/.local/lib/python3.12/site-packages/airflow/example_dags/example_display_name.py took 0.099 seconds
[2026-08-12T04:44:21.526+0000] {processor.py:186} INFO - Started process (PID=1454) to work on /home/airflow/.local/lib/python3.12/site-packages/airflow/example_dags/example_display_name.py
[2026-08-12T04:44:21.529+0000] {processor.py:914} INFO - Processing file /home/airflow/.local/lib/python3.12/site-packages/airflow/example_dags/example_display_name.py for tasks to queue
[2026-08-12T04:44:21.542+0000] {logging_mixin.py:190} INFO - [2026-08-12T04:44:21.542+0000] {dagbag.py:587} INFO - Filling up the DagBag from /home/airflow/.local/lib/python3.12/site-packages/airflow/example_dags/example_display_name.py
[2026-08-12T04:44:21.614+0000] {processor.py:925} INFO - DAG(s) 'example_display_name' retrieved from /home/airflow/.local/lib/python3.12/site-packages/airflow/example_dags/example_display_name.py
[2026-08-12T04:44:21.686+0000] {logging_mixin.py:190} INFO - [2026-08-12T04:44:21.686+0000] {dag.py:3211} INFO - Sync 1 DAGs
[2026-08-12T04:44:21.737+0000] {logging_mixin.py:190} INFO - [2026-08-12T04:44:21.736+0000] {dag.py:4138} INFO - Setting next_dagrun for example_display_name to None, run_after=None
[2026-08-12T04:44:21.778+0000] {processor.py:208} INFO - Processing /home/airflow/.local/lib/python3.12/site-packages/airflow/example_dags/example_display_name.py took 0.267 seconds
[2026-08-12T04:44:52.208+0000] {processor.py:186} INFO - Started process (PID=1516) to work on /home/airflow/.local/lib/python3.12/site-packages/airflow/example_dags/example_display_name.py
[2026-08-12T04:44:52.211+0000] {processor.py:914} INFO - Processing file /home/airflow/.local/lib/python3.12/site-packages/airflow/example_dags/example_display_name.py for tasks to queue
[2026-08-12T04:44:52.214+0000] {logging_mixin.py:190} INFO - [2026-08-12T04:44:52.214+0000] {dagbag.py:587} INFO - Filling up the DagBag from /home/airflow/.local/lib/python3.12/site-packages/airflow/example_dags/example_display_name.py
[2026-08-12T04:44:52.225+0000] {processor.py:925} INFO - DAG(s) 'example_display_name' retrieved from /home/airflow/.local/lib/python3.12/site-packages/airflow/example_dags/example_display_name.py
[2026-08-12T04:44:52.246+0000] {logging_mixin.py:190} INFO - [2026-08-12T04:44:52.246+0000] {dag.py:3211} INFO - Sync 1 DAGs
[2026-08-12T04:44:52.265+0000] {logging_mixin.py:190} INFO - [2026-08-12T04:44:52.264+0000] {dag.py:4138} INFO - Setting next_dagrun for example_display_name to None, run_after=None
[2026-08-12T04:44:52.289+0000] {processor.py:208} INFO - Processing /home/airflow/.local/lib/python3.12/site-packages/airflow/example_dags/example_display_name.py took 0.090 seconds
[2026-08-12T04:45:22.714+0000] {processor.py:186} INFO - Started process (PID=1578) to work on /home/airflow/.local/lib/python3.12/site-packages/airflow/example_dags/example_display_name.py
[2026-08-12T04:45:22.716+0000] {processor.py:914} INFO - Processing file /home/airflow/.local/lib/python3.12/site-packages/airflow/example_dags/example_display_name.py for tasks to queue
[2026-08-12T04:45:22.719+0000] {logging_mixin.py:190} INFO - [2026-08-12T04:45:22.718+0000] {dagbag.py:587} INFO - Filling up the DagBag from /home/airflow/.local/lib/python3.12/site-packages/airflow/example_dags/example_display_name.py
[2026-08-12T04:45:22.727+0000] {processor.py:925} INFO - DAG(s) 'example_display_name' retrieved from /home/airflow/.local/lib/python3.12/site-packages/airflow/example_dags/example_display_name.py
[2026-08-12T04:45:22.748+0000] {logging_mixin.py:190} INFO - [2026-08-12T04:45:22.748+0000] {dag.py:3211} INFO - Sync 1 DAGs
[2026-08-12T04:45:22.764+0000] {logging_mixin.py:190} INFO - [2026-08-12T04:45:22.764+0000] {dag.py:4138} INFO - Setting next_dagrun for example_display_name to None, run_after=None
[2026-08-12T04:45:22.785+0000] {processor.py:208} INFO - Processing /home/airflow/.local/lib/python3.12/site-packages/airflow/example_dags/example_display_name.py took 0.076 seconds
[2026-08-12T04:45:53.575+0000] {processor.py:186} INFO - Started process (PID=1640) to work on /home/airflow/.local/lib/python3.12/site-packages/airflow/example_dags/example_display_name.py
[2026-08-12T04:45:53.577+0000] {processor.py:914} INFO - Processing file /home/airflow/.local/lib/python3.12/site-packages/airflow/example_dags/example_display_name.py for tasks to queue
[2026-08-12T04:45:53.580+0000] {logging_mixin.py:190} INFO - [2026-08-12T04:45:53.579+0000] {dagbag.py:587} INFO - Filling up the DagBag from /home/airflow/.local/lib/python3.12/site-packages/airflow/example_dags/example_display_name.py
[2026-08-12T04:45:53.588+0000] {processor.py:925} INFO - DAG(s) 'example_display_name' retrieved from /home/airflow/.local/lib/python3.12/site-packages/airflow/example_dags/example_display_name.py
[2026-08-12T04:45:53.609+0000] {logging_mixin.py:190} INFO - [2026-08-12T04:45:53.608+0000] {dag.py:3211} INFO - Sync 1 DAGs
[2026-08-12T04:45:53.623+0000] {logging_mixin.py:190} INFO - [2026-08-12T04:45:53.623+0000] {dag.py:4138} INFO - Setting next_dagrun for example_display_name to None, run_after=None
[2026-08-12T04:45:53.650+0000] {processor.py:208} INFO - Processing /home/airflow/.local/lib/python3.12/site-packages/airflow/example_dags/example_display_name.py took 0.080 seconds
[2026-08-12T04:46:24.269+0000] {processor.py:186} INFO - Started process (PID=1702) to work on /home/airflow/.local/lib/python3.12/site-packages/airflow/example_dags/example_display_name.py
[2026-08-12T04:46:24.271+0000] {processor.py:914} INFO - Processing file /home/airflow/.local/lib/python3.12/site-packages/airflow/example_dags/example_display_name.py for tasks to queue
[2026-08-12T04:46:24.274+0000] {logging_mixin.py:190} INFO - [2026-08-12T04:46:24.274+0000] {dagbag.py:587} INFO - Filling up the DagBag from /home/airflow/.local/lib/python3.12/site-packages/airflow/example_dags/example_display_name.py
[2026-08-12T04:46:24.283+0000] {processor.py:925} INFO - DAG(s) 'example_display_name' retrieved from /home/airflow/.local/lib/python3.12/site-packages/airflow/example_dags/example_display_name.py
[2026-08-12T04:46:24.308+0000] {logging_mixin.py:190} INFO - [2026-08-12T04:46:24.308+0000] {dag.py:3211} INFO - Sync 1 DAGs
[2026-08-12T04:46:24.325+0000] {logging_mixin.py:190} INFO - [2026-08-12T04:46:24.325+0000] {dag.py:4138} INFO - Setting next_dagrun for example_display_name to None, run_after=None
[2026-08-12T04:46:24.349+0000] {processor.py:208} INFO - Processing /home/airflow/.local/lib/python3.12/site-packages/airflow/example_dags/example_display_name.py took 0.085 seconds
[2026-08-12T04:46:55.069+0000] {processor.py:186} INFO - Started process (PID=1764) to work on /home/airflow/.local/lib/python3.12/site-packages/airflow/example_dags/example_display_name.py
[2026-08-12T04:46:55.071+0000] {processor.py:914} INFO - Processing file /home/airflow/.local/lib/python3.12/site-packages/airflow/example_dags/example_display_name.py for tasks to queue
[2026-08-12T04:46:55.075+0000] {logging_mixin.py:190} INFO - [2026-08-12T04:46:55.074+0000] {dagbag.py:587} INFO - Filling up the DagBag from /home/airflow/.local/lib/python3.12/site-packages/airflow/example_dags/example_display_name.py
[2026-08-12T04:46:55.085+0000] {processor.py:925} INFO - DAG(s) 'example_display_name' retrieved from /home/airflow/.local/lib/python3.12/site-packages/airflow/example_dags/example_display_name.py
[2026-08-12T04:46:55.112+0000] {logging_mixin.py:190} INFO - [2026-08-12T04:46:55.112+0000] {dag.py:3211} INFO - Sync 1 DAGs
[2026-08-12T04:46:55.130+0000] {logging_mixin.py:190} INFO - [2026-08-12T04:46:55.130+0000] {dag.py:4138} INFO - Setting next_dagrun for example_display_name to None, run_after=None
[2026-08-12T04:46:55.168+0000] {processor.py:208} INFO - Processing /home/airflow/.local/lib/python3.12/site-packages/airflow/example_dags/example_display_name.py took 0.104 seconds
[2026-08-12T04:47:25.387+0000] {processor.py:186} INFO - Started process (PID=1826) to work on /home/airflow/.local/lib/python3.12/site-packages/airflow/example_dags/example_display_name.py
[2026-08-12T04:47:25.389+0000] {processor.py:914} INFO - Processing file /home/airflow/.local/lib/python3.12/site-packages/airflow/example_dags/example_display_name.py for tasks to queue
[2026-08-12T04:47:25.393+0000] {logging_mixin.py:190} INFO - [2026-08-12T04:47:25.392+0000] {dagbag.py:587} INFO - Filling up the DagBag from /home/airflow/.local/lib/python3.12/site-packages/airflow/example_dags/example_display_name.py
[2026-08-12T04:47:25.401+0000] {processor.py:925} INFO - DAG(s) 'example_display_name' retrieved from /home/airflow/.local/lib/python3.12/site-packages/airflow/example_dags/example_display_name.py
[2026-08-12T04:47:25.435+0000] {logging_mixin.py:190} INFO - [2026-08-12T04:47:25.434+0000] {dag.py:3211} INFO - Sync 1 DAGs
[2026-08-12T04:47:25.463+0000] {logging_mixin.py:190} INFO - [2026-08-12T04:47:25.462+0000] {dag.py:4138} INFO - Setting next_dagrun for example_display_name to None, run_after=None
[2026-08-12T04:47:25.489+0000] {processor.py:208} INFO - Processing /home/airflow/.local/lib/python3.12/site-packages/airflow/example_dags/example_display_name.py took 0.107 seconds
[2026-08-12T04:47:56.219+0000] {processor.py:186} INFO - Started process (PID=1888) to work on /home/airflow/.local/lib/python3.12/site-packages/airflow/example_dags/example_display_name.py
[2026-08-12T04:47:56.220+0000] {processor.py:914} INFO - Processing file /home/airflow/.local/lib/python3.12/site-packages/airflow/example_dags/example_display_name.py for tasks to queue
[2026-08-12T04:47:56.223+0000] {logging_mixin.py:190} INFO - [2026-08-12T04:47:56.223+0000] {dagbag.py:587} INFO - Filling up the DagBag from /home/airflow/.local/lib/python3.12/site-packages/airflow/example_dags/example_display_name.py
[2026-08-12T04:47:56.233+0000] {processor.py:925} INFO - DAG(s) 'example_display_name' retrieved from /home/airflow/.local/lib/python3.12/site-packages/airflow/example_dags/example_display_name.py
[2026-08-12T04:47:56.255+0000] {logging_mixin.py:190} INFO - [2026-08-12T04:47:56.255+0000] {dag.py:3211} INFO - Sync 1 DAGs
[2026-08-12T04:47:56.271+0000] {logging_mixin.py:190} INFO - [2026-08-12T04:47:56.271+0000] {dag.py:4138} INFO - Setting next_dagrun for example_display_name to None, run_after=None
[2026-08-12T04:47:56.297+0000] {processor.py:208} INFO - Processing /home/airflow/.local/lib/python3.12/site-packages/airflow/example_dags/example_display_name.py took 0.084 seconds
[2026-08-12T04:48:26.687+0000] {processor.py:186} INFO - Started process (PID=1950) to work on /home/airflow/.local/lib/python3.12/site-packages/airflow/example_dags/example_display_name.py
[2026-08-12T04:48:26.688+0000] {processor.py:914} INFO - Processing file /home/airflow/.local/lib/python3.12/site-packages/airflow/example_dags/example_display_name.py for tasks to queue
[2026-08-12T04:48:26.691+0000] {logging_mixin.py:190} INFO - [2026-08-12T04:48:26.691+0000] {dagbag.py:587} INFO - Filling up the DagBag from /home/airflow/.local/lib/python3.12/site-packages/airflow/example_dags/example_display_name.py
[2026-08-12T04:48:26.704+0000] {processor.py:925} INFO - DAG(s) 'example_display_name' retrieved from /home/airflow/.local/lib/python3.12/site-packages/airflow/example_dags/example_display_name.py
[2026-08-12T04:48:26.734+0000] {logging_mixin.py:190} INFO - [2026-08-12T04:48:26.734+0000] {dag.py:3211} INFO - Sync 1 DAGs
[2026-08-12T04:48:26.755+0000] {logging_mixin.py:190} INFO - [2026-08-12T04:48:26.755+0000] {dag.py:4138} INFO - Setting next_dagrun for example_display_name to None, run_after=None
[2026-08-12T04:48:26.788+0000] {processor.py:208} INFO - Processing /home/airflow/.local/lib/python3.12/site-packages/airflow/example_dags/example_display_name.py took 0.109 seconds
[2026-08-12T04:48:56.995+0000] {processor.py:186} INFO - Started process (PID=2012) to work on /home/airflow/.local/lib/python3.12/site-packages/airflow/example_dags/example_display_name.py
[2026-08-12T04:48:56.997+0000] {processor.py:914} INFO - Processing file /home/airflow/.local/lib/python3.12/site-packages/airflow/example_dags/example_display_name.py for tasks to queue
[2026-08-12T04:48:57.001+0000] {logging_mixin.py:190} INFO - [2026-08-12T04:48:57.000+0000] {dagbag.py:587} INFO - Filling up the DagBag from /home/airflow/.local/lib/python3.12/site-packages/airflow/example_dags/example_display_name.py
[2026-08-12T04:48:57.008+0000] {processor.py:925} INFO - DAG(s) 'example_display_name' retrieved from /home/airflow/.local/lib/python3.12/site-packages/airflow/example_dags/example_display_name.py
[2026-08-12T04:48:57.047+0000] {logging_mixin.py:190} INFO - [2026-08-12T04:48:57.047+0000] {dag.py:3211} INFO - Sync 1 DAGs
[2026-08-12T04:48:57.064+0000] {logging_mixin.py:190} INFO - [2026-08-12T04:48:57.063+0000] {dag.py:4138} INFO - Setting next_dagrun for example_display_name to None, run_after=None
[2026-08-12T04:48:57.087+0000] {processor.py:208} INFO - Processing /home/airflow/.local/lib/python3.12/site-packages/airflow/example_dags/example_display_name.py took 0.100 seconds
[2026-08-12T04:49:27.526+0000] {processor.py:186} INFO - Started process (PID=2074) to work on /home/airflow/.local/lib/python3.12/site-packages/airflow/example_dags/example_display_name.py
[2026-08-12T04:49:27.528+0000] {processor.py:914} INFO - Processing file /home/airflow/.local/lib/python3.12/site-packages/airflow/example_dags/example_display_name.py for tasks to queue
[2026-08-12T04:49:27.532+0000] {logging_mixin.py:190} INFO - [2026-08-12T04:49:27.531+0000] {dagbag.py:587} INFO - Filling up the DagBag from /home/airflow/.local/lib/python3.12/site-packages/airflow/example_dags/example_display_name.py
[2026-08-12T04:49:27.540+0000] {processor.py:925} INFO - DAG(s) 'example_display_name' retrieved from /home/airflow/.local/lib/python3.12/site-packages/airflow/example_dags/example_display_name.py
[2026-08-12T04:49:27.561+0000] {logging_mixin.py:190} INFO - [2026-08-12T04:49:27.560+0000] {dag.py:3211} INFO - Sync 1 DAGs
[2026-08-12T04:49:27.576+0000] {logging_mixin.py:190} INFO - [2026-08-12T04:49:27.576+0000] {dag.py:4138} INFO - Setting next_dagrun for example_display_name to None, run_after=None
[2026-08-12T04:49:27.599+0000] {processor.py:208} INFO - Processing /home/airflow/.local/lib/python3.12/site-packages/airflow/example_dags/example_display_name.py took 0.090 seconds
