[2026-08-12T04:30:42.881+0000] {processor.py:186} INFO - Started process (PID=88) to work on /home/airflow/.local/lib/python3.12/site-packages/airflow/example_dags/example_latest_only.py
[2026-08-12T04:30:42.883+0000] {processor.py:914} INFO - Processing file /home/airflow/.local/lib/python3.12/site-packages/airflow/example_dags/example_latest_only.py for tasks to queue
[2026-08-12T04:30:42.886+0000] {logging_mixin.py:190} INFO - [2026-08-12T04:30:42.886+0000] {dagbag.py:587} INFO - Filling up the DagBag from /home/airflow/.local/lib/python3.12/site-packages/airflow/example_dags/example_latest_only.py
[2026-08-12T04:30:42.897+0000] {processor.py:925} INFO - DAG(s) 'latest_only' retrieved from /home/airflow/.local/lib/python3.12/site-packages/airflow/example_dags/example_latest_only.py
[2026-08-12T04:30:43.057+0000] {logging_mixin.py:190} INFO - [2026-08-12T04:30:43.056+0000] {override.py:1858} INFO - Created Permission View: can delete on DAG:latest_only
[2026-08-12T04:30:43.087+0000] {logging_mixin.py:190} INFO - [2026-08-12T04:30:43.087+0000] {override.py:1858} INFO - Created Permission View: can read on DAG:latest_only
[2026-08-12T04:30:43.099+0000] {logging_mixin.py:190} INFO - [2026-08-12T04:30:43.099+0000] {override.py:1858} INFO - Created Permission View: can edit on DAG:latest_only
[2026-08-12T04:30:43.101+0000] {logging_mixin.py:190} INFO - [2026-08-12T04:30:43.101+0000] {dag.py:3211} INFO - Sync 1 DAGs
[2026-08-12T04:30:43.115+0000] {logging_mixin.py:190} INFO - [2026-08-12T04:30:43.115+0000] {dag.py:3234} INFO - Creating ORM DAG for latest_only
[2026-08-12T04:30:43.127+0000] {logging_mixin.py:190} INFO - [2026-08-12T04:30:43.127+0000] {dag.py:4138} INFO - Setting next_dagrun for latest_only to 2026-08-12 00:00:00+00:00, run_after=2026-08-12 04:00:00+00:00
[2026-08-12T04:30:43.161+0000] {processor.py:208} INFO - Processing /home/airflow/.local/lib/python3.12/site-packages/airflow/example_dags/example_latest_only.py took 0.286 seconds
[2026-08-12T04:31:13.736+0000] {processor.py:186} INFO - Started process (PID=150) to work on /home/airflow/.local/lib/python3.12/site-packages/airflow/example_dags/example_latest_only.py
[2026-08-12T04:31:13.738+0000] {processor.py:914} INFO - Processing file /home/airflow/.local/lib/python3.12/site-packages/airflow/example_dags/example_latest_only.py for tasks to queue
[2026-08-12T04:31:13.741+0000] {logging_mixin.py:190} INFO - [2026-08-12T04:31:13.741+0000] {dagbag.py:587} INFO - Filling up the DagBag from /home/airflow/.local/lib/python3.12/site-packages/airflow/example_dags/example_latest_only.py
[2026-08-12T04:31:13.748+0000] {processor.py:925} INFO - DAG(s) 'latest_only' retrieved from /home/airflow/.local/lib/python3.12/site-packages/airflow/example_dags/example_latest_only.py
[2026-08-12T04:31:13.784+0000] {logging_mixin.py:190} INFO - [2026-08-12T04:31:13.783+0000] {dag.py:3211} INFO - Sync 1 DAGs
[2026-08-12T04:31:13.850+0000] {logging_mixin.py:190} INFO - [2026-08-12T04:31:13.849+0000] {dag.py:4138} INFO - Setting next_dagrun for latest_only to 2026-08-12 00:00:00+00:00, run_after=2026-08-12 04:00:00+00:00
[2026-08-12T04:31:13.874+0000] {processor.py:208} INFO - Processing /home/airflow/.local/lib/python3.12/site-packages/airflow/example_dags/example_latest_only.py took 0.145 seconds
[2026-08-12T04:31:44.387+0000] {processor.py:186} INFO - Started process (PID=212) to work on /home/airflow/.local/lib/python3.12/site-packages/airflow/example_dags/example_latest_only.py
[2026-08-12T04:31:44.389+0000] {processor.py:914} INFO - Processing file /home/airflow/.local/lib/python3.12/site-packages/airflow/example_dags/example_latest_only.py for tasks to queue
[2026-08-12T04:31:44.393+0000] {logging_mixin.py:190} INFO - [2026-08-12T04:31:44.393+0000] {dagbag.py:587} INFO - Filling up the DagBag from /home/airflow/.local/lib/python3.12/site-packages/airflow/example_dags/example_latest_only.py
[2026-08-12T04:31:44.402+0000] {processor.py:925} INFO - DAG(s) 'latest_only' retrieved from /home/airflow/.local/lib/python3.12/site-packages/airflow/example_dags/example_latest_only.py
[2026-08-12T04:31:44.426+0000] {logging_mixin.py:190} INFO - [2026-08-12T04:31:44.425+0000] {dag.py:3211} INFO - Sync 1 DAGs
[2026-08-12T04:31:44.450+0000] {logging_mixin.py:190} INFO - [2026-08-12T04:31:44.450+0000] {dag.py:4138} INFO - Setting next_dagrun for latest_only to 2026-08-12 00:00:00+00:00, run_after=2026-08-12 04:00:00+00:00
[2026-08-12T04:31:44.478+0000] {processor.py:208} INFO - Processing /home/airflow/.local/lib/python3.12/site-packages/airflow/example_dags/example_latest_only.py took 0.098 seconds
[2026-08-12T04:33:03.353+0000] {processor.py:186} INFO - Started process (PID=74) to work on /home/airflow/.local/lib/python3.12/site-packages/airflow/example_dags/example_latest_only.py
[2026-08-12T04:33:03.355+0000] {processor.py:914} INFO - Processing file /home/airflow/.local/lib/python3.12/site-packages/airflow/example_dags/example_latest_only.py for tasks to queue
[2026-08-12T04:33:03.362+0000] {logging_mixin.py:190} INFO - [2026-08-12T04:33:03.362+0000] {dagbag.py:587} INFO - Filling up the DagBag from /home/airflow/.local/lib/python3.12/site-packages/airflow/example_dags/example_latest_only.py
[2026-08-12T04:33:03.376+0000] {processor.py:925} INFO - DAG(s) 'latest_only' retrieved from /home/airflow/.local/lib/python3.12/site-packages/airflow/example_dags/example_latest_only.py
[2026-08-12T04:33:03.420+0000] {logging_mixin.py:190} INFO - [2026-08-12T04:33:03.420+0000] {dag.py:3211} INFO - Sync 1 DAGs
[2026-08-12T04:33:03.463+0000] {logging_mixin.py:190} INFO - [2026-08-12T04:33:03.463+0000] {dag.py:4138} INFO - Setting next_dagrun for latest_only to 2026-08-12 00:00:00+00:00, run_after=2026-08-12 04:00:00+00:00
[2026-08-12T04:33:03.504+0000] {processor.py:208} INFO - Processing /home/airflow/.local/lib/python3.12/site-packages/airflow/example_dags/example_latest_only.py took 0.164 seconds
[2026-08-12T04:33:33.568+0000] {processor.py:186} INFO - Started process (PID=137) to work on /home/airflow/.local/lib/python3.12/site-packages/airflow/example_dags/example_latest_only.py
[2026-08-12T04:33:33.570+0000] {processor.py:914} INFO - Processing file /home/airflow/.local/lib/python3.12/site-packages/airflow/example_dags/example_latest_only.py for tasks to queue
[2026-08-12T04:33:33.572+0000] {logging_mixin.py:190} INFO - [2026-08-12T04:33:33.572+0000] {dagbag.py:587} INFO - Filling up the DagBag from /home/airflow/.local/lib/python3.12/site-packages/airflow/example_dags/example_latest_only.py
[2026-08-12T04:33:33.579+0000] {processor.py:925} INFO - DAG(s) 'latest_only' retrieved from /home/airflow/.local/lib/python3.12/site-packages/airflow/example_dags/example_latest_only.py
[2026-08-12T04:33:33.604+0000] {logging_mixin.py:190} INFO - [2026-08-12T04:33:33.604+0000] {dag.py:3211} INFO - Sync 1 DAGs
[2026-08-12T04:33:33.631+0000] {logging_mixin.py:190} INFO - [2026-08-12T04:33:33.631+0000] {dag.py:4138} INFO - Setting next_dagrun for latest_only to 2026-08-12 00:00:00+00:00, run_after=2026-08-12 04:00:00+00:00
[2026-08-12T04:33:33.656+0000] {processor.py:208} INFO - Processing /home/airflow/.local/lib/python3.12/site-packages/airflow/example_dags/example_latest_only.py took 0.093 seconds
[2026-08-12T04:34:04.289+0000] {processor.py:186} INFO - Started process (PID=199) to work on /home/airflow/.local/lib/python3.12/site-packages/airflow/example_dags/example_latest_only.py
[2026-08-12T04:34:04.291+0000] {processor.py:914} INFO - Processing file /home/airflow/.local/lib/python3.12/site-packages/airflow/example_dags/example_latest_only.py for tasks to queue
[2026-08-12T04:34:04.294+0000] {logging_mixin.py:190} INFO - [2026-08-12T04:34:04.294+0000] {dagbag.py:587} INFO - Filling up the DagBag from /home/airflow/.local/lib/python3.12/site-packages/airflow/example_dags/example_latest_only.py
[2026-08-12T04:34:04.313+0000] {processor.py:925} INFO - DAG(s) 'latest_only' retrieved from /home/airflow/.local/lib/python3.12/site-packages/airflow/example_dags/example_latest_only.py
[2026-08-12T04:34:04.364+0000] {logging_mixin.py:190} INFO - [2026-08-12T04:34:04.364+0000] {dag.py:3211} INFO - Sync 1 DAGs
[2026-08-12T04:34:04.408+0000] {logging_mixin.py:190} INFO - [2026-08-12T04:34:04.408+0000] {dag.py:4138} INFO - Setting next_dagrun for latest_only to 2026-08-12 00:00:00+00:00, run_after=2026-08-12 04:00:00+00:00
[2026-08-12T04:34:04.454+0000] {processor.py:208} INFO - Processing /home/airflow/.local/lib/python3.12/site-packages/airflow/example_dags/example_latest_only.py took 0.170 seconds
[2026-08-12T04:34:34.534+0000] {processor.py:186} INFO - Started process (PID=261) to work on /home/airflow/.local/lib/python3.12/site-packages/airflow/example_dags/example_latest_only.py
[2026-08-12T04:34:34.536+0000] {processor.py:914} INFO - Processing file /home/airflow/.local/lib/python3.12/site-packages/airflow/example_dags/example_latest_only.py for tasks to queue
[2026-08-12T04:34:34.539+0000] {logging_mixin.py:190} INFO - [2026-08-12T04:34:34.538+0000] {dagbag.py:587} INFO - Filling up the DagBag from /home/airflow/.local/lib/python3.12/site-packages/airflow/example_dags/example_latest_only.py
[2026-08-12T04:34:34.546+0000] {processor.py:925} INFO - DAG(s) 'latest_only' retrieved from /home/airflow/.local/lib/python3.12/site-packages/airflow/example_dags/example_latest_only.py
[2026-08-12T04:34:34.567+0000] {logging_mixin.py:190} INFO - [2026-08-12T04:34:34.567+0000] {dag.py:3211} INFO - Sync 1 DAGs
[2026-08-12T04:34:34.588+0000] {logging_mixin.py:190} INFO - [2026-08-12T04:34:34.588+0000] {dag.py:4138} INFO - Setting next_dagrun for latest_only to 2026-08-12 00:00:00+00:00, run_after=2026-08-12 04:00:00+00:00
[2026-08-12T04:34:34.609+0000] {processor.py:208} INFO - Processing /home/airflow/.local/lib/python3.12/site-packages/airflow/example_dags/example_latest_only.py took 0.081 seconds
[2026-08-12T04:35:04.775+0000] {processor.py:186} INFO - Started process (PID=323) to work on /home/airflow/.local/lib/python3.12/site-packages/airflow/example_dags/example_latest_only.py
[2026-08-12T04:35:04.777+0000] {processor.py:914} INFO - Processing file /home/airflow/.local/lib/python3.12/site-packages/airflow/example_dags/example_latest_only.py for tasks to queue
[2026-08-12T04:35:04.780+0000] {logging_mixin.py:190} INFO - [2026-08-12T04:35:04.780+0000] {dagbag.py:587} INFO - Filling up the DagBag from /home/airflow/.local/lib/python3.12/site-packages/airflow/example_dags/example_latest_only.py
[2026-08-12T04:35:04.789+0000] {processor.py:925} INFO - DAG(s) 'latest_only' retrieved from /home/airflow/.local/lib/python3.12/site-packages/airflow/example_dags/example_latest_only.py
[2026-08-12T04:35:04.808+0000] {logging_mixin.py:190} INFO - [2026-08-12T04:35:04.808+0000] {dag.py:3211} INFO - Sync 1 DAGs
[2026-08-12T04:35:04.831+0000] {logging_mixin.py:190} INFO - [2026-08-12T04:35:04.830+0000] {dag.py:4138} INFO - Setting next_dagrun for latest_only to 2026-08-12 00:00:00+00:00, run_after=2026-08-12 04:00:00+00:00
[2026-08-12T04:35:04.852+0000] {processor.py:208} INFO - Processing /home/airflow/.local/lib/python3.12/site-packages/airflow/example_dags/example_latest_only.py took 0.084 seconds
[2026-08-12T04:35:35.563+0000] {processor.py:186} INFO - Started process (PID=385) to work on /home/airflow/.local/lib/python3.12/site-packages/airflow/example_dags/example_latest_only.py
[2026-08-12T04:35:35.564+0000] {processor.py:914} INFO - Processing file /home/airflow/.local/lib/python3.12/site-packages/airflow/example_dags/example_latest_only.py for tasks to queue
[2026-08-12T04:35:35.567+0000] {logging_mixin.py:190} INFO - [2026-08-12T04:35:35.567+0000] {dagbag.py:587} INFO - Filling up the DagBag from /home/airflow/.local/lib/python3.12/site-packages/airflow/example_dags/example_latest_only.py
[2026-08-12T04:35:35.575+0000] {processor.py:925} INFO - DAG(s) 'latest_only' retrieved from /home/airflow/.local/lib/python3.12/site-packages/airflow/example_dags/example_latest_only.py
[2026-08-12T04:35:35.599+0000] {logging_mixin.py:190} INFO - [2026-08-12T04:35:35.599+0000] {dag.py:3211} INFO - Sync 1 DAGs
[2026-08-12T04:35:35.624+0000] {logging_mixin.py:190} INFO - [2026-08-12T04:35:35.624+0000] {dag.py:4138} INFO - Setting next_dagrun for latest_only to 2026-08-12 00:00:00+00:00, run_after=2026-08-12 04:00:00+00:00
[2026-08-12T04:35:35.650+0000] {processor.py:208} INFO - Processing /home/airflow/.local/lib/python3.12/site-packages/airflow/example_dags/example_latest_only.py took 0.093 seconds
[2026-08-12T04:36:06.483+0000] {processor.py:186} INFO - Started process (PID=447) to work on /home/airflow/.local/lib/python3.12/site-packages/airflow/example_dags/example_latest_only.py
[2026-08-12T04:36:06.485+0000] {processor.py:914} INFO - Processing file /home/airflow/.local/lib/python3.12/site-packages/airflow/example_dags/example_latest_only.py for tasks to queue
[2026-08-12T04:36:06.488+0000] {logging_mixin.py:190} INFO - [2026-08-12T04:36:06.488+0000] {dagbag.py:587} INFO - Filling up the DagBag from /home/airflow/.local/lib/python3.12/site-packages/airflow/example_dags/example_latest_only.py
[2026-08-12T04:36:06.495+0000] {processor.py:925} INFO - DAG(s) 'latest_only' retrieved from /home/airflow/.local/lib/python3.12/site-packages/airflow/example_dags/example_latest_only.py
[2026-08-12T04:36:06.515+0000] {logging_mixin.py:190} INFO - [2026-08-12T04:36:06.515+0000] {dag.py:3211} INFO - Sync 1 DAGs
[2026-08-12T04:36:06.539+0000] {logging_mixin.py:190} INFO - [2026-08-12T04:36:06.539+0000] {dag.py:4138} INFO - Setting next_dagrun for latest_only to 2026-08-12 00:00:00+00:00, run_after=2026-08-12 04:00:00+00:00
[2026-08-12T04:36:06.560+0000] {processor.py:208} INFO - Processing /home/airflow/.local/lib/python3.12/site-packages/airflow/example_dags/example_latest_only.py took 0.083 seconds
[2026-08-12T04:36:36.700+0000] {processor.py:186} INFO - Started process (PID=509) to work on /home/airflow/.local/lib/python3.12/site-packages/airflow/example_dags/example_latest_only.py
[2026-08-12T04:36:36.701+0000] {processor.py:914} INFO - Processing file /home/airflow/.local/lib/python3.12/site-packages/airflow/example_dags/example_latest_only.py for tasks to queue
[2026-08-12T04:36:36.704+0000] {logging_mixin.py:190} INFO - [2026-08-12T04:36:36.704+0000] {dagbag.py:587} INFO - Filling up the DagBag from /home/airflow/.local/lib/python3.12/site-packages/airflow/example_dags/example_latest_only.py
[2026-08-12T04:36:36.711+0000] {processor.py:925} INFO - DAG(s) 'latest_only' retrieved from /home/airflow/.local/lib/python3.12/site-packages/airflow/example_dags/example_latest_only.py
[2026-08-12T04:36:36.731+0000] {logging_mixin.py:190} INFO - [2026-08-12T04:36:36.730+0000] {dag.py:3211} INFO - Sync 1 DAGs
[2026-08-12T04:36:36.751+0000] {logging_mixin.py:190} INFO - [2026-08-12T04:36:36.751+0000] {dag.py:4138} INFO - Setting next_dagrun for latest_only to 2026-08-12 00:00:00+00:00, run_after=2026-08-12 04:00:00+00:00
[2026-08-12T04:36:36.769+0000] {processor.py:208} INFO - Processing /home/airflow/.local/lib/python3.12/site-packages/airflow/example_dags/example_latest_only.py took 0.074 seconds
[2026-08-12T04:37:07.722+0000] {processor.py:186} INFO - Started process (PID=571) to work on /home/airflow/.local/lib/python3.12/site-packages/airflow/example_dags/example_latest_only.py
[2026-08-12T04:37:07.723+0000] {processor.py:914} INFO - Processing file /home/airflow/.local/lib/python3.12/site-packages/airflow/example_dags/example_latest_only.py for tasks to queue
[2026-08-12T04:37:07.727+0000] {logging_mixin.py:190} INFO - [2026-08-12T04:37:07.726+0000] {dagbag.py:587} INFO - Filling up the DagBag from /home/airflow/.local/lib/python3.12/site-packages/airflow/example_dags/example_latest_only.py
[2026-08-12T04:37:07.735+0000] {processor.py:925} INFO - DAG(s) 'latest_only' retrieved from /home/airflow/.local/lib/python3.12/site-packages/airflow/example_dags/example_latest_only.py
[2026-08-12T04:37:07.760+0000] {logging_mixin.py:190} INFO - [2026-08-12T04:37:07.760+0000] {dag.py:3211} INFO - Sync 1 DAGs
[2026-08-12T04:37:07.787+0000] {logging_mixin.py:190} INFO - [2026-08-12T04:37:07.786+0000] {dag.py:4138} INFO - Setting next_dagrun for latest_only to 2026-08-12 00:00:00+00:00, run_after=2026-08-12 04:00:00+00:00
[2026-08-12T04:37:07.809+0000] {processor.py:208} INFO - Processing /home/airflow/.local/lib/python3.12/site-packages/airflow/example_dags/example_latest_only.py took 0.094 seconds
[2026-08-12T04:37:38.435+0000] {processor.py:186} INFO - Started process (PID=633) to work on /home/airflow/.local/lib/python3.12/site-packages/airflow/example_dags/example_latest_only.py
[2026-08-12T04:37:38.437+0000] {processor.py:914} INFO - Processing file /home/airflow/.local/lib/python3.12/site-packages/airflow/example_dags/example_latest_only.py for tasks to queue
[2026-08-12T04:37:38.441+0000] {logging_mixin.py:190} INFO - [2026-08-12T04:37:38.440+0000] {dagbag.py:587} INFO - Filling up the DagBag from /home/airflow/.local/lib/python3.12/site-packages/airflow/example_dags/example_latest_only.py
[2026-08-12T04:37:38.449+0000] {processor.py:925} INFO - DAG(s) 'latest_only' retrieved from /home/airflow/.local/lib/python3.12/site-packages/airflow/example_dags/example_latest_only.py
[2026-08-12T04:37:38.472+0000] {logging_mixin.py:190} INFO - [2026-08-12T04:37:38.472+0000] {dag.py:3211} INFO - Sync 1 DAGs
[2026-08-12T04:37:38.500+0000] {logging_mixin.py:190} INFO - [2026-08-12T04:37:38.500+0000] {dag.py:4138} INFO - Setting next_dagrun for latest_only to 2026-08-12 00:00:00+00:00, run_after=2026-08-12 04:00:00+00:00
[2026-08-12T04:37:38.527+0000] {processor.py:208} INFO - Processing /home/airflow/.local/lib/python3.12/site-packages/airflow/example_dags/example_latest_only.py took 0.098 seconds
[2026-08-12T04:38:09.186+0000] {processor.py:186} INFO - Started process (PID=695) to work on /home/airflow/.local/lib/python3.12/site-packages/airflow/example_dags/example_latest_only.py
[2026-08-12T04:38:09.188+0000] {processor.py:914} INFO - Processing file /home/airflow/.local/lib/python3.12/site-packages/airflow/example_dags/example_latest_only.py for tasks to queue
[2026-08-12T04:38:09.193+0000] {logging_mixin.py:190} INFO - [2026-08-12T04:38:09.193+0000] {dagbag.py:587} INFO - Filling up the DagBag from /home/airflow/.local/lib/python3.12/site-packages/airflow/example_dags/example_latest_only.py
[2026-08-12T04:38:09.204+0000] {processor.py:925} INFO - DAG(s) 'latest_only' retrieved from /home/airflow/.local/lib/python3.12/site-packages/airflow/example_dags/example_latest_only.py
[2026-08-12T04:38:09.237+0000] {logging_mixin.py:190} INFO - [2026-08-12T04:38:09.237+0000] {dag.py:3211} INFO - Sync 1 DAGs
[2026-08-12T04:38:09.268+0000] {logging_mixin.py:190} INFO - [2026-08-12T04:38:09.268+0000] {dag.py:4138} INFO - Setting next_dagrun for latest_only to 2026-08-12 00:00:00+00:00, run_after=2026-08-12 04:00:00+00:00
[2026-08-12T04:38:09.297+0000] {processor.py:208} INFO - Processing /home/airflow/.local/lib/python3.12/site-packages/airflow/example_dags/example_latest_only.py took 0.118 seconds
[2026-08-12T04:38:39.922+0000] {processor.py:186} INFO - Started process (PID=757) to work on /home/airflow/.local/lib/python3.12/site-packages/airflow/example_dags/example_latest_only.py
[2026-08-12T04:38:39.924+0000] {processor.py:914} INFO - Processing file /home/airflow/.local/lib/python3.12/site-packages/airflow/example_dags/example_latest_only.py for tasks to queue
[2026-08-12T04:38:39.928+0000] {logging_mixin.py:190} INFO - [2026-08-12T04:38:39.927+0000] {dagbag.py:587} INFO - Filling up the DagBag from /home/airflow/.local/lib/python3.12/site-packages/airflow/example_dags/example_latest_only.py
[2026-08-12T04:38:39.937+0000] {processor.py:925} INFO - DAG(s) 'latest_only' retrieved from /home/airflow/.local/lib/python3.12/site-packages/airflow/example_dags/example_latest_only.py
[2026-08-12T04:38:39.962+0000] {logging_mixin.py:190} INFO - [2026-08-12T04:38:39.962+0000] {dag.py:3211} INFO - Sync 1 DAGs
[2026-08-12T04:38:39.989+0000] {logging_mixin.py:190} INFO - [2026-08-12T04:38:39.989+0000] {dag.py:4138} INFO - Setting next_dagrun for latest_only to 2026-08-12 00:00:00+00:00, run_after=2026-08-12 04:00:00+00:00
[2026-08-12T04:38:40.014+0000] {processor.py:208} INFO - Processing /home/airflow/.local/lib/python3.12/site-packages/airflow/example_dags/example_latest_only.py took 0.100 seconds
[2026-08-12T04:39:11.288+0000] {processor.py:186} INFO - Started process (PID=819) to work on /home/airflow/.local/lib/python3.12/site-packages/airflow/example_dags/example_latest_only.py
[2026-08-12T04:39:11.290+0000] {processor.py:914} INFO - Processing file /home/airflow/.local/lib/python3.12/site-packages/airflow/example_dags/example_latest_only.py for tasks to queue
[2026-08-12T04:39:11.294+0000] {logging_mixin.py:190} INFO - [2026-08-12T04:39:11.293+0000] {dagbag.py:587} INFO - Filling up the DagBag from /home/airflow/.local/lib/python3.12/site-packages/airflow/example_dags/example_latest_only.py
[2026-08-12T04:39:11.303+0000] {processor.py:925} INFO - DAG(s) 'latest_only' retrieved from /home/airflow/.local/lib/python3.12/site-packages/airflow/example_dags/example_latest_only.py
[2026-08-12T04:39:11.322+0000] {logging_mixin.py:190} INFO - [2026-08-12T04:39:11.322+0000] {dag.py:3211} INFO - Sync 1 DAGs
[2026-08-12T04:39:11.347+0000] {logging_mixin.py:190} INFO - [2026-08-12T04:39:11.347+0000] {dag.py:4138} INFO - Setting next_dagrun for latest_only to 2026-08-12 00:00:00+00:00, run_after=2026-08-12 04:00:00+00:00
[2026-08-12T04:39:11.368+0000] {processor.py:208} INFO - Processing /home/airflow/.local/lib/python3.12/site-packages/airflow/example_dags/example_latest_only.py took 0.086 seconds
[2026-08-12T04:39:41.454+0000] {processor.py:186} INFO - Started process (PID=881) to work on /home/airflow/.local/lib/python3.12/site-packages/airflow/example_dags/example_latest_only.py
[2026-08-12T04:39:41.456+0000] {processor.py:914} INFO - Processing file /home/airflow/.local/lib/python3.12/site-packages/airflow/example_dags/example_latest_only.py for tasks to queue
[2026-08-12T04:39:41.459+0000] {logging_mixin.py:190} INFO - [2026-08-12T04:39:41.459+0000] {dagbag.py:587} INFO - Filling up the DagBag from /home/airflow/.local/lib/python3.12/site-packages/airflow/example_dags/example_latest_only.py
[2026-08-12T04:39:41.468+0000] {processor.py:925} INFO - DAG(s) 'latest_only' retrieved from /home/airflow/.local/lib/python3.12/site-packages/airflow/example_dags/example_latest_only.py
[2026-08-12T04:39:41.496+0000] {logging_mixin.py:190} INFO - [2026-08-12T04:39:41.496+0000] {dag.py:3211} INFO - Sync 1 DAGs
[2026-08-12T04:39:41.518+0000] {logging_mixin.py:190} INFO - [2026-08-12T04:39:41.518+0000] {dag.py:4138} INFO - Setting next_dagrun for latest_only to 2026-08-12 00:00:00+00:00, run_after=2026-08-12 04:00:00+00:00
[2026-08-12T04:39:41.555+0000] {processor.py:208} INFO - Processing /home/airflow/.local/lib/python3.12/site-packages/airflow/example_dags/example_latest_only.py took 0.106 seconds
[2026-08-12T04:40:12.485+0000] {processor.py:186} INFO - Started process (PID=943) to work on /home/airflow/.local/lib/python3.12/site-packages/airflow/example_dags/example_latest_only.py
[2026-08-12T04:40:12.486+0000] {processor.py:914} INFO - Processing file /home/airflow/.local/lib/python3.12/site-packages/airflow/example_dags/example_latest_only.py for tasks to queue
[2026-08-12T04:40:12.490+0000] {logging_mixin.py:190} INFO - [2026-08-12T04:40:12.489+0000] {dagbag.py:587} INFO - Filling up the DagBag from /home/airflow/.local/lib/python3.12/site-packages/airflow/example_dags/example_latest_only.py
[2026-08-12T04:40:12.498+0000] {processor.py:925} INFO - DAG(s) 'latest_only' retrieved from /home/airflow/.local/lib/python3.12/site-packages/airflow/example_dags/example_latest_only.py
[2026-08-12T04:40:12.519+0000] {logging_mixin.py:190} INFO - [2026-08-12T04:40:12.519+0000] {dag.py:3211} INFO - Sync 1 DAGs
[2026-08-12T04:40:12.544+0000] {logging_mixin.py:190} INFO - [2026-08-12T04:40:12.543+0000] {dag.py:4138} INFO - Setting next_dagrun for latest_only to 2026-08-12 00:00:00+00:00, run_after=2026-08-12 04:00:00+00:00
[2026-08-12T04:40:12.570+0000] {processor.py:208} INFO - Processing /home/airflow/.local/lib/python3.12/site-packages/airflow/example_dags/example_latest_only.py took 0.093 seconds
[2026-08-12T04:40:42.973+0000] {processor.py:186} INFO - Started process (PID=1005) to work on /home/airflow/.local/lib/python3.12/site-packages/airflow/example_dags/example_latest_only.py
[2026-08-12T04:40:42.975+0000] {processor.py:914} INFO - Processing file /home/airflow/.local/lib/python3.12/site-packages/airflow/example_dags/example_latest_only.py for tasks to queue
[2026-08-12T04:40:42.979+0000] {logging_mixin.py:190} INFO - [2026-08-12T04:40:42.978+0000] {dagbag.py:587} INFO - Filling up the DagBag from /home/airflow/.local/lib/python3.12/site-packages/airflow/example_dags/example_latest_only.py
[2026-08-12T04:40:42.987+0000] {processor.py:925} INFO - DAG(s) 'latest_only' retrieved from /home/airflow/.local/lib/python3.12/site-packages/airflow/example_dags/example_latest_only.py
[2026-08-12T04:40:43.025+0000] {logging_mixin.py:190} INFO - [2026-08-12T04:40:43.024+0000] {dag.py:3211} INFO - Sync 1 DAGs
[2026-08-12T04:40:43.055+0000] {logging_mixin.py:190} INFO - [2026-08-12T04:40:43.054+0000] {dag.py:4138} INFO - Setting next_dagrun for latest_only to 2026-08-12 00:00:00+00:00, run_after=2026-08-12 04:00:00+00:00
[2026-08-12T04:40:43.092+0000] {processor.py:208} INFO - Processing /home/airflow/.local/lib/python3.12/site-packages/airflow/example_dags/example_latest_only.py took 0.125 seconds
[2026-08-12T04:41:13.694+0000] {processor.py:186} INFO - Started process (PID=1067) to work on /home/airflow/.local/lib/python3.12/site-packages/airflow/example_dags/example_latest_only.py
[2026-08-12T04:41:13.696+0000] {processor.py:914} INFO - Processing file /home/airflow/.local/lib/python3.12/site-packages/airflow/example_dags/example_latest_only.py for tasks to queue
[2026-08-12T04:41:13.700+0000] {logging_mixin.py:190} INFO - [2026-08-12T04:41:13.700+0000] {dagbag.py:587} INFO - Filling up the DagBag from /home/airflow/.local/lib/python3.12/site-packages/airflow/example_dags/example_latest_only.py
[2026-08-12T04:41:13.710+0000] {processor.py:925} INFO - DAG(s) 'latest_only' retrieved from /home/airflow/.local/lib/python3.12/site-packages/airflow/example_dags/example_latest_only.py
[2026-08-12T04:41:13.737+0000] {logging_mixin.py:190} INFO - [2026-08-12T04:41:13.737+0000] {dag.py:3211} INFO - Sync 1 DAGs
[2026-08-12T04:41:13.773+0000] {logging_mixin.py:190} INFO - [2026-08-12T04:41:13.773+0000] {dag.py:4138} INFO - Setting next_dagrun for latest_only to 2026-08-12 00:00:00+00:00, run_after=2026-08-12 04:00:00+00:00
[2026-08-12T04:41:13.802+0000] {processor.py:208} INFO - Processing /home/airflow/.local/lib/python3.12/site-packages/airflow/example_dags/example_latest_only.py took 0.115 seconds
[2026-08-12T04:41:44.464+0000] {processor.py:186} INFO - Started process (PID=1129) to work on /home/airflow/.local/lib/python3.12/site-packages/airflow/example_dags/example_latest_only.py
[2026-08-12T04:41:44.467+0000] {processor.py:914} INFO - Processing file /home/airflow/.local/lib/python3.12/site-packages/airflow/example_dags/example_latest_only.py for tasks to queue
[2026-08-12T04:41:44.471+0000] {logging_mixin.py:190} INFO - [2026-08-12T04:41:44.471+0000] {dagbag.py:587} INFO - Filling up the DagBag from /home/airflow/.local/lib/python3.12/site-packages/airflow/example_dags/example_latest_only.py
[2026-08-12T04:41:44.479+0000] {processor.py:925} INFO - DAG(s) 'latest_only' retrieved from /home/airflow/.local/lib/python3.12/site-packages/airflow/example_dags/example_latest_only.py
[2026-08-12T04:41:44.504+0000] {logging_mixin.py:190} INFO - [2026-08-12T04:41:44.504+0000] {dag.py:3211} INFO - Sync 1 DAGs
[2026-08-12T04:41:44.529+0000] {logging_mixin.py:190} INFO - [2026-08-12T04:41:44.529+0000] {dag.py:4138} INFO - Setting next_dagrun for latest_only to 2026-08-12 00:00:00+00:00, run_after=2026-08-12 04:00:00+00:00
[2026-08-12T04:41:44.554+0000] {processor.py:208} INFO - Processing /home/airflow/.local/lib/python3.12/site-packages/airflow/example_dags/example_latest_only.py took 0.096 seconds
[2026-08-12T04:42:15.270+0000] {processor.py:186} INFO - Started process (PID=1191) to work on /home/airflow/.local/lib/python3.12/site-packages/airflow/example_dags/example_latest_only.py
[2026-08-12T04:42:15.272+0000] {processor.py:914} INFO - Processing file /home/airflow/.local/lib/python3.12/site-packages/airflow/example_dags/example_latest_only.py for tasks to queue
[2026-08-12T04:42:15.277+0000] {logging_mixin.py:190} INFO - [2026-08-12T04:42:15.276+0000] {dagbag.py:587} INFO - Filling up the DagBag from /home/airflow/.local/lib/python3.12/site-packages/airflow/example_dags/example_latest_only.py
[2026-08-12T04:42:15.285+0000] {processor.py:925} INFO - DAG(s) 'latest_only' retrieved from /home/airflow/.local/lib/python3.12/site-packages/airflow/example_dags/example_latest_only.py
[2026-08-12T04:42:15.311+0000] {logging_mixin.py:190} INFO - [2026-08-12T04:42:15.311+0000] {dag.py:3211} INFO - Sync 1 DAGs
[2026-08-12T04:42:15.338+0000] {logging_mixin.py:190} INFO - [2026-08-12T04:42:15.338+0000] {dag.py:4138} INFO - Setting next_dagrun for latest_only to 2026-08-12 00:00:00+00:00, run_after=2026-08-12 04:00:00+00:00
[2026-08-12T04:42:15.362+0000] {processor.py:208} INFO - Processing /home/airflow/.local/lib/python3.12/site-packages/airflow/example_dags/example_latest_only.py took 0.098 seconds
[2026-08-12T04:42:46.058+0000] {processor.py:186} INFO - Started process (PID=1253) to work on /home/airflow/.local/lib/python3.12/site-packages/airflow/example_dags/example_latest_only.py
[2026-08-12T04:42:46.059+0000] {processor.py:914} INFO - Processing file /home/airflow/.local/lib/python3.12/site-packages/airflow/example_dags/example_latest_only.py for tasks to queue
[2026-08-12T04:42:46.062+0000] {logging_mixin.py:190} INFO - [2026-08-12T04:42:46.062+0000] {dagbag.py:587} INFO - Filling up the DagBag from /home/airflow/.local/lib/python3.12/site-packages/airflow/example_dags/example_latest_only.py
[2026-08-12T04:42:46.071+0000] {processor.py:925} INFO - DAG(s) 'latest_only' retrieved from /home/airflow/.local/lib/python3.12/site-packages/airflow/example_dags/example_latest_only.py
[2026-08-12T04:42:46.097+0000] {logging_mixin.py:190} INFO - [2026-08-12T04:42:46.096+0000] {dag.py:3211} INFO - Sync 1 DAGs
[2026-08-12T04:42:46.124+0000] {logging_mixin.py:190} INFO - [2026-08-12T04:42:46.124+0000] {dag.py:4138} INFO - Setting next_dagrun for latest_only to 2026-08-12 00:00:00+00:00, run_after=2026-08-12 04:00:00+00:00
[2026-08-12T04:42:46.148+0000] {processor.py:208} INFO - Processing /home/airflow/.local/lib/python3.12/site-packages/airflow/example_dags/example_latest_only.py took 0.096 seconds
[2026-08-12T04:43:16.471+0000] {processor.py:186} INFO - Started process (PID=1315) to work on /home/airflow/.local/lib/python3.12/site-packages/airflow/example_dags/example_latest_only.py
[2026-08-12T04:43:16.473+0000] {processor.py:914} INFO - Processing file /home/airflow/.local/lib/python3.12/site-packages/airflow/example_dags/example_latest_only.py for tasks to queue
[2026-08-12T04:43:16.477+0000] {logging_mixin.py:190} INFO - [2026-08-12T04:43:16.476+0000] {dagbag.py:587} INFO - Filling up the DagBag from /home/airflow/.local/lib/python3.12/site-packages/airflow/example_dags/example_latest_only.py
[2026-08-12T04:43:16.488+0000] {processor.py:925} INFO - DAG(s) 'latest_only' retrieved from /home/airflow/.local/lib/python3.12/site-packages/airflow/example_dags/example_latest_only.py
[2026-08-12T04:43:16.510+0000] {logging_mixin.py:190} INFO - [2026-08-12T04:43:16.509+0000] {dag.py:3211} INFO - Sync 1 DAGs
[2026-08-12T04:43:16.535+0000] {logging_mixin.py:190} INFO - [2026-08-12T04:43:16.535+0000] {dag.py:4138} INFO - Setting next_dagrun for latest_only to 2026-08-12 00:00:00+00:00, run_after=2026-08-12 04:00:00+00:00
[2026-08-12T04:43:16.557+0000] {processor.py:208} INFO - Processing /home/airflow/.local/lib/python3.12/site-packages/airflow/example_dags/example_latest_only.py took 0.092 seconds
[2026-08-12T04:43:47.252+0000] {processor.py:186} INFO - Started process (PID=1377) to work on /home/airflow/.local/lib/python3.12/site-packages/airflow/example_dags/example_latest_only.py
[2026-08-12T04:43:47.254+0000] {processor.py:914} INFO - Processing file /home/airflow/.local/lib/python3.12/site-packages/airflow/example_dags/example_latest_only.py for tasks to queue
[2026-08-12T04:43:47.258+0000] {logging_mixin.py:190} INFO - [2026-08-12T04:43:47.258+0000] {dagbag.py:587} INFO - Filling up the DagBag from /home/airflow/.local/lib/python3.12/site-packages/airflow/example_dags/example_latest_only.py
[2026-08-12T04:43:47.266+0000] {processor.py:925} INFO - DAG(s) 'latest_only' retrieved from /home/airflow/.local/lib/python3.12/site-packages/airflow/example_dags/example_latest_only.py
[2026-08-12T04:43:47.290+0000] {logging_mixin.py:190} INFO - [2026-08-12T04:43:47.289+0000] {dag.py:3211} INFO - Sync 1 DAGs
[2026-08-12T04:43:47.314+0000] {logging_mixin.py:190} INFO - [2026-08-12T04:43:47.313+0000] {dag.py:4138} INFO - Setting next_dagrun for latest_only to 2026-08-12 00:00:00+00:00, run_after=2026-08-12 04:00:00+00:00
[2026-08-12T04:43:47.336+0000] {processor.py:208} INFO - Processing /home/airflow/.local/lib/python3.12/site-packages/airflow/example_dags/example_latest_only.py took 0.089 seconds
[2026-08-12T04:44:18.010+0000] {processor.py:186} INFO - Started process (PID=1439) to work on /home/airflow/.local/lib/python3.12/site-packages/airflow/example_dags/example_latest_only.py
[2026-08-12T04:44:18.012+0000] {processor.py:914} INFO - Processing file /home/airflow/.local/lib/python3.12/site-packages/airflow/example_dags/example_latest_only.py for tasks to queue
[2026-08-12T04:44:18.015+0000] {logging_mixin.py:190} INFO - [2026-08-12T04:44:18.014+0000] {dagbag.py:587} INFO - Filling up the DagBag from /home/airflow/.local/lib/python3.12/site-packages/airflow/example_dags/example_latest_only.py
[2026-08-12T04:44:18.023+0000] {processor.py:925} INFO - DAG(s) 'latest_only' retrieved from /home/airflow/.local/lib/python3.12/site-packages/airflow/example_dags/example_latest_only.py
[2026-08-12T04:44:18.047+0000] {logging_mixin.py:190} INFO - [2026-08-12T04:44:18.047+0000] {dag.py:3211} INFO - Sync 1 DAGs
[2026-08-12T04:44:18.075+0000] {logging_mixin.py:190} INFO - [2026-08-12T04:44:18.074+0000] {dag.py:4138} INFO - Setting next_dagrun for latest_only to 2026-08-12 00:00:00+00:00, run_after=2026-08-12 04:00:00+00:00
[2026-08-12T04:44:18.098+0000] {processor.py:208} INFO - Processing /home/airflow/.local/lib/python3.12/site-packages/airflow/example_dags/example_latest_only.py took 0.095 seconds
[2026-08-12T04:44:48.784+0000] {processor.py:186} INFO - Started process (PID=1501) to work on /home/airflow/.local/lib/python3.12/site-packages/airflow/example_dags/example_latest_only.py
[2026-08-12T04:44:48.786+0000] {processor.py:914} INFO - Processing file /home/airflow/.local/lib/python3.12/site-packages/airflow/example_dags/example_latest_only.py for tasks to queue
[2026-08-12T04:44:48.789+0000] {logging_mixin.py:190} INFO - [2026-08-12T04:44:48.789+0000] {dagbag.py:587} INFO - Filling up the DagBag from /home/airflow/.local/lib/python3.12/site-packages/airflow/example_dags/example_latest_only.py
[2026-08-12T04:44:48.797+0000] {processor.py:925} INFO - DAG(s) 'latest_only' retrieved from /home/airflow/.local/lib/python3.12/site-packages/airflow/example_dags/example_latest_only.py
[2026-08-12T04:44:48.821+0000] {logging_mixin.py:190} INFO - [2026-08-12T04:44:48.820+0000] {dag.py:3211} INFO - Sync 1 DAGs
[2026-08-12T04:44:48.847+0000] {logging_mixin.py:190} INFO - [2026-08-12T04:44:48.847+0000] {dag.py:4138} INFO - Setting next_dagrun for latest_only to 2026-08-12 00:00:00+00:00, run_after=2026-08-12 04:00:00+00:00
[2026-08-12T04:44:48.871+0000] {processor.py:208} INFO - Processing /home/airflow/.local/lib/python3.12/site-packages/airflow/example_dags/example_latest_only.py took 0.093 seconds
[2026-08-12T04:45:19.597+0000] {processor.py:186} INFO - Started process (PID=1563) to work on /home/airflow/.local/lib/python3.12/site-packages/airflow/example_dags/example_latest_only.py
[2026-08-12T04:45:19.599+0000] {processor.py:914} INFO - Processing file /home/airflow/.local/lib/python3.12/site-packages/airflow/example_dags/example_latest_only.py for tasks to queue
[2026-08-12T04:45:19.603+0000] {logging_mixin.py:190} INFO - [2026-08-12T04:45:19.603+0000] {dagbag.py:587} INFO - Filling up the DagBag from /home/airflow/.local/lib/python3.12/site-packages/airflow/example_dags/example_latest_only.py
[2026-08-12T04:45:19.616+0000] {processor.py:925} INFO - DAG(s) 'latest_only' retrieved from /home/airflow/.local/lib/python3.12/site-packages/airflow/example_dags/example_latest_only.py
[2026-08-12T04:45:19.654+0000] {logging_mixin.py:190} INFO - [2026-08-12T04:45:19.653+0000] {dag.py:3211} INFO - Sync 1 DAGs
[2026-08-12T04:45:19.678+0000] {logging_mixin.py:190} INFO - [2026-08-12T04:45:19.678+0000] {dag.py:4138} INFO - Setting next_dagrun for latest_only to 2026-08-12 00:00:00+00:00, run_after=2026-08-12 04:00:00+00:00
[2026-08-12T04:45:19.700+0000] {processor.py:208} INFO - Processing /home/airflow/.local/lib/python3.12/site-packages/airflow/example_dags/example_latest_only.py took 0.110 seconds
[2026-08-12T04:45:50.496+0000] {processor.py:186} INFO - Started process (PID=1625) to work on /home/airflow/.local/lib/python3.12/site-packages/airflow/example_dags/example_latest_only.py
[2026-08-12T04:45:50.498+0000] {processor.py:914} INFO - Processing file /home/airflow/.local/lib/python3.12/site-packages/airflow/example_dags/example_latest_only.py for tasks to queue
[2026-08-12T04:45:50.503+0000] {logging_mixin.py:190} INFO - [2026-08-12T04:45:50.503+0000] {dagbag.py:587} INFO - Filling up the DagBag from /home/airflow/.local/lib/python3.12/site-packages/airflow/example_dags/example_latest_only.py
[2026-08-12T04:45:50.529+0000] {processor.py:925} INFO - DAG(s) 'latest_only' retrieved from /home/airflow/.local/lib/python3.12/site-packages/airflow/example_dags/example_latest_only.py
[2026-08-12T04:45:50.555+0000] {logging_mixin.py:190} INFO - [2026-08-12T04:45:50.555+0000] {dag.py:3211} INFO - Sync 1 DAGs
[2026-08-12T04:45:50.584+0000] {logging_mixin.py:190} INFO - [2026-08-12T04:45:50.583+0000] {dag.py:4138} INFO - Setting next_dagrun for latest_only to 2026-08-12 00:00:00+00:00, run_after=2026-08-12 04:00:00+00:00
[2026-08-12T04:45:50.609+0000] {processor.py:208} INFO - Processing /home/airflow/.local/lib/python3.12/site-packages/airflow/example_dags/example_latest_only.py took 0.123 seconds
[2026-08-12T04:46:21.044+0000] {processor.py:186} INFO - Started process (PID=1687) to work on /home/airflow/.local/lib/python3.12/site-packages/airflow/example_dags/example_latest_only.py
[2026-08-12T04:46:21.046+0000] {processor.py:914} INFO - Processing file /home/airflow/.local/lib/python3.12/site-packages/airflow/example_dags/example_latest_only.py for tasks to queue
[2026-08-12T04:46:21.050+0000] {logging_mixin.py:190} INFO - [2026-08-12T04:46:21.050+0000] {dagbag.py:587} INFO - Filling up the DagBag from /home/airflow/.local/lib/python3.12/site-packages/airflow/example_dags/example_latest_only.py
[2026-08-12T04:46:21.062+0000] {processor.py:925} INFO - DAG(s) 'latest_only' retrieved from /home/airflow/.local/lib/python3.12/site-packages/airflow/example_dags/example_latest_only.py
[2026-08-12T04:46:21.089+0000] {logging_mixin.py:190} INFO - [2026-08-12T04:46:21.089+0000] {dag.py:3211} INFO - Sync 1 DAGs
[2026-08-12T04:46:21.128+0000] {logging_mixin.py:190} INFO - [2026-08-12T04:46:21.128+0000] {dag.py:4138} INFO - Setting next_dagrun for latest_only to 2026-08-12 00:00:00+00:00, run_after=2026-08-12 04:00:00+00:00
[2026-08-12T04:46:21.161+0000] {processor.py:208} INFO - Processing /home/airflow/.local/lib/python3.12/site-packages/airflow/example_dags/example_latest_only.py took 0.127 seconds
[2026-08-12T04:46:51.833+0000] {processor.py:186} INFO - Started process (PID=1749) to work on /home/airflow/.local/lib/python3.12/site-packages/airflow/example_dags/example_latest_only.py
[2026-08-12T04:46:51.835+0000] {processor.py:914} INFO - Processing file /home/airflow/.local/lib/python3.12/site-packages/airflow/example_dags/example_latest_only.py for tasks to queue
[2026-08-12T04:46:51.838+0000] {logging_mixin.py:190} INFO - [2026-08-12T04:46:51.838+0000] {dagbag.py:587} INFO - Filling up the DagBag from /home/airflow/.local/lib/python3.12/site-packages/airflow/example_dags/example_latest_only.py
[2026-08-12T04:46:51.847+0000] {processor.py:925} INFO - DAG(s) 'latest_only' retrieved from /home/airflow/.local/lib/python3.12/site-packages/airflow/example_dags/example_latest_only.py
[2026-08-12T04:46:51.870+0000] {logging_mixin.py:190} INFO - [2026-08-12T04:46:51.870+0000] {dag.py:3211} INFO - Sync 1 DAGs
[2026-08-12T04:46:51.901+0000] {logging_mixin.py:190} INFO - [2026-08-12T04:46:51.900+0000] {dag.py:4138} INFO - Setting next_dagrun for latest_only to 2026-08-12 00:00:00+00:00, run_after=2026-08-12 04:00:00+00:00
[2026-08-12T04:46:51.924+0000] {processor.py:208} INFO - Processing /home/airflow/.local/lib/python3.12/site-packages/airflow/example_dags/example_latest_only.py took 0.096 seconds
[2026-08-12T04:47:22.852+0000] {processor.py:186} INFO - Started process (PID=1811) to work on /home/airflow/.local/lib/python3.12/site-packages/airflow/example_dags/example_latest_only.py
[2026-08-12T04:47:22.854+0000] {processor.py:914} INFO - Processing file /home/airflow/.local/lib/python3.12/site-packages/airflow/example_dags/example_latest_only.py for tasks to queue
[2026-08-12T04:47:22.858+0000] {logging_mixin.py:190} INFO - [2026-08-12T04:47:22.857+0000] {dagbag.py:587} INFO - Filling up the DagBag from /home/airflow/.local/lib/python3.12/site-packages/airflow/example_dags/example_latest_only.py
[2026-08-12T04:47:22.867+0000] {processor.py:925} INFO - DAG(s) 'latest_only' retrieved from /home/airflow/.local/lib/python3.12/site-packages/airflow/example_dags/example_latest_only.py
[2026-08-12T04:47:22.890+0000] {logging_mixin.py:190} INFO - [2026-08-12T04:47:22.889+0000] {dag.py:3211} INFO - Sync 1 DAGs
[2026-08-12T04:47:22.924+0000] {logging_mixin.py:190} INFO - [2026-08-12T04:47:22.923+0000] {dag.py:4138} INFO - Setting next_dagrun for latest_only to 2026-08-12 00:00:00+00:00, run_after=2026-08-12 04:00:00+00:00
[2026-08-12T04:47:22.961+0000] {processor.py:208} INFO - Processing /home/airflow/.local/lib/python3.12/site-packages/airflow/example_dags/example_latest_only.py took 0.114 seconds
[2026-08-12T04:47:53.469+0000] {processor.py:186} INFO - Started process (PID=1873) to work on /home/airflow/.local/lib/python3.12/site-packages/airflow/example_dags/example_latest_only.py
[2026-08-12T04:47:53.470+0000] {processor.py:914} INFO - Processing file /home/airflow/.local/lib/python3.12/site-packages/airflow/example_dags/example_latest_only.py for tasks to queue
[2026-08-12T04:47:53.474+0000] {logging_mixin.py:190} INFO - [2026-08-12T04:47:53.474+0000] {dagbag.py:587} INFO - Filling up the DagBag from /home/airflow/.local/lib/python3.12/site-packages/airflow/example_dags/example_latest_only.py
[2026-08-12T04:47:53.487+0000] {processor.py:925} INFO - DAG(s) 'latest_only' retrieved from /home/airflow/.local/lib/python3.12/site-packages/airflow/example_dags/example_latest_only.py
[2026-08-12T04:47:53.514+0000] {logging_mixin.py:190} INFO - [2026-08-12T04:47:53.514+0000] {dag.py:3211} INFO - Sync 1 DAGs
[2026-08-12T04:47:53.550+0000] {logging_mixin.py:190} INFO - [2026-08-12T04:47:53.550+0000] {dag.py:4138} INFO - Setting next_dagrun for latest_only to 2026-08-12 00:00:00+00:00, run_after=2026-08-12 04:00:00+00:00
[2026-08-12T04:47:53.580+0000] {processor.py:208} INFO - Processing /home/airflow/.local/lib/python3.12/site-packages/airflow/example_dags/example_latest_only.py took 0.118 seconds
