[2026-08-12T04:30:45.472+0000] {processor.py:186} INFO - Started process (PID=104) to work on /home/airflow/.local/lib/python3.12/site-packages/airflow/example_dags/example_params_trigger_ui.py
[2026-08-12T04:30:45.474+0000] {processor.py:914} INFO - Processing file /home/airflow/.local/lib/python3.12/site-packages/airflow/example_dags/example_params_trigger_ui.py for tasks to queue
[2026-08-12T04:30:45.479+0000] {logging_mixin.py:190} INFO - [2026-08-12T04:30:45.478+0000] {dagbag.py:587} INFO - Filling up the DagBag from /home/airflow/.local/lib/python3.12/site-packages/airflow/example_dags/example_params_trigger_ui.py
[2026-08-12T04:30:45.511+0000] {processor.py:925} INFO - DAG(s) 'example_params_trigger_ui' retrieved from /home/airflow/.local/lib/python3.12/site-packages/airflow/example_dags/example_params_trigger_ui.py
[2026-08-12T04:30:45.768+0000] {logging_mixin.py:190} INFO - [2026-08-12T04:30:45.767+0000] {override.py:1858} INFO - Created Permission View: can delete on DAG:example_params_trigger_ui
[2026-08-12T04:30:45.784+0000] {logging_mixin.py:190} INFO - [2026-08-12T04:30:45.783+0000] {override.py:1858} INFO - Created Permission View: can read on DAG:example_params_trigger_ui
[2026-08-12T04:30:45.795+0000] {logging_mixin.py:190} INFO - [2026-08-12T04:30:45.795+0000] {override.py:1858} INFO - Created Permission View: can edit on DAG:example_params_trigger_ui
[2026-08-12T04:30:45.796+0000] {logging_mixin.py:190} INFO - [2026-08-12T04:30:45.796+0000] {dag.py:3211} INFO - Sync 1 DAGs
[2026-08-12T04:30:45.890+0000] {logging_mixin.py:190} INFO - [2026-08-12T04:30:45.890+0000] {dag.py:3234} INFO - Creating ORM DAG for example_params_trigger_ui
[2026-08-12T04:30:45.907+0000] {logging_mixin.py:190} INFO - [2026-08-12T04:30:45.907+0000] {dag.py:4138} INFO - Setting next_dagrun for example_params_trigger_ui to None, run_after=None
[2026-08-12T04:30:45.939+0000] {processor.py:208} INFO - Processing /home/airflow/.local/lib/python3.12/site-packages/airflow/example_dags/example_params_trigger_ui.py took 0.477 seconds
[2026-08-12T04:31:16.178+0000] {processor.py:186} INFO - Started process (PID=166) to work on /home/airflow/.local/lib/python3.12/site-packages/airflow/example_dags/example_params_trigger_ui.py
[2026-08-12T04:31:16.180+0000] {processor.py:914} INFO - Processing file /home/airflow/.local/lib/python3.12/site-packages/airflow/example_dags/example_params_trigger_ui.py for tasks to queue
[2026-08-12T04:31:16.183+0000] {logging_mixin.py:190} INFO - [2026-08-12T04:31:16.183+0000] {dagbag.py:587} INFO - Filling up the DagBag from /home/airflow/.local/lib/python3.12/site-packages/airflow/example_dags/example_params_trigger_ui.py
[2026-08-12T04:31:16.198+0000] {processor.py:925} INFO - DAG(s) 'example_params_trigger_ui' retrieved from /home/airflow/.local/lib/python3.12/site-packages/airflow/example_dags/example_params_trigger_ui.py
[2026-08-12T04:31:16.241+0000] {logging_mixin.py:190} INFO - [2026-08-12T04:31:16.241+0000] {dag.py:3211} INFO - Sync 1 DAGs
[2026-08-12T04:31:16.258+0000] {logging_mixin.py:190} INFO - [2026-08-12T04:31:16.257+0000] {dag.py:4138} INFO - Setting next_dagrun for example_params_trigger_ui to None, run_after=None
[2026-08-12T04:31:16.279+0000] {processor.py:208} INFO - Processing /home/airflow/.local/lib/python3.12/site-packages/airflow/example_dags/example_params_trigger_ui.py took 0.107 seconds
[2026-08-12T04:31:46.650+0000] {processor.py:186} INFO - Started process (PID=228) to work on /home/airflow/.local/lib/python3.12/site-packages/airflow/example_dags/example_params_trigger_ui.py
[2026-08-12T04:31:46.652+0000] {processor.py:914} INFO - Processing file /home/airflow/.local/lib/python3.12/site-packages/airflow/example_dags/example_params_trigger_ui.py for tasks to queue
[2026-08-12T04:31:46.656+0000] {logging_mixin.py:190} INFO - [2026-08-12T04:31:46.655+0000] {dagbag.py:587} INFO - Filling up the DagBag from /home/airflow/.local/lib/python3.12/site-packages/airflow/example_dags/example_params_trigger_ui.py
[2026-08-12T04:31:46.671+0000] {processor.py:925} INFO - DAG(s) 'example_params_trigger_ui' retrieved from /home/airflow/.local/lib/python3.12/site-packages/airflow/example_dags/example_params_trigger_ui.py
[2026-08-12T04:31:46.733+0000] {logging_mixin.py:190} INFO - [2026-08-12T04:31:46.732+0000] {dag.py:3211} INFO - Sync 1 DAGs
[2026-08-12T04:31:46.747+0000] {logging_mixin.py:190} INFO - [2026-08-12T04:31:46.747+0000] {dag.py:4138} INFO - Setting next_dagrun for example_params_trigger_ui to None, run_after=None
[2026-08-12T04:31:46.768+0000] {processor.py:208} INFO - Processing /home/airflow/.local/lib/python3.12/site-packages/airflow/example_dags/example_params_trigger_ui.py took 0.126 seconds
[2026-08-12T04:33:05.550+0000] {processor.py:186} INFO - Started process (PID=90) to work on /home/airflow/.local/lib/python3.12/site-packages/airflow/example_dags/example_params_trigger_ui.py
[2026-08-12T04:33:05.552+0000] {processor.py:914} INFO - Processing file /home/airflow/.local/lib/python3.12/site-packages/airflow/example_dags/example_params_trigger_ui.py for tasks to queue
[2026-08-12T04:33:05.557+0000] {logging_mixin.py:190} INFO - [2026-08-12T04:33:05.556+0000] {dagbag.py:587} INFO - Filling up the DagBag from /home/airflow/.local/lib/python3.12/site-packages/airflow/example_dags/example_params_trigger_ui.py
[2026-08-12T04:33:05.577+0000] {processor.py:925} INFO - DAG(s) 'example_params_trigger_ui' retrieved from /home/airflow/.local/lib/python3.12/site-packages/airflow/example_dags/example_params_trigger_ui.py
[2026-08-12T04:33:05.650+0000] {logging_mixin.py:190} INFO - [2026-08-12T04:33:05.649+0000] {dag.py:3211} INFO - Sync 1 DAGs
[2026-08-12T04:33:05.671+0000] {logging_mixin.py:190} INFO - [2026-08-12T04:33:05.670+0000] {dag.py:4138} INFO - Setting next_dagrun for example_params_trigger_ui to None, run_after=None
[2026-08-12T04:33:05.702+0000] {processor.py:208} INFO - Processing /home/airflow/.local/lib/python3.12/site-packages/airflow/example_dags/example_params_trigger_ui.py took 0.161 seconds
[2026-08-12T04:33:36.348+0000] {processor.py:186} INFO - Started process (PID=153) to work on /home/airflow/.local/lib/python3.12/site-packages/airflow/example_dags/example_params_trigger_ui.py
[2026-08-12T04:33:36.350+0000] {processor.py:914} INFO - Processing file /home/airflow/.local/lib/python3.12/site-packages/airflow/example_dags/example_params_trigger_ui.py for tasks to queue
[2026-08-12T04:33:36.354+0000] {logging_mixin.py:190} INFO - [2026-08-12T04:33:36.354+0000] {dagbag.py:587} INFO - Filling up the DagBag from /home/airflow/.local/lib/python3.12/site-packages/airflow/example_dags/example_params_trigger_ui.py
[2026-08-12T04:33:36.382+0000] {processor.py:925} INFO - DAG(s) 'example_params_trigger_ui' retrieved from /home/airflow/.local/lib/python3.12/site-packages/airflow/example_dags/example_params_trigger_ui.py
[2026-08-12T04:33:36.432+0000] {logging_mixin.py:190} INFO - [2026-08-12T04:33:36.432+0000] {dag.py:3211} INFO - Sync 1 DAGs
[2026-08-12T04:33:36.447+0000] {logging_mixin.py:190} INFO - [2026-08-12T04:33:36.447+0000] {dag.py:4138} INFO - Setting next_dagrun for example_params_trigger_ui to None, run_after=None
[2026-08-12T04:33:36.467+0000] {processor.py:208} INFO - Processing /home/airflow/.local/lib/python3.12/site-packages/airflow/example_dags/example_params_trigger_ui.py took 0.127 seconds
[2026-08-12T04:34:06.755+0000] {processor.py:186} INFO - Started process (PID=215) to work on /home/airflow/.local/lib/python3.12/site-packages/airflow/example_dags/example_params_trigger_ui.py
[2026-08-12T04:34:06.756+0000] {processor.py:914} INFO - Processing file /home/airflow/.local/lib/python3.12/site-packages/airflow/example_dags/example_params_trigger_ui.py for tasks to queue
[2026-08-12T04:34:06.760+0000] {logging_mixin.py:190} INFO - [2026-08-12T04:34:06.759+0000] {dagbag.py:587} INFO - Filling up the DagBag from /home/airflow/.local/lib/python3.12/site-packages/airflow/example_dags/example_params_trigger_ui.py
[2026-08-12T04:34:06.770+0000] {processor.py:925} INFO - DAG(s) 'example_params_trigger_ui' retrieved from /home/airflow/.local/lib/python3.12/site-packages/airflow/example_dags/example_params_trigger_ui.py
[2026-08-12T04:34:06.816+0000] {logging_mixin.py:190} INFO - [2026-08-12T04:34:06.816+0000] {dag.py:3211} INFO - Sync 1 DAGs
[2026-08-12T04:34:06.832+0000] {logging_mixin.py:190} INFO - [2026-08-12T04:34:06.832+0000] {dag.py:4138} INFO - Setting next_dagrun for example_params_trigger_ui to None, run_after=None
[2026-08-12T04:34:06.853+0000] {processor.py:208} INFO - Processing /home/airflow/.local/lib/python3.12/site-packages/airflow/example_dags/example_params_trigger_ui.py took 0.104 seconds
[2026-08-12T04:34:37.229+0000] {processor.py:186} INFO - Started process (PID=277) to work on /home/airflow/.local/lib/python3.12/site-packages/airflow/example_dags/example_params_trigger_ui.py
[2026-08-12T04:34:37.232+0000] {processor.py:914} INFO - Processing file /home/airflow/.local/lib/python3.12/site-packages/airflow/example_dags/example_params_trigger_ui.py for tasks to queue
[2026-08-12T04:34:37.237+0000] {logging_mixin.py:190} INFO - [2026-08-12T04:34:37.236+0000] {dagbag.py:587} INFO - Filling up the DagBag from /home/airflow/.local/lib/python3.12/site-packages/airflow/example_dags/example_params_trigger_ui.py
[2026-08-12T04:34:37.254+0000] {processor.py:925} INFO - DAG(s) 'example_params_trigger_ui' retrieved from /home/airflow/.local/lib/python3.12/site-packages/airflow/example_dags/example_params_trigger_ui.py
[2026-08-12T04:34:37.305+0000] {logging_mixin.py:190} INFO - [2026-08-12T04:34:37.305+0000] {dag.py:3211} INFO - Sync 1 DAGs
[2026-08-12T04:34:37.322+0000] {logging_mixin.py:190} INFO - [2026-08-12T04:34:37.321+0000] {dag.py:4138} INFO - Setting next_dagrun for example_params_trigger_ui to None, run_after=None
[2026-08-12T04:34:37.351+0000] {processor.py:208} INFO - Processing /home/airflow/.local/lib/python3.12/site-packages/airflow/example_dags/example_params_trigger_ui.py took 0.128 seconds
[2026-08-12T04:35:08.010+0000] {processor.py:186} INFO - Started process (PID=339) to work on /home/airflow/.local/lib/python3.12/site-packages/airflow/example_dags/example_params_trigger_ui.py
[2026-08-12T04:35:08.012+0000] {processor.py:914} INFO - Processing file /home/airflow/.local/lib/python3.12/site-packages/airflow/example_dags/example_params_trigger_ui.py for tasks to queue
[2026-08-12T04:35:08.015+0000] {logging_mixin.py:190} INFO - [2026-08-12T04:35:08.015+0000] {dagbag.py:587} INFO - Filling up the DagBag from /home/airflow/.local/lib/python3.12/site-packages/airflow/example_dags/example_params_trigger_ui.py
[2026-08-12T04:35:08.029+0000] {processor.py:925} INFO - DAG(s) 'example_params_trigger_ui' retrieved from /home/airflow/.local/lib/python3.12/site-packages/airflow/example_dags/example_params_trigger_ui.py
[2026-08-12T04:35:08.150+0000] {logging_mixin.py:190} INFO - [2026-08-12T04:35:08.149+0000] {dag.py:3211} INFO - Sync 1 DAGs
[2026-08-12T04:35:08.165+0000] {logging_mixin.py:190} INFO - [2026-08-12T04:35:08.165+0000] {dag.py:4138} INFO - Setting next_dagrun for example_params_trigger_ui to None, run_after=None
[2026-08-12T04:35:08.189+0000] {processor.py:208} INFO - Processing /home/airflow/.local/lib/python3.12/site-packages/airflow/example_dags/example_params_trigger_ui.py took 0.185 seconds
[2026-08-12T04:35:39.022+0000] {processor.py:186} INFO - Started process (PID=401) to work on /home/airflow/.local/lib/python3.12/site-packages/airflow/example_dags/example_params_trigger_ui.py
[2026-08-12T04:35:39.024+0000] {processor.py:914} INFO - Processing file /home/airflow/.local/lib/python3.12/site-packages/airflow/example_dags/example_params_trigger_ui.py for tasks to queue
[2026-08-12T04:35:39.027+0000] {logging_mixin.py:190} INFO - [2026-08-12T04:35:39.027+0000] {dagbag.py:587} INFO - Filling up the DagBag from /home/airflow/.local/lib/python3.12/site-packages/airflow/example_dags/example_params_trigger_ui.py
[2026-08-12T04:35:39.040+0000] {processor.py:925} INFO - DAG(s) 'example_params_trigger_ui' retrieved from /home/airflow/.local/lib/python3.12/site-packages/airflow/example_dags/example_params_trigger_ui.py
[2026-08-12T04:35:39.095+0000] {logging_mixin.py:190} INFO - [2026-08-12T04:35:39.094+0000] {dag.py:3211} INFO - Sync 1 DAGs
[2026-08-12T04:35:39.117+0000] {logging_mixin.py:190} INFO - [2026-08-12T04:35:39.117+0000] {dag.py:4138} INFO - Setting next_dagrun for example_params_trigger_ui to None, run_after=None
[2026-08-12T04:35:39.142+0000] {processor.py:208} INFO - Processing /home/airflow/.local/lib/python3.12/site-packages/airflow/example_dags/example_params_trigger_ui.py took 0.126 seconds
[2026-08-12T04:36:10.207+0000] {processor.py:186} INFO - Started process (PID=463) to work on /home/airflow/.local/lib/python3.12/site-packages/airflow/example_dags/example_params_trigger_ui.py
[2026-08-12T04:36:10.209+0000] {processor.py:914} INFO - Processing file /home/airflow/.local/lib/python3.12/site-packages/airflow/example_dags/example_params_trigger_ui.py for tasks to queue
[2026-08-12T04:36:10.212+0000] {logging_mixin.py:190} INFO - [2026-08-12T04:36:10.212+0000] {dagbag.py:587} INFO - Filling up the DagBag from /home/airflow/.local/lib/python3.12/site-packages/airflow/example_dags/example_params_trigger_ui.py
[2026-08-12T04:36:10.226+0000] {processor.py:925} INFO - DAG(s) 'example_params_trigger_ui' retrieved from /home/airflow/.local/lib/python3.12/site-packages/airflow/example_dags/example_params_trigger_ui.py
[2026-08-12T04:36:10.276+0000] {logging_mixin.py:190} INFO - [2026-08-12T04:36:10.276+0000] {dag.py:3211} INFO - Sync 1 DAGs
[2026-08-12T04:36:10.296+0000] {logging_mixin.py:190} INFO - [2026-08-12T04:36:10.295+0000] {dag.py:4138} INFO - Setting next_dagrun for example_params_trigger_ui to None, run_after=None
[2026-08-12T04:36:10.337+0000] {processor.py:208} INFO - Processing /home/airflow/.local/lib/python3.12/site-packages/airflow/example_dags/example_params_trigger_ui.py took 0.138 seconds
[2026-08-12T04:36:41.112+0000] {processor.py:186} INFO - Started process (PID=525) to work on /home/airflow/.local/lib/python3.12/site-packages/airflow/example_dags/example_params_trigger_ui.py
[2026-08-12T04:36:41.116+0000] {processor.py:914} INFO - Processing file /home/airflow/.local/lib/python3.12/site-packages/airflow/example_dags/example_params_trigger_ui.py for tasks to queue
[2026-08-12T04:36:41.126+0000] {logging_mixin.py:190} INFO - [2026-08-12T04:36:41.125+0000] {dagbag.py:587} INFO - Filling up the DagBag from /home/airflow/.local/lib/python3.12/site-packages/airflow/example_dags/example_params_trigger_ui.py
[2026-08-12T04:36:41.154+0000] {processor.py:925} INFO - DAG(s) 'example_params_trigger_ui' retrieved from /home/airflow/.local/lib/python3.12/site-packages/airflow/example_dags/example_params_trigger_ui.py
[2026-08-12T04:36:41.217+0000] {logging_mixin.py:190} INFO - [2026-08-12T04:36:41.217+0000] {dag.py:3211} INFO - Sync 1 DAGs
[2026-08-12T04:36:41.251+0000] {logging_mixin.py:190} INFO - [2026-08-12T04:36:41.251+0000] {dag.py:4138} INFO - Setting next_dagrun for example_params_trigger_ui to None, run_after=None
[2026-08-12T04:36:41.281+0000] {processor.py:208} INFO - Processing /home/airflow/.local/lib/python3.12/site-packages/airflow/example_dags/example_params_trigger_ui.py took 0.182 seconds
[2026-08-12T04:37:11.337+0000] {processor.py:186} INFO - Started process (PID=587) to work on /home/airflow/.local/lib/python3.12/site-packages/airflow/example_dags/example_params_trigger_ui.py
[2026-08-12T04:37:11.338+0000] {processor.py:914} INFO - Processing file /home/airflow/.local/lib/python3.12/site-packages/airflow/example_dags/example_params_trigger_ui.py for tasks to queue
[2026-08-12T04:37:11.341+0000] {logging_mixin.py:190} INFO - [2026-08-12T04:37:11.341+0000] {dagbag.py:587} INFO - Filling up the DagBag from /home/airflow/.local/lib/python3.12/site-packages/airflow/example_dags/example_params_trigger_ui.py
[2026-08-12T04:37:11.352+0000] {processor.py:925} INFO - DAG(s) 'example_params_trigger_ui' retrieved from /home/airflow/.local/lib/python3.12/site-packages/airflow/example_dags/example_params_trigger_ui.py
[2026-08-12T04:37:11.390+0000] {logging_mixin.py:190} INFO - [2026-08-12T04:37:11.390+0000] {dag.py:3211} INFO - Sync 1 DAGs
[2026-08-12T04:37:11.404+0000] {logging_mixin.py:190} INFO - [2026-08-12T04:37:11.404+0000] {dag.py:4138} INFO - Setting next_dagrun for example_params_trigger_ui to None, run_after=None
[2026-08-12T04:37:11.427+0000] {processor.py:208} INFO - Processing /home/airflow/.local/lib/python3.12/site-packages/airflow/example_dags/example_params_trigger_ui.py took 0.095 seconds
[2026-08-12T04:37:41.799+0000] {processor.py:186} INFO - Started process (PID=649) to work on /home/airflow/.local/lib/python3.12/site-packages/airflow/example_dags/example_params_trigger_ui.py
[2026-08-12T04:37:41.802+0000] {processor.py:914} INFO - Processing file /home/airflow/.local/lib/python3.12/site-packages/airflow/example_dags/example_params_trigger_ui.py for tasks to queue
[2026-08-12T04:37:41.807+0000] {logging_mixin.py:190} INFO - [2026-08-12T04:37:41.806+0000] {dagbag.py:587} INFO - Filling up the DagBag from /home/airflow/.local/lib/python3.12/site-packages/airflow/example_dags/example_params_trigger_ui.py
[2026-08-12T04:37:41.822+0000] {processor.py:925} INFO - DAG(s) 'example_params_trigger_ui' retrieved from /home/airflow/.local/lib/python3.12/site-packages/airflow/example_dags/example_params_trigger_ui.py
[2026-08-12T04:37:41.868+0000] {logging_mixin.py:190} INFO - [2026-08-12T04:37:41.867+0000] {dag.py:3211} INFO - Sync 1 DAGs
[2026-08-12T04:37:41.886+0000] {logging_mixin.py:190} INFO - [2026-08-12T04:37:41.886+0000] {dag.py:4138} INFO - Setting next_dagrun for example_params_trigger_ui to None, run_after=None
[2026-08-12T04:37:41.909+0000] {processor.py:208} INFO - Processing /home/airflow/.local/lib/python3.12/site-packages/airflow/example_dags/example_params_trigger_ui.py took 0.127 seconds
[2026-08-12T04:38:12.661+0000] {processor.py:186} INFO - Started process (PID=711) to work on /home/airflow/.local/lib/python3.12/site-packages/airflow/example_dags/example_params_trigger_ui.py
[2026-08-12T04:38:12.663+0000] {processor.py:914} INFO - Processing file /home/airflow/.local/lib/python3.12/site-packages/airflow/example_dags/example_params_trigger_ui.py for tasks to queue
[2026-08-12T04:38:12.666+0000] {logging_mixin.py:190} INFO - [2026-08-12T04:38:12.666+0000] {dagbag.py:587} INFO - Filling up the DagBag from /home/airflow/.local/lib/python3.12/site-packages/airflow/example_dags/example_params_trigger_ui.py
[2026-08-12T04:38:12.678+0000] {processor.py:925} INFO - DAG(s) 'example_params_trigger_ui' retrieved from /home/airflow/.local/lib/python3.12/site-packages/airflow/example_dags/example_params_trigger_ui.py
[2026-08-12T04:38:12.717+0000] {logging_mixin.py:190} INFO - [2026-08-12T04:38:12.717+0000] {dag.py:3211} INFO - Sync 1 DAGs
[2026-08-12T04:38:12.735+0000] {logging_mixin.py:190} INFO - [2026-08-12T04:38:12.735+0000] {dag.py:4138} INFO - Setting next_dagrun for example_params_trigger_ui to None, run_after=None
[2026-08-12T04:38:12.763+0000] {processor.py:208} INFO - Processing /home/airflow/.local/lib/python3.12/site-packages/airflow/example_dags/example_params_trigger_ui.py took 0.107 seconds
[2026-08-12T04:38:43.595+0000] {processor.py:186} INFO - Started process (PID=773) to work on /home/airflow/.local/lib/python3.12/site-packages/airflow/example_dags/example_params_trigger_ui.py
[2026-08-12T04:38:43.598+0000] {processor.py:914} INFO - Processing file /home/airflow/.local/lib/python3.12/site-packages/airflow/example_dags/example_params_trigger_ui.py for tasks to queue
[2026-08-12T04:38:43.605+0000] {logging_mixin.py:190} INFO - [2026-08-12T04:38:43.603+0000] {dagbag.py:587} INFO - Filling up the DagBag from /home/airflow/.local/lib/python3.12/site-packages/airflow/example_dags/example_params_trigger_ui.py
[2026-08-12T04:38:43.633+0000] {processor.py:925} INFO - DAG(s) 'example_params_trigger_ui' retrieved from /home/airflow/.local/lib/python3.12/site-packages/airflow/example_dags/example_params_trigger_ui.py
[2026-08-12T04:38:43.692+0000] {logging_mixin.py:190} INFO - [2026-08-12T04:38:43.691+0000] {dag.py:3211} INFO - Sync 1 DAGs
[2026-08-12T04:38:43.711+0000] {logging_mixin.py:190} INFO - [2026-08-12T04:38:43.711+0000] {dag.py:4138} INFO - Setting next_dagrun for example_params_trigger_ui to None, run_after=None
[2026-08-12T04:38:43.737+0000] {processor.py:208} INFO - Processing /home/airflow/.local/lib/python3.12/site-packages/airflow/example_dags/example_params_trigger_ui.py took 0.157 seconds
[2026-08-12T04:39:14.029+0000] {processor.py:186} INFO - Started process (PID=835) to work on /home/airflow/.local/lib/python3.12/site-packages/airflow/example_dags/example_params_trigger_ui.py
[2026-08-12T04:39:14.030+0000] {processor.py:914} INFO - Processing file /home/airflow/.local/lib/python3.12/site-packages/airflow/example_dags/example_params_trigger_ui.py for tasks to queue
[2026-08-12T04:39:14.033+0000] {logging_mixin.py:190} INFO - [2026-08-12T04:39:14.033+0000] {dagbag.py:587} INFO - Filling up the DagBag from /home/airflow/.local/lib/python3.12/site-packages/airflow/example_dags/example_params_trigger_ui.py
[2026-08-12T04:39:14.046+0000] {processor.py:925} INFO - DAG(s) 'example_params_trigger_ui' retrieved from /home/airflow/.local/lib/python3.12/site-packages/airflow/example_dags/example_params_trigger_ui.py
[2026-08-12T04:39:14.089+0000] {logging_mixin.py:190} INFO - [2026-08-12T04:39:14.089+0000] {dag.py:3211} INFO - Sync 1 DAGs
[2026-08-12T04:39:14.106+0000] {logging_mixin.py:190} INFO - [2026-08-12T04:39:14.106+0000] {dag.py:4138} INFO - Setting next_dagrun for example_params_trigger_ui to None, run_after=None
[2026-08-12T04:39:14.128+0000] {processor.py:208} INFO - Processing /home/airflow/.local/lib/python3.12/site-packages/airflow/example_dags/example_params_trigger_ui.py took 0.105 seconds
[2026-08-12T04:39:45.015+0000] {processor.py:186} INFO - Started process (PID=897) to work on /home/airflow/.local/lib/python3.12/site-packages/airflow/example_dags/example_params_trigger_ui.py
[2026-08-12T04:39:45.017+0000] {processor.py:914} INFO - Processing file /home/airflow/.local/lib/python3.12/site-packages/airflow/example_dags/example_params_trigger_ui.py for tasks to queue
[2026-08-12T04:39:45.020+0000] {logging_mixin.py:190} INFO - [2026-08-12T04:39:45.019+0000] {dagbag.py:587} INFO - Filling up the DagBag from /home/airflow/.local/lib/python3.12/site-packages/airflow/example_dags/example_params_trigger_ui.py
[2026-08-12T04:39:45.033+0000] {processor.py:925} INFO - DAG(s) 'example_params_trigger_ui' retrieved from /home/airflow/.local/lib/python3.12/site-packages/airflow/example_dags/example_params_trigger_ui.py
[2026-08-12T04:39:45.073+0000] {logging_mixin.py:190} INFO - [2026-08-12T04:39:45.072+0000] {dag.py:3211} INFO - Sync 1 DAGs
[2026-08-12T04:39:45.090+0000] {logging_mixin.py:190} INFO - [2026-08-12T04:39:45.090+0000] {dag.py:4138} INFO - Setting next_dagrun for example_params_trigger_ui to None, run_after=None
[2026-08-12T04:39:45.133+0000] {processor.py:208} INFO - Processing /home/airflow/.local/lib/python3.12/site-packages/airflow/example_dags/example_params_trigger_ui.py took 0.125 seconds
[2026-08-12T04:40:15.812+0000] {processor.py:186} INFO - Started process (PID=959) to work on /home/airflow/.local/lib/python3.12/site-packages/airflow/example_dags/example_params_trigger_ui.py
[2026-08-12T04:40:15.813+0000] {processor.py:914} INFO - Processing file /home/airflow/.local/lib/python3.12/site-packages/airflow/example_dags/example_params_trigger_ui.py for tasks to queue
[2026-08-12T04:40:15.816+0000] {logging_mixin.py:190} INFO - [2026-08-12T04:40:15.816+0000] {dagbag.py:587} INFO - Filling up the DagBag from /home/airflow/.local/lib/python3.12/site-packages/airflow/example_dags/example_params_trigger_ui.py
[2026-08-12T04:40:15.826+0000] {processor.py:925} INFO - DAG(s) 'example_params_trigger_ui' retrieved from /home/airflow/.local/lib/python3.12/site-packages/airflow/example_dags/example_params_trigger_ui.py
[2026-08-12T04:40:15.867+0000] {logging_mixin.py:190} INFO - [2026-08-12T04:40:15.866+0000] {dag.py:3211} INFO - Sync 1 DAGs
[2026-08-12T04:40:15.880+0000] {logging_mixin.py:190} INFO - [2026-08-12T04:40:15.880+0000] {dag.py:4138} INFO - Setting next_dagrun for example_params_trigger_ui to None, run_after=None
[2026-08-12T04:40:15.900+0000] {processor.py:208} INFO - Processing /home/airflow/.local/lib/python3.12/site-packages/airflow/example_dags/example_params_trigger_ui.py took 0.094 seconds
[2026-08-12T04:40:46.298+0000] {processor.py:186} INFO - Started process (PID=1021) to work on /home/airflow/.local/lib/python3.12/site-packages/airflow/example_dags/example_params_trigger_ui.py
[2026-08-12T04:40:46.299+0000] {processor.py:914} INFO - Processing file /home/airflow/.local/lib/python3.12/site-packages/airflow/example_dags/example_params_trigger_ui.py for tasks to queue
[2026-08-12T04:40:46.303+0000] {logging_mixin.py:190} INFO - [2026-08-12T04:40:46.303+0000] {dagbag.py:587} INFO - Filling up the DagBag from /home/airflow/.local/lib/python3.12/site-packages/airflow/example_dags/example_params_trigger_ui.py
[2026-08-12T04:40:46.316+0000] {processor.py:925} INFO - DAG(s) 'example_params_trigger_ui' retrieved from /home/airflow/.local/lib/python3.12/site-packages/airflow/example_dags/example_params_trigger_ui.py
[2026-08-12T04:40:46.354+0000] {logging_mixin.py:190} INFO - [2026-08-12T04:40:46.354+0000] {dag.py:3211} INFO - Sync 1 DAGs
[2026-08-12T04:40:46.368+0000] {logging_mixin.py:190} INFO - [2026-08-12T04:40:46.368+0000] {dag.py:4138} INFO - Setting next_dagrun for example_params_trigger_ui to None, run_after=None
[2026-08-12T04:40:46.387+0000] {processor.py:208} INFO - Processing /home/airflow/.local/lib/python3.12/site-packages/airflow/example_dags/example_params_trigger_ui.py took 0.095 seconds
[2026-08-12T04:41:17.221+0000] {processor.py:186} INFO - Started process (PID=1083) to work on /home/airflow/.local/lib/python3.12/site-packages/airflow/example_dags/example_params_trigger_ui.py
[2026-08-12T04:41:17.223+0000] {processor.py:914} INFO - Processing file /home/airflow/.local/lib/python3.12/site-packages/airflow/example_dags/example_params_trigger_ui.py for tasks to queue
[2026-08-12T04:41:17.227+0000] {logging_mixin.py:190} INFO - [2026-08-12T04:41:17.226+0000] {dagbag.py:587} INFO - Filling up the DagBag from /home/airflow/.local/lib/python3.12/site-packages/airflow/example_dags/example_params_trigger_ui.py
[2026-08-12T04:41:17.238+0000] {processor.py:925} INFO - DAG(s) 'example_params_trigger_ui' retrieved from /home/airflow/.local/lib/python3.12/site-packages/airflow/example_dags/example_params_trigger_ui.py
[2026-08-12T04:41:17.339+0000] {logging_mixin.py:190} INFO - [2026-08-12T04:41:17.338+0000] {dag.py:3211} INFO - Sync 1 DAGs
[2026-08-12T04:41:17.361+0000] {logging_mixin.py:190} INFO - [2026-08-12T04:41:17.361+0000] {dag.py:4138} INFO - Setting next_dagrun for example_params_trigger_ui to None, run_after=None
[2026-08-12T04:41:17.386+0000] {processor.py:208} INFO - Processing /home/airflow/.local/lib/python3.12/site-packages/airflow/example_dags/example_params_trigger_ui.py took 0.171 seconds
[2026-08-12T04:41:47.678+0000] {processor.py:186} INFO - Started process (PID=1145) to work on /home/airflow/.local/lib/python3.12/site-packages/airflow/example_dags/example_params_trigger_ui.py
[2026-08-12T04:41:47.682+0000] {processor.py:914} INFO - Processing file /home/airflow/.local/lib/python3.12/site-packages/airflow/example_dags/example_params_trigger_ui.py for tasks to queue
[2026-08-12T04:41:47.686+0000] {logging_mixin.py:190} INFO - [2026-08-12T04:41:47.685+0000] {dagbag.py:587} INFO - Filling up the DagBag from /home/airflow/.local/lib/python3.12/site-packages/airflow/example_dags/example_params_trigger_ui.py
[2026-08-12T04:41:47.698+0000] {processor.py:925} INFO - DAG(s) 'example_params_trigger_ui' retrieved from /home/airflow/.local/lib/python3.12/site-packages/airflow/example_dags/example_params_trigger_ui.py
[2026-08-12T04:41:47.743+0000] {logging_mixin.py:190} INFO - [2026-08-12T04:41:47.742+0000] {dag.py:3211} INFO - Sync 1 DAGs
[2026-08-12T04:41:47.761+0000] {logging_mixin.py:190} INFO - [2026-08-12T04:41:47.761+0000] {dag.py:4138} INFO - Setting next_dagrun for example_params_trigger_ui to None, run_after=None
[2026-08-12T04:41:47.781+0000] {processor.py:208} INFO - Processing /home/airflow/.local/lib/python3.12/site-packages/airflow/example_dags/example_params_trigger_ui.py took 0.110 seconds
[2026-08-12T04:42:18.582+0000] {processor.py:186} INFO - Started process (PID=1207) to work on /home/airflow/.local/lib/python3.12/site-packages/airflow/example_dags/example_params_trigger_ui.py
[2026-08-12T04:42:18.584+0000] {processor.py:914} INFO - Processing file /home/airflow/.local/lib/python3.12/site-packages/airflow/example_dags/example_params_trigger_ui.py for tasks to queue
[2026-08-12T04:42:18.587+0000] {logging_mixin.py:190} INFO - [2026-08-12T04:42:18.587+0000] {dagbag.py:587} INFO - Filling up the DagBag from /home/airflow/.local/lib/python3.12/site-packages/airflow/example_dags/example_params_trigger_ui.py
[2026-08-12T04:42:18.598+0000] {processor.py:925} INFO - DAG(s) 'example_params_trigger_ui' retrieved from /home/airflow/.local/lib/python3.12/site-packages/airflow/example_dags/example_params_trigger_ui.py
[2026-08-12T04:42:18.637+0000] {logging_mixin.py:190} INFO - [2026-08-12T04:42:18.637+0000] {dag.py:3211} INFO - Sync 1 DAGs
[2026-08-12T04:42:18.653+0000] {logging_mixin.py:190} INFO - [2026-08-12T04:42:18.652+0000] {dag.py:4138} INFO - Setting next_dagrun for example_params_trigger_ui to None, run_after=None
[2026-08-12T04:42:18.675+0000] {processor.py:208} INFO - Processing /home/airflow/.local/lib/python3.12/site-packages/airflow/example_dags/example_params_trigger_ui.py took 0.098 seconds
[2026-08-12T04:42:49.262+0000] {processor.py:186} INFO - Started process (PID=1269) to work on /home/airflow/.local/lib/python3.12/site-packages/airflow/example_dags/example_params_trigger_ui.py
[2026-08-12T04:42:49.264+0000] {processor.py:914} INFO - Processing file /home/airflow/.local/lib/python3.12/site-packages/airflow/example_dags/example_params_trigger_ui.py for tasks to queue
[2026-08-12T04:42:49.267+0000] {logging_mixin.py:190} INFO - [2026-08-12T04:42:49.267+0000] {dagbag.py:587} INFO - Filling up the DagBag from /home/airflow/.local/lib/python3.12/site-packages/airflow/example_dags/example_params_trigger_ui.py
[2026-08-12T04:42:49.278+0000] {processor.py:925} INFO - DAG(s) 'example_params_trigger_ui' retrieved from /home/airflow/.local/lib/python3.12/site-packages/airflow/example_dags/example_params_trigger_ui.py
[2026-08-12T04:42:49.316+0000] {logging_mixin.py:190} INFO - [2026-08-12T04:42:49.315+0000] {dag.py:3211} INFO - Sync 1 DAGs
[2026-08-12T04:42:49.330+0000] {logging_mixin.py:190} INFO - [2026-08-12T04:42:49.330+0000] {dag.py:4138} INFO - Setting next_dagrun for example_params_trigger_ui to None, run_after=None
[2026-08-12T04:42:49.352+0000] {processor.py:208} INFO - Processing /home/airflow/.local/lib/python3.12/site-packages/airflow/example_dags/example_params_trigger_ui.py took 0.096 seconds
[2026-08-12T04:43:19.823+0000] {processor.py:186} INFO - Started process (PID=1331) to work on /home/airflow/.local/lib/python3.12/site-packages/airflow/example_dags/example_params_trigger_ui.py
[2026-08-12T04:43:19.825+0000] {processor.py:914} INFO - Processing file /home/airflow/.local/lib/python3.12/site-packages/airflow/example_dags/example_params_trigger_ui.py for tasks to queue
[2026-08-12T04:43:19.828+0000] {logging_mixin.py:190} INFO - [2026-08-12T04:43:19.827+0000] {dagbag.py:587} INFO - Filling up the DagBag from /home/airflow/.local/lib/python3.12/site-packages/airflow/example_dags/example_params_trigger_ui.py
[2026-08-12T04:43:19.839+0000] {processor.py:925} INFO - DAG(s) 'example_params_trigger_ui' retrieved from /home/airflow/.local/lib/python3.12/site-packages/airflow/example_dags/example_params_trigger_ui.py
[2026-08-12T04:43:19.895+0000] {logging_mixin.py:190} INFO - [2026-08-12T04:43:19.894+0000] {dag.py:3211} INFO - Sync 1 DAGs
[2026-08-12T04:43:19.932+0000] {logging_mixin.py:190} INFO - [2026-08-12T04:43:19.932+0000] {dag.py:4138} INFO - Setting next_dagrun for example_params_trigger_ui to None, run_after=None
[2026-08-12T04:43:19.964+0000] {processor.py:208} INFO - Processing /home/airflow/.local/lib/python3.12/site-packages/airflow/example_dags/example_params_trigger_ui.py took 0.147 seconds
[2026-08-12T04:43:50.667+0000] {processor.py:186} INFO - Started process (PID=1393) to work on /home/airflow/.local/lib/python3.12/site-packages/airflow/example_dags/example_params_trigger_ui.py
[2026-08-12T04:43:50.674+0000] {processor.py:914} INFO - Processing file /home/airflow/.local/lib/python3.12/site-packages/airflow/example_dags/example_params_trigger_ui.py for tasks to queue
[2026-08-12T04:43:50.678+0000] {logging_mixin.py:190} INFO - [2026-08-12T04:43:50.678+0000] {dagbag.py:587} INFO - Filling up the DagBag from /home/airflow/.local/lib/python3.12/site-packages/airflow/example_dags/example_params_trigger_ui.py
[2026-08-12T04:43:50.692+0000] {processor.py:925} INFO - DAG(s) 'example_params_trigger_ui' retrieved from /home/airflow/.local/lib/python3.12/site-packages/airflow/example_dags/example_params_trigger_ui.py
[2026-08-12T04:43:50.745+0000] {logging_mixin.py:190} INFO - [2026-08-12T04:43:50.745+0000] {dag.py:3211} INFO - Sync 1 DAGs
[2026-08-12T04:43:50.762+0000] {logging_mixin.py:190} INFO - [2026-08-12T04:43:50.762+0000] {dag.py:4138} INFO - Setting next_dagrun for example_params_trigger_ui to None, run_after=None
[2026-08-12T04:43:50.797+0000] {processor.py:208} INFO - Processing /home/airflow/.local/lib/python3.12/site-packages/airflow/example_dags/example_params_trigger_ui.py took 0.137 seconds
[2026-08-12T04:44:21.534+0000] {processor.py:186} INFO - Started process (PID=1455) to work on /home/airflow/.local/lib/python3.12/site-packages/airflow/example_dags/example_params_trigger_ui.py
[2026-08-12T04:44:21.539+0000] {processor.py:914} INFO - Processing file /home/airflow/.local/lib/python3.12/site-packages/airflow/example_dags/example_params_trigger_ui.py for tasks to queue
[2026-08-12T04:44:21.543+0000] {logging_mixin.py:190} INFO - [2026-08-12T04:44:21.543+0000] {dagbag.py:587} INFO - Filling up the DagBag from /home/airflow/.local/lib/python3.12/site-packages/airflow/example_dags/example_params_trigger_ui.py
[2026-08-12T04:44:21.577+0000] {processor.py:925} INFO - DAG(s) 'example_params_trigger_ui' retrieved from /home/airflow/.local/lib/python3.12/site-packages/airflow/example_dags/example_params_trigger_ui.py
[2026-08-12T04:44:21.714+0000] {logging_mixin.py:190} INFO - [2026-08-12T04:44:21.714+0000] {dag.py:3211} INFO - Sync 1 DAGs
[2026-08-12T04:44:21.743+0000] {logging_mixin.py:190} INFO - [2026-08-12T04:44:21.743+0000] {dag.py:4138} INFO - Setting next_dagrun for example_params_trigger_ui to None, run_after=None
[2026-08-12T04:44:21.787+0000] {processor.py:208} INFO - Processing /home/airflow/.local/lib/python3.12/site-packages/airflow/example_dags/example_params_trigger_ui.py took 0.266 seconds
[2026-08-12T04:44:52.236+0000] {processor.py:186} INFO - Started process (PID=1517) to work on /home/airflow/.local/lib/python3.12/site-packages/airflow/example_dags/example_params_trigger_ui.py
[2026-08-12T04:44:52.238+0000] {processor.py:914} INFO - Processing file /home/airflow/.local/lib/python3.12/site-packages/airflow/example_dags/example_params_trigger_ui.py for tasks to queue
[2026-08-12T04:44:52.241+0000] {logging_mixin.py:190} INFO - [2026-08-12T04:44:52.241+0000] {dagbag.py:587} INFO - Filling up the DagBag from /home/airflow/.local/lib/python3.12/site-packages/airflow/example_dags/example_params_trigger_ui.py
[2026-08-12T04:44:52.254+0000] {processor.py:925} INFO - DAG(s) 'example_params_trigger_ui' retrieved from /home/airflow/.local/lib/python3.12/site-packages/airflow/example_dags/example_params_trigger_ui.py
[2026-08-12T04:44:52.302+0000] {logging_mixin.py:190} INFO - [2026-08-12T04:44:52.301+0000] {dag.py:3211} INFO - Sync 1 DAGs
[2026-08-12T04:44:52.316+0000] {logging_mixin.py:190} INFO - [2026-08-12T04:44:52.316+0000] {dag.py:4138} INFO - Setting next_dagrun for example_params_trigger_ui to None, run_after=None
[2026-08-12T04:44:52.341+0000] {processor.py:208} INFO - Processing /home/airflow/.local/lib/python3.12/site-packages/airflow/example_dags/example_params_trigger_ui.py took 0.111 seconds
[2026-08-12T04:45:22.829+0000] {processor.py:186} INFO - Started process (PID=1579) to work on /home/airflow/.local/lib/python3.12/site-packages/airflow/example_dags/example_params_trigger_ui.py
[2026-08-12T04:45:22.831+0000] {processor.py:914} INFO - Processing file /home/airflow/.local/lib/python3.12/site-packages/airflow/example_dags/example_params_trigger_ui.py for tasks to queue
[2026-08-12T04:45:22.834+0000] {logging_mixin.py:190} INFO - [2026-08-12T04:45:22.833+0000] {dagbag.py:587} INFO - Filling up the DagBag from /home/airflow/.local/lib/python3.12/site-packages/airflow/example_dags/example_params_trigger_ui.py
[2026-08-12T04:45:22.843+0000] {processor.py:925} INFO - DAG(s) 'example_params_trigger_ui' retrieved from /home/airflow/.local/lib/python3.12/site-packages/airflow/example_dags/example_params_trigger_ui.py
[2026-08-12T04:45:22.879+0000] {logging_mixin.py:190} INFO - [2026-08-12T04:45:22.879+0000] {dag.py:3211} INFO - Sync 1 DAGs
[2026-08-12T04:45:22.892+0000] {logging_mixin.py:190} INFO - [2026-08-12T04:45:22.891+0000] {dag.py:4138} INFO - Setting next_dagrun for example_params_trigger_ui to None, run_after=None
[2026-08-12T04:45:22.917+0000] {processor.py:208} INFO - Processing /home/airflow/.local/lib/python3.12/site-packages/airflow/example_dags/example_params_trigger_ui.py took 0.093 seconds
[2026-08-12T04:45:53.697+0000] {processor.py:186} INFO - Started process (PID=1641) to work on /home/airflow/.local/lib/python3.12/site-packages/airflow/example_dags/example_params_trigger_ui.py
[2026-08-12T04:45:53.698+0000] {processor.py:914} INFO - Processing file /home/airflow/.local/lib/python3.12/site-packages/airflow/example_dags/example_params_trigger_ui.py for tasks to queue
[2026-08-12T04:45:53.702+0000] {logging_mixin.py:190} INFO - [2026-08-12T04:45:53.701+0000] {dagbag.py:587} INFO - Filling up the DagBag from /home/airflow/.local/lib/python3.12/site-packages/airflow/example_dags/example_params_trigger_ui.py
[2026-08-12T04:45:53.716+0000] {processor.py:925} INFO - DAG(s) 'example_params_trigger_ui' retrieved from /home/airflow/.local/lib/python3.12/site-packages/airflow/example_dags/example_params_trigger_ui.py
[2026-08-12T04:45:53.760+0000] {logging_mixin.py:190} INFO - [2026-08-12T04:45:53.760+0000] {dag.py:3211} INFO - Sync 1 DAGs
[2026-08-12T04:45:53.777+0000] {logging_mixin.py:190} INFO - [2026-08-12T04:45:53.777+0000] {dag.py:4138} INFO - Setting next_dagrun for example_params_trigger_ui to None, run_after=None
[2026-08-12T04:45:53.798+0000] {processor.py:208} INFO - Processing /home/airflow/.local/lib/python3.12/site-packages/airflow/example_dags/example_params_trigger_ui.py took 0.108 seconds
[2026-08-12T04:46:24.399+0000] {processor.py:186} INFO - Started process (PID=1703) to work on /home/airflow/.local/lib/python3.12/site-packages/airflow/example_dags/example_params_trigger_ui.py
[2026-08-12T04:46:24.400+0000] {processor.py:914} INFO - Processing file /home/airflow/.local/lib/python3.12/site-packages/airflow/example_dags/example_params_trigger_ui.py for tasks to queue
[2026-08-12T04:46:24.403+0000] {logging_mixin.py:190} INFO - [2026-08-12T04:46:24.403+0000] {dagbag.py:587} INFO - Filling up the DagBag from /home/airflow/.local/lib/python3.12/site-packages/airflow/example_dags/example_params_trigger_ui.py
[2026-08-12T04:46:24.416+0000] {processor.py:925} INFO - DAG(s) 'example_params_trigger_ui' retrieved from /home/airflow/.local/lib/python3.12/site-packages/airflow/example_dags/example_params_trigger_ui.py
[2026-08-12T04:46:24.456+0000] {logging_mixin.py:190} INFO - [2026-08-12T04:46:24.456+0000] {dag.py:3211} INFO - Sync 1 DAGs
[2026-08-12T04:46:24.472+0000] {logging_mixin.py:190} INFO - [2026-08-12T04:46:24.471+0000] {dag.py:4138} INFO - Setting next_dagrun for example_params_trigger_ui to None, run_after=None
[2026-08-12T04:46:24.495+0000] {processor.py:208} INFO - Processing /home/airflow/.local/lib/python3.12/site-packages/airflow/example_dags/example_params_trigger_ui.py took 0.102 seconds
[2026-08-12T04:46:55.227+0000] {processor.py:186} INFO - Started process (PID=1765) to work on /home/airflow/.local/lib/python3.12/site-packages/airflow/example_dags/example_params_trigger_ui.py
[2026-08-12T04:46:55.229+0000] {processor.py:914} INFO - Processing file /home/airflow/.local/lib/python3.12/site-packages/airflow/example_dags/example_params_trigger_ui.py for tasks to queue
[2026-08-12T04:46:55.232+0000] {logging_mixin.py:190} INFO - [2026-08-12T04:46:55.231+0000] {dagbag.py:587} INFO - Filling up the DagBag from /home/airflow/.local/lib/python3.12/site-packages/airflow/example_dags/example_params_trigger_ui.py
[2026-08-12T04:46:55.243+0000] {processor.py:925} INFO - DAG(s) 'example_params_trigger_ui' retrieved from /home/airflow/.local/lib/python3.12/site-packages/airflow/example_dags/example_params_trigger_ui.py
[2026-08-12T04:46:55.285+0000] {logging_mixin.py:190} INFO - [2026-08-12T04:46:55.285+0000] {dag.py:3211} INFO - Sync 1 DAGs
[2026-08-12T04:46:55.301+0000] {logging_mixin.py:190} INFO - [2026-08-12T04:46:55.300+0000] {dag.py:4138} INFO - Setting next_dagrun for example_params_trigger_ui to None, run_after=None
[2026-08-12T04:46:55.329+0000] {processor.py:208} INFO - Processing /home/airflow/.local/lib/python3.12/site-packages/airflow/example_dags/example_params_trigger_ui.py took 0.109 seconds
[2026-08-12T04:47:25.537+0000] {processor.py:186} INFO - Started process (PID=1827) to work on /home/airflow/.local/lib/python3.12/site-packages/airflow/example_dags/example_params_trigger_ui.py
[2026-08-12T04:47:25.539+0000] {processor.py:914} INFO - Processing file /home/airflow/.local/lib/python3.12/site-packages/airflow/example_dags/example_params_trigger_ui.py for tasks to queue
[2026-08-12T04:47:25.544+0000] {logging_mixin.py:190} INFO - [2026-08-12T04:47:25.544+0000] {dagbag.py:587} INFO - Filling up the DagBag from /home/airflow/.local/lib/python3.12/site-packages/airflow/example_dags/example_params_trigger_ui.py
[2026-08-12T04:47:25.556+0000] {processor.py:925} INFO - DAG(s) 'example_params_trigger_ui' retrieved from /home/airflow/.local/lib/python3.12/site-packages/airflow/example_dags/example_params_trigger_ui.py
[2026-08-12T04:47:25.606+0000] {logging_mixin.py:190} INFO - [2026-08-12T04:47:25.606+0000] {dag.py:3211} INFO - Sync 1 DAGs
[2026-08-12T04:47:25.624+0000] {logging_mixin.py:190} INFO - [2026-08-12T04:47:25.623+0000] {dag.py:4138} INFO - Setting next_dagrun for example_params_trigger_ui to None, run_after=None
[2026-08-12T04:47:25.650+0000] {processor.py:208} INFO - Processing /home/airflow/.local/lib/python3.12/site-packages/airflow/example_dags/example_params_trigger_ui.py took 0.119 seconds
[2026-08-12T04:47:56.342+0000] {processor.py:186} INFO - Started process (PID=1889) to work on /home/airflow/.local/lib/python3.12/site-packages/airflow/example_dags/example_params_trigger_ui.py
[2026-08-12T04:47:56.344+0000] {processor.py:914} INFO - Processing file /home/airflow/.local/lib/python3.12/site-packages/airflow/example_dags/example_params_trigger_ui.py for tasks to queue
[2026-08-12T04:47:56.347+0000] {logging_mixin.py:190} INFO - [2026-08-12T04:47:56.347+0000] {dagbag.py:587} INFO - Filling up the DagBag from /home/airflow/.local/lib/python3.12/site-packages/airflow/example_dags/example_params_trigger_ui.py
[2026-08-12T04:47:56.357+0000] {processor.py:925} INFO - DAG(s) 'example_params_trigger_ui' retrieved from /home/airflow/.local/lib/python3.12/site-packages/airflow/example_dags/example_params_trigger_ui.py
[2026-08-12T04:47:56.403+0000] {logging_mixin.py:190} INFO - [2026-08-12T04:47:56.403+0000] {dag.py:3211} INFO - Sync 1 DAGs
[2026-08-12T04:47:56.418+0000] {logging_mixin.py:190} INFO - [2026-08-12T04:47:56.418+0000] {dag.py:4138} INFO - Setting next_dagrun for example_params_trigger_ui to None, run_after=None
[2026-08-12T04:47:56.440+0000] {processor.py:208} INFO - Processing /home/airflow/.local/lib/python3.12/site-packages/airflow/example_dags/example_params_trigger_ui.py took 0.104 seconds
[2026-08-12T04:48:26.746+0000] {processor.py:186} INFO - Started process (PID=1951) to work on /home/airflow/.local/lib/python3.12/site-packages/airflow/example_dags/example_params_trigger_ui.py
[2026-08-12T04:48:26.749+0000] {processor.py:914} INFO - Processing file /home/airflow/.local/lib/python3.12/site-packages/airflow/example_dags/example_params_trigger_ui.py for tasks to queue
[2026-08-12T04:48:26.752+0000] {logging_mixin.py:190} INFO - [2026-08-12T04:48:26.752+0000] {dagbag.py:587} INFO - Filling up the DagBag from /home/airflow/.local/lib/python3.12/site-packages/airflow/example_dags/example_params_trigger_ui.py
[2026-08-12T04:48:26.771+0000] {processor.py:925} INFO - DAG(s) 'example_params_trigger_ui' retrieved from /home/airflow/.local/lib/python3.12/site-packages/airflow/example_dags/example_params_trigger_ui.py
[2026-08-12T04:48:26.831+0000] {logging_mixin.py:190} INFO - [2026-08-12T04:48:26.831+0000] {dag.py:3211} INFO - Sync 1 DAGs
[2026-08-12T04:48:26.849+0000] {logging_mixin.py:190} INFO - [2026-08-12T04:48:26.848+0000] {dag.py:4138} INFO - Setting next_dagrun for example_params_trigger_ui to None, run_after=None
[2026-08-12T04:48:26.874+0000] {processor.py:208} INFO - Processing /home/airflow/.local/lib/python3.12/site-packages/airflow/example_dags/example_params_trigger_ui.py took 0.137 seconds
[2026-08-12T04:48:57.139+0000] {processor.py:186} INFO - Started process (PID=2013) to work on /home/airflow/.local/lib/python3.12/site-packages/airflow/example_dags/example_params_trigger_ui.py
[2026-08-12T04:48:57.141+0000] {processor.py:914} INFO - Processing file /home/airflow/.local/lib/python3.12/site-packages/airflow/example_dags/example_params_trigger_ui.py for tasks to queue
[2026-08-12T04:48:57.145+0000] {logging_mixin.py:190} INFO - [2026-08-12T04:48:57.145+0000] {dagbag.py:587} INFO - Filling up the DagBag from /home/airflow/.local/lib/python3.12/site-packages/airflow/example_dags/example_params_trigger_ui.py
[2026-08-12T04:48:57.157+0000] {processor.py:925} INFO - DAG(s) 'example_params_trigger_ui' retrieved from /home/airflow/.local/lib/python3.12/site-packages/airflow/example_dags/example_params_trigger_ui.py
[2026-08-12T04:48:57.204+0000] {logging_mixin.py:190} INFO - [2026-08-12T04:48:57.204+0000] {dag.py:3211} INFO - Sync 1 DAGs
[2026-08-12T04:48:57.223+0000] {logging_mixin.py:190} INFO - [2026-08-12T04:48:57.223+0000] {dag.py:4138} INFO - Setting next_dagrun for example_params_trigger_ui to None, run_after=None
[2026-08-12T04:48:57.251+0000] {processor.py:208} INFO - Processing /home/airflow/.local/lib/python3.12/site-packages/airflow/example_dags/example_params_trigger_ui.py took 0.117 seconds
