[2026-08-12T04:30:46.912+0000] {processor.py:186} INFO - Started process (PID=112) to work on /home/airflow/.local/lib/python3.12/site-packages/airflow/example_dags/example_python_decorator.py
[2026-08-12T04:30:46.914+0000] {processor.py:914} INFO - Processing file /home/airflow/.local/lib/python3.12/site-packages/airflow/example_dags/example_python_decorator.py for tasks to queue
[2026-08-12T04:30:46.918+0000] {logging_mixin.py:190} INFO - [2026-08-12T04:30:46.918+0000] {dagbag.py:587} INFO - Filling up the DagBag from /home/airflow/.local/lib/python3.12/site-packages/airflow/example_dags/example_python_decorator.py
[2026-08-12T04:30:46.950+0000] {processor.py:925} INFO - DAG(s) 'example_python_decorator' retrieved from /home/airflow/.local/lib/python3.12/site-packages/airflow/example_dags/example_python_decorator.py
[2026-08-12T04:30:47.106+0000] {logging_mixin.py:190} INFO - [2026-08-12T04:30:47.105+0000] {override.py:1858} INFO - Created Permission View: can delete on DAG:example_python_decorator
[2026-08-12T04:30:47.121+0000] {logging_mixin.py:190} INFO - [2026-08-12T04:30:47.121+0000] {override.py:1858} INFO - Created Permission View: can read on DAG:example_python_decorator
[2026-08-12T04:30:47.132+0000] {logging_mixin.py:190} INFO - [2026-08-12T04:30:47.132+0000] {override.py:1858} INFO - Created Permission View: can edit on DAG:example_python_decorator
[2026-08-12T04:30:47.134+0000] {logging_mixin.py:190} INFO - [2026-08-12T04:30:47.134+0000] {dag.py:3211} INFO - Sync 1 DAGs
[2026-08-12T04:30:47.165+0000] {logging_mixin.py:190} INFO - [2026-08-12T04:30:47.165+0000] {dag.py:3234} INFO - Creating ORM DAG for example_python_decorator
[2026-08-12T04:30:47.168+0000] {logging_mixin.py:190} INFO - [2026-08-12T04:30:47.167+0000] {dag.py:4138} INFO - Setting next_dagrun for example_python_decorator to None, run_after=None
[2026-08-12T04:30:47.196+0000] {processor.py:208} INFO - Processing /home/airflow/.local/lib/python3.12/site-packages/airflow/example_dags/example_python_decorator.py took 0.292 seconds
[2026-08-12T04:31:17.947+0000] {processor.py:186} INFO - Started process (PID=174) to work on /home/airflow/.local/lib/python3.12/site-packages/airflow/example_dags/example_python_decorator.py
[2026-08-12T04:31:17.949+0000] {processor.py:914} INFO - Processing file /home/airflow/.local/lib/python3.12/site-packages/airflow/example_dags/example_python_decorator.py for tasks to queue
[2026-08-12T04:31:17.953+0000] {logging_mixin.py:190} INFO - [2026-08-12T04:31:17.952+0000] {dagbag.py:587} INFO - Filling up the DagBag from /home/airflow/.local/lib/python3.12/site-packages/airflow/example_dags/example_python_decorator.py
[2026-08-12T04:31:17.975+0000] {processor.py:925} INFO - DAG(s) 'example_python_decorator' retrieved from /home/airflow/.local/lib/python3.12/site-packages/airflow/example_dags/example_python_decorator.py
[2026-08-12T04:31:18.010+0000] {logging_mixin.py:190} INFO - [2026-08-12T04:31:18.009+0000] {dag.py:3211} INFO - Sync 1 DAGs
[2026-08-12T04:31:18.026+0000] {logging_mixin.py:190} INFO - [2026-08-12T04:31:18.025+0000] {dag.py:4138} INFO - Setting next_dagrun for example_python_decorator to None, run_after=None
[2026-08-12T04:31:18.048+0000] {processor.py:208} INFO - Processing /home/airflow/.local/lib/python3.12/site-packages/airflow/example_dags/example_python_decorator.py took 0.108 seconds
[2026-08-12T04:31:48.246+0000] {processor.py:186} INFO - Started process (PID=236) to work on /home/airflow/.local/lib/python3.12/site-packages/airflow/example_dags/example_python_decorator.py
[2026-08-12T04:31:48.247+0000] {processor.py:914} INFO - Processing file /home/airflow/.local/lib/python3.12/site-packages/airflow/example_dags/example_python_decorator.py for tasks to queue
[2026-08-12T04:31:48.250+0000] {logging_mixin.py:190} INFO - [2026-08-12T04:31:48.250+0000] {dagbag.py:587} INFO - Filling up the DagBag from /home/airflow/.local/lib/python3.12/site-packages/airflow/example_dags/example_python_decorator.py
[2026-08-12T04:31:48.264+0000] {processor.py:925} INFO - DAG(s) 'example_python_decorator' retrieved from /home/airflow/.local/lib/python3.12/site-packages/airflow/example_dags/example_python_decorator.py
[2026-08-12T04:31:48.288+0000] {logging_mixin.py:190} INFO - [2026-08-12T04:31:48.287+0000] {dag.py:3211} INFO - Sync 1 DAGs
[2026-08-12T04:31:48.303+0000] {logging_mixin.py:190} INFO - [2026-08-12T04:31:48.303+0000] {dag.py:4138} INFO - Setting next_dagrun for example_python_decorator to None, run_after=None
[2026-08-12T04:31:48.324+0000] {processor.py:208} INFO - Processing /home/airflow/.local/lib/python3.12/site-packages/airflow/example_dags/example_python_decorator.py took 0.085 seconds
[2026-08-12T04:33:06.340+0000] {processor.py:186} INFO - Started process (PID=98) to work on /home/airflow/.local/lib/python3.12/site-packages/airflow/example_dags/example_python_decorator.py
[2026-08-12T04:33:06.341+0000] {processor.py:914} INFO - Processing file /home/airflow/.local/lib/python3.12/site-packages/airflow/example_dags/example_python_decorator.py for tasks to queue
[2026-08-12T04:33:06.346+0000] {logging_mixin.py:190} INFO - [2026-08-12T04:33:06.345+0000] {dagbag.py:587} INFO - Filling up the DagBag from /home/airflow/.local/lib/python3.12/site-packages/airflow/example_dags/example_python_decorator.py
[2026-08-12T04:33:06.382+0000] {processor.py:925} INFO - DAG(s) 'example_python_decorator' retrieved from /home/airflow/.local/lib/python3.12/site-packages/airflow/example_dags/example_python_decorator.py
[2026-08-12T04:33:06.579+0000] {logging_mixin.py:190} INFO - [2026-08-12T04:33:06.578+0000] {dag.py:3211} INFO - Sync 1 DAGs
[2026-08-12T04:33:06.595+0000] {logging_mixin.py:190} INFO - [2026-08-12T04:33:06.595+0000] {dag.py:4138} INFO - Setting next_dagrun for example_python_decorator to None, run_after=None
[2026-08-12T04:33:06.639+0000] {processor.py:208} INFO - Processing /home/airflow/.local/lib/python3.12/site-packages/airflow/example_dags/example_python_decorator.py took 0.306 seconds
[2026-08-12T04:33:36.985+0000] {processor.py:186} INFO - Started process (PID=161) to work on /home/airflow/.local/lib/python3.12/site-packages/airflow/example_dags/example_python_decorator.py
[2026-08-12T04:33:36.987+0000] {processor.py:914} INFO - Processing file /home/airflow/.local/lib/python3.12/site-packages/airflow/example_dags/example_python_decorator.py for tasks to queue
[2026-08-12T04:33:36.991+0000] {logging_mixin.py:190} INFO - [2026-08-12T04:33:36.990+0000] {dagbag.py:587} INFO - Filling up the DagBag from /home/airflow/.local/lib/python3.12/site-packages/airflow/example_dags/example_python_decorator.py
[2026-08-12T04:33:37.007+0000] {processor.py:925} INFO - DAG(s) 'example_python_decorator' retrieved from /home/airflow/.local/lib/python3.12/site-packages/airflow/example_dags/example_python_decorator.py
[2026-08-12T04:33:37.034+0000] {logging_mixin.py:190} INFO - [2026-08-12T04:33:37.034+0000] {dag.py:3211} INFO - Sync 1 DAGs
[2026-08-12T04:33:37.052+0000] {logging_mixin.py:190} INFO - [2026-08-12T04:33:37.051+0000] {dag.py:4138} INFO - Setting next_dagrun for example_python_decorator to None, run_after=None
[2026-08-12T04:33:37.076+0000] {processor.py:208} INFO - Processing /home/airflow/.local/lib/python3.12/site-packages/airflow/example_dags/example_python_decorator.py took 0.098 seconds
[2026-08-12T04:34:07.398+0000] {processor.py:186} INFO - Started process (PID=223) to work on /home/airflow/.local/lib/python3.12/site-packages/airflow/example_dags/example_python_decorator.py
[2026-08-12T04:34:07.400+0000] {processor.py:914} INFO - Processing file /home/airflow/.local/lib/python3.12/site-packages/airflow/example_dags/example_python_decorator.py for tasks to queue
[2026-08-12T04:34:07.403+0000] {logging_mixin.py:190} INFO - [2026-08-12T04:34:07.402+0000] {dagbag.py:587} INFO - Filling up the DagBag from /home/airflow/.local/lib/python3.12/site-packages/airflow/example_dags/example_python_decorator.py
[2026-08-12T04:34:07.416+0000] {processor.py:925} INFO - DAG(s) 'example_python_decorator' retrieved from /home/airflow/.local/lib/python3.12/site-packages/airflow/example_dags/example_python_decorator.py
[2026-08-12T04:34:07.441+0000] {logging_mixin.py:190} INFO - [2026-08-12T04:34:07.440+0000] {dag.py:3211} INFO - Sync 1 DAGs
[2026-08-12T04:34:07.457+0000] {logging_mixin.py:190} INFO - [2026-08-12T04:34:07.457+0000] {dag.py:4138} INFO - Setting next_dagrun for example_python_decorator to None, run_after=None
[2026-08-12T04:34:07.480+0000] {processor.py:208} INFO - Processing /home/airflow/.local/lib/python3.12/site-packages/airflow/example_dags/example_python_decorator.py took 0.087 seconds
[2026-08-12T04:34:37.784+0000] {processor.py:186} INFO - Started process (PID=285) to work on /home/airflow/.local/lib/python3.12/site-packages/airflow/example_dags/example_python_decorator.py
[2026-08-12T04:34:37.787+0000] {processor.py:914} INFO - Processing file /home/airflow/.local/lib/python3.12/site-packages/airflow/example_dags/example_python_decorator.py for tasks to queue
[2026-08-12T04:34:37.792+0000] {logging_mixin.py:190} INFO - [2026-08-12T04:34:37.791+0000] {dagbag.py:587} INFO - Filling up the DagBag from /home/airflow/.local/lib/python3.12/site-packages/airflow/example_dags/example_python_decorator.py
[2026-08-12T04:34:37.820+0000] {processor.py:925} INFO - DAG(s) 'example_python_decorator' retrieved from /home/airflow/.local/lib/python3.12/site-packages/airflow/example_dags/example_python_decorator.py
[2026-08-12T04:34:37.861+0000] {logging_mixin.py:190} INFO - [2026-08-12T04:34:37.860+0000] {dag.py:3211} INFO - Sync 1 DAGs
[2026-08-12T04:34:37.885+0000] {logging_mixin.py:190} INFO - [2026-08-12T04:34:37.885+0000] {dag.py:4138} INFO - Setting next_dagrun for example_python_decorator to None, run_after=None
[2026-08-12T04:34:37.912+0000] {processor.py:208} INFO - Processing /home/airflow/.local/lib/python3.12/site-packages/airflow/example_dags/example_python_decorator.py took 0.138 seconds
[2026-08-12T04:35:08.626+0000] {processor.py:186} INFO - Started process (PID=347) to work on /home/airflow/.local/lib/python3.12/site-packages/airflow/example_dags/example_python_decorator.py
[2026-08-12T04:35:08.628+0000] {processor.py:914} INFO - Processing file /home/airflow/.local/lib/python3.12/site-packages/airflow/example_dags/example_python_decorator.py for tasks to queue
[2026-08-12T04:35:08.631+0000] {logging_mixin.py:190} INFO - [2026-08-12T04:35:08.631+0000] {dagbag.py:587} INFO - Filling up the DagBag from /home/airflow/.local/lib/python3.12/site-packages/airflow/example_dags/example_python_decorator.py
[2026-08-12T04:35:08.648+0000] {processor.py:925} INFO - DAG(s) 'example_python_decorator' retrieved from /home/airflow/.local/lib/python3.12/site-packages/airflow/example_dags/example_python_decorator.py
[2026-08-12T04:35:08.673+0000] {logging_mixin.py:190} INFO - [2026-08-12T04:35:08.672+0000] {dag.py:3211} INFO - Sync 1 DAGs
[2026-08-12T04:35:08.687+0000] {logging_mixin.py:190} INFO - [2026-08-12T04:35:08.687+0000] {dag.py:4138} INFO - Setting next_dagrun for example_python_decorator to None, run_after=None
[2026-08-12T04:35:08.709+0000] {processor.py:208} INFO - Processing /home/airflow/.local/lib/python3.12/site-packages/airflow/example_dags/example_python_decorator.py took 0.089 seconds
[2026-08-12T04:35:39.645+0000] {processor.py:186} INFO - Started process (PID=409) to work on /home/airflow/.local/lib/python3.12/site-packages/airflow/example_dags/example_python_decorator.py
[2026-08-12T04:35:39.647+0000] {processor.py:914} INFO - Processing file /home/airflow/.local/lib/python3.12/site-packages/airflow/example_dags/example_python_decorator.py for tasks to queue
[2026-08-12T04:35:39.652+0000] {logging_mixin.py:190} INFO - [2026-08-12T04:35:39.651+0000] {dagbag.py:587} INFO - Filling up the DagBag from /home/airflow/.local/lib/python3.12/site-packages/airflow/example_dags/example_python_decorator.py
[2026-08-12T04:35:39.671+0000] {processor.py:925} INFO - DAG(s) 'example_python_decorator' retrieved from /home/airflow/.local/lib/python3.12/site-packages/airflow/example_dags/example_python_decorator.py
[2026-08-12T04:35:39.698+0000] {logging_mixin.py:190} INFO - [2026-08-12T04:35:39.698+0000] {dag.py:3211} INFO - Sync 1 DAGs
[2026-08-12T04:35:39.718+0000] {logging_mixin.py:190} INFO - [2026-08-12T04:35:39.718+0000] {dag.py:4138} INFO - Setting next_dagrun for example_python_decorator to None, run_after=None
[2026-08-12T04:35:39.747+0000] {processor.py:208} INFO - Processing /home/airflow/.local/lib/python3.12/site-packages/airflow/example_dags/example_python_decorator.py took 0.108 seconds
[2026-08-12T04:36:11.030+0000] {processor.py:186} INFO - Started process (PID=471) to work on /home/airflow/.local/lib/python3.12/site-packages/airflow/example_dags/example_python_decorator.py
[2026-08-12T04:36:11.032+0000] {processor.py:914} INFO - Processing file /home/airflow/.local/lib/python3.12/site-packages/airflow/example_dags/example_python_decorator.py for tasks to queue
[2026-08-12T04:36:11.036+0000] {logging_mixin.py:190} INFO - [2026-08-12T04:36:11.036+0000] {dagbag.py:587} INFO - Filling up the DagBag from /home/airflow/.local/lib/python3.12/site-packages/airflow/example_dags/example_python_decorator.py
[2026-08-12T04:36:11.056+0000] {processor.py:925} INFO - DAG(s) 'example_python_decorator' retrieved from /home/airflow/.local/lib/python3.12/site-packages/airflow/example_dags/example_python_decorator.py
[2026-08-12T04:36:11.084+0000] {logging_mixin.py:190} INFO - [2026-08-12T04:36:11.083+0000] {dag.py:3211} INFO - Sync 1 DAGs
[2026-08-12T04:36:11.106+0000] {logging_mixin.py:190} INFO - [2026-08-12T04:36:11.105+0000] {dag.py:4138} INFO - Setting next_dagrun for example_python_decorator to None, run_after=None
[2026-08-12T04:36:11.132+0000] {processor.py:208} INFO - Processing /home/airflow/.local/lib/python3.12/site-packages/airflow/example_dags/example_python_decorator.py took 0.109 seconds
[2026-08-12T04:36:42.047+0000] {processor.py:186} INFO - Started process (PID=533) to work on /home/airflow/.local/lib/python3.12/site-packages/airflow/example_dags/example_python_decorator.py
[2026-08-12T04:36:42.049+0000] {processor.py:914} INFO - Processing file /home/airflow/.local/lib/python3.12/site-packages/airflow/example_dags/example_python_decorator.py for tasks to queue
[2026-08-12T04:36:42.055+0000] {logging_mixin.py:190} INFO - [2026-08-12T04:36:42.054+0000] {dagbag.py:587} INFO - Filling up the DagBag from /home/airflow/.local/lib/python3.12/site-packages/airflow/example_dags/example_python_decorator.py
[2026-08-12T04:36:42.077+0000] {processor.py:925} INFO - DAG(s) 'example_python_decorator' retrieved from /home/airflow/.local/lib/python3.12/site-packages/airflow/example_dags/example_python_decorator.py
[2026-08-12T04:36:42.112+0000] {logging_mixin.py:190} INFO - [2026-08-12T04:36:42.112+0000] {dag.py:3211} INFO - Sync 1 DAGs
[2026-08-12T04:36:42.132+0000] {logging_mixin.py:190} INFO - [2026-08-12T04:36:42.132+0000] {dag.py:4138} INFO - Setting next_dagrun for example_python_decorator to None, run_after=None
[2026-08-12T04:36:42.157+0000] {processor.py:208} INFO - Processing /home/airflow/.local/lib/python3.12/site-packages/airflow/example_dags/example_python_decorator.py took 0.118 seconds
[2026-08-12T04:37:12.910+0000] {processor.py:186} INFO - Started process (PID=595) to work on /home/airflow/.local/lib/python3.12/site-packages/airflow/example_dags/example_python_decorator.py
[2026-08-12T04:37:12.911+0000] {processor.py:914} INFO - Processing file /home/airflow/.local/lib/python3.12/site-packages/airflow/example_dags/example_python_decorator.py for tasks to queue
[2026-08-12T04:37:12.914+0000] {logging_mixin.py:190} INFO - [2026-08-12T04:37:12.914+0000] {dagbag.py:587} INFO - Filling up the DagBag from /home/airflow/.local/lib/python3.12/site-packages/airflow/example_dags/example_python_decorator.py
[2026-08-12T04:37:12.931+0000] {processor.py:925} INFO - DAG(s) 'example_python_decorator' retrieved from /home/airflow/.local/lib/python3.12/site-packages/airflow/example_dags/example_python_decorator.py
[2026-08-12T04:37:12.959+0000] {logging_mixin.py:190} INFO - [2026-08-12T04:37:12.959+0000] {dag.py:3211} INFO - Sync 1 DAGs
[2026-08-12T04:37:12.976+0000] {logging_mixin.py:190} INFO - [2026-08-12T04:37:12.976+0000] {dag.py:4138} INFO - Setting next_dagrun for example_python_decorator to None, run_after=None
[2026-08-12T04:37:13.000+0000] {processor.py:208} INFO - Processing /home/airflow/.local/lib/python3.12/site-packages/airflow/example_dags/example_python_decorator.py took 0.095 seconds
[2026-08-12T04:37:43.305+0000] {processor.py:186} INFO - Started process (PID=657) to work on /home/airflow/.local/lib/python3.12/site-packages/airflow/example_dags/example_python_decorator.py
[2026-08-12T04:37:43.307+0000] {processor.py:914} INFO - Processing file /home/airflow/.local/lib/python3.12/site-packages/airflow/example_dags/example_python_decorator.py for tasks to queue
[2026-08-12T04:37:43.310+0000] {logging_mixin.py:190} INFO - [2026-08-12T04:37:43.309+0000] {dagbag.py:587} INFO - Filling up the DagBag from /home/airflow/.local/lib/python3.12/site-packages/airflow/example_dags/example_python_decorator.py
[2026-08-12T04:37:43.324+0000] {processor.py:925} INFO - DAG(s) 'example_python_decorator' retrieved from /home/airflow/.local/lib/python3.12/site-packages/airflow/example_dags/example_python_decorator.py
[2026-08-12T04:37:43.351+0000] {logging_mixin.py:190} INFO - [2026-08-12T04:37:43.351+0000] {dag.py:3211} INFO - Sync 1 DAGs
[2026-08-12T04:37:43.368+0000] {logging_mixin.py:190} INFO - [2026-08-12T04:37:43.368+0000] {dag.py:4138} INFO - Setting next_dagrun for example_python_decorator to None, run_after=None
[2026-08-12T04:37:43.394+0000] {processor.py:208} INFO - Processing /home/airflow/.local/lib/python3.12/site-packages/airflow/example_dags/example_python_decorator.py took 0.095 seconds
[2026-08-12T04:38:14.168+0000] {processor.py:186} INFO - Started process (PID=719) to work on /home/airflow/.local/lib/python3.12/site-packages/airflow/example_dags/example_python_decorator.py
[2026-08-12T04:38:14.170+0000] {processor.py:914} INFO - Processing file /home/airflow/.local/lib/python3.12/site-packages/airflow/example_dags/example_python_decorator.py for tasks to queue
[2026-08-12T04:38:14.173+0000] {logging_mixin.py:190} INFO - [2026-08-12T04:38:14.173+0000] {dagbag.py:587} INFO - Filling up the DagBag from /home/airflow/.local/lib/python3.12/site-packages/airflow/example_dags/example_python_decorator.py
[2026-08-12T04:38:14.189+0000] {processor.py:925} INFO - DAG(s) 'example_python_decorator' retrieved from /home/airflow/.local/lib/python3.12/site-packages/airflow/example_dags/example_python_decorator.py
[2026-08-12T04:38:14.216+0000] {logging_mixin.py:190} INFO - [2026-08-12T04:38:14.216+0000] {dag.py:3211} INFO - Sync 1 DAGs
[2026-08-12T04:38:14.233+0000] {logging_mixin.py:190} INFO - [2026-08-12T04:38:14.233+0000] {dag.py:4138} INFO - Setting next_dagrun for example_python_decorator to None, run_after=None
[2026-08-12T04:38:14.260+0000] {processor.py:208} INFO - Processing /home/airflow/.local/lib/python3.12/site-packages/airflow/example_dags/example_python_decorator.py took 0.097 seconds
[2026-08-12T04:38:45.157+0000] {processor.py:186} INFO - Started process (PID=781) to work on /home/airflow/.local/lib/python3.12/site-packages/airflow/example_dags/example_python_decorator.py
[2026-08-12T04:38:45.159+0000] {processor.py:914} INFO - Processing file /home/airflow/.local/lib/python3.12/site-packages/airflow/example_dags/example_python_decorator.py for tasks to queue
[2026-08-12T04:38:45.162+0000] {logging_mixin.py:190} INFO - [2026-08-12T04:38:45.162+0000] {dagbag.py:587} INFO - Filling up the DagBag from /home/airflow/.local/lib/python3.12/site-packages/airflow/example_dags/example_python_decorator.py
[2026-08-12T04:38:45.177+0000] {processor.py:925} INFO - DAG(s) 'example_python_decorator' retrieved from /home/airflow/.local/lib/python3.12/site-packages/airflow/example_dags/example_python_decorator.py
[2026-08-12T04:38:45.201+0000] {logging_mixin.py:190} INFO - [2026-08-12T04:38:45.201+0000] {dag.py:3211} INFO - Sync 1 DAGs
[2026-08-12T04:38:45.218+0000] {logging_mixin.py:190} INFO - [2026-08-12T04:38:45.218+0000] {dag.py:4138} INFO - Setting next_dagrun for example_python_decorator to None, run_after=None
[2026-08-12T04:38:45.241+0000] {processor.py:208} INFO - Processing /home/airflow/.local/lib/python3.12/site-packages/airflow/example_dags/example_python_decorator.py took 0.089 seconds
[2026-08-12T04:39:15.636+0000] {processor.py:186} INFO - Started process (PID=843) to work on /home/airflow/.local/lib/python3.12/site-packages/airflow/example_dags/example_python_decorator.py
[2026-08-12T04:39:15.638+0000] {processor.py:914} INFO - Processing file /home/airflow/.local/lib/python3.12/site-packages/airflow/example_dags/example_python_decorator.py for tasks to queue
[2026-08-12T04:39:15.642+0000] {logging_mixin.py:190} INFO - [2026-08-12T04:39:15.641+0000] {dagbag.py:587} INFO - Filling up the DagBag from /home/airflow/.local/lib/python3.12/site-packages/airflow/example_dags/example_python_decorator.py
[2026-08-12T04:39:15.659+0000] {processor.py:925} INFO - DAG(s) 'example_python_decorator' retrieved from /home/airflow/.local/lib/python3.12/site-packages/airflow/example_dags/example_python_decorator.py
[2026-08-12T04:39:15.684+0000] {logging_mixin.py:190} INFO - [2026-08-12T04:39:15.684+0000] {dag.py:3211} INFO - Sync 1 DAGs
[2026-08-12T04:39:15.699+0000] {logging_mixin.py:190} INFO - [2026-08-12T04:39:15.699+0000] {dag.py:4138} INFO - Setting next_dagrun for example_python_decorator to None, run_after=None
[2026-08-12T04:39:15.724+0000] {processor.py:208} INFO - Processing /home/airflow/.local/lib/python3.12/site-packages/airflow/example_dags/example_python_decorator.py took 0.095 seconds
[2026-08-12T04:39:46.584+0000] {processor.py:186} INFO - Started process (PID=905) to work on /home/airflow/.local/lib/python3.12/site-packages/airflow/example_dags/example_python_decorator.py
[2026-08-12T04:39:46.586+0000] {processor.py:914} INFO - Processing file /home/airflow/.local/lib/python3.12/site-packages/airflow/example_dags/example_python_decorator.py for tasks to queue
[2026-08-12T04:39:46.589+0000] {logging_mixin.py:190} INFO - [2026-08-12T04:39:46.589+0000] {dagbag.py:587} INFO - Filling up the DagBag from /home/airflow/.local/lib/python3.12/site-packages/airflow/example_dags/example_python_decorator.py
[2026-08-12T04:39:46.606+0000] {processor.py:925} INFO - DAG(s) 'example_python_decorator' retrieved from /home/airflow/.local/lib/python3.12/site-packages/airflow/example_dags/example_python_decorator.py
[2026-08-12T04:39:46.632+0000] {logging_mixin.py:190} INFO - [2026-08-12T04:39:46.632+0000] {dag.py:3211} INFO - Sync 1 DAGs
[2026-08-12T04:39:46.650+0000] {logging_mixin.py:190} INFO - [2026-08-12T04:39:46.650+0000] {dag.py:4138} INFO - Setting next_dagrun for example_python_decorator to None, run_after=None
[2026-08-12T04:39:46.672+0000] {processor.py:208} INFO - Processing /home/airflow/.local/lib/python3.12/site-packages/airflow/example_dags/example_python_decorator.py took 0.097 seconds
[2026-08-12T04:40:17.243+0000] {processor.py:186} INFO - Started process (PID=967) to work on /home/airflow/.local/lib/python3.12/site-packages/airflow/example_dags/example_python_decorator.py
[2026-08-12T04:40:17.244+0000] {processor.py:914} INFO - Processing file /home/airflow/.local/lib/python3.12/site-packages/airflow/example_dags/example_python_decorator.py for tasks to queue
[2026-08-12T04:40:17.247+0000] {logging_mixin.py:190} INFO - [2026-08-12T04:40:17.247+0000] {dagbag.py:587} INFO - Filling up the DagBag from /home/airflow/.local/lib/python3.12/site-packages/airflow/example_dags/example_python_decorator.py
[2026-08-12T04:40:17.262+0000] {processor.py:925} INFO - DAG(s) 'example_python_decorator' retrieved from /home/airflow/.local/lib/python3.12/site-packages/airflow/example_dags/example_python_decorator.py
[2026-08-12T04:40:17.286+0000] {logging_mixin.py:190} INFO - [2026-08-12T04:40:17.286+0000] {dag.py:3211} INFO - Sync 1 DAGs
[2026-08-12T04:40:17.301+0000] {logging_mixin.py:190} INFO - [2026-08-12T04:40:17.301+0000] {dag.py:4138} INFO - Setting next_dagrun for example_python_decorator to None, run_after=None
[2026-08-12T04:40:17.322+0000] {processor.py:208} INFO - Processing /home/airflow/.local/lib/python3.12/site-packages/airflow/example_dags/example_python_decorator.py took 0.085 seconds
[2026-08-12T04:40:47.818+0000] {processor.py:186} INFO - Started process (PID=1029) to work on /home/airflow/.local/lib/python3.12/site-packages/airflow/example_dags/example_python_decorator.py
[2026-08-12T04:40:47.819+0000] {processor.py:914} INFO - Processing file /home/airflow/.local/lib/python3.12/site-packages/airflow/example_dags/example_python_decorator.py for tasks to queue
[2026-08-12T04:40:47.822+0000] {logging_mixin.py:190} INFO - [2026-08-12T04:40:47.822+0000] {dagbag.py:587} INFO - Filling up the DagBag from /home/airflow/.local/lib/python3.12/site-packages/airflow/example_dags/example_python_decorator.py
[2026-08-12T04:40:47.838+0000] {processor.py:925} INFO - DAG(s) 'example_python_decorator' retrieved from /home/airflow/.local/lib/python3.12/site-packages/airflow/example_dags/example_python_decorator.py
[2026-08-12T04:40:47.867+0000] {logging_mixin.py:190} INFO - [2026-08-12T04:40:47.867+0000] {dag.py:3211} INFO - Sync 1 DAGs
[2026-08-12T04:40:47.882+0000] {logging_mixin.py:190} INFO - [2026-08-12T04:40:47.882+0000] {dag.py:4138} INFO - Setting next_dagrun for example_python_decorator to None, run_after=None
[2026-08-12T04:40:47.902+0000] {processor.py:208} INFO - Processing /home/airflow/.local/lib/python3.12/site-packages/airflow/example_dags/example_python_decorator.py took 0.091 seconds
[2026-08-12T04:41:18.794+0000] {processor.py:186} INFO - Started process (PID=1091) to work on /home/airflow/.local/lib/python3.12/site-packages/airflow/example_dags/example_python_decorator.py
[2026-08-12T04:41:18.795+0000] {processor.py:914} INFO - Processing file /home/airflow/.local/lib/python3.12/site-packages/airflow/example_dags/example_python_decorator.py for tasks to queue
[2026-08-12T04:41:18.799+0000] {logging_mixin.py:190} INFO - [2026-08-12T04:41:18.799+0000] {dagbag.py:587} INFO - Filling up the DagBag from /home/airflow/.local/lib/python3.12/site-packages/airflow/example_dags/example_python_decorator.py
[2026-08-12T04:41:18.817+0000] {processor.py:925} INFO - DAG(s) 'example_python_decorator' retrieved from /home/airflow/.local/lib/python3.12/site-packages/airflow/example_dags/example_python_decorator.py
[2026-08-12T04:41:18.843+0000] {logging_mixin.py:190} INFO - [2026-08-12T04:41:18.843+0000] {dag.py:3211} INFO - Sync 1 DAGs
[2026-08-12T04:41:18.860+0000] {logging_mixin.py:190} INFO - [2026-08-12T04:41:18.859+0000] {dag.py:4138} INFO - Setting next_dagrun for example_python_decorator to None, run_after=None
[2026-08-12T04:41:18.885+0000] {processor.py:208} INFO - Processing /home/airflow/.local/lib/python3.12/site-packages/airflow/example_dags/example_python_decorator.py took 0.097 seconds
[2026-08-12T04:41:49.261+0000] {processor.py:186} INFO - Started process (PID=1153) to work on /home/airflow/.local/lib/python3.12/site-packages/airflow/example_dags/example_python_decorator.py
[2026-08-12T04:41:49.263+0000] {processor.py:914} INFO - Processing file /home/airflow/.local/lib/python3.12/site-packages/airflow/example_dags/example_python_decorator.py for tasks to queue
[2026-08-12T04:41:49.268+0000] {logging_mixin.py:190} INFO - [2026-08-12T04:41:49.267+0000] {dagbag.py:587} INFO - Filling up the DagBag from /home/airflow/.local/lib/python3.12/site-packages/airflow/example_dags/example_python_decorator.py
[2026-08-12T04:41:49.287+0000] {processor.py:925} INFO - DAG(s) 'example_python_decorator' retrieved from /home/airflow/.local/lib/python3.12/site-packages/airflow/example_dags/example_python_decorator.py
[2026-08-12T04:41:49.317+0000] {logging_mixin.py:190} INFO - [2026-08-12T04:41:49.317+0000] {dag.py:3211} INFO - Sync 1 DAGs
[2026-08-12T04:41:49.331+0000] {logging_mixin.py:190} INFO - [2026-08-12T04:41:49.331+0000] {dag.py:4138} INFO - Setting next_dagrun for example_python_decorator to None, run_after=None
[2026-08-12T04:41:49.353+0000] {processor.py:208} INFO - Processing /home/airflow/.local/lib/python3.12/site-packages/airflow/example_dags/example_python_decorator.py took 0.097 seconds
[2026-08-12T04:42:20.280+0000] {processor.py:186} INFO - Started process (PID=1215) to work on /home/airflow/.local/lib/python3.12/site-packages/airflow/example_dags/example_python_decorator.py
[2026-08-12T04:42:20.283+0000] {processor.py:914} INFO - Processing file /home/airflow/.local/lib/python3.12/site-packages/airflow/example_dags/example_python_decorator.py for tasks to queue
[2026-08-12T04:42:20.287+0000] {logging_mixin.py:190} INFO - [2026-08-12T04:42:20.287+0000] {dagbag.py:587} INFO - Filling up the DagBag from /home/airflow/.local/lib/python3.12/site-packages/airflow/example_dags/example_python_decorator.py
[2026-08-12T04:42:20.311+0000] {processor.py:925} INFO - DAG(s) 'example_python_decorator' retrieved from /home/airflow/.local/lib/python3.12/site-packages/airflow/example_dags/example_python_decorator.py
[2026-08-12T04:42:20.342+0000] {logging_mixin.py:190} INFO - [2026-08-12T04:42:20.341+0000] {dag.py:3211} INFO - Sync 1 DAGs
[2026-08-12T04:42:20.361+0000] {logging_mixin.py:190} INFO - [2026-08-12T04:42:20.361+0000] {dag.py:4138} INFO - Setting next_dagrun for example_python_decorator to None, run_after=None
[2026-08-12T04:42:20.387+0000] {processor.py:208} INFO - Processing /home/airflow/.local/lib/python3.12/site-packages/airflow/example_dags/example_python_decorator.py took 0.114 seconds
[2026-08-12T04:42:50.739+0000] {processor.py:186} INFO - Started process (PID=1277) to work on /home/airflow/.local/lib/python3.12/site-packages/airflow/example_dags/example_python_decorator.py
[2026-08-12T04:42:50.740+0000] {processor.py:914} INFO - Processing file /home/airflow/.local/lib/python3.12/site-packages/airflow/example_dags/example_python_decorator.py for tasks to queue
[2026-08-12T04:42:50.743+0000] {logging_mixin.py:190} INFO - [2026-08-12T04:42:50.743+0000] {dagbag.py:587} INFO - Filling up the DagBag from /home/airflow/.local/lib/python3.12/site-packages/airflow/example_dags/example_python_decorator.py
[2026-08-12T04:42:50.758+0000] {processor.py:925} INFO - DAG(s) 'example_python_decorator' retrieved from /home/airflow/.local/lib/python3.12/site-packages/airflow/example_dags/example_python_decorator.py
[2026-08-12T04:42:50.782+0000] {logging_mixin.py:190} INFO - [2026-08-12T04:42:50.781+0000] {dag.py:3211} INFO - Sync 1 DAGs
[2026-08-12T04:42:50.806+0000] {logging_mixin.py:190} INFO - [2026-08-12T04:42:50.805+0000] {dag.py:4138} INFO - Setting next_dagrun for example_python_decorator to None, run_after=None
[2026-08-12T04:42:50.829+0000] {processor.py:208} INFO - Processing /home/airflow/.local/lib/python3.12/site-packages/airflow/example_dags/example_python_decorator.py took 0.098 seconds
[2026-08-12T04:43:21.446+0000] {processor.py:186} INFO - Started process (PID=1339) to work on /home/airflow/.local/lib/python3.12/site-packages/airflow/example_dags/example_python_decorator.py
[2026-08-12T04:43:21.448+0000] {processor.py:914} INFO - Processing file /home/airflow/.local/lib/python3.12/site-packages/airflow/example_dags/example_python_decorator.py for tasks to queue
[2026-08-12T04:43:21.454+0000] {logging_mixin.py:190} INFO - [2026-08-12T04:43:21.453+0000] {dagbag.py:587} INFO - Filling up the DagBag from /home/airflow/.local/lib/python3.12/site-packages/airflow/example_dags/example_python_decorator.py
[2026-08-12T04:43:21.469+0000] {processor.py:925} INFO - DAG(s) 'example_python_decorator' retrieved from /home/airflow/.local/lib/python3.12/site-packages/airflow/example_dags/example_python_decorator.py
[2026-08-12T04:43:21.497+0000] {logging_mixin.py:190} INFO - [2026-08-12T04:43:21.497+0000] {dag.py:3211} INFO - Sync 1 DAGs
[2026-08-12T04:43:21.516+0000] {logging_mixin.py:190} INFO - [2026-08-12T04:43:21.516+0000] {dag.py:4138} INFO - Setting next_dagrun for example_python_decorator to None, run_after=None
[2026-08-12T04:43:21.542+0000] {processor.py:208} INFO - Processing /home/airflow/.local/lib/python3.12/site-packages/airflow/example_dags/example_python_decorator.py took 0.102 seconds
[2026-08-12T04:43:52.296+0000] {processor.py:186} INFO - Started process (PID=1401) to work on /home/airflow/.local/lib/python3.12/site-packages/airflow/example_dags/example_python_decorator.py
[2026-08-12T04:43:52.298+0000] {processor.py:914} INFO - Processing file /home/airflow/.local/lib/python3.12/site-packages/airflow/example_dags/example_python_decorator.py for tasks to queue
[2026-08-12T04:43:52.303+0000] {logging_mixin.py:190} INFO - [2026-08-12T04:43:52.302+0000] {dagbag.py:587} INFO - Filling up the DagBag from /home/airflow/.local/lib/python3.12/site-packages/airflow/example_dags/example_python_decorator.py
[2026-08-12T04:43:52.322+0000] {processor.py:925} INFO - DAG(s) 'example_python_decorator' retrieved from /home/airflow/.local/lib/python3.12/site-packages/airflow/example_dags/example_python_decorator.py
[2026-08-12T04:43:52.352+0000] {logging_mixin.py:190} INFO - [2026-08-12T04:43:52.352+0000] {dag.py:3211} INFO - Sync 1 DAGs
[2026-08-12T04:43:52.373+0000] {logging_mixin.py:190} INFO - [2026-08-12T04:43:52.372+0000] {dag.py:4138} INFO - Setting next_dagrun for example_python_decorator to None, run_after=None
[2026-08-12T04:43:52.397+0000] {processor.py:208} INFO - Processing /home/airflow/.local/lib/python3.12/site-packages/airflow/example_dags/example_python_decorator.py took 0.108 seconds
[2026-08-12T04:44:23.027+0000] {processor.py:186} INFO - Started process (PID=1463) to work on /home/airflow/.local/lib/python3.12/site-packages/airflow/example_dags/example_python_decorator.py
[2026-08-12T04:44:23.029+0000] {processor.py:914} INFO - Processing file /home/airflow/.local/lib/python3.12/site-packages/airflow/example_dags/example_python_decorator.py for tasks to queue
[2026-08-12T04:44:23.032+0000] {logging_mixin.py:190} INFO - [2026-08-12T04:44:23.032+0000] {dagbag.py:587} INFO - Filling up the DagBag from /home/airflow/.local/lib/python3.12/site-packages/airflow/example_dags/example_python_decorator.py
[2026-08-12T04:44:23.048+0000] {processor.py:925} INFO - DAG(s) 'example_python_decorator' retrieved from /home/airflow/.local/lib/python3.12/site-packages/airflow/example_dags/example_python_decorator.py
[2026-08-12T04:44:23.080+0000] {logging_mixin.py:190} INFO - [2026-08-12T04:44:23.079+0000] {dag.py:3211} INFO - Sync 1 DAGs
[2026-08-12T04:44:23.099+0000] {logging_mixin.py:190} INFO - [2026-08-12T04:44:23.098+0000] {dag.py:4138} INFO - Setting next_dagrun for example_python_decorator to None, run_after=None
[2026-08-12T04:44:23.126+0000] {processor.py:208} INFO - Processing /home/airflow/.local/lib/python3.12/site-packages/airflow/example_dags/example_python_decorator.py took 0.107 seconds
[2026-08-12T04:44:53.814+0000] {processor.py:186} INFO - Started process (PID=1525) to work on /home/airflow/.local/lib/python3.12/site-packages/airflow/example_dags/example_python_decorator.py
[2026-08-12T04:44:53.815+0000] {processor.py:914} INFO - Processing file /home/airflow/.local/lib/python3.12/site-packages/airflow/example_dags/example_python_decorator.py for tasks to queue
[2026-08-12T04:44:53.819+0000] {logging_mixin.py:190} INFO - [2026-08-12T04:44:53.819+0000] {dagbag.py:587} INFO - Filling up the DagBag from /home/airflow/.local/lib/python3.12/site-packages/airflow/example_dags/example_python_decorator.py
[2026-08-12T04:44:53.837+0000] {processor.py:925} INFO - DAG(s) 'example_python_decorator' retrieved from /home/airflow/.local/lib/python3.12/site-packages/airflow/example_dags/example_python_decorator.py
[2026-08-12T04:44:53.861+0000] {logging_mixin.py:190} INFO - [2026-08-12T04:44:53.861+0000] {dag.py:3211} INFO - Sync 1 DAGs
[2026-08-12T04:44:53.875+0000] {logging_mixin.py:190} INFO - [2026-08-12T04:44:53.875+0000] {dag.py:4138} INFO - Setting next_dagrun for example_python_decorator to None, run_after=None
[2026-08-12T04:44:53.901+0000] {processor.py:208} INFO - Processing /home/airflow/.local/lib/python3.12/site-packages/airflow/example_dags/example_python_decorator.py took 0.093 seconds
[2026-08-12T04:45:24.342+0000] {processor.py:186} INFO - Started process (PID=1587) to work on /home/airflow/.local/lib/python3.12/site-packages/airflow/example_dags/example_python_decorator.py
[2026-08-12T04:45:24.343+0000] {processor.py:914} INFO - Processing file /home/airflow/.local/lib/python3.12/site-packages/airflow/example_dags/example_python_decorator.py for tasks to queue
[2026-08-12T04:45:24.347+0000] {logging_mixin.py:190} INFO - [2026-08-12T04:45:24.346+0000] {dagbag.py:587} INFO - Filling up the DagBag from /home/airflow/.local/lib/python3.12/site-packages/airflow/example_dags/example_python_decorator.py
[2026-08-12T04:45:24.362+0000] {processor.py:925} INFO - DAG(s) 'example_python_decorator' retrieved from /home/airflow/.local/lib/python3.12/site-packages/airflow/example_dags/example_python_decorator.py
[2026-08-12T04:45:24.388+0000] {logging_mixin.py:190} INFO - [2026-08-12T04:45:24.387+0000] {dag.py:3211} INFO - Sync 1 DAGs
[2026-08-12T04:45:24.404+0000] {logging_mixin.py:190} INFO - [2026-08-12T04:45:24.404+0000] {dag.py:4138} INFO - Setting next_dagrun for example_python_decorator to None, run_after=None
[2026-08-12T04:45:24.428+0000] {processor.py:208} INFO - Processing /home/airflow/.local/lib/python3.12/site-packages/airflow/example_dags/example_python_decorator.py took 0.092 seconds
[2026-08-12T04:45:55.231+0000] {processor.py:186} INFO - Started process (PID=1649) to work on /home/airflow/.local/lib/python3.12/site-packages/airflow/example_dags/example_python_decorator.py
[2026-08-12T04:45:55.233+0000] {processor.py:914} INFO - Processing file /home/airflow/.local/lib/python3.12/site-packages/airflow/example_dags/example_python_decorator.py for tasks to queue
[2026-08-12T04:45:55.236+0000] {logging_mixin.py:190} INFO - [2026-08-12T04:45:55.236+0000] {dagbag.py:587} INFO - Filling up the DagBag from /home/airflow/.local/lib/python3.12/site-packages/airflow/example_dags/example_python_decorator.py
[2026-08-12T04:45:55.254+0000] {processor.py:925} INFO - DAG(s) 'example_python_decorator' retrieved from /home/airflow/.local/lib/python3.12/site-packages/airflow/example_dags/example_python_decorator.py
[2026-08-12T04:45:55.279+0000] {logging_mixin.py:190} INFO - [2026-08-12T04:45:55.278+0000] {dag.py:3211} INFO - Sync 1 DAGs
[2026-08-12T04:45:55.295+0000] {logging_mixin.py:190} INFO - [2026-08-12T04:45:55.295+0000] {dag.py:4138} INFO - Setting next_dagrun for example_python_decorator to None, run_after=None
[2026-08-12T04:45:55.322+0000] {processor.py:208} INFO - Processing /home/airflow/.local/lib/python3.12/site-packages/airflow/example_dags/example_python_decorator.py took 0.097 seconds
[2026-08-12T04:46:25.916+0000] {processor.py:186} INFO - Started process (PID=1711) to work on /home/airflow/.local/lib/python3.12/site-packages/airflow/example_dags/example_python_decorator.py
[2026-08-12T04:46:25.918+0000] {processor.py:914} INFO - Processing file /home/airflow/.local/lib/python3.12/site-packages/airflow/example_dags/example_python_decorator.py for tasks to queue
[2026-08-12T04:46:25.921+0000] {logging_mixin.py:190} INFO - [2026-08-12T04:46:25.920+0000] {dagbag.py:587} INFO - Filling up the DagBag from /home/airflow/.local/lib/python3.12/site-packages/airflow/example_dags/example_python_decorator.py
[2026-08-12T04:46:25.937+0000] {processor.py:925} INFO - DAG(s) 'example_python_decorator' retrieved from /home/airflow/.local/lib/python3.12/site-packages/airflow/example_dags/example_python_decorator.py
[2026-08-12T04:46:25.964+0000] {logging_mixin.py:190} INFO - [2026-08-12T04:46:25.963+0000] {dag.py:3211} INFO - Sync 1 DAGs
[2026-08-12T04:46:25.995+0000] {logging_mixin.py:190} INFO - [2026-08-12T04:46:25.994+0000] {dag.py:4138} INFO - Setting next_dagrun for example_python_decorator to None, run_after=None
[2026-08-12T04:46:26.018+0000] {processor.py:208} INFO - Processing /home/airflow/.local/lib/python3.12/site-packages/airflow/example_dags/example_python_decorator.py took 0.107 seconds
[2026-08-12T04:46:56.765+0000] {processor.py:186} INFO - Started process (PID=1773) to work on /home/airflow/.local/lib/python3.12/site-packages/airflow/example_dags/example_python_decorator.py
[2026-08-12T04:46:56.767+0000] {processor.py:914} INFO - Processing file /home/airflow/.local/lib/python3.12/site-packages/airflow/example_dags/example_python_decorator.py for tasks to queue
[2026-08-12T04:46:56.770+0000] {logging_mixin.py:190} INFO - [2026-08-12T04:46:56.769+0000] {dagbag.py:587} INFO - Filling up the DagBag from /home/airflow/.local/lib/python3.12/site-packages/airflow/example_dags/example_python_decorator.py
[2026-08-12T04:46:56.787+0000] {processor.py:925} INFO - DAG(s) 'example_python_decorator' retrieved from /home/airflow/.local/lib/python3.12/site-packages/airflow/example_dags/example_python_decorator.py
[2026-08-12T04:46:56.857+0000] {logging_mixin.py:190} INFO - [2026-08-12T04:46:56.857+0000] {dag.py:3211} INFO - Sync 1 DAGs
[2026-08-12T04:46:56.899+0000] {logging_mixin.py:190} INFO - [2026-08-12T04:46:56.898+0000] {dag.py:4138} INFO - Setting next_dagrun for example_python_decorator to None, run_after=None
[2026-08-12T04:46:56.928+0000] {processor.py:208} INFO - Processing /home/airflow/.local/lib/python3.12/site-packages/airflow/example_dags/example_python_decorator.py took 0.171 seconds
[2026-08-12T04:47:27.085+0000] {processor.py:186} INFO - Started process (PID=1835) to work on /home/airflow/.local/lib/python3.12/site-packages/airflow/example_dags/example_python_decorator.py
[2026-08-12T04:47:27.086+0000] {processor.py:914} INFO - Processing file /home/airflow/.local/lib/python3.12/site-packages/airflow/example_dags/example_python_decorator.py for tasks to queue
[2026-08-12T04:47:27.089+0000] {logging_mixin.py:190} INFO - [2026-08-12T04:47:27.089+0000] {dagbag.py:587} INFO - Filling up the DagBag from /home/airflow/.local/lib/python3.12/site-packages/airflow/example_dags/example_python_decorator.py
[2026-08-12T04:47:27.120+0000] {processor.py:925} INFO - DAG(s) 'example_python_decorator' retrieved from /home/airflow/.local/lib/python3.12/site-packages/airflow/example_dags/example_python_decorator.py
[2026-08-12T04:47:27.150+0000] {logging_mixin.py:190} INFO - [2026-08-12T04:47:27.149+0000] {dag.py:3211} INFO - Sync 1 DAGs
[2026-08-12T04:47:27.166+0000] {logging_mixin.py:190} INFO - [2026-08-12T04:47:27.166+0000] {dag.py:4138} INFO - Setting next_dagrun for example_python_decorator to None, run_after=None
[2026-08-12T04:47:27.190+0000] {processor.py:208} INFO - Processing /home/airflow/.local/lib/python3.12/site-packages/airflow/example_dags/example_python_decorator.py took 0.111 seconds
[2026-08-12T04:47:57.900+0000] {processor.py:186} INFO - Started process (PID=1897) to work on /home/airflow/.local/lib/python3.12/site-packages/airflow/example_dags/example_python_decorator.py
[2026-08-12T04:47:57.902+0000] {processor.py:914} INFO - Processing file /home/airflow/.local/lib/python3.12/site-packages/airflow/example_dags/example_python_decorator.py for tasks to queue
[2026-08-12T04:47:57.905+0000] {logging_mixin.py:190} INFO - [2026-08-12T04:47:57.905+0000] {dagbag.py:587} INFO - Filling up the DagBag from /home/airflow/.local/lib/python3.12/site-packages/airflow/example_dags/example_python_decorator.py
[2026-08-12T04:47:57.921+0000] {processor.py:925} INFO - DAG(s) 'example_python_decorator' retrieved from /home/airflow/.local/lib/python3.12/site-packages/airflow/example_dags/example_python_decorator.py
[2026-08-12T04:47:57.951+0000] {logging_mixin.py:190} INFO - [2026-08-12T04:47:57.951+0000] {dag.py:3211} INFO - Sync 1 DAGs
[2026-08-12T04:47:57.968+0000] {logging_mixin.py:190} INFO - [2026-08-12T04:47:57.967+0000] {dag.py:4138} INFO - Setting next_dagrun for example_python_decorator to None, run_after=None
[2026-08-12T04:47:58.000+0000] {processor.py:208} INFO - Processing /home/airflow/.local/lib/python3.12/site-packages/airflow/example_dags/example_python_decorator.py took 0.108 seconds
[2026-08-12T04:48:28.641+0000] {processor.py:186} INFO - Started process (PID=1959) to work on /home/airflow/.local/lib/python3.12/site-packages/airflow/example_dags/example_python_decorator.py
[2026-08-12T04:48:28.645+0000] {processor.py:914} INFO - Processing file /home/airflow/.local/lib/python3.12/site-packages/airflow/example_dags/example_python_decorator.py for tasks to queue
[2026-08-12T04:48:28.650+0000] {logging_mixin.py:190} INFO - [2026-08-12T04:48:28.649+0000] {dagbag.py:587} INFO - Filling up the DagBag from /home/airflow/.local/lib/python3.12/site-packages/airflow/example_dags/example_python_decorator.py
[2026-08-12T04:48:28.673+0000] {processor.py:925} INFO - DAG(s) 'example_python_decorator' retrieved from /home/airflow/.local/lib/python3.12/site-packages/airflow/example_dags/example_python_decorator.py
[2026-08-12T04:48:28.720+0000] {logging_mixin.py:190} INFO - [2026-08-12T04:48:28.720+0000] {dag.py:3211} INFO - Sync 1 DAGs
[2026-08-12T04:48:28.746+0000] {logging_mixin.py:190} INFO - [2026-08-12T04:48:28.746+0000] {dag.py:4138} INFO - Setting next_dagrun for example_python_decorator to None, run_after=None
[2026-08-12T04:48:28.789+0000] {processor.py:208} INFO - Processing /home/airflow/.local/lib/python3.12/site-packages/airflow/example_dags/example_python_decorator.py took 0.157 seconds
[2026-08-12T04:48:58.897+0000] {processor.py:186} INFO - Started process (PID=2021) to work on /home/airflow/.local/lib/python3.12/site-packages/airflow/example_dags/example_python_decorator.py
[2026-08-12T04:48:58.898+0000] {processor.py:914} INFO - Processing file /home/airflow/.local/lib/python3.12/site-packages/airflow/example_dags/example_python_decorator.py for tasks to queue
[2026-08-12T04:48:58.901+0000] {logging_mixin.py:190} INFO - [2026-08-12T04:48:58.901+0000] {dagbag.py:587} INFO - Filling up the DagBag from /home/airflow/.local/lib/python3.12/site-packages/airflow/example_dags/example_python_decorator.py
[2026-08-12T04:48:58.916+0000] {processor.py:925} INFO - DAG(s) 'example_python_decorator' retrieved from /home/airflow/.local/lib/python3.12/site-packages/airflow/example_dags/example_python_decorator.py
[2026-08-12T04:48:58.943+0000] {logging_mixin.py:190} INFO - [2026-08-12T04:48:58.943+0000] {dag.py:3211} INFO - Sync 1 DAGs
[2026-08-12T04:48:58.961+0000] {logging_mixin.py:190} INFO - [2026-08-12T04:48:58.960+0000] {dag.py:4138} INFO - Setting next_dagrun for example_python_decorator to None, run_after=None
[2026-08-12T04:48:58.987+0000] {processor.py:208} INFO - Processing /home/airflow/.local/lib/python3.12/site-packages/airflow/example_dags/example_python_decorator.py took 0.097 seconds
