[2026-08-12T04:30:43.396+0000] {processor.py:186} INFO - Started process (PID=91) to work on /home/airflow/.local/lib/python3.12/site-packages/airflow/example_dags/example_bash_decorator.py
[2026-08-12T04:30:43.398+0000] {processor.py:914} INFO - Processing file /home/airflow/.local/lib/python3.12/site-packages/airflow/example_dags/example_bash_decorator.py for tasks to queue
[2026-08-12T04:30:43.402+0000] {logging_mixin.py:190} INFO - [2026-08-12T04:30:43.402+0000] {dagbag.py:587} INFO - Filling up the DagBag from /home/airflow/.local/lib/python3.12/site-packages/airflow/example_dags/example_bash_decorator.py
[2026-08-12T04:30:43.428+0000] {processor.py:925} INFO - DAG(s) 'example_bash_decorator' retrieved from /home/airflow/.local/lib/python3.12/site-packages/airflow/example_dags/example_bash_decorator.py
[2026-08-12T04:30:43.580+0000] {logging_mixin.py:190} INFO - [2026-08-12T04:30:43.579+0000] {override.py:1858} INFO - Created Permission View: can delete on DAG:example_bash_decorator
[2026-08-12T04:30:43.595+0000] {logging_mixin.py:190} INFO - [2026-08-12T04:30:43.595+0000] {override.py:1858} INFO - Created Permission View: can read on DAG:example_bash_decorator
[2026-08-12T04:30:43.605+0000] {logging_mixin.py:190} INFO - [2026-08-12T04:30:43.605+0000] {override.py:1858} INFO - Created Permission View: can edit on DAG:example_bash_decorator
[2026-08-12T04:30:43.607+0000] {logging_mixin.py:190} INFO - [2026-08-12T04:30:43.607+0000] {dag.py:3211} INFO - Sync 1 DAGs
[2026-08-12T04:30:43.623+0000] {logging_mixin.py:190} INFO - [2026-08-12T04:30:43.623+0000] {dag.py:3234} INFO - Creating ORM DAG for example_bash_decorator
[2026-08-12T04:30:43.625+0000] {logging_mixin.py:190} INFO - [2026-08-12T04:30:43.625+0000] {dag.py:4138} INFO - Setting next_dagrun for example_bash_decorator to None, run_after=None
[2026-08-12T04:30:43.649+0000] {processor.py:208} INFO - Processing /home/airflow/.local/lib/python3.12/site-packages/airflow/example_dags/example_bash_decorator.py took 0.263 seconds
[2026-08-12T04:31:13.930+0000] {processor.py:186} INFO - Started process (PID=153) to work on /home/airflow/.local/lib/python3.12/site-packages/airflow/example_dags/example_bash_decorator.py
[2026-08-12T04:31:13.932+0000] {processor.py:914} INFO - Processing file /home/airflow/.local/lib/python3.12/site-packages/airflow/example_dags/example_bash_decorator.py for tasks to queue
[2026-08-12T04:31:13.948+0000] {logging_mixin.py:190} INFO - [2026-08-12T04:31:13.941+0000] {dagbag.py:587} INFO - Filling up the DagBag from /home/airflow/.local/lib/python3.12/site-packages/airflow/example_dags/example_bash_decorator.py
[2026-08-12T04:31:13.977+0000] {processor.py:925} INFO - DAG(s) 'example_bash_decorator' retrieved from /home/airflow/.local/lib/python3.12/site-packages/airflow/example_dags/example_bash_decorator.py
[2026-08-12T04:31:14.030+0000] {logging_mixin.py:190} INFO - [2026-08-12T04:31:14.028+0000] {dag.py:3211} INFO - Sync 1 DAGs
[2026-08-12T04:31:14.047+0000] {logging_mixin.py:190} INFO - [2026-08-12T04:31:14.046+0000] {dag.py:4138} INFO - Setting next_dagrun for example_bash_decorator to None, run_after=None
[2026-08-12T04:31:14.072+0000] {processor.py:208} INFO - Processing /home/airflow/.local/lib/python3.12/site-packages/airflow/example_dags/example_bash_decorator.py took 0.147 seconds
[2026-08-12T04:31:44.653+0000] {processor.py:186} INFO - Started process (PID=215) to work on /home/airflow/.local/lib/python3.12/site-packages/airflow/example_dags/example_bash_decorator.py
[2026-08-12T04:31:44.656+0000] {processor.py:914} INFO - Processing file /home/airflow/.local/lib/python3.12/site-packages/airflow/example_dags/example_bash_decorator.py for tasks to queue
[2026-08-12T04:31:44.660+0000] {logging_mixin.py:190} INFO - [2026-08-12T04:31:44.659+0000] {dagbag.py:587} INFO - Filling up the DagBag from /home/airflow/.local/lib/python3.12/site-packages/airflow/example_dags/example_bash_decorator.py
[2026-08-12T04:31:44.674+0000] {processor.py:925} INFO - DAG(s) 'example_bash_decorator' retrieved from /home/airflow/.local/lib/python3.12/site-packages/airflow/example_dags/example_bash_decorator.py
[2026-08-12T04:31:44.702+0000] {logging_mixin.py:190} INFO - [2026-08-12T04:31:44.702+0000] {dag.py:3211} INFO - Sync 1 DAGs
[2026-08-12T04:31:44.719+0000] {logging_mixin.py:190} INFO - [2026-08-12T04:31:44.719+0000] {dag.py:4138} INFO - Setting next_dagrun for example_bash_decorator to None, run_after=None
[2026-08-12T04:31:44.743+0000] {processor.py:208} INFO - Processing /home/airflow/.local/lib/python3.12/site-packages/airflow/example_dags/example_bash_decorator.py took 0.095 seconds
[2026-08-12T04:33:03.765+0000] {processor.py:186} INFO - Started process (PID=77) to work on /home/airflow/.local/lib/python3.12/site-packages/airflow/example_dags/example_bash_decorator.py
[2026-08-12T04:33:03.768+0000] {processor.py:914} INFO - Processing file /home/airflow/.local/lib/python3.12/site-packages/airflow/example_dags/example_bash_decorator.py for tasks to queue
[2026-08-12T04:33:03.773+0000] {logging_mixin.py:190} INFO - [2026-08-12T04:33:03.772+0000] {dagbag.py:587} INFO - Filling up the DagBag from /home/airflow/.local/lib/python3.12/site-packages/airflow/example_dags/example_bash_decorator.py
[2026-08-12T04:33:03.802+0000] {processor.py:925} INFO - DAG(s) 'example_bash_decorator' retrieved from /home/airflow/.local/lib/python3.12/site-packages/airflow/example_dags/example_bash_decorator.py
[2026-08-12T04:33:04.020+0000] {logging_mixin.py:190} INFO - [2026-08-12T04:33:04.020+0000] {dag.py:3211} INFO - Sync 1 DAGs
[2026-08-12T04:33:04.047+0000] {logging_mixin.py:190} INFO - [2026-08-12T04:33:04.047+0000] {dag.py:4138} INFO - Setting next_dagrun for example_bash_decorator to None, run_after=None
[2026-08-12T04:33:04.084+0000] {processor.py:208} INFO - Processing /home/airflow/.local/lib/python3.12/site-packages/airflow/example_dags/example_bash_decorator.py took 0.328 seconds
[2026-08-12T04:33:34.698+0000] {processor.py:186} INFO - Started process (PID=140) to work on /home/airflow/.local/lib/python3.12/site-packages/airflow/example_dags/example_bash_decorator.py
[2026-08-12T04:33:34.699+0000] {processor.py:914} INFO - Processing file /home/airflow/.local/lib/python3.12/site-packages/airflow/example_dags/example_bash_decorator.py for tasks to queue
[2026-08-12T04:33:34.703+0000] {logging_mixin.py:190} INFO - [2026-08-12T04:33:34.702+0000] {dagbag.py:587} INFO - Filling up the DagBag from /home/airflow/.local/lib/python3.12/site-packages/airflow/example_dags/example_bash_decorator.py
[2026-08-12T04:33:34.720+0000] {processor.py:925} INFO - DAG(s) 'example_bash_decorator' retrieved from /home/airflow/.local/lib/python3.12/site-packages/airflow/example_dags/example_bash_decorator.py
[2026-08-12T04:33:34.745+0000] {logging_mixin.py:190} INFO - [2026-08-12T04:33:34.745+0000] {dag.py:3211} INFO - Sync 1 DAGs
[2026-08-12T04:33:34.762+0000] {logging_mixin.py:190} INFO - [2026-08-12T04:33:34.762+0000] {dag.py:4138} INFO - Setting next_dagrun for example_bash_decorator to None, run_after=None
[2026-08-12T04:33:34.786+0000] {processor.py:208} INFO - Processing /home/airflow/.local/lib/python3.12/site-packages/airflow/example_dags/example_bash_decorator.py took 0.095 seconds
[2026-08-12T04:34:05.536+0000] {processor.py:186} INFO - Started process (PID=202) to work on /home/airflow/.local/lib/python3.12/site-packages/airflow/example_dags/example_bash_decorator.py
[2026-08-12T04:34:05.538+0000] {processor.py:914} INFO - Processing file /home/airflow/.local/lib/python3.12/site-packages/airflow/example_dags/example_bash_decorator.py for tasks to queue
[2026-08-12T04:34:05.543+0000] {logging_mixin.py:190} INFO - [2026-08-12T04:34:05.543+0000] {dagbag.py:587} INFO - Filling up the DagBag from /home/airflow/.local/lib/python3.12/site-packages/airflow/example_dags/example_bash_decorator.py
[2026-08-12T04:34:05.566+0000] {processor.py:925} INFO - DAG(s) 'example_bash_decorator' retrieved from /home/airflow/.local/lib/python3.12/site-packages/airflow/example_dags/example_bash_decorator.py
[2026-08-12T04:34:05.601+0000] {logging_mixin.py:190} INFO - [2026-08-12T04:34:05.600+0000] {dag.py:3211} INFO - Sync 1 DAGs
[2026-08-12T04:34:05.623+0000] {logging_mixin.py:190} INFO - [2026-08-12T04:34:05.623+0000] {dag.py:4138} INFO - Setting next_dagrun for example_bash_decorator to None, run_after=None
[2026-08-12T04:34:05.667+0000] {processor.py:208} INFO - Processing /home/airflow/.local/lib/python3.12/site-packages/airflow/example_dags/example_bash_decorator.py took 0.137 seconds
[2026-08-12T04:34:35.791+0000] {processor.py:186} INFO - Started process (PID=264) to work on /home/airflow/.local/lib/python3.12/site-packages/airflow/example_dags/example_bash_decorator.py
[2026-08-12T04:34:35.793+0000] {processor.py:914} INFO - Processing file /home/airflow/.local/lib/python3.12/site-packages/airflow/example_dags/example_bash_decorator.py for tasks to queue
[2026-08-12T04:34:35.796+0000] {logging_mixin.py:190} INFO - [2026-08-12T04:34:35.796+0000] {dagbag.py:587} INFO - Filling up the DagBag from /home/airflow/.local/lib/python3.12/site-packages/airflow/example_dags/example_bash_decorator.py
[2026-08-12T04:34:35.815+0000] {processor.py:925} INFO - DAG(s) 'example_bash_decorator' retrieved from /home/airflow/.local/lib/python3.12/site-packages/airflow/example_dags/example_bash_decorator.py
[2026-08-12T04:34:35.856+0000] {logging_mixin.py:190} INFO - [2026-08-12T04:34:35.856+0000] {dag.py:3211} INFO - Sync 1 DAGs
[2026-08-12T04:34:35.883+0000] {logging_mixin.py:190} INFO - [2026-08-12T04:34:35.882+0000] {dag.py:4138} INFO - Setting next_dagrun for example_bash_decorator to None, run_after=None
[2026-08-12T04:34:35.925+0000] {processor.py:208} INFO - Processing /home/airflow/.local/lib/python3.12/site-packages/airflow/example_dags/example_bash_decorator.py took 0.142 seconds
[2026-08-12T04:35:06.914+0000] {processor.py:186} INFO - Started process (PID=326) to work on /home/airflow/.local/lib/python3.12/site-packages/airflow/example_dags/example_bash_decorator.py
[2026-08-12T04:35:06.915+0000] {processor.py:914} INFO - Processing file /home/airflow/.local/lib/python3.12/site-packages/airflow/example_dags/example_bash_decorator.py for tasks to queue
[2026-08-12T04:35:06.919+0000] {logging_mixin.py:190} INFO - [2026-08-12T04:35:06.918+0000] {dagbag.py:587} INFO - Filling up the DagBag from /home/airflow/.local/lib/python3.12/site-packages/airflow/example_dags/example_bash_decorator.py
[2026-08-12T04:35:06.933+0000] {processor.py:925} INFO - DAG(s) 'example_bash_decorator' retrieved from /home/airflow/.local/lib/python3.12/site-packages/airflow/example_dags/example_bash_decorator.py
[2026-08-12T04:35:06.954+0000] {logging_mixin.py:190} INFO - [2026-08-12T04:35:06.954+0000] {dag.py:3211} INFO - Sync 1 DAGs
[2026-08-12T04:35:06.967+0000] {logging_mixin.py:190} INFO - [2026-08-12T04:35:06.967+0000] {dag.py:4138} INFO - Setting next_dagrun for example_bash_decorator to None, run_after=None
[2026-08-12T04:35:06.996+0000] {processor.py:208} INFO - Processing /home/airflow/.local/lib/python3.12/site-packages/airflow/example_dags/example_bash_decorator.py took 0.087 seconds
[2026-08-12T04:35:37.714+0000] {processor.py:186} INFO - Started process (PID=388) to work on /home/airflow/.local/lib/python3.12/site-packages/airflow/example_dags/example_bash_decorator.py
[2026-08-12T04:35:37.716+0000] {processor.py:914} INFO - Processing file /home/airflow/.local/lib/python3.12/site-packages/airflow/example_dags/example_bash_decorator.py for tasks to queue
[2026-08-12T04:35:37.719+0000] {logging_mixin.py:190} INFO - [2026-08-12T04:35:37.719+0000] {dagbag.py:587} INFO - Filling up the DagBag from /home/airflow/.local/lib/python3.12/site-packages/airflow/example_dags/example_bash_decorator.py
[2026-08-12T04:35:37.734+0000] {processor.py:925} INFO - DAG(s) 'example_bash_decorator' retrieved from /home/airflow/.local/lib/python3.12/site-packages/airflow/example_dags/example_bash_decorator.py
[2026-08-12T04:35:37.758+0000] {logging_mixin.py:190} INFO - [2026-08-12T04:35:37.758+0000] {dag.py:3211} INFO - Sync 1 DAGs
[2026-08-12T04:35:37.775+0000] {logging_mixin.py:190} INFO - [2026-08-12T04:35:37.775+0000] {dag.py:4138} INFO - Setting next_dagrun for example_bash_decorator to None, run_after=None
[2026-08-12T04:35:37.804+0000] {processor.py:208} INFO - Processing /home/airflow/.local/lib/python3.12/site-packages/airflow/example_dags/example_bash_decorator.py took 0.095 seconds
[2026-08-12T04:36:08.628+0000] {processor.py:186} INFO - Started process (PID=450) to work on /home/airflow/.local/lib/python3.12/site-packages/airflow/example_dags/example_bash_decorator.py
[2026-08-12T04:36:08.630+0000] {processor.py:914} INFO - Processing file /home/airflow/.local/lib/python3.12/site-packages/airflow/example_dags/example_bash_decorator.py for tasks to queue
[2026-08-12T04:36:08.634+0000] {logging_mixin.py:190} INFO - [2026-08-12T04:36:08.633+0000] {dagbag.py:587} INFO - Filling up the DagBag from /home/airflow/.local/lib/python3.12/site-packages/airflow/example_dags/example_bash_decorator.py
[2026-08-12T04:36:08.655+0000] {processor.py:925} INFO - DAG(s) 'example_bash_decorator' retrieved from /home/airflow/.local/lib/python3.12/site-packages/airflow/example_dags/example_bash_decorator.py
[2026-08-12T04:36:08.690+0000] {logging_mixin.py:190} INFO - [2026-08-12T04:36:08.689+0000] {dag.py:3211} INFO - Sync 1 DAGs
[2026-08-12T04:36:08.706+0000] {logging_mixin.py:190} INFO - [2026-08-12T04:36:08.705+0000] {dag.py:4138} INFO - Setting next_dagrun for example_bash_decorator to None, run_after=None
[2026-08-12T04:36:08.748+0000] {processor.py:208} INFO - Processing /home/airflow/.local/lib/python3.12/site-packages/airflow/example_dags/example_bash_decorator.py took 0.129 seconds
[2026-08-12T04:36:38.840+0000] {processor.py:186} INFO - Started process (PID=512) to work on /home/airflow/.local/lib/python3.12/site-packages/airflow/example_dags/example_bash_decorator.py
[2026-08-12T04:36:38.842+0000] {processor.py:914} INFO - Processing file /home/airflow/.local/lib/python3.12/site-packages/airflow/example_dags/example_bash_decorator.py for tasks to queue
[2026-08-12T04:36:38.846+0000] {logging_mixin.py:190} INFO - [2026-08-12T04:36:38.845+0000] {dagbag.py:587} INFO - Filling up the DagBag from /home/airflow/.local/lib/python3.12/site-packages/airflow/example_dags/example_bash_decorator.py
[2026-08-12T04:36:38.861+0000] {processor.py:925} INFO - DAG(s) 'example_bash_decorator' retrieved from /home/airflow/.local/lib/python3.12/site-packages/airflow/example_dags/example_bash_decorator.py
[2026-08-12T04:36:38.887+0000] {logging_mixin.py:190} INFO - [2026-08-12T04:36:38.887+0000] {dag.py:3211} INFO - Sync 1 DAGs
[2026-08-12T04:36:38.903+0000] {logging_mixin.py:190} INFO - [2026-08-12T04:36:38.903+0000] {dag.py:4138} INFO - Setting next_dagrun for example_bash_decorator to None, run_after=None
[2026-08-12T04:36:38.926+0000] {processor.py:208} INFO - Processing /home/airflow/.local/lib/python3.12/site-packages/airflow/example_dags/example_bash_decorator.py took 0.092 seconds
[2026-08-12T04:37:09.872+0000] {processor.py:186} INFO - Started process (PID=574) to work on /home/airflow/.local/lib/python3.12/site-packages/airflow/example_dags/example_bash_decorator.py
[2026-08-12T04:37:09.874+0000] {processor.py:914} INFO - Processing file /home/airflow/.local/lib/python3.12/site-packages/airflow/example_dags/example_bash_decorator.py for tasks to queue
[2026-08-12T04:37:09.877+0000] {logging_mixin.py:190} INFO - [2026-08-12T04:37:09.876+0000] {dagbag.py:587} INFO - Filling up the DagBag from /home/airflow/.local/lib/python3.12/site-packages/airflow/example_dags/example_bash_decorator.py
[2026-08-12T04:37:09.892+0000] {processor.py:925} INFO - DAG(s) 'example_bash_decorator' retrieved from /home/airflow/.local/lib/python3.12/site-packages/airflow/example_dags/example_bash_decorator.py
[2026-08-12T04:37:09.916+0000] {logging_mixin.py:190} INFO - [2026-08-12T04:37:09.916+0000] {dag.py:3211} INFO - Sync 1 DAGs
[2026-08-12T04:37:09.931+0000] {logging_mixin.py:190} INFO - [2026-08-12T04:37:09.930+0000] {dag.py:4138} INFO - Setting next_dagrun for example_bash_decorator to None, run_after=None
[2026-08-12T04:37:09.953+0000] {processor.py:208} INFO - Processing /home/airflow/.local/lib/python3.12/site-packages/airflow/example_dags/example_bash_decorator.py took 0.087 seconds
[2026-08-12T04:37:40.592+0000] {processor.py:186} INFO - Started process (PID=636) to work on /home/airflow/.local/lib/python3.12/site-packages/airflow/example_dags/example_bash_decorator.py
[2026-08-12T04:37:40.594+0000] {processor.py:914} INFO - Processing file /home/airflow/.local/lib/python3.12/site-packages/airflow/example_dags/example_bash_decorator.py for tasks to queue
[2026-08-12T04:37:40.597+0000] {logging_mixin.py:190} INFO - [2026-08-12T04:37:40.596+0000] {dagbag.py:587} INFO - Filling up the DagBag from /home/airflow/.local/lib/python3.12/site-packages/airflow/example_dags/example_bash_decorator.py
[2026-08-12T04:37:40.612+0000] {processor.py:925} INFO - DAG(s) 'example_bash_decorator' retrieved from /home/airflow/.local/lib/python3.12/site-packages/airflow/example_dags/example_bash_decorator.py
[2026-08-12T04:37:40.633+0000] {logging_mixin.py:190} INFO - [2026-08-12T04:37:40.633+0000] {dag.py:3211} INFO - Sync 1 DAGs
[2026-08-12T04:37:40.648+0000] {logging_mixin.py:190} INFO - [2026-08-12T04:37:40.648+0000] {dag.py:4138} INFO - Setting next_dagrun for example_bash_decorator to None, run_after=None
[2026-08-12T04:37:40.669+0000] {processor.py:208} INFO - Processing /home/airflow/.local/lib/python3.12/site-packages/airflow/example_dags/example_bash_decorator.py took 0.082 seconds
[2026-08-12T04:38:11.367+0000] {processor.py:186} INFO - Started process (PID=698) to work on /home/airflow/.local/lib/python3.12/site-packages/airflow/example_dags/example_bash_decorator.py
[2026-08-12T04:38:11.369+0000] {processor.py:914} INFO - Processing file /home/airflow/.local/lib/python3.12/site-packages/airflow/example_dags/example_bash_decorator.py for tasks to queue
[2026-08-12T04:38:11.372+0000] {logging_mixin.py:190} INFO - [2026-08-12T04:38:11.372+0000] {dagbag.py:587} INFO - Filling up the DagBag from /home/airflow/.local/lib/python3.12/site-packages/airflow/example_dags/example_bash_decorator.py
[2026-08-12T04:38:11.402+0000] {processor.py:925} INFO - DAG(s) 'example_bash_decorator' retrieved from /home/airflow/.local/lib/python3.12/site-packages/airflow/example_dags/example_bash_decorator.py
[2026-08-12T04:38:11.432+0000] {logging_mixin.py:190} INFO - [2026-08-12T04:38:11.432+0000] {dag.py:3211} INFO - Sync 1 DAGs
[2026-08-12T04:38:11.450+0000] {logging_mixin.py:190} INFO - [2026-08-12T04:38:11.450+0000] {dag.py:4138} INFO - Setting next_dagrun for example_bash_decorator to None, run_after=None
[2026-08-12T04:38:11.483+0000] {processor.py:208} INFO - Processing /home/airflow/.local/lib/python3.12/site-packages/airflow/example_dags/example_bash_decorator.py took 0.121 seconds
[2026-08-12T04:38:42.105+0000] {processor.py:186} INFO - Started process (PID=760) to work on /home/airflow/.local/lib/python3.12/site-packages/airflow/example_dags/example_bash_decorator.py
[2026-08-12T04:38:42.108+0000] {processor.py:914} INFO - Processing file /home/airflow/.local/lib/python3.12/site-packages/airflow/example_dags/example_bash_decorator.py for tasks to queue
[2026-08-12T04:38:42.113+0000] {logging_mixin.py:190} INFO - [2026-08-12T04:38:42.112+0000] {dagbag.py:587} INFO - Filling up the DagBag from /home/airflow/.local/lib/python3.12/site-packages/airflow/example_dags/example_bash_decorator.py
[2026-08-12T04:38:42.132+0000] {processor.py:925} INFO - DAG(s) 'example_bash_decorator' retrieved from /home/airflow/.local/lib/python3.12/site-packages/airflow/example_dags/example_bash_decorator.py
[2026-08-12T04:38:42.159+0000] {logging_mixin.py:190} INFO - [2026-08-12T04:38:42.158+0000] {dag.py:3211} INFO - Sync 1 DAGs
[2026-08-12T04:38:42.179+0000] {logging_mixin.py:190} INFO - [2026-08-12T04:38:42.178+0000] {dag.py:4138} INFO - Setting next_dagrun for example_bash_decorator to None, run_after=None
[2026-08-12T04:38:42.202+0000] {processor.py:208} INFO - Processing /home/airflow/.local/lib/python3.12/site-packages/airflow/example_dags/example_bash_decorator.py took 0.107 seconds
[2026-08-12T04:39:12.427+0000] {processor.py:186} INFO - Started process (PID=822) to work on /home/airflow/.local/lib/python3.12/site-packages/airflow/example_dags/example_bash_decorator.py
[2026-08-12T04:39:12.429+0000] {processor.py:914} INFO - Processing file /home/airflow/.local/lib/python3.12/site-packages/airflow/example_dags/example_bash_decorator.py for tasks to queue
[2026-08-12T04:39:12.432+0000] {logging_mixin.py:190} INFO - [2026-08-12T04:39:12.432+0000] {dagbag.py:587} INFO - Filling up the DagBag from /home/airflow/.local/lib/python3.12/site-packages/airflow/example_dags/example_bash_decorator.py
[2026-08-12T04:39:12.448+0000] {processor.py:925} INFO - DAG(s) 'example_bash_decorator' retrieved from /home/airflow/.local/lib/python3.12/site-packages/airflow/example_dags/example_bash_decorator.py
[2026-08-12T04:39:12.471+0000] {logging_mixin.py:190} INFO - [2026-08-12T04:39:12.471+0000] {dag.py:3211} INFO - Sync 1 DAGs
[2026-08-12T04:39:12.487+0000] {logging_mixin.py:190} INFO - [2026-08-12T04:39:12.487+0000] {dag.py:4138} INFO - Setting next_dagrun for example_bash_decorator to None, run_after=None
[2026-08-12T04:39:12.520+0000] {processor.py:208} INFO - Processing /home/airflow/.local/lib/python3.12/site-packages/airflow/example_dags/example_bash_decorator.py took 0.100 seconds
[2026-08-12T04:39:42.606+0000] {processor.py:186} INFO - Started process (PID=884) to work on /home/airflow/.local/lib/python3.12/site-packages/airflow/example_dags/example_bash_decorator.py
[2026-08-12T04:39:42.608+0000] {processor.py:914} INFO - Processing file /home/airflow/.local/lib/python3.12/site-packages/airflow/example_dags/example_bash_decorator.py for tasks to queue
[2026-08-12T04:39:42.611+0000] {logging_mixin.py:190} INFO - [2026-08-12T04:39:42.611+0000] {dagbag.py:587} INFO - Filling up the DagBag from /home/airflow/.local/lib/python3.12/site-packages/airflow/example_dags/example_bash_decorator.py
[2026-08-12T04:39:42.626+0000] {processor.py:925} INFO - DAG(s) 'example_bash_decorator' retrieved from /home/airflow/.local/lib/python3.12/site-packages/airflow/example_dags/example_bash_decorator.py
[2026-08-12T04:39:42.649+0000] {logging_mixin.py:190} INFO - [2026-08-12T04:39:42.649+0000] {dag.py:3211} INFO - Sync 1 DAGs
[2026-08-12T04:39:42.681+0000] {logging_mixin.py:190} INFO - [2026-08-12T04:39:42.681+0000] {dag.py:4138} INFO - Setting next_dagrun for example_bash_decorator to None, run_after=None
[2026-08-12T04:39:42.711+0000] {processor.py:208} INFO - Processing /home/airflow/.local/lib/python3.12/site-packages/airflow/example_dags/example_bash_decorator.py took 0.110 seconds
[2026-08-12T04:40:13.632+0000] {processor.py:186} INFO - Started process (PID=946) to work on /home/airflow/.local/lib/python3.12/site-packages/airflow/example_dags/example_bash_decorator.py
[2026-08-12T04:40:13.633+0000] {processor.py:914} INFO - Processing file /home/airflow/.local/lib/python3.12/site-packages/airflow/example_dags/example_bash_decorator.py for tasks to queue
[2026-08-12T04:40:13.636+0000] {logging_mixin.py:190} INFO - [2026-08-12T04:40:13.636+0000] {dagbag.py:587} INFO - Filling up the DagBag from /home/airflow/.local/lib/python3.12/site-packages/airflow/example_dags/example_bash_decorator.py
[2026-08-12T04:40:13.652+0000] {processor.py:925} INFO - DAG(s) 'example_bash_decorator' retrieved from /home/airflow/.local/lib/python3.12/site-packages/airflow/example_dags/example_bash_decorator.py
[2026-08-12T04:40:13.676+0000] {logging_mixin.py:190} INFO - [2026-08-12T04:40:13.675+0000] {dag.py:3211} INFO - Sync 1 DAGs
[2026-08-12T04:40:13.692+0000] {logging_mixin.py:190} INFO - [2026-08-12T04:40:13.691+0000] {dag.py:4138} INFO - Setting next_dagrun for example_bash_decorator to None, run_after=None
[2026-08-12T04:40:13.723+0000] {processor.py:208} INFO - Processing /home/airflow/.local/lib/python3.12/site-packages/airflow/example_dags/example_bash_decorator.py took 0.097 seconds
[2026-08-12T04:40:44.145+0000] {processor.py:186} INFO - Started process (PID=1008) to work on /home/airflow/.local/lib/python3.12/site-packages/airflow/example_dags/example_bash_decorator.py
[2026-08-12T04:40:44.147+0000] {processor.py:914} INFO - Processing file /home/airflow/.local/lib/python3.12/site-packages/airflow/example_dags/example_bash_decorator.py for tasks to queue
[2026-08-12T04:40:44.151+0000] {logging_mixin.py:190} INFO - [2026-08-12T04:40:44.150+0000] {dagbag.py:587} INFO - Filling up the DagBag from /home/airflow/.local/lib/python3.12/site-packages/airflow/example_dags/example_bash_decorator.py
[2026-08-12T04:40:44.171+0000] {processor.py:925} INFO - DAG(s) 'example_bash_decorator' retrieved from /home/airflow/.local/lib/python3.12/site-packages/airflow/example_dags/example_bash_decorator.py
[2026-08-12T04:40:44.203+0000] {logging_mixin.py:190} INFO - [2026-08-12T04:40:44.203+0000] {dag.py:3211} INFO - Sync 1 DAGs
[2026-08-12T04:40:44.219+0000] {logging_mixin.py:190} INFO - [2026-08-12T04:40:44.219+0000] {dag.py:4138} INFO - Setting next_dagrun for example_bash_decorator to None, run_after=None
[2026-08-12T04:40:44.248+0000] {processor.py:208} INFO - Processing /home/airflow/.local/lib/python3.12/site-packages/airflow/example_dags/example_bash_decorator.py took 0.109 seconds
[2026-08-12T04:41:14.871+0000] {processor.py:186} INFO - Started process (PID=1070) to work on /home/airflow/.local/lib/python3.12/site-packages/airflow/example_dags/example_bash_decorator.py
[2026-08-12T04:41:14.873+0000] {processor.py:914} INFO - Processing file /home/airflow/.local/lib/python3.12/site-packages/airflow/example_dags/example_bash_decorator.py for tasks to queue
[2026-08-12T04:41:14.878+0000] {logging_mixin.py:190} INFO - [2026-08-12T04:41:14.877+0000] {dagbag.py:587} INFO - Filling up the DagBag from /home/airflow/.local/lib/python3.12/site-packages/airflow/example_dags/example_bash_decorator.py
[2026-08-12T04:41:14.897+0000] {processor.py:925} INFO - DAG(s) 'example_bash_decorator' retrieved from /home/airflow/.local/lib/python3.12/site-packages/airflow/example_dags/example_bash_decorator.py
[2026-08-12T04:41:14.927+0000] {logging_mixin.py:190} INFO - [2026-08-12T04:41:14.926+0000] {dag.py:3211} INFO - Sync 1 DAGs
[2026-08-12T04:41:14.948+0000] {logging_mixin.py:190} INFO - [2026-08-12T04:41:14.948+0000] {dag.py:4138} INFO - Setting next_dagrun for example_bash_decorator to None, run_after=None
[2026-08-12T04:41:14.974+0000] {processor.py:208} INFO - Processing /home/airflow/.local/lib/python3.12/site-packages/airflow/example_dags/example_bash_decorator.py took 0.110 seconds
[2026-08-12T04:41:45.615+0000] {processor.py:186} INFO - Started process (PID=1132) to work on /home/airflow/.local/lib/python3.12/site-packages/airflow/example_dags/example_bash_decorator.py
[2026-08-12T04:41:45.617+0000] {processor.py:914} INFO - Processing file /home/airflow/.local/lib/python3.12/site-packages/airflow/example_dags/example_bash_decorator.py for tasks to queue
[2026-08-12T04:41:45.620+0000] {logging_mixin.py:190} INFO - [2026-08-12T04:41:45.619+0000] {dagbag.py:587} INFO - Filling up the DagBag from /home/airflow/.local/lib/python3.12/site-packages/airflow/example_dags/example_bash_decorator.py
[2026-08-12T04:41:45.639+0000] {processor.py:925} INFO - DAG(s) 'example_bash_decorator' retrieved from /home/airflow/.local/lib/python3.12/site-packages/airflow/example_dags/example_bash_decorator.py
[2026-08-12T04:41:45.664+0000] {logging_mixin.py:190} INFO - [2026-08-12T04:41:45.663+0000] {dag.py:3211} INFO - Sync 1 DAGs
[2026-08-12T04:41:45.681+0000] {logging_mixin.py:190} INFO - [2026-08-12T04:41:45.681+0000] {dag.py:4138} INFO - Setting next_dagrun for example_bash_decorator to None, run_after=None
[2026-08-12T04:41:45.715+0000] {processor.py:208} INFO - Processing /home/airflow/.local/lib/python3.12/site-packages/airflow/example_dags/example_bash_decorator.py took 0.106 seconds
[2026-08-12T04:42:16.415+0000] {processor.py:186} INFO - Started process (PID=1194) to work on /home/airflow/.local/lib/python3.12/site-packages/airflow/example_dags/example_bash_decorator.py
[2026-08-12T04:42:16.417+0000] {processor.py:914} INFO - Processing file /home/airflow/.local/lib/python3.12/site-packages/airflow/example_dags/example_bash_decorator.py for tasks to queue
[2026-08-12T04:42:16.420+0000] {logging_mixin.py:190} INFO - [2026-08-12T04:42:16.419+0000] {dagbag.py:587} INFO - Filling up the DagBag from /home/airflow/.local/lib/python3.12/site-packages/airflow/example_dags/example_bash_decorator.py
[2026-08-12T04:42:16.436+0000] {processor.py:925} INFO - DAG(s) 'example_bash_decorator' retrieved from /home/airflow/.local/lib/python3.12/site-packages/airflow/example_dags/example_bash_decorator.py
[2026-08-12T04:42:16.462+0000] {logging_mixin.py:190} INFO - [2026-08-12T04:42:16.462+0000] {dag.py:3211} INFO - Sync 1 DAGs
[2026-08-12T04:42:16.479+0000] {logging_mixin.py:190} INFO - [2026-08-12T04:42:16.478+0000] {dag.py:4138} INFO - Setting next_dagrun for example_bash_decorator to None, run_after=None
[2026-08-12T04:42:16.509+0000] {processor.py:208} INFO - Processing /home/airflow/.local/lib/python3.12/site-packages/airflow/example_dags/example_bash_decorator.py took 0.100 seconds
[2026-08-12T04:42:47.209+0000] {processor.py:186} INFO - Started process (PID=1256) to work on /home/airflow/.local/lib/python3.12/site-packages/airflow/example_dags/example_bash_decorator.py
[2026-08-12T04:42:47.211+0000] {processor.py:914} INFO - Processing file /home/airflow/.local/lib/python3.12/site-packages/airflow/example_dags/example_bash_decorator.py for tasks to queue
[2026-08-12T04:42:47.214+0000] {logging_mixin.py:190} INFO - [2026-08-12T04:42:47.213+0000] {dagbag.py:587} INFO - Filling up the DagBag from /home/airflow/.local/lib/python3.12/site-packages/airflow/example_dags/example_bash_decorator.py
[2026-08-12T04:42:47.229+0000] {processor.py:925} INFO - DAG(s) 'example_bash_decorator' retrieved from /home/airflow/.local/lib/python3.12/site-packages/airflow/example_dags/example_bash_decorator.py
[2026-08-12T04:42:47.253+0000] {logging_mixin.py:190} INFO - [2026-08-12T04:42:47.253+0000] {dag.py:3211} INFO - Sync 1 DAGs
[2026-08-12T04:42:47.270+0000] {logging_mixin.py:190} INFO - [2026-08-12T04:42:47.270+0000] {dag.py:4138} INFO - Setting next_dagrun for example_bash_decorator to None, run_after=None
[2026-08-12T04:42:47.301+0000] {processor.py:208} INFO - Processing /home/airflow/.local/lib/python3.12/site-packages/airflow/example_dags/example_bash_decorator.py took 0.097 seconds
[2026-08-12T04:43:17.626+0000] {processor.py:186} INFO - Started process (PID=1318) to work on /home/airflow/.local/lib/python3.12/site-packages/airflow/example_dags/example_bash_decorator.py
[2026-08-12T04:43:17.628+0000] {processor.py:914} INFO - Processing file /home/airflow/.local/lib/python3.12/site-packages/airflow/example_dags/example_bash_decorator.py for tasks to queue
[2026-08-12T04:43:17.631+0000] {logging_mixin.py:190} INFO - [2026-08-12T04:43:17.631+0000] {dagbag.py:587} INFO - Filling up the DagBag from /home/airflow/.local/lib/python3.12/site-packages/airflow/example_dags/example_bash_decorator.py
[2026-08-12T04:43:17.646+0000] {processor.py:925} INFO - DAG(s) 'example_bash_decorator' retrieved from /home/airflow/.local/lib/python3.12/site-packages/airflow/example_dags/example_bash_decorator.py
[2026-08-12T04:43:17.670+0000] {logging_mixin.py:190} INFO - [2026-08-12T04:43:17.669+0000] {dag.py:3211} INFO - Sync 1 DAGs
[2026-08-12T04:43:17.686+0000] {logging_mixin.py:190} INFO - [2026-08-12T04:43:17.686+0000] {dag.py:4138} INFO - Setting next_dagrun for example_bash_decorator to None, run_after=None
[2026-08-12T04:43:17.709+0000] {processor.py:208} INFO - Processing /home/airflow/.local/lib/python3.12/site-packages/airflow/example_dags/example_bash_decorator.py took 0.087 seconds
[2026-08-12T04:43:48.392+0000] {processor.py:186} INFO - Started process (PID=1380) to work on /home/airflow/.local/lib/python3.12/site-packages/airflow/example_dags/example_bash_decorator.py
[2026-08-12T04:43:48.393+0000] {processor.py:914} INFO - Processing file /home/airflow/.local/lib/python3.12/site-packages/airflow/example_dags/example_bash_decorator.py for tasks to queue
[2026-08-12T04:43:48.396+0000] {logging_mixin.py:190} INFO - [2026-08-12T04:43:48.396+0000] {dagbag.py:587} INFO - Filling up the DagBag from /home/airflow/.local/lib/python3.12/site-packages/airflow/example_dags/example_bash_decorator.py
[2026-08-12T04:43:48.413+0000] {processor.py:925} INFO - DAG(s) 'example_bash_decorator' retrieved from /home/airflow/.local/lib/python3.12/site-packages/airflow/example_dags/example_bash_decorator.py
[2026-08-12T04:43:48.438+0000] {logging_mixin.py:190} INFO - [2026-08-12T04:43:48.437+0000] {dag.py:3211} INFO - Sync 1 DAGs
[2026-08-12T04:43:48.458+0000] {logging_mixin.py:190} INFO - [2026-08-12T04:43:48.458+0000] {dag.py:4138} INFO - Setting next_dagrun for example_bash_decorator to None, run_after=None
[2026-08-12T04:43:48.485+0000] {processor.py:208} INFO - Processing /home/airflow/.local/lib/python3.12/site-packages/airflow/example_dags/example_bash_decorator.py took 0.099 seconds
[2026-08-12T04:44:19.156+0000] {processor.py:186} INFO - Started process (PID=1442) to work on /home/airflow/.local/lib/python3.12/site-packages/airflow/example_dags/example_bash_decorator.py
[2026-08-12T04:44:19.158+0000] {processor.py:914} INFO - Processing file /home/airflow/.local/lib/python3.12/site-packages/airflow/example_dags/example_bash_decorator.py for tasks to queue
[2026-08-12T04:44:19.161+0000] {logging_mixin.py:190} INFO - [2026-08-12T04:44:19.161+0000] {dagbag.py:587} INFO - Filling up the DagBag from /home/airflow/.local/lib/python3.12/site-packages/airflow/example_dags/example_bash_decorator.py
[2026-08-12T04:44:19.180+0000] {processor.py:925} INFO - DAG(s) 'example_bash_decorator' retrieved from /home/airflow/.local/lib/python3.12/site-packages/airflow/example_dags/example_bash_decorator.py
[2026-08-12T04:44:19.208+0000] {logging_mixin.py:190} INFO - [2026-08-12T04:44:19.208+0000] {dag.py:3211} INFO - Sync 1 DAGs
[2026-08-12T04:44:19.222+0000] {logging_mixin.py:190} INFO - [2026-08-12T04:44:19.222+0000] {dag.py:4138} INFO - Setting next_dagrun for example_bash_decorator to None, run_after=None
[2026-08-12T04:44:19.243+0000] {processor.py:208} INFO - Processing /home/airflow/.local/lib/python3.12/site-packages/airflow/example_dags/example_bash_decorator.py took 0.095 seconds
[2026-08-12T04:44:49.940+0000] {processor.py:186} INFO - Started process (PID=1504) to work on /home/airflow/.local/lib/python3.12/site-packages/airflow/example_dags/example_bash_decorator.py
[2026-08-12T04:44:49.943+0000] {processor.py:914} INFO - Processing file /home/airflow/.local/lib/python3.12/site-packages/airflow/example_dags/example_bash_decorator.py for tasks to queue
[2026-08-12T04:44:49.948+0000] {logging_mixin.py:190} INFO - [2026-08-12T04:44:49.947+0000] {dagbag.py:587} INFO - Filling up the DagBag from /home/airflow/.local/lib/python3.12/site-packages/airflow/example_dags/example_bash_decorator.py
[2026-08-12T04:44:49.975+0000] {processor.py:925} INFO - DAG(s) 'example_bash_decorator' retrieved from /home/airflow/.local/lib/python3.12/site-packages/airflow/example_dags/example_bash_decorator.py
[2026-08-12T04:44:50.022+0000] {logging_mixin.py:190} INFO - [2026-08-12T04:44:50.022+0000] {dag.py:3211} INFO - Sync 1 DAGs
[2026-08-12T04:44:50.056+0000] {logging_mixin.py:190} INFO - [2026-08-12T04:44:50.055+0000] {dag.py:4138} INFO - Setting next_dagrun for example_bash_decorator to None, run_after=None
[2026-08-12T04:44:50.097+0000] {processor.py:208} INFO - Processing /home/airflow/.local/lib/python3.12/site-packages/airflow/example_dags/example_bash_decorator.py took 0.168 seconds
[2026-08-12T04:45:20.759+0000] {processor.py:186} INFO - Started process (PID=1566) to work on /home/airflow/.local/lib/python3.12/site-packages/airflow/example_dags/example_bash_decorator.py
[2026-08-12T04:45:20.761+0000] {processor.py:914} INFO - Processing file /home/airflow/.local/lib/python3.12/site-packages/airflow/example_dags/example_bash_decorator.py for tasks to queue
[2026-08-12T04:45:20.765+0000] {logging_mixin.py:190} INFO - [2026-08-12T04:45:20.764+0000] {dagbag.py:587} INFO - Filling up the DagBag from /home/airflow/.local/lib/python3.12/site-packages/airflow/example_dags/example_bash_decorator.py
[2026-08-12T04:45:20.784+0000] {processor.py:925} INFO - DAG(s) 'example_bash_decorator' retrieved from /home/airflow/.local/lib/python3.12/site-packages/airflow/example_dags/example_bash_decorator.py
[2026-08-12T04:45:20.811+0000] {logging_mixin.py:190} INFO - [2026-08-12T04:45:20.811+0000] {dag.py:3211} INFO - Sync 1 DAGs
[2026-08-12T04:45:20.826+0000] {logging_mixin.py:190} INFO - [2026-08-12T04:45:20.826+0000] {dag.py:4138} INFO - Setting next_dagrun for example_bash_decorator to None, run_after=None
[2026-08-12T04:45:20.848+0000] {processor.py:208} INFO - Processing /home/airflow/.local/lib/python3.12/site-packages/airflow/example_dags/example_bash_decorator.py took 0.096 seconds
[2026-08-12T04:45:51.532+0000] {processor.py:186} INFO - Started process (PID=1628) to work on /home/airflow/.local/lib/python3.12/site-packages/airflow/example_dags/example_bash_decorator.py
[2026-08-12T04:45:51.534+0000] {processor.py:914} INFO - Processing file /home/airflow/.local/lib/python3.12/site-packages/airflow/example_dags/example_bash_decorator.py for tasks to queue
[2026-08-12T04:45:51.538+0000] {logging_mixin.py:190} INFO - [2026-08-12T04:45:51.537+0000] {dagbag.py:587} INFO - Filling up the DagBag from /home/airflow/.local/lib/python3.12/site-packages/airflow/example_dags/example_bash_decorator.py
[2026-08-12T04:45:51.569+0000] {processor.py:925} INFO - DAG(s) 'example_bash_decorator' retrieved from /home/airflow/.local/lib/python3.12/site-packages/airflow/example_dags/example_bash_decorator.py
[2026-08-12T04:45:51.595+0000] {logging_mixin.py:190} INFO - [2026-08-12T04:45:51.594+0000] {dag.py:3211} INFO - Sync 1 DAGs
[2026-08-12T04:45:51.611+0000] {logging_mixin.py:190} INFO - [2026-08-12T04:45:51.611+0000] {dag.py:4138} INFO - Setting next_dagrun for example_bash_decorator to None, run_after=None
[2026-08-12T04:45:51.643+0000] {processor.py:208} INFO - Processing /home/airflow/.local/lib/python3.12/site-packages/airflow/example_dags/example_bash_decorator.py took 0.117 seconds
[2026-08-12T04:46:22.220+0000] {processor.py:186} INFO - Started process (PID=1690) to work on /home/airflow/.local/lib/python3.12/site-packages/airflow/example_dags/example_bash_decorator.py
[2026-08-12T04:46:22.222+0000] {processor.py:914} INFO - Processing file /home/airflow/.local/lib/python3.12/site-packages/airflow/example_dags/example_bash_decorator.py for tasks to queue
[2026-08-12T04:46:22.227+0000] {logging_mixin.py:190} INFO - [2026-08-12T04:46:22.227+0000] {dagbag.py:587} INFO - Filling up the DagBag from /home/airflow/.local/lib/python3.12/site-packages/airflow/example_dags/example_bash_decorator.py
[2026-08-12T04:46:22.245+0000] {processor.py:925} INFO - DAG(s) 'example_bash_decorator' retrieved from /home/airflow/.local/lib/python3.12/site-packages/airflow/example_dags/example_bash_decorator.py
[2026-08-12T04:46:22.277+0000] {logging_mixin.py:190} INFO - [2026-08-12T04:46:22.277+0000] {dag.py:3211} INFO - Sync 1 DAGs
[2026-08-12T04:46:22.293+0000] {logging_mixin.py:190} INFO - [2026-08-12T04:46:22.293+0000] {dag.py:4138} INFO - Setting next_dagrun for example_bash_decorator to None, run_after=None
[2026-08-12T04:46:22.320+0000] {processor.py:208} INFO - Processing /home/airflow/.local/lib/python3.12/site-packages/airflow/example_dags/example_bash_decorator.py took 0.106 seconds
[2026-08-12T04:46:52.999+0000] {processor.py:186} INFO - Started process (PID=1752) to work on /home/airflow/.local/lib/python3.12/site-packages/airflow/example_dags/example_bash_decorator.py
[2026-08-12T04:46:53.001+0000] {processor.py:914} INFO - Processing file /home/airflow/.local/lib/python3.12/site-packages/airflow/example_dags/example_bash_decorator.py for tasks to queue
[2026-08-12T04:46:53.004+0000] {logging_mixin.py:190} INFO - [2026-08-12T04:46:53.004+0000] {dagbag.py:587} INFO - Filling up the DagBag from /home/airflow/.local/lib/python3.12/site-packages/airflow/example_dags/example_bash_decorator.py
[2026-08-12T04:46:53.023+0000] {processor.py:925} INFO - DAG(s) 'example_bash_decorator' retrieved from /home/airflow/.local/lib/python3.12/site-packages/airflow/example_dags/example_bash_decorator.py
[2026-08-12T04:46:53.054+0000] {logging_mixin.py:190} INFO - [2026-08-12T04:46:53.054+0000] {dag.py:3211} INFO - Sync 1 DAGs
[2026-08-12T04:46:53.070+0000] {logging_mixin.py:190} INFO - [2026-08-12T04:46:53.070+0000] {dag.py:4138} INFO - Setting next_dagrun for example_bash_decorator to None, run_after=None
[2026-08-12T04:46:53.094+0000] {processor.py:208} INFO - Processing /home/airflow/.local/lib/python3.12/site-packages/airflow/example_dags/example_bash_decorator.py took 0.102 seconds
[2026-08-12T04:47:24.052+0000] {processor.py:186} INFO - Started process (PID=1814) to work on /home/airflow/.local/lib/python3.12/site-packages/airflow/example_dags/example_bash_decorator.py
[2026-08-12T04:47:24.054+0000] {processor.py:914} INFO - Processing file /home/airflow/.local/lib/python3.12/site-packages/airflow/example_dags/example_bash_decorator.py for tasks to queue
[2026-08-12T04:47:24.060+0000] {logging_mixin.py:190} INFO - [2026-08-12T04:47:24.059+0000] {dagbag.py:587} INFO - Filling up the DagBag from /home/airflow/.local/lib/python3.12/site-packages/airflow/example_dags/example_bash_decorator.py
[2026-08-12T04:47:24.076+0000] {processor.py:925} INFO - DAG(s) 'example_bash_decorator' retrieved from /home/airflow/.local/lib/python3.12/site-packages/airflow/example_dags/example_bash_decorator.py
[2026-08-12T04:47:24.100+0000] {logging_mixin.py:190} INFO - [2026-08-12T04:47:24.100+0000] {dag.py:3211} INFO - Sync 1 DAGs
[2026-08-12T04:47:24.130+0000] {logging_mixin.py:190} INFO - [2026-08-12T04:47:24.130+0000] {dag.py:4138} INFO - Setting next_dagrun for example_bash_decorator to None, run_after=None
[2026-08-12T04:47:24.155+0000] {processor.py:208} INFO - Processing /home/airflow/.local/lib/python3.12/site-packages/airflow/example_dags/example_bash_decorator.py took 0.110 seconds
[2026-08-12T04:47:54.650+0000] {processor.py:186} INFO - Started process (PID=1876) to work on /home/airflow/.local/lib/python3.12/site-packages/airflow/example_dags/example_bash_decorator.py
[2026-08-12T04:47:54.652+0000] {processor.py:914} INFO - Processing file /home/airflow/.local/lib/python3.12/site-packages/airflow/example_dags/example_bash_decorator.py for tasks to queue
[2026-08-12T04:47:54.656+0000] {logging_mixin.py:190} INFO - [2026-08-12T04:47:54.655+0000] {dagbag.py:587} INFO - Filling up the DagBag from /home/airflow/.local/lib/python3.12/site-packages/airflow/example_dags/example_bash_decorator.py
[2026-08-12T04:47:54.674+0000] {processor.py:925} INFO - DAG(s) 'example_bash_decorator' retrieved from /home/airflow/.local/lib/python3.12/site-packages/airflow/example_dags/example_bash_decorator.py
[2026-08-12T04:47:54.703+0000] {logging_mixin.py:190} INFO - [2026-08-12T04:47:54.703+0000] {dag.py:3211} INFO - Sync 1 DAGs
[2026-08-12T04:47:54.720+0000] {logging_mixin.py:190} INFO - [2026-08-12T04:47:54.720+0000] {dag.py:4138} INFO - Setting next_dagrun for example_bash_decorator to None, run_after=None
[2026-08-12T04:47:54.746+0000] {processor.py:208} INFO - Processing /home/airflow/.local/lib/python3.12/site-packages/airflow/example_dags/example_bash_decorator.py took 0.104 seconds
