[2026-08-12T04:30:40.731+0000] {processor.py:186} INFO - Started process (PID=77) to work on /home/airflow/.local/lib/python3.12/site-packages/airflow/example_dags/example_task_group.py
[2026-08-12T04:30:40.733+0000] {processor.py:914} INFO - Processing file /home/airflow/.local/lib/python3.12/site-packages/airflow/example_dags/example_task_group.py for tasks to queue
[2026-08-12T04:30:40.738+0000] {logging_mixin.py:190} INFO - [2026-08-12T04:30:40.737+0000] {dagbag.py:587} INFO - Filling up the DagBag from /home/airflow/.local/lib/python3.12/site-packages/airflow/example_dags/example_task_group.py
[2026-08-12T04:30:40.757+0000] {processor.py:925} INFO - DAG(s) 'example_task_group' retrieved from /home/airflow/.local/lib/python3.12/site-packages/airflow/example_dags/example_task_group.py
[2026-08-12T04:30:40.920+0000] {logging_mixin.py:190} INFO - [2026-08-12T04:30:40.918+0000] {override.py:1858} INFO - Created Permission View: can delete on DAG:example_task_group
[2026-08-12T04:30:40.939+0000] {logging_mixin.py:190} INFO - [2026-08-12T04:30:40.938+0000] {override.py:1858} INFO - Created Permission View: can read on DAG:example_task_group
[2026-08-12T04:30:40.954+0000] {logging_mixin.py:190} INFO - [2026-08-12T04:30:40.953+0000] {override.py:1858} INFO - Created Permission View: can edit on DAG:example_task_group
[2026-08-12T04:30:40.956+0000] {logging_mixin.py:190} INFO - [2026-08-12T04:30:40.956+0000] {dag.py:3211} INFO - Sync 1 DAGs
[2026-08-12T04:30:40.979+0000] {logging_mixin.py:190} INFO - [2026-08-12T04:30:40.978+0000] {dag.py:3234} INFO - Creating ORM DAG for example_task_group
[2026-08-12T04:30:41.001+0000] {logging_mixin.py:190} INFO - [2026-08-12T04:30:41.000+0000] {dag.py:4138} INFO - Setting next_dagrun for example_task_group to 2026-08-11 00:00:00+00:00, run_after=2026-08-12 00:00:00+00:00
[2026-08-12T04:30:41.033+0000] {processor.py:208} INFO - Processing /home/airflow/.local/lib/python3.12/site-packages/airflow/example_dags/example_task_group.py took 0.309 seconds
[2026-08-12T04:31:11.740+0000] {processor.py:186} INFO - Started process (PID=139) to work on /home/airflow/.local/lib/python3.12/site-packages/airflow/example_dags/example_task_group.py
[2026-08-12T04:31:11.741+0000] {processor.py:914} INFO - Processing file /home/airflow/.local/lib/python3.12/site-packages/airflow/example_dags/example_task_group.py for tasks to queue
[2026-08-12T04:31:11.745+0000] {logging_mixin.py:190} INFO - [2026-08-12T04:31:11.744+0000] {dagbag.py:587} INFO - Filling up the DagBag from /home/airflow/.local/lib/python3.12/site-packages/airflow/example_dags/example_task_group.py
[2026-08-12T04:31:11.755+0000] {processor.py:925} INFO - DAG(s) 'example_task_group' retrieved from /home/airflow/.local/lib/python3.12/site-packages/airflow/example_dags/example_task_group.py
[2026-08-12T04:31:11.778+0000] {logging_mixin.py:190} INFO - [2026-08-12T04:31:11.778+0000] {dag.py:3211} INFO - Sync 1 DAGs
[2026-08-12T04:31:11.800+0000] {logging_mixin.py:190} INFO - [2026-08-12T04:31:11.800+0000] {dag.py:4138} INFO - Setting next_dagrun for example_task_group to 2026-08-11 00:00:00+00:00, run_after=2026-08-12 00:00:00+00:00
[2026-08-12T04:31:11.822+0000] {processor.py:208} INFO - Processing /home/airflow/.local/lib/python3.12/site-packages/airflow/example_dags/example_task_group.py took 0.090 seconds
[2026-08-12T04:31:41.909+0000] {processor.py:186} INFO - Started process (PID=201) to work on /home/airflow/.local/lib/python3.12/site-packages/airflow/example_dags/example_task_group.py
[2026-08-12T04:31:41.911+0000] {processor.py:914} INFO - Processing file /home/airflow/.local/lib/python3.12/site-packages/airflow/example_dags/example_task_group.py for tasks to queue
[2026-08-12T04:31:41.914+0000] {logging_mixin.py:190} INFO - [2026-08-12T04:31:41.914+0000] {dagbag.py:587} INFO - Filling up the DagBag from /home/airflow/.local/lib/python3.12/site-packages/airflow/example_dags/example_task_group.py
[2026-08-12T04:31:41.927+0000] {processor.py:925} INFO - DAG(s) 'example_task_group' retrieved from /home/airflow/.local/lib/python3.12/site-packages/airflow/example_dags/example_task_group.py
[2026-08-12T04:31:41.955+0000] {logging_mixin.py:190} INFO - [2026-08-12T04:31:41.955+0000] {dag.py:3211} INFO - Sync 1 DAGs
[2026-08-12T04:31:41.989+0000] {logging_mixin.py:190} INFO - [2026-08-12T04:31:41.989+0000] {dag.py:4138} INFO - Setting next_dagrun for example_task_group to 2026-08-11 00:00:00+00:00, run_after=2026-08-12 00:00:00+00:00
[2026-08-12T04:31:42.029+0000] {processor.py:208} INFO - Processing /home/airflow/.local/lib/python3.12/site-packages/airflow/example_dags/example_task_group.py took 0.127 seconds
[2026-08-12T04:32:12.222+0000] {processor.py:186} INFO - Started process (PID=262) to work on /home/airflow/.local/lib/python3.12/site-packages/airflow/example_dags/example_task_group.py
[2026-08-12T04:32:12.226+0000] {processor.py:914} INFO - Processing file /home/airflow/.local/lib/python3.12/site-packages/airflow/example_dags/example_task_group.py for tasks to queue
[2026-08-12T04:32:12.231+0000] {logging_mixin.py:190} INFO - [2026-08-12T04:32:12.230+0000] {dagbag.py:587} INFO - Filling up the DagBag from /home/airflow/.local/lib/python3.12/site-packages/airflow/example_dags/example_task_group.py
[2026-08-12T04:32:12.247+0000] {processor.py:925} INFO - DAG(s) 'example_task_group' retrieved from /home/airflow/.local/lib/python3.12/site-packages/airflow/example_dags/example_task_group.py
[2026-08-12T04:32:12.279+0000] {logging_mixin.py:190} INFO - [2026-08-12T04:32:12.279+0000] {dag.py:3211} INFO - Sync 1 DAGs
[2026-08-12T04:32:12.319+0000] {logging_mixin.py:190} INFO - [2026-08-12T04:32:12.319+0000] {dag.py:4138} INFO - Setting next_dagrun for example_task_group to 2026-08-11 00:00:00+00:00, run_after=2026-08-12 00:00:00+00:00
[2026-08-12T04:32:12.349+0000] {processor.py:208} INFO - Processing /home/airflow/.local/lib/python3.12/site-packages/airflow/example_dags/example_task_group.py took 0.137 seconds
[2026-08-12T04:33:01.114+0000] {processor.py:186} INFO - Started process (PID=63) to work on /home/airflow/.local/lib/python3.12/site-packages/airflow/example_dags/example_task_group.py
[2026-08-12T04:33:01.117+0000] {processor.py:914} INFO - Processing file /home/airflow/.local/lib/python3.12/site-packages/airflow/example_dags/example_task_group.py for tasks to queue
[2026-08-12T04:33:01.123+0000] {logging_mixin.py:190} INFO - [2026-08-12T04:33:01.122+0000] {dagbag.py:587} INFO - Filling up the DagBag from /home/airflow/.local/lib/python3.12/site-packages/airflow/example_dags/example_task_group.py
[2026-08-12T04:33:01.153+0000] {processor.py:925} INFO - DAG(s) 'example_task_group' retrieved from /home/airflow/.local/lib/python3.12/site-packages/airflow/example_dags/example_task_group.py
[2026-08-12T04:33:01.201+0000] {logging_mixin.py:190} INFO - [2026-08-12T04:33:01.201+0000] {dag.py:3211} INFO - Sync 1 DAGs
[2026-08-12T04:33:01.248+0000] {logging_mixin.py:190} INFO - [2026-08-12T04:33:01.247+0000] {dag.py:4138} INFO - Setting next_dagrun for example_task_group to 2026-08-11 00:00:00+00:00, run_after=2026-08-12 00:00:00+00:00
[2026-08-12T04:33:01.281+0000] {processor.py:208} INFO - Processing /home/airflow/.local/lib/python3.12/site-packages/airflow/example_dags/example_task_group.py took 0.182 seconds
[2026-08-12T04:33:31.689+0000] {processor.py:186} INFO - Started process (PID=126) to work on /home/airflow/.local/lib/python3.12/site-packages/airflow/example_dags/example_task_group.py
[2026-08-12T04:33:31.691+0000] {processor.py:914} INFO - Processing file /home/airflow/.local/lib/python3.12/site-packages/airflow/example_dags/example_task_group.py for tasks to queue
[2026-08-12T04:33:31.696+0000] {logging_mixin.py:190} INFO - [2026-08-12T04:33:31.696+0000] {dagbag.py:587} INFO - Filling up the DagBag from /home/airflow/.local/lib/python3.12/site-packages/airflow/example_dags/example_task_group.py
[2026-08-12T04:33:31.712+0000] {processor.py:925} INFO - DAG(s) 'example_task_group' retrieved from /home/airflow/.local/lib/python3.12/site-packages/airflow/example_dags/example_task_group.py
[2026-08-12T04:33:31.748+0000] {logging_mixin.py:190} INFO - [2026-08-12T04:33:31.739+0000] {dag.py:3211} INFO - Sync 1 DAGs
[2026-08-12T04:33:31.785+0000] {logging_mixin.py:190} INFO - [2026-08-12T04:33:31.785+0000] {dag.py:4138} INFO - Setting next_dagrun for example_task_group to 2026-08-11 00:00:00+00:00, run_after=2026-08-12 00:00:00+00:00
[2026-08-12T04:33:31.807+0000] {processor.py:208} INFO - Processing /home/airflow/.local/lib/python3.12/site-packages/airflow/example_dags/example_task_group.py took 0.125 seconds
[2026-08-12T04:34:02.264+0000] {processor.py:186} INFO - Started process (PID=188) to work on /home/airflow/.local/lib/python3.12/site-packages/airflow/example_dags/example_task_group.py
[2026-08-12T04:34:02.266+0000] {processor.py:914} INFO - Processing file /home/airflow/.local/lib/python3.12/site-packages/airflow/example_dags/example_task_group.py for tasks to queue
[2026-08-12T04:34:02.269+0000] {logging_mixin.py:190} INFO - [2026-08-12T04:34:02.269+0000] {dagbag.py:587} INFO - Filling up the DagBag from /home/airflow/.local/lib/python3.12/site-packages/airflow/example_dags/example_task_group.py
[2026-08-12T04:34:02.279+0000] {processor.py:925} INFO - DAG(s) 'example_task_group' retrieved from /home/airflow/.local/lib/python3.12/site-packages/airflow/example_dags/example_task_group.py
[2026-08-12T04:34:02.302+0000] {logging_mixin.py:190} INFO - [2026-08-12T04:34:02.302+0000] {dag.py:3211} INFO - Sync 1 DAGs
[2026-08-12T04:34:02.327+0000] {logging_mixin.py:190} INFO - [2026-08-12T04:34:02.327+0000] {dag.py:4138} INFO - Setting next_dagrun for example_task_group to 2026-08-11 00:00:00+00:00, run_after=2026-08-12 00:00:00+00:00
[2026-08-12T04:34:02.349+0000] {processor.py:208} INFO - Processing /home/airflow/.local/lib/python3.12/site-packages/airflow/example_dags/example_task_group.py took 0.091 seconds
[2026-08-12T04:34:32.553+0000] {processor.py:186} INFO - Started process (PID=250) to work on /home/airflow/.local/lib/python3.12/site-packages/airflow/example_dags/example_task_group.py
[2026-08-12T04:34:32.554+0000] {processor.py:914} INFO - Processing file /home/airflow/.local/lib/python3.12/site-packages/airflow/example_dags/example_task_group.py for tasks to queue
[2026-08-12T04:34:32.558+0000] {logging_mixin.py:190} INFO - [2026-08-12T04:34:32.557+0000] {dagbag.py:587} INFO - Filling up the DagBag from /home/airflow/.local/lib/python3.12/site-packages/airflow/example_dags/example_task_group.py
[2026-08-12T04:34:32.569+0000] {processor.py:925} INFO - DAG(s) 'example_task_group' retrieved from /home/airflow/.local/lib/python3.12/site-packages/airflow/example_dags/example_task_group.py
[2026-08-12T04:34:32.597+0000] {logging_mixin.py:190} INFO - [2026-08-12T04:34:32.596+0000] {dag.py:3211} INFO - Sync 1 DAGs
[2026-08-12T04:34:32.620+0000] {logging_mixin.py:190} INFO - [2026-08-12T04:34:32.620+0000] {dag.py:4138} INFO - Setting next_dagrun for example_task_group to 2026-08-11 00:00:00+00:00, run_after=2026-08-12 00:00:00+00:00
[2026-08-12T04:34:32.644+0000] {processor.py:208} INFO - Processing /home/airflow/.local/lib/python3.12/site-packages/airflow/example_dags/example_task_group.py took 0.099 seconds
[2026-08-12T04:35:03.630+0000] {processor.py:186} INFO - Started process (PID=312) to work on /home/airflow/.local/lib/python3.12/site-packages/airflow/example_dags/example_task_group.py
[2026-08-12T04:35:03.631+0000] {processor.py:914} INFO - Processing file /home/airflow/.local/lib/python3.12/site-packages/airflow/example_dags/example_task_group.py for tasks to queue
[2026-08-12T04:35:03.635+0000] {logging_mixin.py:190} INFO - [2026-08-12T04:35:03.634+0000] {dagbag.py:587} INFO - Filling up the DagBag from /home/airflow/.local/lib/python3.12/site-packages/airflow/example_dags/example_task_group.py
[2026-08-12T04:35:03.644+0000] {processor.py:925} INFO - DAG(s) 'example_task_group' retrieved from /home/airflow/.local/lib/python3.12/site-packages/airflow/example_dags/example_task_group.py
[2026-08-12T04:35:03.667+0000] {logging_mixin.py:190} INFO - [2026-08-12T04:35:03.666+0000] {dag.py:3211} INFO - Sync 1 DAGs
[2026-08-12T04:35:03.690+0000] {logging_mixin.py:190} INFO - [2026-08-12T04:35:03.689+0000] {dag.py:4138} INFO - Setting next_dagrun for example_task_group to 2026-08-11 00:00:00+00:00, run_after=2026-08-12 00:00:00+00:00
[2026-08-12T04:35:03.709+0000] {processor.py:208} INFO - Processing /home/airflow/.local/lib/python3.12/site-packages/airflow/example_dags/example_task_group.py took 0.085 seconds
[2026-08-12T04:35:34.652+0000] {processor.py:186} INFO - Started process (PID=374) to work on /home/airflow/.local/lib/python3.12/site-packages/airflow/example_dags/example_task_group.py
[2026-08-12T04:35:34.654+0000] {processor.py:914} INFO - Processing file /home/airflow/.local/lib/python3.12/site-packages/airflow/example_dags/example_task_group.py for tasks to queue
[2026-08-12T04:35:34.657+0000] {logging_mixin.py:190} INFO - [2026-08-12T04:35:34.657+0000] {dagbag.py:587} INFO - Filling up the DagBag from /home/airflow/.local/lib/python3.12/site-packages/airflow/example_dags/example_task_group.py
[2026-08-12T04:35:34.667+0000] {processor.py:925} INFO - DAG(s) 'example_task_group' retrieved from /home/airflow/.local/lib/python3.12/site-packages/airflow/example_dags/example_task_group.py
[2026-08-12T04:35:34.691+0000] {logging_mixin.py:190} INFO - [2026-08-12T04:35:34.690+0000] {dag.py:3211} INFO - Sync 1 DAGs
[2026-08-12T04:35:34.712+0000] {logging_mixin.py:190} INFO - [2026-08-12T04:35:34.712+0000] {dag.py:4138} INFO - Setting next_dagrun for example_task_group to 2026-08-11 00:00:00+00:00, run_after=2026-08-12 00:00:00+00:00
[2026-08-12T04:35:34.734+0000] {processor.py:208} INFO - Processing /home/airflow/.local/lib/python3.12/site-packages/airflow/example_dags/example_task_group.py took 0.089 seconds
[2026-08-12T04:36:05.533+0000] {processor.py:186} INFO - Started process (PID=436) to work on /home/airflow/.local/lib/python3.12/site-packages/airflow/example_dags/example_task_group.py
[2026-08-12T04:36:05.535+0000] {processor.py:914} INFO - Processing file /home/airflow/.local/lib/python3.12/site-packages/airflow/example_dags/example_task_group.py for tasks to queue
[2026-08-12T04:36:05.539+0000] {logging_mixin.py:190} INFO - [2026-08-12T04:36:05.538+0000] {dagbag.py:587} INFO - Filling up the DagBag from /home/airflow/.local/lib/python3.12/site-packages/airflow/example_dags/example_task_group.py
[2026-08-12T04:36:05.551+0000] {processor.py:925} INFO - DAG(s) 'example_task_group' retrieved from /home/airflow/.local/lib/python3.12/site-packages/airflow/example_dags/example_task_group.py
[2026-08-12T04:36:05.577+0000] {logging_mixin.py:190} INFO - [2026-08-12T04:36:05.577+0000] {dag.py:3211} INFO - Sync 1 DAGs
[2026-08-12T04:36:05.607+0000] {logging_mixin.py:190} INFO - [2026-08-12T04:36:05.607+0000] {dag.py:4138} INFO - Setting next_dagrun for example_task_group to 2026-08-11 00:00:00+00:00, run_after=2026-08-12 00:00:00+00:00
[2026-08-12T04:36:05.632+0000] {processor.py:208} INFO - Processing /home/airflow/.local/lib/python3.12/site-packages/airflow/example_dags/example_task_group.py took 0.106 seconds
[2026-08-12T04:36:35.806+0000] {processor.py:186} INFO - Started process (PID=498) to work on /home/airflow/.local/lib/python3.12/site-packages/airflow/example_dags/example_task_group.py
[2026-08-12T04:36:35.808+0000] {processor.py:914} INFO - Processing file /home/airflow/.local/lib/python3.12/site-packages/airflow/example_dags/example_task_group.py for tasks to queue
[2026-08-12T04:36:35.811+0000] {logging_mixin.py:190} INFO - [2026-08-12T04:36:35.811+0000] {dagbag.py:587} INFO - Filling up the DagBag from /home/airflow/.local/lib/python3.12/site-packages/airflow/example_dags/example_task_group.py
[2026-08-12T04:36:35.821+0000] {processor.py:925} INFO - DAG(s) 'example_task_group' retrieved from /home/airflow/.local/lib/python3.12/site-packages/airflow/example_dags/example_task_group.py
[2026-08-12T04:36:35.846+0000] {logging_mixin.py:190} INFO - [2026-08-12T04:36:35.845+0000] {dag.py:3211} INFO - Sync 1 DAGs
[2026-08-12T04:36:35.873+0000] {logging_mixin.py:190} INFO - [2026-08-12T04:36:35.873+0000] {dag.py:4138} INFO - Setting next_dagrun for example_task_group to 2026-08-11 00:00:00+00:00, run_after=2026-08-12 00:00:00+00:00
[2026-08-12T04:36:35.895+0000] {processor.py:208} INFO - Processing /home/airflow/.local/lib/python3.12/site-packages/airflow/example_dags/example_task_group.py took 0.095 seconds
[2026-08-12T04:37:06.709+0000] {processor.py:186} INFO - Started process (PID=560) to work on /home/airflow/.local/lib/python3.12/site-packages/airflow/example_dags/example_task_group.py
[2026-08-12T04:37:06.711+0000] {processor.py:914} INFO - Processing file /home/airflow/.local/lib/python3.12/site-packages/airflow/example_dags/example_task_group.py for tasks to queue
[2026-08-12T04:37:06.715+0000] {logging_mixin.py:190} INFO - [2026-08-12T04:37:06.714+0000] {dagbag.py:587} INFO - Filling up the DagBag from /home/airflow/.local/lib/python3.12/site-packages/airflow/example_dags/example_task_group.py
[2026-08-12T04:37:06.725+0000] {processor.py:925} INFO - DAG(s) 'example_task_group' retrieved from /home/airflow/.local/lib/python3.12/site-packages/airflow/example_dags/example_task_group.py
[2026-08-12T04:37:06.748+0000] {logging_mixin.py:190} INFO - [2026-08-12T04:37:06.747+0000] {dag.py:3211} INFO - Sync 1 DAGs
[2026-08-12T04:37:06.769+0000] {logging_mixin.py:190} INFO - [2026-08-12T04:37:06.769+0000] {dag.py:4138} INFO - Setting next_dagrun for example_task_group to 2026-08-11 00:00:00+00:00, run_after=2026-08-12 00:00:00+00:00
[2026-08-12T04:37:06.791+0000] {processor.py:208} INFO - Processing /home/airflow/.local/lib/python3.12/site-packages/airflow/example_dags/example_task_group.py took 0.088 seconds
[2026-08-12T04:37:37.618+0000] {processor.py:186} INFO - Started process (PID=622) to work on /home/airflow/.local/lib/python3.12/site-packages/airflow/example_dags/example_task_group.py
[2026-08-12T04:37:37.620+0000] {processor.py:914} INFO - Processing file /home/airflow/.local/lib/python3.12/site-packages/airflow/example_dags/example_task_group.py for tasks to queue
[2026-08-12T04:37:37.623+0000] {logging_mixin.py:190} INFO - [2026-08-12T04:37:37.623+0000] {dagbag.py:587} INFO - Filling up the DagBag from /home/airflow/.local/lib/python3.12/site-packages/airflow/example_dags/example_task_group.py
[2026-08-12T04:37:37.632+0000] {processor.py:925} INFO - DAG(s) 'example_task_group' retrieved from /home/airflow/.local/lib/python3.12/site-packages/airflow/example_dags/example_task_group.py
[2026-08-12T04:37:37.653+0000] {logging_mixin.py:190} INFO - [2026-08-12T04:37:37.652+0000] {dag.py:3211} INFO - Sync 1 DAGs
[2026-08-12T04:37:37.677+0000] {logging_mixin.py:190} INFO - [2026-08-12T04:37:37.677+0000] {dag.py:4138} INFO - Setting next_dagrun for example_task_group to 2026-08-11 00:00:00+00:00, run_after=2026-08-12 00:00:00+00:00
[2026-08-12T04:37:37.699+0000] {processor.py:208} INFO - Processing /home/airflow/.local/lib/python3.12/site-packages/airflow/example_dags/example_task_group.py took 0.088 seconds
[2026-08-12T04:38:08.216+0000] {processor.py:186} INFO - Started process (PID=684) to work on /home/airflow/.local/lib/python3.12/site-packages/airflow/example_dags/example_task_group.py
[2026-08-12T04:38:08.218+0000] {processor.py:914} INFO - Processing file /home/airflow/.local/lib/python3.12/site-packages/airflow/example_dags/example_task_group.py for tasks to queue
[2026-08-12T04:38:08.222+0000] {logging_mixin.py:190} INFO - [2026-08-12T04:38:08.221+0000] {dagbag.py:587} INFO - Filling up the DagBag from /home/airflow/.local/lib/python3.12/site-packages/airflow/example_dags/example_task_group.py
[2026-08-12T04:38:08.237+0000] {processor.py:925} INFO - DAG(s) 'example_task_group' retrieved from /home/airflow/.local/lib/python3.12/site-packages/airflow/example_dags/example_task_group.py
[2026-08-12T04:38:08.268+0000] {logging_mixin.py:190} INFO - [2026-08-12T04:38:08.267+0000] {dag.py:3211} INFO - Sync 1 DAGs
[2026-08-12T04:38:08.315+0000] {logging_mixin.py:190} INFO - [2026-08-12T04:38:08.314+0000] {dag.py:4138} INFO - Setting next_dagrun for example_task_group to 2026-08-11 00:00:00+00:00, run_after=2026-08-12 00:00:00+00:00
[2026-08-12T04:38:08.337+0000] {processor.py:208} INFO - Processing /home/airflow/.local/lib/python3.12/site-packages/airflow/example_dags/example_task_group.py took 0.128 seconds
[2026-08-12T04:38:38.826+0000] {processor.py:186} INFO - Started process (PID=746) to work on /home/airflow/.local/lib/python3.12/site-packages/airflow/example_dags/example_task_group.py
[2026-08-12T04:38:38.829+0000] {processor.py:914} INFO - Processing file /home/airflow/.local/lib/python3.12/site-packages/airflow/example_dags/example_task_group.py for tasks to queue
[2026-08-12T04:38:38.833+0000] {logging_mixin.py:190} INFO - [2026-08-12T04:38:38.832+0000] {dagbag.py:587} INFO - Filling up the DagBag from /home/airflow/.local/lib/python3.12/site-packages/airflow/example_dags/example_task_group.py
[2026-08-12T04:38:38.843+0000] {processor.py:925} INFO - DAG(s) 'example_task_group' retrieved from /home/airflow/.local/lib/python3.12/site-packages/airflow/example_dags/example_task_group.py
[2026-08-12T04:38:38.871+0000] {logging_mixin.py:190} INFO - [2026-08-12T04:38:38.871+0000] {dag.py:3211} INFO - Sync 1 DAGs
[2026-08-12T04:38:38.896+0000] {logging_mixin.py:190} INFO - [2026-08-12T04:38:38.896+0000] {dag.py:4138} INFO - Setting next_dagrun for example_task_group to 2026-08-11 00:00:00+00:00, run_after=2026-08-12 00:00:00+00:00
[2026-08-12T04:38:38.918+0000] {processor.py:208} INFO - Processing /home/airflow/.local/lib/python3.12/site-packages/airflow/example_dags/example_task_group.py took 0.097 seconds
[2026-08-12T04:39:10.215+0000] {processor.py:186} INFO - Started process (PID=808) to work on /home/airflow/.local/lib/python3.12/site-packages/airflow/example_dags/example_task_group.py
[2026-08-12T04:39:10.216+0000] {processor.py:914} INFO - Processing file /home/airflow/.local/lib/python3.12/site-packages/airflow/example_dags/example_task_group.py for tasks to queue
[2026-08-12T04:39:10.220+0000] {logging_mixin.py:190} INFO - [2026-08-12T04:39:10.220+0000] {dagbag.py:587} INFO - Filling up the DagBag from /home/airflow/.local/lib/python3.12/site-packages/airflow/example_dags/example_task_group.py
[2026-08-12T04:39:10.231+0000] {processor.py:925} INFO - DAG(s) 'example_task_group' retrieved from /home/airflow/.local/lib/python3.12/site-packages/airflow/example_dags/example_task_group.py
[2026-08-12T04:39:10.254+0000] {logging_mixin.py:190} INFO - [2026-08-12T04:39:10.254+0000] {dag.py:3211} INFO - Sync 1 DAGs
[2026-08-12T04:39:10.281+0000] {logging_mixin.py:190} INFO - [2026-08-12T04:39:10.281+0000] {dag.py:4138} INFO - Setting next_dagrun for example_task_group to 2026-08-11 00:00:00+00:00, run_after=2026-08-12 00:00:00+00:00
[2026-08-12T04:39:10.303+0000] {processor.py:208} INFO - Processing /home/airflow/.local/lib/python3.12/site-packages/airflow/example_dags/example_task_group.py took 0.097 seconds
[2026-08-12T04:39:40.574+0000] {processor.py:186} INFO - Started process (PID=870) to work on /home/airflow/.local/lib/python3.12/site-packages/airflow/example_dags/example_task_group.py
[2026-08-12T04:39:40.577+0000] {processor.py:914} INFO - Processing file /home/airflow/.local/lib/python3.12/site-packages/airflow/example_dags/example_task_group.py for tasks to queue
[2026-08-12T04:39:40.585+0000] {logging_mixin.py:190} INFO - [2026-08-12T04:39:40.585+0000] {dagbag.py:587} INFO - Filling up the DagBag from /home/airflow/.local/lib/python3.12/site-packages/airflow/example_dags/example_task_group.py
[2026-08-12T04:39:40.607+0000] {processor.py:925} INFO - DAG(s) 'example_task_group' retrieved from /home/airflow/.local/lib/python3.12/site-packages/airflow/example_dags/example_task_group.py
[2026-08-12T04:39:40.650+0000] {logging_mixin.py:190} INFO - [2026-08-12T04:39:40.649+0000] {dag.py:3211} INFO - Sync 1 DAGs
[2026-08-12T04:39:40.688+0000] {logging_mixin.py:190} INFO - [2026-08-12T04:39:40.688+0000] {dag.py:4138} INFO - Setting next_dagrun for example_task_group to 2026-08-11 00:00:00+00:00, run_after=2026-08-12 00:00:00+00:00
[2026-08-12T04:39:40.718+0000] {processor.py:208} INFO - Processing /home/airflow/.local/lib/python3.12/site-packages/airflow/example_dags/example_task_group.py took 0.153 seconds
[2026-08-12T04:40:11.463+0000] {processor.py:186} INFO - Started process (PID=932) to work on /home/airflow/.local/lib/python3.12/site-packages/airflow/example_dags/example_task_group.py
[2026-08-12T04:40:11.465+0000] {processor.py:914} INFO - Processing file /home/airflow/.local/lib/python3.12/site-packages/airflow/example_dags/example_task_group.py for tasks to queue
[2026-08-12T04:40:11.469+0000] {logging_mixin.py:190} INFO - [2026-08-12T04:40:11.468+0000] {dagbag.py:587} INFO - Filling up the DagBag from /home/airflow/.local/lib/python3.12/site-packages/airflow/example_dags/example_task_group.py
[2026-08-12T04:40:11.480+0000] {processor.py:925} INFO - DAG(s) 'example_task_group' retrieved from /home/airflow/.local/lib/python3.12/site-packages/airflow/example_dags/example_task_group.py
[2026-08-12T04:40:11.503+0000] {logging_mixin.py:190} INFO - [2026-08-12T04:40:11.503+0000] {dag.py:3211} INFO - Sync 1 DAGs
[2026-08-12T04:40:11.528+0000] {logging_mixin.py:190} INFO - [2026-08-12T04:40:11.528+0000] {dag.py:4138} INFO - Setting next_dagrun for example_task_group to 2026-08-11 00:00:00+00:00, run_after=2026-08-12 00:00:00+00:00
[2026-08-12T04:40:11.551+0000] {processor.py:208} INFO - Processing /home/airflow/.local/lib/python3.12/site-packages/airflow/example_dags/example_task_group.py took 0.094 seconds
[2026-08-12T04:40:41.977+0000] {processor.py:186} INFO - Started process (PID=994) to work on /home/airflow/.local/lib/python3.12/site-packages/airflow/example_dags/example_task_group.py
[2026-08-12T04:40:41.979+0000] {processor.py:914} INFO - Processing file /home/airflow/.local/lib/python3.12/site-packages/airflow/example_dags/example_task_group.py for tasks to queue
[2026-08-12T04:40:41.983+0000] {logging_mixin.py:190} INFO - [2026-08-12T04:40:41.983+0000] {dagbag.py:587} INFO - Filling up the DagBag from /home/airflow/.local/lib/python3.12/site-packages/airflow/example_dags/example_task_group.py
[2026-08-12T04:40:41.997+0000] {processor.py:925} INFO - DAG(s) 'example_task_group' retrieved from /home/airflow/.local/lib/python3.12/site-packages/airflow/example_dags/example_task_group.py
[2026-08-12T04:40:42.021+0000] {logging_mixin.py:190} INFO - [2026-08-12T04:40:42.020+0000] {dag.py:3211} INFO - Sync 1 DAGs
[2026-08-12T04:40:42.049+0000] {logging_mixin.py:190} INFO - [2026-08-12T04:40:42.048+0000] {dag.py:4138} INFO - Setting next_dagrun for example_task_group to 2026-08-11 00:00:00+00:00, run_after=2026-08-12 00:00:00+00:00
[2026-08-12T04:40:42.072+0000] {processor.py:208} INFO - Processing /home/airflow/.local/lib/python3.12/site-packages/airflow/example_dags/example_task_group.py took 0.102 seconds
[2026-08-12T04:41:12.656+0000] {processor.py:186} INFO - Started process (PID=1056) to work on /home/airflow/.local/lib/python3.12/site-packages/airflow/example_dags/example_task_group.py
[2026-08-12T04:41:12.658+0000] {processor.py:914} INFO - Processing file /home/airflow/.local/lib/python3.12/site-packages/airflow/example_dags/example_task_group.py for tasks to queue
[2026-08-12T04:41:12.661+0000] {logging_mixin.py:190} INFO - [2026-08-12T04:41:12.661+0000] {dagbag.py:587} INFO - Filling up the DagBag from /home/airflow/.local/lib/python3.12/site-packages/airflow/example_dags/example_task_group.py
[2026-08-12T04:41:12.674+0000] {processor.py:925} INFO - DAG(s) 'example_task_group' retrieved from /home/airflow/.local/lib/python3.12/site-packages/airflow/example_dags/example_task_group.py
[2026-08-12T04:41:12.698+0000] {logging_mixin.py:190} INFO - [2026-08-12T04:41:12.697+0000] {dag.py:3211} INFO - Sync 1 DAGs
[2026-08-12T04:41:12.727+0000] {logging_mixin.py:190} INFO - [2026-08-12T04:41:12.727+0000] {dag.py:4138} INFO - Setting next_dagrun for example_task_group to 2026-08-11 00:00:00+00:00, run_after=2026-08-12 00:00:00+00:00
[2026-08-12T04:41:12.752+0000] {processor.py:208} INFO - Processing /home/airflow/.local/lib/python3.12/site-packages/airflow/example_dags/example_task_group.py took 0.101 seconds
[2026-08-12T04:41:43.299+0000] {processor.py:186} INFO - Started process (PID=1118) to work on /home/airflow/.local/lib/python3.12/site-packages/airflow/example_dags/example_task_group.py
[2026-08-12T04:41:43.301+0000] {processor.py:914} INFO - Processing file /home/airflow/.local/lib/python3.12/site-packages/airflow/example_dags/example_task_group.py for tasks to queue
[2026-08-12T04:41:43.306+0000] {logging_mixin.py:190} INFO - [2026-08-12T04:41:43.305+0000] {dagbag.py:587} INFO - Filling up the DagBag from /home/airflow/.local/lib/python3.12/site-packages/airflow/example_dags/example_task_group.py
[2026-08-12T04:41:43.317+0000] {processor.py:925} INFO - DAG(s) 'example_task_group' retrieved from /home/airflow/.local/lib/python3.12/site-packages/airflow/example_dags/example_task_group.py
[2026-08-12T04:41:43.343+0000] {logging_mixin.py:190} INFO - [2026-08-12T04:41:43.343+0000] {dag.py:3211} INFO - Sync 1 DAGs
[2026-08-12T04:41:43.370+0000] {logging_mixin.py:190} INFO - [2026-08-12T04:41:43.369+0000] {dag.py:4138} INFO - Setting next_dagrun for example_task_group to 2026-08-11 00:00:00+00:00, run_after=2026-08-12 00:00:00+00:00
[2026-08-12T04:41:43.391+0000] {processor.py:208} INFO - Processing /home/airflow/.local/lib/python3.12/site-packages/airflow/example_dags/example_task_group.py took 0.098 seconds
[2026-08-12T04:42:14.019+0000] {processor.py:186} INFO - Started process (PID=1179) to work on /home/airflow/.local/lib/python3.12/site-packages/airflow/example_dags/example_task_group.py
[2026-08-12T04:42:14.020+0000] {processor.py:914} INFO - Processing file /home/airflow/.local/lib/python3.12/site-packages/airflow/example_dags/example_task_group.py for tasks to queue
[2026-08-12T04:42:14.024+0000] {logging_mixin.py:190} INFO - [2026-08-12T04:42:14.023+0000] {dagbag.py:587} INFO - Filling up the DagBag from /home/airflow/.local/lib/python3.12/site-packages/airflow/example_dags/example_task_group.py
[2026-08-12T04:42:14.049+0000] {processor.py:925} INFO - DAG(s) 'example_task_group' retrieved from /home/airflow/.local/lib/python3.12/site-packages/airflow/example_dags/example_task_group.py
[2026-08-12T04:42:14.076+0000] {logging_mixin.py:190} INFO - [2026-08-12T04:42:14.076+0000] {dag.py:3211} INFO - Sync 1 DAGs
[2026-08-12T04:42:14.109+0000] {logging_mixin.py:190} INFO - [2026-08-12T04:42:14.108+0000] {dag.py:4138} INFO - Setting next_dagrun for example_task_group to 2026-08-11 00:00:00+00:00, run_after=2026-08-12 00:00:00+00:00
[2026-08-12T04:42:14.132+0000] {processor.py:208} INFO - Processing /home/airflow/.local/lib/python3.12/site-packages/airflow/example_dags/example_task_group.py took 0.119 seconds
[2026-08-12T04:42:44.940+0000] {processor.py:186} INFO - Started process (PID=1241) to work on /home/airflow/.local/lib/python3.12/site-packages/airflow/example_dags/example_task_group.py
[2026-08-12T04:42:44.941+0000] {processor.py:914} INFO - Processing file /home/airflow/.local/lib/python3.12/site-packages/airflow/example_dags/example_task_group.py for tasks to queue
[2026-08-12T04:42:44.945+0000] {logging_mixin.py:190} INFO - [2026-08-12T04:42:44.944+0000] {dagbag.py:587} INFO - Filling up the DagBag from /home/airflow/.local/lib/python3.12/site-packages/airflow/example_dags/example_task_group.py
[2026-08-12T04:42:44.956+0000] {processor.py:925} INFO - DAG(s) 'example_task_group' retrieved from /home/airflow/.local/lib/python3.12/site-packages/airflow/example_dags/example_task_group.py
[2026-08-12T04:42:44.981+0000] {logging_mixin.py:190} INFO - [2026-08-12T04:42:44.980+0000] {dag.py:3211} INFO - Sync 1 DAGs
[2026-08-12T04:42:45.032+0000] {logging_mixin.py:190} INFO - [2026-08-12T04:42:45.032+0000] {dag.py:4138} INFO - Setting next_dagrun for example_task_group to 2026-08-11 00:00:00+00:00, run_after=2026-08-12 00:00:00+00:00
[2026-08-12T04:42:45.072+0000] {processor.py:208} INFO - Processing /home/airflow/.local/lib/python3.12/site-packages/airflow/example_dags/example_task_group.py took 0.141 seconds
[2026-08-12T04:43:15.502+0000] {processor.py:186} INFO - Started process (PID=1303) to work on /home/airflow/.local/lib/python3.12/site-packages/airflow/example_dags/example_task_group.py
[2026-08-12T04:43:15.504+0000] {processor.py:914} INFO - Processing file /home/airflow/.local/lib/python3.12/site-packages/airflow/example_dags/example_task_group.py for tasks to queue
[2026-08-12T04:43:15.507+0000] {logging_mixin.py:190} INFO - [2026-08-12T04:43:15.507+0000] {dagbag.py:587} INFO - Filling up the DagBag from /home/airflow/.local/lib/python3.12/site-packages/airflow/example_dags/example_task_group.py
[2026-08-12T04:43:15.517+0000] {processor.py:925} INFO - DAG(s) 'example_task_group' retrieved from /home/airflow/.local/lib/python3.12/site-packages/airflow/example_dags/example_task_group.py
[2026-08-12T04:43:15.541+0000] {logging_mixin.py:190} INFO - [2026-08-12T04:43:15.541+0000] {dag.py:3211} INFO - Sync 1 DAGs
[2026-08-12T04:43:15.567+0000] {logging_mixin.py:190} INFO - [2026-08-12T04:43:15.567+0000] {dag.py:4138} INFO - Setting next_dagrun for example_task_group to 2026-08-11 00:00:00+00:00, run_after=2026-08-12 00:00:00+00:00
[2026-08-12T04:43:15.589+0000] {processor.py:208} INFO - Processing /home/airflow/.local/lib/python3.12/site-packages/airflow/example_dags/example_task_group.py took 0.093 seconds
[2026-08-12T04:43:46.168+0000] {processor.py:186} INFO - Started process (PID=1366) to work on /home/airflow/.local/lib/python3.12/site-packages/airflow/example_dags/example_task_group.py
[2026-08-12T04:43:46.170+0000] {processor.py:914} INFO - Processing file /home/airflow/.local/lib/python3.12/site-packages/airflow/example_dags/example_task_group.py for tasks to queue
[2026-08-12T04:43:46.174+0000] {logging_mixin.py:190} INFO - [2026-08-12T04:43:46.173+0000] {dagbag.py:587} INFO - Filling up the DagBag from /home/airflow/.local/lib/python3.12/site-packages/airflow/example_dags/example_task_group.py
[2026-08-12T04:43:46.184+0000] {processor.py:925} INFO - DAG(s) 'example_task_group' retrieved from /home/airflow/.local/lib/python3.12/site-packages/airflow/example_dags/example_task_group.py
[2026-08-12T04:43:46.211+0000] {logging_mixin.py:190} INFO - [2026-08-12T04:43:46.211+0000] {dag.py:3211} INFO - Sync 1 DAGs
[2026-08-12T04:43:46.236+0000] {logging_mixin.py:190} INFO - [2026-08-12T04:43:46.236+0000] {dag.py:4138} INFO - Setting next_dagrun for example_task_group to 2026-08-11 00:00:00+00:00, run_after=2026-08-12 00:00:00+00:00
[2026-08-12T04:43:46.259+0000] {processor.py:208} INFO - Processing /home/airflow/.local/lib/python3.12/site-packages/airflow/example_dags/example_task_group.py took 0.099 seconds
[2026-08-12T04:44:16.945+0000] {processor.py:186} INFO - Started process (PID=1427) to work on /home/airflow/.local/lib/python3.12/site-packages/airflow/example_dags/example_task_group.py
[2026-08-12T04:44:16.947+0000] {processor.py:914} INFO - Processing file /home/airflow/.local/lib/python3.12/site-packages/airflow/example_dags/example_task_group.py for tasks to queue
[2026-08-12T04:44:16.950+0000] {logging_mixin.py:190} INFO - [2026-08-12T04:44:16.950+0000] {dagbag.py:587} INFO - Filling up the DagBag from /home/airflow/.local/lib/python3.12/site-packages/airflow/example_dags/example_task_group.py
[2026-08-12T04:44:16.960+0000] {processor.py:925} INFO - DAG(s) 'example_task_group' retrieved from /home/airflow/.local/lib/python3.12/site-packages/airflow/example_dags/example_task_group.py
[2026-08-12T04:44:16.983+0000] {logging_mixin.py:190} INFO - [2026-08-12T04:44:16.982+0000] {dag.py:3211} INFO - Sync 1 DAGs
[2026-08-12T04:44:17.012+0000] {logging_mixin.py:190} INFO - [2026-08-12T04:44:17.012+0000] {dag.py:4138} INFO - Setting next_dagrun for example_task_group to 2026-08-11 00:00:00+00:00, run_after=2026-08-12 00:00:00+00:00
[2026-08-12T04:44:17.037+0000] {processor.py:208} INFO - Processing /home/airflow/.local/lib/python3.12/site-packages/airflow/example_dags/example_task_group.py took 0.098 seconds
[2026-08-12T04:44:47.658+0000] {processor.py:186} INFO - Started process (PID=1489) to work on /home/airflow/.local/lib/python3.12/site-packages/airflow/example_dags/example_task_group.py
[2026-08-12T04:44:47.660+0000] {processor.py:914} INFO - Processing file /home/airflow/.local/lib/python3.12/site-packages/airflow/example_dags/example_task_group.py for tasks to queue
[2026-08-12T04:44:47.663+0000] {logging_mixin.py:190} INFO - [2026-08-12T04:44:47.663+0000] {dagbag.py:587} INFO - Filling up the DagBag from /home/airflow/.local/lib/python3.12/site-packages/airflow/example_dags/example_task_group.py
[2026-08-12T04:44:47.674+0000] {processor.py:925} INFO - DAG(s) 'example_task_group' retrieved from /home/airflow/.local/lib/python3.12/site-packages/airflow/example_dags/example_task_group.py
[2026-08-12T04:44:47.696+0000] {logging_mixin.py:190} INFO - [2026-08-12T04:44:47.696+0000] {dag.py:3211} INFO - Sync 1 DAGs
[2026-08-12T04:44:47.720+0000] {logging_mixin.py:190} INFO - [2026-08-12T04:44:47.719+0000] {dag.py:4138} INFO - Setting next_dagrun for example_task_group to 2026-08-11 00:00:00+00:00, run_after=2026-08-12 00:00:00+00:00
[2026-08-12T04:44:47.743+0000] {processor.py:208} INFO - Processing /home/airflow/.local/lib/python3.12/site-packages/airflow/example_dags/example_task_group.py took 0.092 seconds
[2026-08-12T04:45:18.437+0000] {processor.py:186} INFO - Started process (PID=1551) to work on /home/airflow/.local/lib/python3.12/site-packages/airflow/example_dags/example_task_group.py
[2026-08-12T04:45:18.439+0000] {processor.py:914} INFO - Processing file /home/airflow/.local/lib/python3.12/site-packages/airflow/example_dags/example_task_group.py for tasks to queue
[2026-08-12T04:45:18.443+0000] {logging_mixin.py:190} INFO - [2026-08-12T04:45:18.443+0000] {dagbag.py:587} INFO - Filling up the DagBag from /home/airflow/.local/lib/python3.12/site-packages/airflow/example_dags/example_task_group.py
[2026-08-12T04:45:18.453+0000] {processor.py:925} INFO - DAG(s) 'example_task_group' retrieved from /home/airflow/.local/lib/python3.12/site-packages/airflow/example_dags/example_task_group.py
[2026-08-12T04:45:18.477+0000] {logging_mixin.py:190} INFO - [2026-08-12T04:45:18.477+0000] {dag.py:3211} INFO - Sync 1 DAGs
[2026-08-12T04:45:18.500+0000] {logging_mixin.py:190} INFO - [2026-08-12T04:45:18.500+0000] {dag.py:4138} INFO - Setting next_dagrun for example_task_group to 2026-08-11 00:00:00+00:00, run_after=2026-08-12 00:00:00+00:00
[2026-08-12T04:45:18.522+0000] {processor.py:208} INFO - Processing /home/airflow/.local/lib/python3.12/site-packages/airflow/example_dags/example_task_group.py took 0.090 seconds
[2026-08-12T04:45:49.171+0000] {processor.py:186} INFO - Started process (PID=1614) to work on /home/airflow/.local/lib/python3.12/site-packages/airflow/example_dags/example_task_group.py
[2026-08-12T04:45:49.173+0000] {processor.py:914} INFO - Processing file /home/airflow/.local/lib/python3.12/site-packages/airflow/example_dags/example_task_group.py for tasks to queue
[2026-08-12T04:45:49.176+0000] {logging_mixin.py:190} INFO - [2026-08-12T04:45:49.175+0000] {dagbag.py:587} INFO - Filling up the DagBag from /home/airflow/.local/lib/python3.12/site-packages/airflow/example_dags/example_task_group.py
[2026-08-12T04:45:49.185+0000] {processor.py:925} INFO - DAG(s) 'example_task_group' retrieved from /home/airflow/.local/lib/python3.12/site-packages/airflow/example_dags/example_task_group.py
[2026-08-12T04:45:49.216+0000] {logging_mixin.py:190} INFO - [2026-08-12T04:45:49.215+0000] {dag.py:3211} INFO - Sync 1 DAGs
[2026-08-12T04:45:49.243+0000] {logging_mixin.py:190} INFO - [2026-08-12T04:45:49.243+0000] {dag.py:4138} INFO - Setting next_dagrun for example_task_group to 2026-08-11 00:00:00+00:00, run_after=2026-08-12 00:00:00+00:00
[2026-08-12T04:45:49.272+0000] {processor.py:208} INFO - Processing /home/airflow/.local/lib/python3.12/site-packages/airflow/example_dags/example_task_group.py took 0.108 seconds
[2026-08-12T04:46:20.033+0000] {processor.py:186} INFO - Started process (PID=1676) to work on /home/airflow/.local/lib/python3.12/site-packages/airflow/example_dags/example_task_group.py
[2026-08-12T04:46:20.035+0000] {processor.py:914} INFO - Processing file /home/airflow/.local/lib/python3.12/site-packages/airflow/example_dags/example_task_group.py for tasks to queue
[2026-08-12T04:46:20.039+0000] {logging_mixin.py:190} INFO - [2026-08-12T04:46:20.039+0000] {dagbag.py:587} INFO - Filling up the DagBag from /home/airflow/.local/lib/python3.12/site-packages/airflow/example_dags/example_task_group.py
[2026-08-12T04:46:20.054+0000] {processor.py:925} INFO - DAG(s) 'example_task_group' retrieved from /home/airflow/.local/lib/python3.12/site-packages/airflow/example_dags/example_task_group.py
[2026-08-12T04:46:20.095+0000] {logging_mixin.py:190} INFO - [2026-08-12T04:46:20.095+0000] {dag.py:3211} INFO - Sync 1 DAGs
[2026-08-12T04:46:20.138+0000] {logging_mixin.py:190} INFO - [2026-08-12T04:46:20.138+0000] {dag.py:4138} INFO - Setting next_dagrun for example_task_group to 2026-08-11 00:00:00+00:00, run_after=2026-08-12 00:00:00+00:00
[2026-08-12T04:46:20.173+0000] {processor.py:208} INFO - Processing /home/airflow/.local/lib/python3.12/site-packages/airflow/example_dags/example_task_group.py took 0.150 seconds
[2026-08-12T04:46:50.942+0000] {processor.py:186} INFO - Started process (PID=1738) to work on /home/airflow/.local/lib/python3.12/site-packages/airflow/example_dags/example_task_group.py
[2026-08-12T04:46:50.944+0000] {processor.py:914} INFO - Processing file /home/airflow/.local/lib/python3.12/site-packages/airflow/example_dags/example_task_group.py for tasks to queue
[2026-08-12T04:46:50.947+0000] {logging_mixin.py:190} INFO - [2026-08-12T04:46:50.947+0000] {dagbag.py:587} INFO - Filling up the DagBag from /home/airflow/.local/lib/python3.12/site-packages/airflow/example_dags/example_task_group.py
[2026-08-12T04:46:50.958+0000] {processor.py:925} INFO - DAG(s) 'example_task_group' retrieved from /home/airflow/.local/lib/python3.12/site-packages/airflow/example_dags/example_task_group.py
[2026-08-12T04:46:50.980+0000] {logging_mixin.py:190} INFO - [2026-08-12T04:46:50.980+0000] {dag.py:3211} INFO - Sync 1 DAGs
[2026-08-12T04:46:51.004+0000] {logging_mixin.py:190} INFO - [2026-08-12T04:46:51.004+0000] {dag.py:4138} INFO - Setting next_dagrun for example_task_group to 2026-08-11 00:00:00+00:00, run_after=2026-08-12 00:00:00+00:00
[2026-08-12T04:46:51.030+0000] {processor.py:208} INFO - Processing /home/airflow/.local/lib/python3.12/site-packages/airflow/example_dags/example_task_group.py took 0.108 seconds
[2026-08-12T04:47:21.666+0000] {processor.py:186} INFO - Started process (PID=1800) to work on /home/airflow/.local/lib/python3.12/site-packages/airflow/example_dags/example_task_group.py
[2026-08-12T04:47:21.672+0000] {processor.py:914} INFO - Processing file /home/airflow/.local/lib/python3.12/site-packages/airflow/example_dags/example_task_group.py for tasks to queue
[2026-08-12T04:47:21.678+0000] {logging_mixin.py:190} INFO - [2026-08-12T04:47:21.677+0000] {dagbag.py:587} INFO - Filling up the DagBag from /home/airflow/.local/lib/python3.12/site-packages/airflow/example_dags/example_task_group.py
[2026-08-12T04:47:21.697+0000] {processor.py:925} INFO - DAG(s) 'example_task_group' retrieved from /home/airflow/.local/lib/python3.12/site-packages/airflow/example_dags/example_task_group.py
[2026-08-12T04:47:21.724+0000] {logging_mixin.py:190} INFO - [2026-08-12T04:47:21.724+0000] {dag.py:3211} INFO - Sync 1 DAGs
[2026-08-12T04:47:21.756+0000] {logging_mixin.py:190} INFO - [2026-08-12T04:47:21.756+0000] {dag.py:4138} INFO - Setting next_dagrun for example_task_group to 2026-08-11 00:00:00+00:00, run_after=2026-08-12 00:00:00+00:00
[2026-08-12T04:47:21.780+0000] {processor.py:208} INFO - Processing /home/airflow/.local/lib/python3.12/site-packages/airflow/example_dags/example_task_group.py took 0.133 seconds
[2026-08-12T04:47:51.850+0000] {processor.py:186} INFO - Started process (PID=1861) to work on /home/airflow/.local/lib/python3.12/site-packages/airflow/example_dags/example_task_group.py
[2026-08-12T04:47:51.852+0000] {processor.py:914} INFO - Processing file /home/airflow/.local/lib/python3.12/site-packages/airflow/example_dags/example_task_group.py for tasks to queue
[2026-08-12T04:47:51.857+0000] {logging_mixin.py:190} INFO - [2026-08-12T04:47:51.856+0000] {dagbag.py:587} INFO - Filling up the DagBag from /home/airflow/.local/lib/python3.12/site-packages/airflow/example_dags/example_task_group.py
[2026-08-12T04:47:51.873+0000] {processor.py:925} INFO - DAG(s) 'example_task_group' retrieved from /home/airflow/.local/lib/python3.12/site-packages/airflow/example_dags/example_task_group.py
[2026-08-12T04:47:51.906+0000] {logging_mixin.py:190} INFO - [2026-08-12T04:47:51.905+0000] {dag.py:3211} INFO - Sync 1 DAGs
[2026-08-12T04:47:51.936+0000] {logging_mixin.py:190} INFO - [2026-08-12T04:47:51.936+0000] {dag.py:4138} INFO - Setting next_dagrun for example_task_group to 2026-08-11 00:00:00+00:00, run_after=2026-08-12 00:00:00+00:00
[2026-08-12T04:47:51.966+0000] {processor.py:208} INFO - Processing /home/airflow/.local/lib/python3.12/site-packages/airflow/example_dags/example_task_group.py took 0.126 seconds
[2026-08-12T04:48:22.473+0000] {processor.py:186} INFO - Started process (PID=1922) to work on /home/airflow/.local/lib/python3.12/site-packages/airflow/example_dags/example_task_group.py
[2026-08-12T04:48:22.474+0000] {processor.py:914} INFO - Processing file /home/airflow/.local/lib/python3.12/site-packages/airflow/example_dags/example_task_group.py for tasks to queue
[2026-08-12T04:48:22.479+0000] {logging_mixin.py:190} INFO - [2026-08-12T04:48:22.478+0000] {dagbag.py:587} INFO - Filling up the DagBag from /home/airflow/.local/lib/python3.12/site-packages/airflow/example_dags/example_task_group.py
[2026-08-12T04:48:22.487+0000] {processor.py:925} INFO - DAG(s) 'example_task_group' retrieved from /home/airflow/.local/lib/python3.12/site-packages/airflow/example_dags/example_task_group.py
[2026-08-12T04:48:22.508+0000] {logging_mixin.py:190} INFO - [2026-08-12T04:48:22.508+0000] {dag.py:3211} INFO - Sync 1 DAGs
[2026-08-12T04:48:22.530+0000] {logging_mixin.py:190} INFO - [2026-08-12T04:48:22.529+0000] {dag.py:4138} INFO - Setting next_dagrun for example_task_group to 2026-08-11 00:00:00+00:00, run_after=2026-08-12 00:00:00+00:00
[2026-08-12T04:48:22.551+0000] {processor.py:208} INFO - Processing /home/airflow/.local/lib/python3.12/site-packages/airflow/example_dags/example_task_group.py took 0.084 seconds
[2026-08-12T04:48:52.925+0000] {processor.py:186} INFO - Started process (PID=1984) to work on /home/airflow/.local/lib/python3.12/site-packages/airflow/example_dags/example_task_group.py
[2026-08-12T04:48:52.927+0000] {processor.py:914} INFO - Processing file /home/airflow/.local/lib/python3.12/site-packages/airflow/example_dags/example_task_group.py for tasks to queue
[2026-08-12T04:48:52.930+0000] {logging_mixin.py:190} INFO - [2026-08-12T04:48:52.930+0000] {dagbag.py:587} INFO - Filling up the DagBag from /home/airflow/.local/lib/python3.12/site-packages/airflow/example_dags/example_task_group.py
[2026-08-12T04:48:52.939+0000] {processor.py:925} INFO - DAG(s) 'example_task_group' retrieved from /home/airflow/.local/lib/python3.12/site-packages/airflow/example_dags/example_task_group.py
[2026-08-12T04:48:52.967+0000] {logging_mixin.py:190} INFO - [2026-08-12T04:48:52.966+0000] {dag.py:3211} INFO - Sync 1 DAGs
[2026-08-12T04:48:52.996+0000] {logging_mixin.py:190} INFO - [2026-08-12T04:48:52.996+0000] {dag.py:4138} INFO - Setting next_dagrun for example_task_group to 2026-08-11 00:00:00+00:00, run_after=2026-08-12 00:00:00+00:00
[2026-08-12T04:48:53.019+0000] {processor.py:208} INFO - Processing /home/airflow/.local/lib/python3.12/site-packages/airflow/example_dags/example_task_group.py took 0.101 seconds
[2026-08-12T04:49:23.623+0000] {processor.py:186} INFO - Started process (PID=2046) to work on /home/airflow/.local/lib/python3.12/site-packages/airflow/example_dags/example_task_group.py
[2026-08-12T04:49:23.625+0000] {processor.py:914} INFO - Processing file /home/airflow/.local/lib/python3.12/site-packages/airflow/example_dags/example_task_group.py for tasks to queue
[2026-08-12T04:49:23.630+0000] {logging_mixin.py:190} INFO - [2026-08-12T04:49:23.629+0000] {dagbag.py:587} INFO - Filling up the DagBag from /home/airflow/.local/lib/python3.12/site-packages/airflow/example_dags/example_task_group.py
[2026-08-12T04:49:23.641+0000] {processor.py:925} INFO - DAG(s) 'example_task_group' retrieved from /home/airflow/.local/lib/python3.12/site-packages/airflow/example_dags/example_task_group.py
[2026-08-12T04:49:23.693+0000] {logging_mixin.py:190} INFO - [2026-08-12T04:49:23.693+0000] {dag.py:3211} INFO - Sync 1 DAGs
[2026-08-12T04:49:23.746+0000] {logging_mixin.py:190} INFO - [2026-08-12T04:49:23.745+0000] {dag.py:4138} INFO - Setting next_dagrun for example_task_group to 2026-08-11 00:00:00+00:00, run_after=2026-08-12 00:00:00+00:00
[2026-08-12T04:49:23.768+0000] {processor.py:208} INFO - Processing /home/airflow/.local/lib/python3.12/site-packages/airflow/example_dags/example_task_group.py took 0.154 seconds
