[2026-08-12T04:30:47.579+0000] {processor.py:186} INFO - Started process (PID=115) to work on /home/airflow/.local/lib/python3.12/site-packages/airflow/example_dags/example_task_group_decorator.py
[2026-08-12T04:30:47.581+0000] {processor.py:914} INFO - Processing file /home/airflow/.local/lib/python3.12/site-packages/airflow/example_dags/example_task_group_decorator.py for tasks to queue
[2026-08-12T04:30:47.584+0000] {logging_mixin.py:190} INFO - [2026-08-12T04:30:47.584+0000] {dagbag.py:587} INFO - Filling up the DagBag from /home/airflow/.local/lib/python3.12/site-packages/airflow/example_dags/example_task_group_decorator.py
[2026-08-12T04:30:47.619+0000] {processor.py:925} INFO - DAG(s) 'example_task_group_decorator' retrieved from /home/airflow/.local/lib/python3.12/site-packages/airflow/example_dags/example_task_group_decorator.py
[2026-08-12T04:30:47.774+0000] {logging_mixin.py:190} INFO - [2026-08-12T04:30:47.773+0000] {override.py:1858} INFO - Created Permission View: can delete on DAG:example_task_group_decorator
[2026-08-12T04:30:47.786+0000] {logging_mixin.py:190} INFO - [2026-08-12T04:30:47.785+0000] {override.py:1858} INFO - Created Permission View: can read on DAG:example_task_group_decorator
[2026-08-12T04:30:47.798+0000] {logging_mixin.py:190} INFO - [2026-08-12T04:30:47.798+0000] {override.py:1858} INFO - Created Permission View: can edit on DAG:example_task_group_decorator
[2026-08-12T04:30:47.800+0000] {logging_mixin.py:190} INFO - [2026-08-12T04:30:47.800+0000] {dag.py:3211} INFO - Sync 1 DAGs
[2026-08-12T04:30:47.816+0000] {logging_mixin.py:190} INFO - [2026-08-12T04:30:47.816+0000] {dag.py:3234} INFO - Creating ORM DAG for example_task_group_decorator
[2026-08-12T04:30:47.830+0000] {logging_mixin.py:190} INFO - [2026-08-12T04:30:47.830+0000] {dag.py:4138} INFO - Setting next_dagrun for example_task_group_decorator to 2026-08-11 00:00:00+00:00, run_after=2026-08-12 00:00:00+00:00
[2026-08-12T04:30:47.856+0000] {processor.py:208} INFO - Processing /home/airflow/.local/lib/python3.12/site-packages/airflow/example_dags/example_task_group_decorator.py took 0.283 seconds
[2026-08-12T04:31:18.227+0000] {processor.py:186} INFO - Started process (PID=177) to work on /home/airflow/.local/lib/python3.12/site-packages/airflow/example_dags/example_task_group_decorator.py
[2026-08-12T04:31:18.228+0000] {processor.py:914} INFO - Processing file /home/airflow/.local/lib/python3.12/site-packages/airflow/example_dags/example_task_group_decorator.py for tasks to queue
[2026-08-12T04:31:18.231+0000] {logging_mixin.py:190} INFO - [2026-08-12T04:31:18.231+0000] {dagbag.py:587} INFO - Filling up the DagBag from /home/airflow/.local/lib/python3.12/site-packages/airflow/example_dags/example_task_group_decorator.py
[2026-08-12T04:31:18.249+0000] {processor.py:925} INFO - DAG(s) 'example_task_group_decorator' retrieved from /home/airflow/.local/lib/python3.12/site-packages/airflow/example_dags/example_task_group_decorator.py
[2026-08-12T04:31:18.275+0000] {logging_mixin.py:190} INFO - [2026-08-12T04:31:18.275+0000] {dag.py:3211} INFO - Sync 1 DAGs
[2026-08-12T04:31:18.304+0000] {logging_mixin.py:190} INFO - [2026-08-12T04:31:18.304+0000] {dag.py:4138} INFO - Setting next_dagrun for example_task_group_decorator to 2026-08-11 00:00:00+00:00, run_after=2026-08-12 00:00:00+00:00
[2026-08-12T04:31:18.326+0000] {processor.py:208} INFO - Processing /home/airflow/.local/lib/python3.12/site-packages/airflow/example_dags/example_task_group_decorator.py took 0.105 seconds
[2026-08-12T04:31:48.366+0000] {processor.py:186} INFO - Started process (PID=238) to work on /home/airflow/.local/lib/python3.12/site-packages/airflow/example_dags/example_task_group_decorator.py
[2026-08-12T04:31:48.368+0000] {processor.py:914} INFO - Processing file /home/airflow/.local/lib/python3.12/site-packages/airflow/example_dags/example_task_group_decorator.py for tasks to queue
[2026-08-12T04:31:48.371+0000] {logging_mixin.py:190} INFO - [2026-08-12T04:31:48.370+0000] {dagbag.py:587} INFO - Filling up the DagBag from /home/airflow/.local/lib/python3.12/site-packages/airflow/example_dags/example_task_group_decorator.py
[2026-08-12T04:31:48.388+0000] {processor.py:925} INFO - DAG(s) 'example_task_group_decorator' retrieved from /home/airflow/.local/lib/python3.12/site-packages/airflow/example_dags/example_task_group_decorator.py
[2026-08-12T04:31:48.415+0000] {logging_mixin.py:190} INFO - [2026-08-12T04:31:48.415+0000] {dag.py:3211} INFO - Sync 1 DAGs
[2026-08-12T04:31:48.438+0000] {logging_mixin.py:190} INFO - [2026-08-12T04:31:48.438+0000] {dag.py:4138} INFO - Setting next_dagrun for example_task_group_decorator to 2026-08-11 00:00:00+00:00, run_after=2026-08-12 00:00:00+00:00
[2026-08-12T04:31:48.468+0000] {processor.py:208} INFO - Processing /home/airflow/.local/lib/python3.12/site-packages/airflow/example_dags/example_task_group_decorator.py took 0.107 seconds
[2026-08-12T04:33:06.882+0000] {processor.py:186} INFO - Started process (PID=101) to work on /home/airflow/.local/lib/python3.12/site-packages/airflow/example_dags/example_task_group_decorator.py
[2026-08-12T04:33:06.884+0000] {processor.py:914} INFO - Processing file /home/airflow/.local/lib/python3.12/site-packages/airflow/example_dags/example_task_group_decorator.py for tasks to queue
[2026-08-12T04:33:06.888+0000] {logging_mixin.py:190} INFO - [2026-08-12T04:33:06.888+0000] {dagbag.py:587} INFO - Filling up the DagBag from /home/airflow/.local/lib/python3.12/site-packages/airflow/example_dags/example_task_group_decorator.py
[2026-08-12T04:33:06.908+0000] {processor.py:925} INFO - DAG(s) 'example_task_group_decorator' retrieved from /home/airflow/.local/lib/python3.12/site-packages/airflow/example_dags/example_task_group_decorator.py
[2026-08-12T04:33:06.953+0000] {logging_mixin.py:190} INFO - [2026-08-12T04:33:06.953+0000] {dag.py:3211} INFO - Sync 1 DAGs
[2026-08-12T04:33:06.986+0000] {logging_mixin.py:190} INFO - [2026-08-12T04:33:06.986+0000] {dag.py:4138} INFO - Setting next_dagrun for example_task_group_decorator to 2026-08-11 00:00:00+00:00, run_after=2026-08-12 00:00:00+00:00
[2026-08-12T04:33:07.018+0000] {processor.py:208} INFO - Processing /home/airflow/.local/lib/python3.12/site-packages/airflow/example_dags/example_task_group_decorator.py took 0.144 seconds
[2026-08-12T04:33:37.251+0000] {processor.py:186} INFO - Started process (PID=164) to work on /home/airflow/.local/lib/python3.12/site-packages/airflow/example_dags/example_task_group_decorator.py
[2026-08-12T04:33:37.253+0000] {processor.py:914} INFO - Processing file /home/airflow/.local/lib/python3.12/site-packages/airflow/example_dags/example_task_group_decorator.py for tasks to queue
[2026-08-12T04:33:37.257+0000] {logging_mixin.py:190} INFO - [2026-08-12T04:33:37.256+0000] {dagbag.py:587} INFO - Filling up the DagBag from /home/airflow/.local/lib/python3.12/site-packages/airflow/example_dags/example_task_group_decorator.py
[2026-08-12T04:33:37.276+0000] {processor.py:925} INFO - DAG(s) 'example_task_group_decorator' retrieved from /home/airflow/.local/lib/python3.12/site-packages/airflow/example_dags/example_task_group_decorator.py
[2026-08-12T04:33:37.305+0000] {logging_mixin.py:190} INFO - [2026-08-12T04:33:37.304+0000] {dag.py:3211} INFO - Sync 1 DAGs
[2026-08-12T04:33:37.350+0000] {logging_mixin.py:190} INFO - [2026-08-12T04:33:37.349+0000] {dag.py:4138} INFO - Setting next_dagrun for example_task_group_decorator to 2026-08-11 00:00:00+00:00, run_after=2026-08-12 00:00:00+00:00
[2026-08-12T04:33:37.375+0000] {processor.py:208} INFO - Processing /home/airflow/.local/lib/python3.12/site-packages/airflow/example_dags/example_task_group_decorator.py took 0.129 seconds
[2026-08-12T04:34:07.663+0000] {processor.py:186} INFO - Started process (PID=226) to work on /home/airflow/.local/lib/python3.12/site-packages/airflow/example_dags/example_task_group_decorator.py
[2026-08-12T04:34:07.664+0000] {processor.py:914} INFO - Processing file /home/airflow/.local/lib/python3.12/site-packages/airflow/example_dags/example_task_group_decorator.py for tasks to queue
[2026-08-12T04:34:07.667+0000] {logging_mixin.py:190} INFO - [2026-08-12T04:34:07.667+0000] {dagbag.py:587} INFO - Filling up the DagBag from /home/airflow/.local/lib/python3.12/site-packages/airflow/example_dags/example_task_group_decorator.py
[2026-08-12T04:34:07.682+0000] {processor.py:925} INFO - DAG(s) 'example_task_group_decorator' retrieved from /home/airflow/.local/lib/python3.12/site-packages/airflow/example_dags/example_task_group_decorator.py
[2026-08-12T04:34:07.715+0000] {logging_mixin.py:190} INFO - [2026-08-12T04:34:07.714+0000] {dag.py:3211} INFO - Sync 1 DAGs
[2026-08-12T04:34:07.740+0000] {logging_mixin.py:190} INFO - [2026-08-12T04:34:07.740+0000] {dag.py:4138} INFO - Setting next_dagrun for example_task_group_decorator to 2026-08-11 00:00:00+00:00, run_after=2026-08-12 00:00:00+00:00
[2026-08-12T04:34:07.766+0000] {processor.py:208} INFO - Processing /home/airflow/.local/lib/python3.12/site-packages/airflow/example_dags/example_task_group_decorator.py took 0.109 seconds
[2026-08-12T04:34:37.971+0000] {processor.py:186} INFO - Started process (PID=287) to work on /home/airflow/.local/lib/python3.12/site-packages/airflow/example_dags/example_task_group_decorator.py
[2026-08-12T04:34:37.973+0000] {processor.py:914} INFO - Processing file /home/airflow/.local/lib/python3.12/site-packages/airflow/example_dags/example_task_group_decorator.py for tasks to queue
[2026-08-12T04:34:37.977+0000] {logging_mixin.py:190} INFO - [2026-08-12T04:34:37.977+0000] {dagbag.py:587} INFO - Filling up the DagBag from /home/airflow/.local/lib/python3.12/site-packages/airflow/example_dags/example_task_group_decorator.py
[2026-08-12T04:34:37.995+0000] {processor.py:925} INFO - DAG(s) 'example_task_group_decorator' retrieved from /home/airflow/.local/lib/python3.12/site-packages/airflow/example_dags/example_task_group_decorator.py
[2026-08-12T04:34:38.037+0000] {logging_mixin.py:190} INFO - [2026-08-12T04:34:38.037+0000] {dag.py:3211} INFO - Sync 1 DAGs
[2026-08-12T04:34:38.064+0000] {logging_mixin.py:190} INFO - [2026-08-12T04:34:38.064+0000] {dag.py:4138} INFO - Setting next_dagrun for example_task_group_decorator to 2026-08-11 00:00:00+00:00, run_after=2026-08-12 00:00:00+00:00
[2026-08-12T04:34:38.086+0000] {processor.py:208} INFO - Processing /home/airflow/.local/lib/python3.12/site-packages/airflow/example_dags/example_task_group_decorator.py took 0.123 seconds
[2026-08-12T04:35:08.893+0000] {processor.py:186} INFO - Started process (PID=350) to work on /home/airflow/.local/lib/python3.12/site-packages/airflow/example_dags/example_task_group_decorator.py
[2026-08-12T04:35:08.895+0000] {processor.py:914} INFO - Processing file /home/airflow/.local/lib/python3.12/site-packages/airflow/example_dags/example_task_group_decorator.py for tasks to queue
[2026-08-12T04:35:08.900+0000] {logging_mixin.py:190} INFO - [2026-08-12T04:35:08.899+0000] {dagbag.py:587} INFO - Filling up the DagBag from /home/airflow/.local/lib/python3.12/site-packages/airflow/example_dags/example_task_group_decorator.py
[2026-08-12T04:35:08.922+0000] {processor.py:925} INFO - DAG(s) 'example_task_group_decorator' retrieved from /home/airflow/.local/lib/python3.12/site-packages/airflow/example_dags/example_task_group_decorator.py
[2026-08-12T04:35:08.951+0000] {logging_mixin.py:190} INFO - [2026-08-12T04:35:08.951+0000] {dag.py:3211} INFO - Sync 1 DAGs
[2026-08-12T04:35:08.977+0000] {logging_mixin.py:190} INFO - [2026-08-12T04:35:08.977+0000] {dag.py:4138} INFO - Setting next_dagrun for example_task_group_decorator to 2026-08-11 00:00:00+00:00, run_after=2026-08-12 00:00:00+00:00
[2026-08-12T04:35:09.003+0000] {processor.py:208} INFO - Processing /home/airflow/.local/lib/python3.12/site-packages/airflow/example_dags/example_task_group_decorator.py took 0.116 seconds
[2026-08-12T04:35:39.924+0000] {processor.py:186} INFO - Started process (PID=412) to work on /home/airflow/.local/lib/python3.12/site-packages/airflow/example_dags/example_task_group_decorator.py
[2026-08-12T04:35:39.925+0000] {processor.py:914} INFO - Processing file /home/airflow/.local/lib/python3.12/site-packages/airflow/example_dags/example_task_group_decorator.py for tasks to queue
[2026-08-12T04:35:39.929+0000] {logging_mixin.py:190} INFO - [2026-08-12T04:35:39.928+0000] {dagbag.py:587} INFO - Filling up the DagBag from /home/airflow/.local/lib/python3.12/site-packages/airflow/example_dags/example_task_group_decorator.py
[2026-08-12T04:35:39.947+0000] {processor.py:925} INFO - DAG(s) 'example_task_group_decorator' retrieved from /home/airflow/.local/lib/python3.12/site-packages/airflow/example_dags/example_task_group_decorator.py
[2026-08-12T04:35:39.976+0000] {logging_mixin.py:190} INFO - [2026-08-12T04:35:39.976+0000] {dag.py:3211} INFO - Sync 1 DAGs
[2026-08-12T04:35:40.008+0000] {logging_mixin.py:190} INFO - [2026-08-12T04:35:40.008+0000] {dag.py:4138} INFO - Setting next_dagrun for example_task_group_decorator to 2026-08-11 00:00:00+00:00, run_after=2026-08-12 00:00:00+00:00
[2026-08-12T04:35:40.032+0000] {processor.py:208} INFO - Processing /home/airflow/.local/lib/python3.12/site-packages/airflow/example_dags/example_task_group_decorator.py took 0.116 seconds
[2026-08-12T04:36:11.307+0000] {processor.py:186} INFO - Started process (PID=474) to work on /home/airflow/.local/lib/python3.12/site-packages/airflow/example_dags/example_task_group_decorator.py
[2026-08-12T04:36:11.309+0000] {processor.py:914} INFO - Processing file /home/airflow/.local/lib/python3.12/site-packages/airflow/example_dags/example_task_group_decorator.py for tasks to queue
[2026-08-12T04:36:11.313+0000] {logging_mixin.py:190} INFO - [2026-08-12T04:36:11.312+0000] {dagbag.py:587} INFO - Filling up the DagBag from /home/airflow/.local/lib/python3.12/site-packages/airflow/example_dags/example_task_group_decorator.py
[2026-08-12T04:36:11.327+0000] {processor.py:925} INFO - DAG(s) 'example_task_group_decorator' retrieved from /home/airflow/.local/lib/python3.12/site-packages/airflow/example_dags/example_task_group_decorator.py
[2026-08-12T04:36:11.354+0000] {logging_mixin.py:190} INFO - [2026-08-12T04:36:11.353+0000] {dag.py:3211} INFO - Sync 1 DAGs
[2026-08-12T04:36:11.379+0000] {logging_mixin.py:190} INFO - [2026-08-12T04:36:11.379+0000] {dag.py:4138} INFO - Setting next_dagrun for example_task_group_decorator to 2026-08-11 00:00:00+00:00, run_after=2026-08-12 00:00:00+00:00
[2026-08-12T04:36:11.404+0000] {processor.py:208} INFO - Processing /home/airflow/.local/lib/python3.12/site-packages/airflow/example_dags/example_task_group_decorator.py took 0.102 seconds
[2026-08-12T04:36:42.319+0000] {processor.py:186} INFO - Started process (PID=536) to work on /home/airflow/.local/lib/python3.12/site-packages/airflow/example_dags/example_task_group_decorator.py
[2026-08-12T04:36:42.321+0000] {processor.py:914} INFO - Processing file /home/airflow/.local/lib/python3.12/site-packages/airflow/example_dags/example_task_group_decorator.py for tasks to queue
[2026-08-12T04:36:42.325+0000] {logging_mixin.py:190} INFO - [2026-08-12T04:36:42.324+0000] {dagbag.py:587} INFO - Filling up the DagBag from /home/airflow/.local/lib/python3.12/site-packages/airflow/example_dags/example_task_group_decorator.py
[2026-08-12T04:36:42.345+0000] {processor.py:925} INFO - DAG(s) 'example_task_group_decorator' retrieved from /home/airflow/.local/lib/python3.12/site-packages/airflow/example_dags/example_task_group_decorator.py
[2026-08-12T04:36:42.377+0000] {logging_mixin.py:190} INFO - [2026-08-12T04:36:42.377+0000] {dag.py:3211} INFO - Sync 1 DAGs
[2026-08-12T04:36:42.407+0000] {logging_mixin.py:190} INFO - [2026-08-12T04:36:42.407+0000] {dag.py:4138} INFO - Setting next_dagrun for example_task_group_decorator to 2026-08-11 00:00:00+00:00, run_after=2026-08-12 00:00:00+00:00
[2026-08-12T04:36:42.429+0000] {processor.py:208} INFO - Processing /home/airflow/.local/lib/python3.12/site-packages/airflow/example_dags/example_task_group_decorator.py took 0.117 seconds
[2026-08-12T04:37:13.184+0000] {processor.py:186} INFO - Started process (PID=598) to work on /home/airflow/.local/lib/python3.12/site-packages/airflow/example_dags/example_task_group_decorator.py
[2026-08-12T04:37:13.186+0000] {processor.py:914} INFO - Processing file /home/airflow/.local/lib/python3.12/site-packages/airflow/example_dags/example_task_group_decorator.py for tasks to queue
[2026-08-12T04:37:13.190+0000] {logging_mixin.py:190} INFO - [2026-08-12T04:37:13.189+0000] {dagbag.py:587} INFO - Filling up the DagBag from /home/airflow/.local/lib/python3.12/site-packages/airflow/example_dags/example_task_group_decorator.py
[2026-08-12T04:37:13.205+0000] {processor.py:925} INFO - DAG(s) 'example_task_group_decorator' retrieved from /home/airflow/.local/lib/python3.12/site-packages/airflow/example_dags/example_task_group_decorator.py
[2026-08-12T04:37:13.231+0000] {logging_mixin.py:190} INFO - [2026-08-12T04:37:13.231+0000] {dag.py:3211} INFO - Sync 1 DAGs
[2026-08-12T04:37:13.257+0000] {logging_mixin.py:190} INFO - [2026-08-12T04:37:13.257+0000] {dag.py:4138} INFO - Setting next_dagrun for example_task_group_decorator to 2026-08-11 00:00:00+00:00, run_after=2026-08-12 00:00:00+00:00
[2026-08-12T04:37:13.280+0000] {processor.py:208} INFO - Processing /home/airflow/.local/lib/python3.12/site-packages/airflow/example_dags/example_task_group_decorator.py took 0.101 seconds
[2026-08-12T04:37:43.567+0000] {processor.py:186} INFO - Started process (PID=660) to work on /home/airflow/.local/lib/python3.12/site-packages/airflow/example_dags/example_task_group_decorator.py
[2026-08-12T04:37:43.569+0000] {processor.py:914} INFO - Processing file /home/airflow/.local/lib/python3.12/site-packages/airflow/example_dags/example_task_group_decorator.py for tasks to queue
[2026-08-12T04:37:43.573+0000] {logging_mixin.py:190} INFO - [2026-08-12T04:37:43.573+0000] {dagbag.py:587} INFO - Filling up the DagBag from /home/airflow/.local/lib/python3.12/site-packages/airflow/example_dags/example_task_group_decorator.py
[2026-08-12T04:37:43.604+0000] {processor.py:925} INFO - DAG(s) 'example_task_group_decorator' retrieved from /home/airflow/.local/lib/python3.12/site-packages/airflow/example_dags/example_task_group_decorator.py
[2026-08-12T04:37:43.635+0000] {logging_mixin.py:190} INFO - [2026-08-12T04:37:43.635+0000] {dag.py:3211} INFO - Sync 1 DAGs
[2026-08-12T04:37:43.664+0000] {logging_mixin.py:190} INFO - [2026-08-12T04:37:43.664+0000] {dag.py:4138} INFO - Setting next_dagrun for example_task_group_decorator to 2026-08-11 00:00:00+00:00, run_after=2026-08-12 00:00:00+00:00
[2026-08-12T04:37:43.691+0000] {processor.py:208} INFO - Processing /home/airflow/.local/lib/python3.12/site-packages/airflow/example_dags/example_task_group_decorator.py took 0.131 seconds
[2026-08-12T04:38:14.403+0000] {processor.py:186} INFO - Started process (PID=722) to work on /home/airflow/.local/lib/python3.12/site-packages/airflow/example_dags/example_task_group_decorator.py
[2026-08-12T04:38:14.405+0000] {processor.py:914} INFO - Processing file /home/airflow/.local/lib/python3.12/site-packages/airflow/example_dags/example_task_group_decorator.py for tasks to queue
[2026-08-12T04:38:14.408+0000] {logging_mixin.py:190} INFO - [2026-08-12T04:38:14.407+0000] {dagbag.py:587} INFO - Filling up the DagBag from /home/airflow/.local/lib/python3.12/site-packages/airflow/example_dags/example_task_group_decorator.py
[2026-08-12T04:38:14.421+0000] {processor.py:925} INFO - DAG(s) 'example_task_group_decorator' retrieved from /home/airflow/.local/lib/python3.12/site-packages/airflow/example_dags/example_task_group_decorator.py
[2026-08-12T04:38:14.446+0000] {logging_mixin.py:190} INFO - [2026-08-12T04:38:14.446+0000] {dag.py:3211} INFO - Sync 1 DAGs
[2026-08-12T04:38:14.469+0000] {logging_mixin.py:190} INFO - [2026-08-12T04:38:14.469+0000] {dag.py:4138} INFO - Setting next_dagrun for example_task_group_decorator to 2026-08-11 00:00:00+00:00, run_after=2026-08-12 00:00:00+00:00
[2026-08-12T04:38:14.489+0000] {processor.py:208} INFO - Processing /home/airflow/.local/lib/python3.12/site-packages/airflow/example_dags/example_task_group_decorator.py took 0.092 seconds
[2026-08-12T04:38:45.414+0000] {processor.py:186} INFO - Started process (PID=784) to work on /home/airflow/.local/lib/python3.12/site-packages/airflow/example_dags/example_task_group_decorator.py
[2026-08-12T04:38:45.416+0000] {processor.py:914} INFO - Processing file /home/airflow/.local/lib/python3.12/site-packages/airflow/example_dags/example_task_group_decorator.py for tasks to queue
[2026-08-12T04:38:45.419+0000] {logging_mixin.py:190} INFO - [2026-08-12T04:38:45.419+0000] {dagbag.py:587} INFO - Filling up the DagBag from /home/airflow/.local/lib/python3.12/site-packages/airflow/example_dags/example_task_group_decorator.py
[2026-08-12T04:38:45.438+0000] {processor.py:925} INFO - DAG(s) 'example_task_group_decorator' retrieved from /home/airflow/.local/lib/python3.12/site-packages/airflow/example_dags/example_task_group_decorator.py
[2026-08-12T04:38:45.465+0000] {logging_mixin.py:190} INFO - [2026-08-12T04:38:45.464+0000] {dag.py:3211} INFO - Sync 1 DAGs
[2026-08-12T04:38:45.489+0000] {logging_mixin.py:190} INFO - [2026-08-12T04:38:45.489+0000] {dag.py:4138} INFO - Setting next_dagrun for example_task_group_decorator to 2026-08-11 00:00:00+00:00, run_after=2026-08-12 00:00:00+00:00
[2026-08-12T04:38:45.512+0000] {processor.py:208} INFO - Processing /home/airflow/.local/lib/python3.12/site-packages/airflow/example_dags/example_task_group_decorator.py took 0.104 seconds
[2026-08-12T04:39:15.824+0000] {processor.py:186} INFO - Started process (PID=846) to work on /home/airflow/.local/lib/python3.12/site-packages/airflow/example_dags/example_task_group_decorator.py
[2026-08-12T04:39:15.826+0000] {processor.py:914} INFO - Processing file /home/airflow/.local/lib/python3.12/site-packages/airflow/example_dags/example_task_group_decorator.py for tasks to queue
[2026-08-12T04:39:15.829+0000] {logging_mixin.py:190} INFO - [2026-08-12T04:39:15.829+0000] {dagbag.py:587} INFO - Filling up the DagBag from /home/airflow/.local/lib/python3.12/site-packages/airflow/example_dags/example_task_group_decorator.py
[2026-08-12T04:39:15.844+0000] {processor.py:925} INFO - DAG(s) 'example_task_group_decorator' retrieved from /home/airflow/.local/lib/python3.12/site-packages/airflow/example_dags/example_task_group_decorator.py
[2026-08-12T04:39:15.870+0000] {logging_mixin.py:190} INFO - [2026-08-12T04:39:15.869+0000] {dag.py:3211} INFO - Sync 1 DAGs
[2026-08-12T04:39:15.892+0000] {logging_mixin.py:190} INFO - [2026-08-12T04:39:15.892+0000] {dag.py:4138} INFO - Setting next_dagrun for example_task_group_decorator to 2026-08-11 00:00:00+00:00, run_after=2026-08-12 00:00:00+00:00
[2026-08-12T04:39:15.916+0000] {processor.py:208} INFO - Processing /home/airflow/.local/lib/python3.12/site-packages/airflow/example_dags/example_task_group_decorator.py took 0.099 seconds
[2026-08-12T04:39:46.710+0000] {processor.py:186} INFO - Started process (PID=907) to work on /home/airflow/.local/lib/python3.12/site-packages/airflow/example_dags/example_task_group_decorator.py
[2026-08-12T04:39:46.711+0000] {processor.py:914} INFO - Processing file /home/airflow/.local/lib/python3.12/site-packages/airflow/example_dags/example_task_group_decorator.py for tasks to queue
[2026-08-12T04:39:46.715+0000] {logging_mixin.py:190} INFO - [2026-08-12T04:39:46.714+0000] {dagbag.py:587} INFO - Filling up the DagBag from /home/airflow/.local/lib/python3.12/site-packages/airflow/example_dags/example_task_group_decorator.py
[2026-08-12T04:39:46.730+0000] {processor.py:925} INFO - DAG(s) 'example_task_group_decorator' retrieved from /home/airflow/.local/lib/python3.12/site-packages/airflow/example_dags/example_task_group_decorator.py
[2026-08-12T04:39:46.760+0000] {logging_mixin.py:190} INFO - [2026-08-12T04:39:46.760+0000] {dag.py:3211} INFO - Sync 1 DAGs
[2026-08-12T04:39:46.787+0000] {logging_mixin.py:190} INFO - [2026-08-12T04:39:46.787+0000] {dag.py:4138} INFO - Setting next_dagrun for example_task_group_decorator to 2026-08-11 00:00:00+00:00, run_after=2026-08-12 00:00:00+00:00
[2026-08-12T04:39:46.808+0000] {processor.py:208} INFO - Processing /home/airflow/.local/lib/python3.12/site-packages/airflow/example_dags/example_task_group_decorator.py took 0.104 seconds
[2026-08-12T04:40:17.440+0000] {processor.py:186} INFO - Started process (PID=970) to work on /home/airflow/.local/lib/python3.12/site-packages/airflow/example_dags/example_task_group_decorator.py
[2026-08-12T04:40:17.442+0000] {processor.py:914} INFO - Processing file /home/airflow/.local/lib/python3.12/site-packages/airflow/example_dags/example_task_group_decorator.py for tasks to queue
[2026-08-12T04:40:17.446+0000] {logging_mixin.py:190} INFO - [2026-08-12T04:40:17.445+0000] {dagbag.py:587} INFO - Filling up the DagBag from /home/airflow/.local/lib/python3.12/site-packages/airflow/example_dags/example_task_group_decorator.py
[2026-08-12T04:40:17.459+0000] {processor.py:925} INFO - DAG(s) 'example_task_group_decorator' retrieved from /home/airflow/.local/lib/python3.12/site-packages/airflow/example_dags/example_task_group_decorator.py
[2026-08-12T04:40:17.488+0000] {logging_mixin.py:190} INFO - [2026-08-12T04:40:17.488+0000] {dag.py:3211} INFO - Sync 1 DAGs
[2026-08-12T04:40:17.513+0000] {logging_mixin.py:190} INFO - [2026-08-12T04:40:17.513+0000] {dag.py:4138} INFO - Setting next_dagrun for example_task_group_decorator to 2026-08-11 00:00:00+00:00, run_after=2026-08-12 00:00:00+00:00
[2026-08-12T04:40:17.540+0000] {processor.py:208} INFO - Processing /home/airflow/.local/lib/python3.12/site-packages/airflow/example_dags/example_task_group_decorator.py took 0.105 seconds
[2026-08-12T04:40:48.077+0000] {processor.py:186} INFO - Started process (PID=1032) to work on /home/airflow/.local/lib/python3.12/site-packages/airflow/example_dags/example_task_group_decorator.py
[2026-08-12T04:40:48.080+0000] {processor.py:914} INFO - Processing file /home/airflow/.local/lib/python3.12/site-packages/airflow/example_dags/example_task_group_decorator.py for tasks to queue
[2026-08-12T04:40:48.083+0000] {logging_mixin.py:190} INFO - [2026-08-12T04:40:48.083+0000] {dagbag.py:587} INFO - Filling up the DagBag from /home/airflow/.local/lib/python3.12/site-packages/airflow/example_dags/example_task_group_decorator.py
[2026-08-12T04:40:48.098+0000] {processor.py:925} INFO - DAG(s) 'example_task_group_decorator' retrieved from /home/airflow/.local/lib/python3.12/site-packages/airflow/example_dags/example_task_group_decorator.py
[2026-08-12T04:40:48.123+0000] {logging_mixin.py:190} INFO - [2026-08-12T04:40:48.122+0000] {dag.py:3211} INFO - Sync 1 DAGs
[2026-08-12T04:40:48.146+0000] {logging_mixin.py:190} INFO - [2026-08-12T04:40:48.145+0000] {dag.py:4138} INFO - Setting next_dagrun for example_task_group_decorator to 2026-08-11 00:00:00+00:00, run_after=2026-08-12 00:00:00+00:00
[2026-08-12T04:40:48.168+0000] {processor.py:208} INFO - Processing /home/airflow/.local/lib/python3.12/site-packages/airflow/example_dags/example_task_group_decorator.py took 0.096 seconds
[2026-08-12T04:41:19.057+0000] {processor.py:186} INFO - Started process (PID=1094) to work on /home/airflow/.local/lib/python3.12/site-packages/airflow/example_dags/example_task_group_decorator.py
[2026-08-12T04:41:19.059+0000] {processor.py:914} INFO - Processing file /home/airflow/.local/lib/python3.12/site-packages/airflow/example_dags/example_task_group_decorator.py for tasks to queue
[2026-08-12T04:41:19.064+0000] {logging_mixin.py:190} INFO - [2026-08-12T04:41:19.063+0000] {dagbag.py:587} INFO - Filling up the DagBag from /home/airflow/.local/lib/python3.12/site-packages/airflow/example_dags/example_task_group_decorator.py
[2026-08-12T04:41:19.082+0000] {processor.py:925} INFO - DAG(s) 'example_task_group_decorator' retrieved from /home/airflow/.local/lib/python3.12/site-packages/airflow/example_dags/example_task_group_decorator.py
[2026-08-12T04:41:19.111+0000] {logging_mixin.py:190} INFO - [2026-08-12T04:41:19.111+0000] {dag.py:3211} INFO - Sync 1 DAGs
[2026-08-12T04:41:19.138+0000] {logging_mixin.py:190} INFO - [2026-08-12T04:41:19.138+0000] {dag.py:4138} INFO - Setting next_dagrun for example_task_group_decorator to 2026-08-11 00:00:00+00:00, run_after=2026-08-12 00:00:00+00:00
[2026-08-12T04:41:19.164+0000] {processor.py:208} INFO - Processing /home/airflow/.local/lib/python3.12/site-packages/airflow/example_dags/example_task_group_decorator.py took 0.115 seconds
[2026-08-12T04:41:49.469+0000] {processor.py:186} INFO - Started process (PID=1156) to work on /home/airflow/.local/lib/python3.12/site-packages/airflow/example_dags/example_task_group_decorator.py
[2026-08-12T04:41:49.471+0000] {processor.py:914} INFO - Processing file /home/airflow/.local/lib/python3.12/site-packages/airflow/example_dags/example_task_group_decorator.py for tasks to queue
[2026-08-12T04:41:49.474+0000] {logging_mixin.py:190} INFO - [2026-08-12T04:41:49.474+0000] {dagbag.py:587} INFO - Filling up the DagBag from /home/airflow/.local/lib/python3.12/site-packages/airflow/example_dags/example_task_group_decorator.py
[2026-08-12T04:41:49.505+0000] {processor.py:925} INFO - DAG(s) 'example_task_group_decorator' retrieved from /home/airflow/.local/lib/python3.12/site-packages/airflow/example_dags/example_task_group_decorator.py
[2026-08-12T04:41:49.534+0000] {logging_mixin.py:190} INFO - [2026-08-12T04:41:49.534+0000] {dag.py:3211} INFO - Sync 1 DAGs
[2026-08-12T04:41:49.561+0000] {logging_mixin.py:190} INFO - [2026-08-12T04:41:49.561+0000] {dag.py:4138} INFO - Setting next_dagrun for example_task_group_decorator to 2026-08-11 00:00:00+00:00, run_after=2026-08-12 00:00:00+00:00
[2026-08-12T04:41:49.587+0000] {processor.py:208} INFO - Processing /home/airflow/.local/lib/python3.12/site-packages/airflow/example_dags/example_task_group_decorator.py took 0.124 seconds
[2026-08-12T04:42:20.528+0000] {processor.py:186} INFO - Started process (PID=1218) to work on /home/airflow/.local/lib/python3.12/site-packages/airflow/example_dags/example_task_group_decorator.py
[2026-08-12T04:42:20.530+0000] {processor.py:914} INFO - Processing file /home/airflow/.local/lib/python3.12/site-packages/airflow/example_dags/example_task_group_decorator.py for tasks to queue
[2026-08-12T04:42:20.535+0000] {logging_mixin.py:190} INFO - [2026-08-12T04:42:20.534+0000] {dagbag.py:587} INFO - Filling up the DagBag from /home/airflow/.local/lib/python3.12/site-packages/airflow/example_dags/example_task_group_decorator.py
[2026-08-12T04:42:20.557+0000] {processor.py:925} INFO - DAG(s) 'example_task_group_decorator' retrieved from /home/airflow/.local/lib/python3.12/site-packages/airflow/example_dags/example_task_group_decorator.py
[2026-08-12T04:42:20.600+0000] {logging_mixin.py:190} INFO - [2026-08-12T04:42:20.600+0000] {dag.py:3211} INFO - Sync 1 DAGs
[2026-08-12T04:42:20.633+0000] {logging_mixin.py:190} INFO - [2026-08-12T04:42:20.632+0000] {dag.py:4138} INFO - Setting next_dagrun for example_task_group_decorator to 2026-08-11 00:00:00+00:00, run_after=2026-08-12 00:00:00+00:00
[2026-08-12T04:42:20.660+0000] {processor.py:208} INFO - Processing /home/airflow/.local/lib/python3.12/site-packages/airflow/example_dags/example_task_group_decorator.py took 0.140 seconds
[2026-08-12T04:42:50.977+0000] {processor.py:186} INFO - Started process (PID=1280) to work on /home/airflow/.local/lib/python3.12/site-packages/airflow/example_dags/example_task_group_decorator.py
[2026-08-12T04:42:50.979+0000] {processor.py:914} INFO - Processing file /home/airflow/.local/lib/python3.12/site-packages/airflow/example_dags/example_task_group_decorator.py for tasks to queue
[2026-08-12T04:42:50.983+0000] {logging_mixin.py:190} INFO - [2026-08-12T04:42:50.982+0000] {dagbag.py:587} INFO - Filling up the DagBag from /home/airflow/.local/lib/python3.12/site-packages/airflow/example_dags/example_task_group_decorator.py
[2026-08-12T04:42:51.005+0000] {processor.py:925} INFO - DAG(s) 'example_task_group_decorator' retrieved from /home/airflow/.local/lib/python3.12/site-packages/airflow/example_dags/example_task_group_decorator.py
[2026-08-12T04:42:51.036+0000] {logging_mixin.py:190} INFO - [2026-08-12T04:42:51.036+0000] {dag.py:3211} INFO - Sync 1 DAGs
[2026-08-12T04:42:51.061+0000] {logging_mixin.py:190} INFO - [2026-08-12T04:42:51.061+0000] {dag.py:4138} INFO - Setting next_dagrun for example_task_group_decorator to 2026-08-11 00:00:00+00:00, run_after=2026-08-12 00:00:00+00:00
[2026-08-12T04:42:51.085+0000] {processor.py:208} INFO - Processing /home/airflow/.local/lib/python3.12/site-packages/airflow/example_dags/example_task_group_decorator.py took 0.113 seconds
[2026-08-12T04:43:21.671+0000] {processor.py:186} INFO - Started process (PID=1342) to work on /home/airflow/.local/lib/python3.12/site-packages/airflow/example_dags/example_task_group_decorator.py
[2026-08-12T04:43:21.673+0000] {processor.py:914} INFO - Processing file /home/airflow/.local/lib/python3.12/site-packages/airflow/example_dags/example_task_group_decorator.py for tasks to queue
[2026-08-12T04:43:21.676+0000] {logging_mixin.py:190} INFO - [2026-08-12T04:43:21.676+0000] {dagbag.py:587} INFO - Filling up the DagBag from /home/airflow/.local/lib/python3.12/site-packages/airflow/example_dags/example_task_group_decorator.py
[2026-08-12T04:43:21.692+0000] {processor.py:925} INFO - DAG(s) 'example_task_group_decorator' retrieved from /home/airflow/.local/lib/python3.12/site-packages/airflow/example_dags/example_task_group_decorator.py
[2026-08-12T04:43:21.718+0000] {logging_mixin.py:190} INFO - [2026-08-12T04:43:21.718+0000] {dag.py:3211} INFO - Sync 1 DAGs
[2026-08-12T04:43:21.739+0000] {logging_mixin.py:190} INFO - [2026-08-12T04:43:21.739+0000] {dag.py:4138} INFO - Setting next_dagrun for example_task_group_decorator to 2026-08-11 00:00:00+00:00, run_after=2026-08-12 00:00:00+00:00
[2026-08-12T04:43:21.761+0000] {processor.py:208} INFO - Processing /home/airflow/.local/lib/python3.12/site-packages/airflow/example_dags/example_task_group_decorator.py took 0.098 seconds
[2026-08-12T04:43:52.558+0000] {processor.py:186} INFO - Started process (PID=1404) to work on /home/airflow/.local/lib/python3.12/site-packages/airflow/example_dags/example_task_group_decorator.py
[2026-08-12T04:43:52.560+0000] {processor.py:914} INFO - Processing file /home/airflow/.local/lib/python3.12/site-packages/airflow/example_dags/example_task_group_decorator.py for tasks to queue
[2026-08-12T04:43:52.564+0000] {logging_mixin.py:190} INFO - [2026-08-12T04:43:52.563+0000] {dagbag.py:587} INFO - Filling up the DagBag from /home/airflow/.local/lib/python3.12/site-packages/airflow/example_dags/example_task_group_decorator.py
[2026-08-12T04:43:52.581+0000] {processor.py:925} INFO - DAG(s) 'example_task_group_decorator' retrieved from /home/airflow/.local/lib/python3.12/site-packages/airflow/example_dags/example_task_group_decorator.py
[2026-08-12T04:43:52.613+0000] {logging_mixin.py:190} INFO - [2026-08-12T04:43:52.613+0000] {dag.py:3211} INFO - Sync 1 DAGs
[2026-08-12T04:43:52.641+0000] {logging_mixin.py:190} INFO - [2026-08-12T04:43:52.641+0000] {dag.py:4138} INFO - Setting next_dagrun for example_task_group_decorator to 2026-08-11 00:00:00+00:00, run_after=2026-08-12 00:00:00+00:00
[2026-08-12T04:43:52.664+0000] {processor.py:208} INFO - Processing /home/airflow/.local/lib/python3.12/site-packages/airflow/example_dags/example_task_group_decorator.py took 0.115 seconds
[2026-08-12T04:44:23.250+0000] {processor.py:186} INFO - Started process (PID=1466) to work on /home/airflow/.local/lib/python3.12/site-packages/airflow/example_dags/example_task_group_decorator.py
[2026-08-12T04:44:23.252+0000] {processor.py:914} INFO - Processing file /home/airflow/.local/lib/python3.12/site-packages/airflow/example_dags/example_task_group_decorator.py for tasks to queue
[2026-08-12T04:44:23.256+0000] {logging_mixin.py:190} INFO - [2026-08-12T04:44:23.256+0000] {dagbag.py:587} INFO - Filling up the DagBag from /home/airflow/.local/lib/python3.12/site-packages/airflow/example_dags/example_task_group_decorator.py
[2026-08-12T04:44:23.286+0000] {processor.py:925} INFO - DAG(s) 'example_task_group_decorator' retrieved from /home/airflow/.local/lib/python3.12/site-packages/airflow/example_dags/example_task_group_decorator.py
[2026-08-12T04:44:23.323+0000] {logging_mixin.py:190} INFO - [2026-08-12T04:44:23.323+0000] {dag.py:3211} INFO - Sync 1 DAGs
[2026-08-12T04:44:23.356+0000] {logging_mixin.py:190} INFO - [2026-08-12T04:44:23.356+0000] {dag.py:4138} INFO - Setting next_dagrun for example_task_group_decorator to 2026-08-11 00:00:00+00:00, run_after=2026-08-12 00:00:00+00:00
[2026-08-12T04:44:23.383+0000] {processor.py:208} INFO - Processing /home/airflow/.local/lib/python3.12/site-packages/airflow/example_dags/example_task_group_decorator.py took 0.142 seconds
[2026-08-12T04:44:54.038+0000] {processor.py:186} INFO - Started process (PID=1528) to work on /home/airflow/.local/lib/python3.12/site-packages/airflow/example_dags/example_task_group_decorator.py
[2026-08-12T04:44:54.041+0000] {processor.py:914} INFO - Processing file /home/airflow/.local/lib/python3.12/site-packages/airflow/example_dags/example_task_group_decorator.py for tasks to queue
[2026-08-12T04:44:54.044+0000] {logging_mixin.py:190} INFO - [2026-08-12T04:44:54.044+0000] {dagbag.py:587} INFO - Filling up the DagBag from /home/airflow/.local/lib/python3.12/site-packages/airflow/example_dags/example_task_group_decorator.py
[2026-08-12T04:44:54.060+0000] {processor.py:925} INFO - DAG(s) 'example_task_group_decorator' retrieved from /home/airflow/.local/lib/python3.12/site-packages/airflow/example_dags/example_task_group_decorator.py
[2026-08-12T04:44:54.086+0000] {logging_mixin.py:190} INFO - [2026-08-12T04:44:54.086+0000] {dag.py:3211} INFO - Sync 1 DAGs
[2026-08-12T04:44:54.108+0000] {logging_mixin.py:190} INFO - [2026-08-12T04:44:54.107+0000] {dag.py:4138} INFO - Setting next_dagrun for example_task_group_decorator to 2026-08-11 00:00:00+00:00, run_after=2026-08-12 00:00:00+00:00
[2026-08-12T04:44:54.129+0000] {processor.py:208} INFO - Processing /home/airflow/.local/lib/python3.12/site-packages/airflow/example_dags/example_task_group_decorator.py took 0.097 seconds
[2026-08-12T04:45:24.608+0000] {processor.py:186} INFO - Started process (PID=1590) to work on /home/airflow/.local/lib/python3.12/site-packages/airflow/example_dags/example_task_group_decorator.py
[2026-08-12T04:45:24.609+0000] {processor.py:914} INFO - Processing file /home/airflow/.local/lib/python3.12/site-packages/airflow/example_dags/example_task_group_decorator.py for tasks to queue
[2026-08-12T04:45:24.613+0000] {logging_mixin.py:190} INFO - [2026-08-12T04:45:24.612+0000] {dagbag.py:587} INFO - Filling up the DagBag from /home/airflow/.local/lib/python3.12/site-packages/airflow/example_dags/example_task_group_decorator.py
[2026-08-12T04:45:24.629+0000] {processor.py:925} INFO - DAG(s) 'example_task_group_decorator' retrieved from /home/airflow/.local/lib/python3.12/site-packages/airflow/example_dags/example_task_group_decorator.py
[2026-08-12T04:45:24.655+0000] {logging_mixin.py:190} INFO - [2026-08-12T04:45:24.655+0000] {dag.py:3211} INFO - Sync 1 DAGs
[2026-08-12T04:45:24.681+0000] {logging_mixin.py:190} INFO - [2026-08-12T04:45:24.681+0000] {dag.py:4138} INFO - Setting next_dagrun for example_task_group_decorator to 2026-08-11 00:00:00+00:00, run_after=2026-08-12 00:00:00+00:00
[2026-08-12T04:45:24.703+0000] {processor.py:208} INFO - Processing /home/airflow/.local/lib/python3.12/site-packages/airflow/example_dags/example_task_group_decorator.py took 0.102 seconds
[2026-08-12T04:45:55.490+0000] {processor.py:186} INFO - Started process (PID=1652) to work on /home/airflow/.local/lib/python3.12/site-packages/airflow/example_dags/example_task_group_decorator.py
[2026-08-12T04:45:55.492+0000] {processor.py:914} INFO - Processing file /home/airflow/.local/lib/python3.12/site-packages/airflow/example_dags/example_task_group_decorator.py for tasks to queue
[2026-08-12T04:45:55.495+0000] {logging_mixin.py:190} INFO - [2026-08-12T04:45:55.495+0000] {dagbag.py:587} INFO - Filling up the DagBag from /home/airflow/.local/lib/python3.12/site-packages/airflow/example_dags/example_task_group_decorator.py
[2026-08-12T04:45:55.516+0000] {processor.py:925} INFO - DAG(s) 'example_task_group_decorator' retrieved from /home/airflow/.local/lib/python3.12/site-packages/airflow/example_dags/example_task_group_decorator.py
[2026-08-12T04:45:55.549+0000] {logging_mixin.py:190} INFO - [2026-08-12T04:45:55.549+0000] {dag.py:3211} INFO - Sync 1 DAGs
[2026-08-12T04:45:55.584+0000] {logging_mixin.py:190} INFO - [2026-08-12T04:45:55.584+0000] {dag.py:4138} INFO - Setting next_dagrun for example_task_group_decorator to 2026-08-11 00:00:00+00:00, run_after=2026-08-12 00:00:00+00:00
[2026-08-12T04:45:55.616+0000] {processor.py:208} INFO - Processing /home/airflow/.local/lib/python3.12/site-packages/airflow/example_dags/example_task_group_decorator.py took 0.147 seconds
[2026-08-12T04:46:26.252+0000] {processor.py:186} INFO - Started process (PID=1714) to work on /home/airflow/.local/lib/python3.12/site-packages/airflow/example_dags/example_task_group_decorator.py
[2026-08-12T04:46:26.254+0000] {processor.py:914} INFO - Processing file /home/airflow/.local/lib/python3.12/site-packages/airflow/example_dags/example_task_group_decorator.py for tasks to queue
[2026-08-12T04:46:26.258+0000] {logging_mixin.py:190} INFO - [2026-08-12T04:46:26.258+0000] {dagbag.py:587} INFO - Filling up the DagBag from /home/airflow/.local/lib/python3.12/site-packages/airflow/example_dags/example_task_group_decorator.py
[2026-08-12T04:46:26.274+0000] {processor.py:925} INFO - DAG(s) 'example_task_group_decorator' retrieved from /home/airflow/.local/lib/python3.12/site-packages/airflow/example_dags/example_task_group_decorator.py
[2026-08-12T04:46:26.301+0000] {logging_mixin.py:190} INFO - [2026-08-12T04:46:26.300+0000] {dag.py:3211} INFO - Sync 1 DAGs
[2026-08-12T04:46:26.340+0000] {logging_mixin.py:190} INFO - [2026-08-12T04:46:26.340+0000] {dag.py:4138} INFO - Setting next_dagrun for example_task_group_decorator to 2026-08-11 00:00:00+00:00, run_after=2026-08-12 00:00:00+00:00
[2026-08-12T04:46:26.363+0000] {processor.py:208} INFO - Processing /home/airflow/.local/lib/python3.12/site-packages/airflow/example_dags/example_task_group_decorator.py took 0.130 seconds
[2026-08-12T04:46:57.100+0000] {processor.py:186} INFO - Started process (PID=1776) to work on /home/airflow/.local/lib/python3.12/site-packages/airflow/example_dags/example_task_group_decorator.py
[2026-08-12T04:46:57.102+0000] {processor.py:914} INFO - Processing file /home/airflow/.local/lib/python3.12/site-packages/airflow/example_dags/example_task_group_decorator.py for tasks to queue
[2026-08-12T04:46:57.107+0000] {logging_mixin.py:190} INFO - [2026-08-12T04:46:57.106+0000] {dagbag.py:587} INFO - Filling up the DagBag from /home/airflow/.local/lib/python3.12/site-packages/airflow/example_dags/example_task_group_decorator.py
[2026-08-12T04:46:57.128+0000] {processor.py:925} INFO - DAG(s) 'example_task_group_decorator' retrieved from /home/airflow/.local/lib/python3.12/site-packages/airflow/example_dags/example_task_group_decorator.py
[2026-08-12T04:46:57.156+0000] {logging_mixin.py:190} INFO - [2026-08-12T04:46:57.156+0000] {dag.py:3211} INFO - Sync 1 DAGs
[2026-08-12T04:46:57.188+0000] {logging_mixin.py:190} INFO - [2026-08-12T04:46:57.188+0000] {dag.py:4138} INFO - Setting next_dagrun for example_task_group_decorator to 2026-08-11 00:00:00+00:00, run_after=2026-08-12 00:00:00+00:00
[2026-08-12T04:46:57.215+0000] {processor.py:208} INFO - Processing /home/airflow/.local/lib/python3.12/site-packages/airflow/example_dags/example_task_group_decorator.py took 0.121 seconds
[2026-08-12T04:47:27.339+0000] {processor.py:186} INFO - Started process (PID=1838) to work on /home/airflow/.local/lib/python3.12/site-packages/airflow/example_dags/example_task_group_decorator.py
[2026-08-12T04:47:27.342+0000] {processor.py:914} INFO - Processing file /home/airflow/.local/lib/python3.12/site-packages/airflow/example_dags/example_task_group_decorator.py for tasks to queue
[2026-08-12T04:47:27.347+0000] {logging_mixin.py:190} INFO - [2026-08-12T04:47:27.346+0000] {dagbag.py:587} INFO - Filling up the DagBag from /home/airflow/.local/lib/python3.12/site-packages/airflow/example_dags/example_task_group_decorator.py
[2026-08-12T04:47:27.386+0000] {processor.py:925} INFO - DAG(s) 'example_task_group_decorator' retrieved from /home/airflow/.local/lib/python3.12/site-packages/airflow/example_dags/example_task_group_decorator.py
[2026-08-12T04:47:27.413+0000] {logging_mixin.py:190} INFO - [2026-08-12T04:47:27.413+0000] {dag.py:3211} INFO - Sync 1 DAGs
[2026-08-12T04:47:27.441+0000] {logging_mixin.py:190} INFO - [2026-08-12T04:47:27.440+0000] {dag.py:4138} INFO - Setting next_dagrun for example_task_group_decorator to 2026-08-11 00:00:00+00:00, run_after=2026-08-12 00:00:00+00:00
[2026-08-12T04:47:27.468+0000] {processor.py:208} INFO - Processing /home/airflow/.local/lib/python3.12/site-packages/airflow/example_dags/example_task_group_decorator.py took 0.136 seconds
[2026-08-12T04:47:58.152+0000] {processor.py:186} INFO - Started process (PID=1900) to work on /home/airflow/.local/lib/python3.12/site-packages/airflow/example_dags/example_task_group_decorator.py
[2026-08-12T04:47:58.154+0000] {processor.py:914} INFO - Processing file /home/airflow/.local/lib/python3.12/site-packages/airflow/example_dags/example_task_group_decorator.py for tasks to queue
[2026-08-12T04:47:58.157+0000] {logging_mixin.py:190} INFO - [2026-08-12T04:47:58.157+0000] {dagbag.py:587} INFO - Filling up the DagBag from /home/airflow/.local/lib/python3.12/site-packages/airflow/example_dags/example_task_group_decorator.py
[2026-08-12T04:47:58.190+0000] {processor.py:925} INFO - DAG(s) 'example_task_group_decorator' retrieved from /home/airflow/.local/lib/python3.12/site-packages/airflow/example_dags/example_task_group_decorator.py
[2026-08-12T04:47:58.228+0000] {logging_mixin.py:190} INFO - [2026-08-12T04:47:58.228+0000] {dag.py:3211} INFO - Sync 1 DAGs
[2026-08-12T04:47:58.263+0000] {logging_mixin.py:190} INFO - [2026-08-12T04:47:58.263+0000] {dag.py:4138} INFO - Setting next_dagrun for example_task_group_decorator to 2026-08-11 00:00:00+00:00, run_after=2026-08-12 00:00:00+00:00
[2026-08-12T04:47:58.289+0000] {processor.py:208} INFO - Processing /home/airflow/.local/lib/python3.12/site-packages/airflow/example_dags/example_task_group_decorator.py took 0.143 seconds
