[2026-08-12T04:30:47.089+0000] {processor.py:186} INFO - Started process (PID=113) to work on /home/airflow/.local/lib/python3.12/site-packages/airflow/example_dags/example_dataset_alias.py
[2026-08-12T04:30:47.092+0000] {processor.py:914} INFO - Processing file /home/airflow/.local/lib/python3.12/site-packages/airflow/example_dags/example_dataset_alias.py for tasks to queue
[2026-08-12T04:30:47.095+0000] {logging_mixin.py:190} INFO - [2026-08-12T04:30:47.095+0000] {dagbag.py:587} INFO - Filling up the DagBag from /home/airflow/.local/lib/python3.12/site-packages/airflow/example_dags/example_dataset_alias.py
[2026-08-12T04:30:47.312+0000] {processor.py:925} INFO - DAG(s) 'dataset_alias_example_alias_consumer', 'dataset_s3_bucket_consumer', 'dataset_s3_bucket_producer', 'dataset_alias_example_alias_producer' retrieved from /home/airflow/.local/lib/python3.12/site-packages/airflow/example_dags/example_dataset_alias.py
[2026-08-12T04:30:47.452+0000] {logging_mixin.py:190} INFO - [2026-08-12T04:30:47.451+0000] {override.py:1858} INFO - Created Permission View: can delete on DAG:dataset_alias_example_alias_consumer
[2026-08-12T04:30:47.465+0000] {logging_mixin.py:190} INFO - [2026-08-12T04:30:47.465+0000] {override.py:1858} INFO - Created Permission View: can read on DAG:dataset_alias_example_alias_consumer
[2026-08-12T04:30:47.476+0000] {logging_mixin.py:190} INFO - [2026-08-12T04:30:47.475+0000] {override.py:1858} INFO - Created Permission View: can edit on DAG:dataset_alias_example_alias_consumer
[2026-08-12T04:30:47.494+0000] {logging_mixin.py:190} INFO - [2026-08-12T04:30:47.494+0000] {override.py:1858} INFO - Created Permission View: can delete on DAG:dataset_s3_bucket_consumer
[2026-08-12T04:30:47.505+0000] {logging_mixin.py:190} INFO - [2026-08-12T04:30:47.504+0000] {override.py:1858} INFO - Created Permission View: can read on DAG:dataset_s3_bucket_consumer
[2026-08-12T04:30:47.515+0000] {logging_mixin.py:190} INFO - [2026-08-12T04:30:47.515+0000] {override.py:1858} INFO - Created Permission View: can edit on DAG:dataset_s3_bucket_consumer
[2026-08-12T04:30:47.534+0000] {logging_mixin.py:190} INFO - [2026-08-12T04:30:47.534+0000] {override.py:1858} INFO - Created Permission View: can delete on DAG:dataset_s3_bucket_producer
[2026-08-12T04:30:47.547+0000] {logging_mixin.py:190} INFO - [2026-08-12T04:30:47.546+0000] {override.py:1858} INFO - Created Permission View: can read on DAG:dataset_s3_bucket_producer
[2026-08-12T04:30:47.562+0000] {logging_mixin.py:190} INFO - [2026-08-12T04:30:47.562+0000] {override.py:1858} INFO - Created Permission View: can edit on DAG:dataset_s3_bucket_producer
[2026-08-12T04:30:47.582+0000] {logging_mixin.py:190} INFO - [2026-08-12T04:30:47.582+0000] {override.py:1858} INFO - Created Permission View: can delete on DAG:dataset_alias_example_alias_producer
[2026-08-12T04:30:47.594+0000] {logging_mixin.py:190} INFO - [2026-08-12T04:30:47.594+0000] {override.py:1858} INFO - Created Permission View: can read on DAG:dataset_alias_example_alias_producer
[2026-08-12T04:30:47.609+0000] {logging_mixin.py:190} INFO - [2026-08-12T04:30:47.604+0000] {override.py:1858} INFO - Created Permission View: can edit on DAG:dataset_alias_example_alias_producer
[2026-08-12T04:30:47.619+0000] {logging_mixin.py:190} INFO - [2026-08-12T04:30:47.619+0000] {dag.py:3211} INFO - Sync 4 DAGs
[2026-08-12T04:30:47.639+0000] {logging_mixin.py:190} INFO - [2026-08-12T04:30:47.638+0000] {dag.py:3234} INFO - Creating ORM DAG for dataset_alias_example_alias_consumer
[2026-08-12T04:30:47.641+0000] {logging_mixin.py:190} INFO - [2026-08-12T04:30:47.641+0000] {dag.py:3234} INFO - Creating ORM DAG for dataset_s3_bucket_consumer
[2026-08-12T04:30:47.643+0000] {logging_mixin.py:190} INFO - [2026-08-12T04:30:47.643+0000] {dag.py:3234} INFO - Creating ORM DAG for dataset_alias_example_alias_producer
[2026-08-12T04:30:47.650+0000] {logging_mixin.py:190} INFO - [2026-08-12T04:30:47.650+0000] {dag.py:3234} INFO - Creating ORM DAG for dataset_s3_bucket_producer
[2026-08-12T04:30:47.666+0000] {logging_mixin.py:190} INFO - [2026-08-12T04:30:47.666+0000] {dag.py:4138} INFO - Setting next_dagrun for dataset_alias_example_alias_consumer to None, run_after=None
[2026-08-12T04:30:47.668+0000] {logging_mixin.py:190} INFO - [2026-08-12T04:30:47.668+0000] {dag.py:4138} INFO - Setting next_dagrun for dataset_alias_example_alias_producer to None, run_after=None
[2026-08-12T04:30:47.669+0000] {logging_mixin.py:190} INFO - [2026-08-12T04:30:47.669+0000] {dag.py:4138} INFO - Setting next_dagrun for dataset_s3_bucket_consumer to None, run_after=None
[2026-08-12T04:30:47.672+0000] {logging_mixin.py:190} INFO - [2026-08-12T04:30:47.671+0000] {dag.py:4138} INFO - Setting next_dagrun for dataset_s3_bucket_producer to None, run_after=None
[2026-08-12T04:30:47.707+0000] {processor.py:208} INFO - Processing /home/airflow/.local/lib/python3.12/site-packages/airflow/example_dags/example_dataset_alias.py took 0.626 seconds
[2026-08-12T04:31:18.093+0000] {processor.py:186} INFO - Started process (PID=175) to work on /home/airflow/.local/lib/python3.12/site-packages/airflow/example_dags/example_dataset_alias.py
[2026-08-12T04:31:18.094+0000] {processor.py:914} INFO - Processing file /home/airflow/.local/lib/python3.12/site-packages/airflow/example_dags/example_dataset_alias.py for tasks to queue
[2026-08-12T04:31:18.098+0000] {logging_mixin.py:190} INFO - [2026-08-12T04:31:18.097+0000] {dagbag.py:587} INFO - Filling up the DagBag from /home/airflow/.local/lib/python3.12/site-packages/airflow/example_dags/example_dataset_alias.py
[2026-08-12T04:31:18.264+0000] {processor.py:925} INFO - DAG(s) 'dataset_s3_bucket_producer', 'dataset_alias_example_alias_producer', 'dataset_s3_bucket_consumer', 'dataset_alias_example_alias_consumer' retrieved from /home/airflow/.local/lib/python3.12/site-packages/airflow/example_dags/example_dataset_alias.py
[2026-08-12T04:31:18.293+0000] {logging_mixin.py:190} INFO - [2026-08-12T04:31:18.292+0000] {dag.py:3211} INFO - Sync 4 DAGs
[2026-08-12T04:31:18.317+0000] {logging_mixin.py:190} INFO - [2026-08-12T04:31:18.317+0000] {dag.py:4138} INFO - Setting next_dagrun for dataset_alias_example_alias_consumer to None, run_after=None
[2026-08-12T04:31:18.322+0000] {logging_mixin.py:190} INFO - [2026-08-12T04:31:18.322+0000] {dag.py:4138} INFO - Setting next_dagrun for dataset_alias_example_alias_producer to None, run_after=None
[2026-08-12T04:31:18.325+0000] {logging_mixin.py:190} INFO - [2026-08-12T04:31:18.324+0000] {dag.py:4138} INFO - Setting next_dagrun for dataset_s3_bucket_consumer to None, run_after=None
[2026-08-12T04:31:18.327+0000] {logging_mixin.py:190} INFO - [2026-08-12T04:31:18.327+0000] {dag.py:4138} INFO - Setting next_dagrun for dataset_s3_bucket_producer to None, run_after=None
[2026-08-12T04:31:18.356+0000] {processor.py:208} INFO - Processing /home/airflow/.local/lib/python3.12/site-packages/airflow/example_dags/example_dataset_alias.py took 0.271 seconds
[2026-08-12T04:31:48.517+0000] {processor.py:186} INFO - Started process (PID=239) to work on /home/airflow/.local/lib/python3.12/site-packages/airflow/example_dags/example_dataset_alias.py
[2026-08-12T04:31:48.519+0000] {processor.py:914} INFO - Processing file /home/airflow/.local/lib/python3.12/site-packages/airflow/example_dags/example_dataset_alias.py for tasks to queue
[2026-08-12T04:31:48.524+0000] {logging_mixin.py:190} INFO - [2026-08-12T04:31:48.523+0000] {dagbag.py:587} INFO - Filling up the DagBag from /home/airflow/.local/lib/python3.12/site-packages/airflow/example_dags/example_dataset_alias.py
[2026-08-12T04:31:48.671+0000] {processor.py:925} INFO - DAG(s) 'dataset_alias_example_alias_producer', 'dataset_alias_example_alias_consumer', 'dataset_s3_bucket_producer', 'dataset_s3_bucket_consumer' retrieved from /home/airflow/.local/lib/python3.12/site-packages/airflow/example_dags/example_dataset_alias.py
[2026-08-12T04:31:48.695+0000] {logging_mixin.py:190} INFO - [2026-08-12T04:31:48.695+0000] {dag.py:3211} INFO - Sync 4 DAGs
[2026-08-12T04:31:48.717+0000] {logging_mixin.py:190} INFO - [2026-08-12T04:31:48.716+0000] {dag.py:4138} INFO - Setting next_dagrun for dataset_alias_example_alias_consumer to None, run_after=None
[2026-08-12T04:31:48.722+0000] {logging_mixin.py:190} INFO - [2026-08-12T04:31:48.721+0000] {dag.py:4138} INFO - Setting next_dagrun for dataset_alias_example_alias_producer to None, run_after=None
[2026-08-12T04:31:48.725+0000] {logging_mixin.py:190} INFO - [2026-08-12T04:31:48.725+0000] {dag.py:4138} INFO - Setting next_dagrun for dataset_s3_bucket_consumer to None, run_after=None
[2026-08-12T04:31:48.727+0000] {logging_mixin.py:190} INFO - [2026-08-12T04:31:48.727+0000] {dag.py:4138} INFO - Setting next_dagrun for dataset_s3_bucket_producer to None, run_after=None
[2026-08-12T04:31:48.749+0000] {processor.py:208} INFO - Processing /home/airflow/.local/lib/python3.12/site-packages/airflow/example_dags/example_dataset_alias.py took 0.237 seconds
[2026-08-12T04:33:06.572+0000] {processor.py:186} INFO - Started process (PID=99) to work on /home/airflow/.local/lib/python3.12/site-packages/airflow/example_dags/example_dataset_alias.py
[2026-08-12T04:33:06.574+0000] {processor.py:914} INFO - Processing file /home/airflow/.local/lib/python3.12/site-packages/airflow/example_dags/example_dataset_alias.py for tasks to queue
[2026-08-12T04:33:06.579+0000] {logging_mixin.py:190} INFO - [2026-08-12T04:33:06.578+0000] {dagbag.py:587} INFO - Filling up the DagBag from /home/airflow/.local/lib/python3.12/site-packages/airflow/example_dags/example_dataset_alias.py
[2026-08-12T04:33:06.836+0000] {processor.py:925} INFO - DAG(s) 'dataset_alias_example_alias_producer', 'dataset_alias_example_alias_consumer', 'dataset_s3_bucket_consumer', 'dataset_s3_bucket_producer' retrieved from /home/airflow/.local/lib/python3.12/site-packages/airflow/example_dags/example_dataset_alias.py
[2026-08-12T04:33:06.875+0000] {logging_mixin.py:190} INFO - [2026-08-12T04:33:06.875+0000] {dag.py:3211} INFO - Sync 4 DAGs
[2026-08-12T04:33:06.903+0000] {logging_mixin.py:190} INFO - [2026-08-12T04:33:06.903+0000] {dag.py:4138} INFO - Setting next_dagrun for dataset_alias_example_alias_consumer to None, run_after=None
[2026-08-12T04:33:06.907+0000] {logging_mixin.py:190} INFO - [2026-08-12T04:33:06.907+0000] {dag.py:4138} INFO - Setting next_dagrun for dataset_alias_example_alias_producer to None, run_after=None
[2026-08-12T04:33:06.922+0000] {logging_mixin.py:190} INFO - [2026-08-12T04:33:06.911+0000] {dag.py:4138} INFO - Setting next_dagrun for dataset_s3_bucket_consumer to None, run_after=None
[2026-08-12T04:33:06.927+0000] {logging_mixin.py:190} INFO - [2026-08-12T04:33:06.927+0000] {dag.py:4138} INFO - Setting next_dagrun for dataset_s3_bucket_producer to None, run_after=None
[2026-08-12T04:33:06.952+0000] {processor.py:208} INFO - Processing /home/airflow/.local/lib/python3.12/site-packages/airflow/example_dags/example_dataset_alias.py took 0.389 seconds
[2026-08-12T04:33:37.053+0000] {processor.py:186} INFO - Started process (PID=162) to work on /home/airflow/.local/lib/python3.12/site-packages/airflow/example_dags/example_dataset_alias.py
[2026-08-12T04:33:37.055+0000] {processor.py:914} INFO - Processing file /home/airflow/.local/lib/python3.12/site-packages/airflow/example_dags/example_dataset_alias.py for tasks to queue
[2026-08-12T04:33:37.059+0000] {logging_mixin.py:190} INFO - [2026-08-12T04:33:37.059+0000] {dagbag.py:587} INFO - Filling up the DagBag from /home/airflow/.local/lib/python3.12/site-packages/airflow/example_dags/example_dataset_alias.py
[2026-08-12T04:33:37.255+0000] {processor.py:925} INFO - DAG(s) 'dataset_alias_example_alias_consumer', 'dataset_s3_bucket_consumer', 'dataset_alias_example_alias_producer', 'dataset_s3_bucket_producer' retrieved from /home/airflow/.local/lib/python3.12/site-packages/airflow/example_dags/example_dataset_alias.py
[2026-08-12T04:33:37.283+0000] {logging_mixin.py:190} INFO - [2026-08-12T04:33:37.283+0000] {dag.py:3211} INFO - Sync 4 DAGs
[2026-08-12T04:33:37.310+0000] {logging_mixin.py:190} INFO - [2026-08-12T04:33:37.310+0000] {dag.py:4138} INFO - Setting next_dagrun for dataset_alias_example_alias_consumer to None, run_after=None
[2026-08-12T04:33:37.328+0000] {logging_mixin.py:190} INFO - [2026-08-12T04:33:37.327+0000] {dag.py:4138} INFO - Setting next_dagrun for dataset_alias_example_alias_producer to None, run_after=None
[2026-08-12T04:33:37.332+0000] {logging_mixin.py:190} INFO - [2026-08-12T04:33:37.331+0000] {dag.py:4138} INFO - Setting next_dagrun for dataset_s3_bucket_consumer to None, run_after=None
[2026-08-12T04:33:37.335+0000] {logging_mixin.py:190} INFO - [2026-08-12T04:33:37.334+0000] {dag.py:4138} INFO - Setting next_dagrun for dataset_s3_bucket_producer to None, run_after=None
[2026-08-12T04:33:37.362+0000] {processor.py:208} INFO - Processing /home/airflow/.local/lib/python3.12/site-packages/airflow/example_dags/example_dataset_alias.py took 0.315 seconds
[2026-08-12T04:34:07.663+0000] {processor.py:186} INFO - Started process (PID=225) to work on /home/airflow/.local/lib/python3.12/site-packages/airflow/example_dags/example_dataset_alias.py
[2026-08-12T04:34:07.664+0000] {processor.py:914} INFO - Processing file /home/airflow/.local/lib/python3.12/site-packages/airflow/example_dags/example_dataset_alias.py for tasks to queue
[2026-08-12T04:34:07.667+0000] {logging_mixin.py:190} INFO - [2026-08-12T04:34:07.667+0000] {dagbag.py:587} INFO - Filling up the DagBag from /home/airflow/.local/lib/python3.12/site-packages/airflow/example_dags/example_dataset_alias.py
[2026-08-12T04:34:07.834+0000] {processor.py:925} INFO - DAG(s) 'dataset_alias_example_alias_consumer', 'dataset_s3_bucket_consumer', 'dataset_s3_bucket_producer', 'dataset_alias_example_alias_producer' retrieved from /home/airflow/.local/lib/python3.12/site-packages/airflow/example_dags/example_dataset_alias.py
[2026-08-12T04:34:07.857+0000] {logging_mixin.py:190} INFO - [2026-08-12T04:34:07.857+0000] {dag.py:3211} INFO - Sync 4 DAGs
[2026-08-12T04:34:07.880+0000] {logging_mixin.py:190} INFO - [2026-08-12T04:34:07.879+0000] {dag.py:4138} INFO - Setting next_dagrun for dataset_alias_example_alias_consumer to None, run_after=None
[2026-08-12T04:34:07.884+0000] {logging_mixin.py:190} INFO - [2026-08-12T04:34:07.884+0000] {dag.py:4138} INFO - Setting next_dagrun for dataset_alias_example_alias_producer to None, run_after=None
[2026-08-12T04:34:07.887+0000] {logging_mixin.py:190} INFO - [2026-08-12T04:34:07.887+0000] {dag.py:4138} INFO - Setting next_dagrun for dataset_s3_bucket_consumer to None, run_after=None
[2026-08-12T04:34:07.889+0000] {logging_mixin.py:190} INFO - [2026-08-12T04:34:07.889+0000] {dag.py:4138} INFO - Setting next_dagrun for dataset_s3_bucket_producer to None, run_after=None
[2026-08-12T04:34:07.920+0000] {processor.py:208} INFO - Processing /home/airflow/.local/lib/python3.12/site-packages/airflow/example_dags/example_dataset_alias.py took 0.264 seconds
[2026-08-12T04:34:37.998+0000] {processor.py:186} INFO - Started process (PID=288) to work on /home/airflow/.local/lib/python3.12/site-packages/airflow/example_dags/example_dataset_alias.py
[2026-08-12T04:34:38.000+0000] {processor.py:914} INFO - Processing file /home/airflow/.local/lib/python3.12/site-packages/airflow/example_dags/example_dataset_alias.py for tasks to queue
[2026-08-12T04:34:38.004+0000] {logging_mixin.py:190} INFO - [2026-08-12T04:34:38.004+0000] {dagbag.py:587} INFO - Filling up the DagBag from /home/airflow/.local/lib/python3.12/site-packages/airflow/example_dags/example_dataset_alias.py
[2026-08-12T04:34:38.192+0000] {processor.py:925} INFO - DAG(s) 'dataset_alias_example_alias_producer', 'dataset_s3_bucket_consumer', 'dataset_s3_bucket_producer', 'dataset_alias_example_alias_consumer' retrieved from /home/airflow/.local/lib/python3.12/site-packages/airflow/example_dags/example_dataset_alias.py
[2026-08-12T04:34:38.218+0000] {logging_mixin.py:190} INFO - [2026-08-12T04:34:38.218+0000] {dag.py:3211} INFO - Sync 4 DAGs
[2026-08-12T04:34:38.249+0000] {logging_mixin.py:190} INFO - [2026-08-12T04:34:38.248+0000] {dag.py:4138} INFO - Setting next_dagrun for dataset_alias_example_alias_consumer to None, run_after=None
[2026-08-12T04:34:38.255+0000] {logging_mixin.py:190} INFO - [2026-08-12T04:34:38.255+0000] {dag.py:4138} INFO - Setting next_dagrun for dataset_alias_example_alias_producer to None, run_after=None
[2026-08-12T04:34:38.258+0000] {logging_mixin.py:190} INFO - [2026-08-12T04:34:38.258+0000] {dag.py:4138} INFO - Setting next_dagrun for dataset_s3_bucket_consumer to None, run_after=None
[2026-08-12T04:34:38.260+0000] {logging_mixin.py:190} INFO - [2026-08-12T04:34:38.260+0000] {dag.py:4138} INFO - Setting next_dagrun for dataset_s3_bucket_producer to None, run_after=None
[2026-08-12T04:34:38.289+0000] {processor.py:208} INFO - Processing /home/airflow/.local/lib/python3.12/site-packages/airflow/example_dags/example_dataset_alias.py took 0.298 seconds
[2026-08-12T04:35:08.704+0000] {processor.py:186} INFO - Started process (PID=348) to work on /home/airflow/.local/lib/python3.12/site-packages/airflow/example_dags/example_dataset_alias.py
[2026-08-12T04:35:08.706+0000] {processor.py:914} INFO - Processing file /home/airflow/.local/lib/python3.12/site-packages/airflow/example_dags/example_dataset_alias.py for tasks to queue
[2026-08-12T04:35:08.709+0000] {logging_mixin.py:190} INFO - [2026-08-12T04:35:08.709+0000] {dagbag.py:587} INFO - Filling up the DagBag from /home/airflow/.local/lib/python3.12/site-packages/airflow/example_dags/example_dataset_alias.py
[2026-08-12T04:35:08.879+0000] {processor.py:925} INFO - DAG(s) 'dataset_alias_example_alias_producer', 'dataset_s3_bucket_consumer', 'dataset_alias_example_alias_consumer', 'dataset_s3_bucket_producer' retrieved from /home/airflow/.local/lib/python3.12/site-packages/airflow/example_dags/example_dataset_alias.py
[2026-08-12T04:35:08.909+0000] {logging_mixin.py:190} INFO - [2026-08-12T04:35:08.909+0000] {dag.py:3211} INFO - Sync 4 DAGs
[2026-08-12T04:35:08.938+0000] {logging_mixin.py:190} INFO - [2026-08-12T04:35:08.938+0000] {dag.py:4138} INFO - Setting next_dagrun for dataset_alias_example_alias_consumer to None, run_after=None
[2026-08-12T04:35:08.942+0000] {logging_mixin.py:190} INFO - [2026-08-12T04:35:08.941+0000] {dag.py:4138} INFO - Setting next_dagrun for dataset_alias_example_alias_producer to None, run_after=None
[2026-08-12T04:35:08.944+0000] {logging_mixin.py:190} INFO - [2026-08-12T04:35:08.944+0000] {dag.py:4138} INFO - Setting next_dagrun for dataset_s3_bucket_consumer to None, run_after=None
[2026-08-12T04:35:08.946+0000] {logging_mixin.py:190} INFO - [2026-08-12T04:35:08.946+0000] {dag.py:4138} INFO - Setting next_dagrun for dataset_s3_bucket_producer to None, run_after=None
[2026-08-12T04:35:08.976+0000] {processor.py:208} INFO - Processing /home/airflow/.local/lib/python3.12/site-packages/airflow/example_dags/example_dataset_alias.py took 0.277 seconds
[2026-08-12T04:35:39.708+0000] {processor.py:186} INFO - Started process (PID=410) to work on /home/airflow/.local/lib/python3.12/site-packages/airflow/example_dags/example_dataset_alias.py
[2026-08-12T04:35:39.709+0000] {processor.py:914} INFO - Processing file /home/airflow/.local/lib/python3.12/site-packages/airflow/example_dags/example_dataset_alias.py for tasks to queue
[2026-08-12T04:35:39.712+0000] {logging_mixin.py:190} INFO - [2026-08-12T04:35:39.712+0000] {dagbag.py:587} INFO - Filling up the DagBag from /home/airflow/.local/lib/python3.12/site-packages/airflow/example_dags/example_dataset_alias.py
[2026-08-12T04:35:39.888+0000] {processor.py:925} INFO - DAG(s) 'dataset_s3_bucket_producer', 'dataset_s3_bucket_consumer', 'dataset_alias_example_alias_consumer', 'dataset_alias_example_alias_producer' retrieved from /home/airflow/.local/lib/python3.12/site-packages/airflow/example_dags/example_dataset_alias.py
[2026-08-12T04:35:39.917+0000] {logging_mixin.py:190} INFO - [2026-08-12T04:35:39.917+0000] {dag.py:3211} INFO - Sync 4 DAGs
[2026-08-12T04:35:39.945+0000] {logging_mixin.py:190} INFO - [2026-08-12T04:35:39.945+0000] {dag.py:4138} INFO - Setting next_dagrun for dataset_alias_example_alias_consumer to None, run_after=None
[2026-08-12T04:35:39.948+0000] {logging_mixin.py:190} INFO - [2026-08-12T04:35:39.948+0000] {dag.py:4138} INFO - Setting next_dagrun for dataset_alias_example_alias_producer to None, run_after=None
[2026-08-12T04:35:39.951+0000] {logging_mixin.py:190} INFO - [2026-08-12T04:35:39.951+0000] {dag.py:4138} INFO - Setting next_dagrun for dataset_s3_bucket_consumer to None, run_after=None
[2026-08-12T04:35:39.954+0000] {logging_mixin.py:190} INFO - [2026-08-12T04:35:39.954+0000] {dag.py:4138} INFO - Setting next_dagrun for dataset_s3_bucket_producer to None, run_after=None
[2026-08-12T04:35:39.980+0000] {processor.py:208} INFO - Processing /home/airflow/.local/lib/python3.12/site-packages/airflow/example_dags/example_dataset_alias.py took 0.282 seconds
[2026-08-12T04:36:11.114+0000] {processor.py:186} INFO - Started process (PID=472) to work on /home/airflow/.local/lib/python3.12/site-packages/airflow/example_dags/example_dataset_alias.py
[2026-08-12T04:36:11.116+0000] {processor.py:914} INFO - Processing file /home/airflow/.local/lib/python3.12/site-packages/airflow/example_dags/example_dataset_alias.py for tasks to queue
[2026-08-12T04:36:11.120+0000] {logging_mixin.py:190} INFO - [2026-08-12T04:36:11.119+0000] {dagbag.py:587} INFO - Filling up the DagBag from /home/airflow/.local/lib/python3.12/site-packages/airflow/example_dags/example_dataset_alias.py
[2026-08-12T04:36:11.293+0000] {processor.py:925} INFO - DAG(s) 'dataset_s3_bucket_producer', 'dataset_s3_bucket_consumer', 'dataset_alias_example_alias_producer', 'dataset_alias_example_alias_consumer' retrieved from /home/airflow/.local/lib/python3.12/site-packages/airflow/example_dags/example_dataset_alias.py
[2026-08-12T04:36:11.317+0000] {logging_mixin.py:190} INFO - [2026-08-12T04:36:11.317+0000] {dag.py:3211} INFO - Sync 4 DAGs
[2026-08-12T04:36:11.340+0000] {logging_mixin.py:190} INFO - [2026-08-12T04:36:11.339+0000] {dag.py:4138} INFO - Setting next_dagrun for dataset_alias_example_alias_consumer to None, run_after=None
[2026-08-12T04:36:11.343+0000] {logging_mixin.py:190} INFO - [2026-08-12T04:36:11.343+0000] {dag.py:4138} INFO - Setting next_dagrun for dataset_alias_example_alias_producer to None, run_after=None
[2026-08-12T04:36:11.346+0000] {logging_mixin.py:190} INFO - [2026-08-12T04:36:11.346+0000] {dag.py:4138} INFO - Setting next_dagrun for dataset_s3_bucket_consumer to None, run_after=None
[2026-08-12T04:36:11.348+0000] {logging_mixin.py:190} INFO - [2026-08-12T04:36:11.348+0000] {dag.py:4138} INFO - Setting next_dagrun for dataset_s3_bucket_producer to None, run_after=None
[2026-08-12T04:36:11.375+0000] {processor.py:208} INFO - Processing /home/airflow/.local/lib/python3.12/site-packages/airflow/example_dags/example_dataset_alias.py took 0.267 seconds
[2026-08-12T04:36:42.123+0000] {processor.py:186} INFO - Started process (PID=534) to work on /home/airflow/.local/lib/python3.12/site-packages/airflow/example_dags/example_dataset_alias.py
[2026-08-12T04:36:42.125+0000] {processor.py:914} INFO - Processing file /home/airflow/.local/lib/python3.12/site-packages/airflow/example_dags/example_dataset_alias.py for tasks to queue
[2026-08-12T04:36:42.128+0000] {logging_mixin.py:190} INFO - [2026-08-12T04:36:42.128+0000] {dagbag.py:587} INFO - Filling up the DagBag from /home/airflow/.local/lib/python3.12/site-packages/airflow/example_dags/example_dataset_alias.py
[2026-08-12T04:36:42.278+0000] {processor.py:925} INFO - DAG(s) 'dataset_s3_bucket_producer', 'dataset_alias_example_alias_producer', 'dataset_s3_bucket_consumer', 'dataset_alias_example_alias_consumer' retrieved from /home/airflow/.local/lib/python3.12/site-packages/airflow/example_dags/example_dataset_alias.py
[2026-08-12T04:36:42.308+0000] {logging_mixin.py:190} INFO - [2026-08-12T04:36:42.308+0000] {dag.py:3211} INFO - Sync 4 DAGs
[2026-08-12T04:36:42.333+0000] {logging_mixin.py:190} INFO - [2026-08-12T04:36:42.333+0000] {dag.py:4138} INFO - Setting next_dagrun for dataset_alias_example_alias_consumer to None, run_after=None
[2026-08-12T04:36:42.338+0000] {logging_mixin.py:190} INFO - [2026-08-12T04:36:42.338+0000] {dag.py:4138} INFO - Setting next_dagrun for dataset_alias_example_alias_producer to None, run_after=None
[2026-08-12T04:36:42.341+0000] {logging_mixin.py:190} INFO - [2026-08-12T04:36:42.341+0000] {dag.py:4138} INFO - Setting next_dagrun for dataset_s3_bucket_consumer to None, run_after=None
[2026-08-12T04:36:42.345+0000] {logging_mixin.py:190} INFO - [2026-08-12T04:36:42.345+0000] {dag.py:4138} INFO - Setting next_dagrun for dataset_s3_bucket_producer to None, run_after=None
[2026-08-12T04:36:42.376+0000] {processor.py:208} INFO - Processing /home/airflow/.local/lib/python3.12/site-packages/airflow/example_dags/example_dataset_alias.py took 0.259 seconds
[2026-08-12T04:37:12.954+0000] {processor.py:186} INFO - Started process (PID=596) to work on /home/airflow/.local/lib/python3.12/site-packages/airflow/example_dags/example_dataset_alias.py
[2026-08-12T04:37:12.957+0000] {processor.py:914} INFO - Processing file /home/airflow/.local/lib/python3.12/site-packages/airflow/example_dags/example_dataset_alias.py for tasks to queue
[2026-08-12T04:37:12.961+0000] {logging_mixin.py:190} INFO - [2026-08-12T04:37:12.960+0000] {dagbag.py:587} INFO - Filling up the DagBag from /home/airflow/.local/lib/python3.12/site-packages/airflow/example_dags/example_dataset_alias.py
[2026-08-12T04:37:13.131+0000] {processor.py:925} INFO - DAG(s) 'dataset_alias_example_alias_consumer', 'dataset_s3_bucket_consumer', 'dataset_s3_bucket_producer', 'dataset_alias_example_alias_producer' retrieved from /home/airflow/.local/lib/python3.12/site-packages/airflow/example_dags/example_dataset_alias.py
[2026-08-12T04:37:13.159+0000] {logging_mixin.py:190} INFO - [2026-08-12T04:37:13.159+0000] {dag.py:3211} INFO - Sync 4 DAGs
[2026-08-12T04:37:13.185+0000] {logging_mixin.py:190} INFO - [2026-08-12T04:37:13.185+0000] {dag.py:4138} INFO - Setting next_dagrun for dataset_alias_example_alias_consumer to None, run_after=None
[2026-08-12T04:37:13.189+0000] {logging_mixin.py:190} INFO - [2026-08-12T04:37:13.189+0000] {dag.py:4138} INFO - Setting next_dagrun for dataset_alias_example_alias_producer to None, run_after=None
[2026-08-12T04:37:13.192+0000] {logging_mixin.py:190} INFO - [2026-08-12T04:37:13.192+0000] {dag.py:4138} INFO - Setting next_dagrun for dataset_s3_bucket_consumer to None, run_after=None
[2026-08-12T04:37:13.195+0000] {logging_mixin.py:190} INFO - [2026-08-12T04:37:13.195+0000] {dag.py:4138} INFO - Setting next_dagrun for dataset_s3_bucket_producer to None, run_after=None
[2026-08-12T04:37:13.221+0000] {processor.py:208} INFO - Processing /home/airflow/.local/lib/python3.12/site-packages/airflow/example_dags/example_dataset_alias.py took 0.276 seconds
[2026-08-12T04:37:43.402+0000] {processor.py:186} INFO - Started process (PID=658) to work on /home/airflow/.local/lib/python3.12/site-packages/airflow/example_dags/example_dataset_alias.py
[2026-08-12T04:37:43.404+0000] {processor.py:914} INFO - Processing file /home/airflow/.local/lib/python3.12/site-packages/airflow/example_dags/example_dataset_alias.py for tasks to queue
[2026-08-12T04:37:43.408+0000] {logging_mixin.py:190} INFO - [2026-08-12T04:37:43.408+0000] {dagbag.py:587} INFO - Filling up the DagBag from /home/airflow/.local/lib/python3.12/site-packages/airflow/example_dags/example_dataset_alias.py
[2026-08-12T04:37:43.570+0000] {processor.py:925} INFO - DAG(s) 'dataset_s3_bucket_producer', 'dataset_s3_bucket_consumer', 'dataset_alias_example_alias_consumer', 'dataset_alias_example_alias_producer' retrieved from /home/airflow/.local/lib/python3.12/site-packages/airflow/example_dags/example_dataset_alias.py
[2026-08-12T04:37:43.610+0000] {logging_mixin.py:190} INFO - [2026-08-12T04:37:43.610+0000] {dag.py:3211} INFO - Sync 4 DAGs
[2026-08-12T04:37:43.636+0000] {logging_mixin.py:190} INFO - [2026-08-12T04:37:43.636+0000] {dag.py:4138} INFO - Setting next_dagrun for dataset_alias_example_alias_consumer to None, run_after=None
[2026-08-12T04:37:43.642+0000] {logging_mixin.py:190} INFO - [2026-08-12T04:37:43.641+0000] {dag.py:4138} INFO - Setting next_dagrun for dataset_alias_example_alias_producer to None, run_after=None
[2026-08-12T04:37:43.644+0000] {logging_mixin.py:190} INFO - [2026-08-12T04:37:43.644+0000] {dag.py:4138} INFO - Setting next_dagrun for dataset_s3_bucket_consumer to None, run_after=None
[2026-08-12T04:37:43.647+0000] {logging_mixin.py:190} INFO - [2026-08-12T04:37:43.647+0000] {dag.py:4138} INFO - Setting next_dagrun for dataset_s3_bucket_producer to None, run_after=None
[2026-08-12T04:37:43.677+0000] {processor.py:208} INFO - Processing /home/airflow/.local/lib/python3.12/site-packages/airflow/example_dags/example_dataset_alias.py took 0.282 seconds
[2026-08-12T04:38:14.313+0000] {processor.py:186} INFO - Started process (PID=721) to work on /home/airflow/.local/lib/python3.12/site-packages/airflow/example_dags/example_dataset_alias.py
[2026-08-12T04:38:14.314+0000] {processor.py:914} INFO - Processing file /home/airflow/.local/lib/python3.12/site-packages/airflow/example_dags/example_dataset_alias.py for tasks to queue
[2026-08-12T04:38:14.317+0000] {logging_mixin.py:190} INFO - [2026-08-12T04:38:14.317+0000] {dagbag.py:587} INFO - Filling up the DagBag from /home/airflow/.local/lib/python3.12/site-packages/airflow/example_dags/example_dataset_alias.py
[2026-08-12T04:38:14.476+0000] {processor.py:925} INFO - DAG(s) 'dataset_alias_example_alias_consumer', 'dataset_s3_bucket_consumer', 'dataset_alias_example_alias_producer', 'dataset_s3_bucket_producer' retrieved from /home/airflow/.local/lib/python3.12/site-packages/airflow/example_dags/example_dataset_alias.py
[2026-08-12T04:38:14.502+0000] {logging_mixin.py:190} INFO - [2026-08-12T04:38:14.502+0000] {dag.py:3211} INFO - Sync 4 DAGs
[2026-08-12T04:38:14.528+0000] {logging_mixin.py:190} INFO - [2026-08-12T04:38:14.528+0000] {dag.py:4138} INFO - Setting next_dagrun for dataset_alias_example_alias_consumer to None, run_after=None
[2026-08-12T04:38:14.532+0000] {logging_mixin.py:190} INFO - [2026-08-12T04:38:14.531+0000] {dag.py:4138} INFO - Setting next_dagrun for dataset_alias_example_alias_producer to None, run_after=None
[2026-08-12T04:38:14.534+0000] {logging_mixin.py:190} INFO - [2026-08-12T04:38:14.534+0000] {dag.py:4138} INFO - Setting next_dagrun for dataset_s3_bucket_consumer to None, run_after=None
[2026-08-12T04:38:14.537+0000] {logging_mixin.py:190} INFO - [2026-08-12T04:38:14.536+0000] {dag.py:4138} INFO - Setting next_dagrun for dataset_s3_bucket_producer to None, run_after=None
[2026-08-12T04:38:14.578+0000] {processor.py:208} INFO - Processing /home/airflow/.local/lib/python3.12/site-packages/airflow/example_dags/example_dataset_alias.py took 0.272 seconds
[2026-08-12T04:38:45.236+0000] {processor.py:186} INFO - Started process (PID=782) to work on /home/airflow/.local/lib/python3.12/site-packages/airflow/example_dags/example_dataset_alias.py
[2026-08-12T04:38:45.238+0000] {processor.py:914} INFO - Processing file /home/airflow/.local/lib/python3.12/site-packages/airflow/example_dags/example_dataset_alias.py for tasks to queue
[2026-08-12T04:38:45.242+0000] {logging_mixin.py:190} INFO - [2026-08-12T04:38:45.241+0000] {dagbag.py:587} INFO - Filling up the DagBag from /home/airflow/.local/lib/python3.12/site-packages/airflow/example_dags/example_dataset_alias.py
[2026-08-12T04:38:45.399+0000] {processor.py:925} INFO - DAG(s) 'dataset_s3_bucket_producer', 'dataset_s3_bucket_consumer', 'dataset_alias_example_alias_producer', 'dataset_alias_example_alias_consumer' retrieved from /home/airflow/.local/lib/python3.12/site-packages/airflow/example_dags/example_dataset_alias.py
[2026-08-12T04:38:45.422+0000] {logging_mixin.py:190} INFO - [2026-08-12T04:38:45.422+0000] {dag.py:3211} INFO - Sync 4 DAGs
[2026-08-12T04:38:45.451+0000] {logging_mixin.py:190} INFO - [2026-08-12T04:38:45.450+0000] {dag.py:4138} INFO - Setting next_dagrun for dataset_alias_example_alias_consumer to None, run_after=None
[2026-08-12T04:38:45.454+0000] {logging_mixin.py:190} INFO - [2026-08-12T04:38:45.454+0000] {dag.py:4138} INFO - Setting next_dagrun for dataset_alias_example_alias_producer to None, run_after=None
[2026-08-12T04:38:45.457+0000] {logging_mixin.py:190} INFO - [2026-08-12T04:38:45.457+0000] {dag.py:4138} INFO - Setting next_dagrun for dataset_s3_bucket_consumer to None, run_after=None
[2026-08-12T04:38:45.459+0000] {logging_mixin.py:190} INFO - [2026-08-12T04:38:45.459+0000] {dag.py:4138} INFO - Setting next_dagrun for dataset_s3_bucket_producer to None, run_after=None
[2026-08-12T04:38:45.485+0000] {processor.py:208} INFO - Processing /home/airflow/.local/lib/python3.12/site-packages/airflow/example_dags/example_dataset_alias.py took 0.258 seconds
[2026-08-12T04:39:15.760+0000] {processor.py:186} INFO - Started process (PID=845) to work on /home/airflow/.local/lib/python3.12/site-packages/airflow/example_dags/example_dataset_alias.py
[2026-08-12T04:39:15.762+0000] {processor.py:914} INFO - Processing file /home/airflow/.local/lib/python3.12/site-packages/airflow/example_dags/example_dataset_alias.py for tasks to queue
[2026-08-12T04:39:15.765+0000] {logging_mixin.py:190} INFO - [2026-08-12T04:39:15.764+0000] {dagbag.py:587} INFO - Filling up the DagBag from /home/airflow/.local/lib/python3.12/site-packages/airflow/example_dags/example_dataset_alias.py
[2026-08-12T04:39:15.911+0000] {processor.py:925} INFO - DAG(s) 'dataset_s3_bucket_producer', 'dataset_alias_example_alias_producer', 'dataset_s3_bucket_consumer', 'dataset_alias_example_alias_consumer' retrieved from /home/airflow/.local/lib/python3.12/site-packages/airflow/example_dags/example_dataset_alias.py
[2026-08-12T04:39:15.936+0000] {logging_mixin.py:190} INFO - [2026-08-12T04:39:15.935+0000] {dag.py:3211} INFO - Sync 4 DAGs
[2026-08-12T04:39:15.961+0000] {logging_mixin.py:190} INFO - [2026-08-12T04:39:15.961+0000] {dag.py:4138} INFO - Setting next_dagrun for dataset_alias_example_alias_consumer to None, run_after=None
[2026-08-12T04:39:15.966+0000] {logging_mixin.py:190} INFO - [2026-08-12T04:39:15.965+0000] {dag.py:4138} INFO - Setting next_dagrun for dataset_alias_example_alias_producer to None, run_after=None
[2026-08-12T04:39:15.968+0000] {logging_mixin.py:190} INFO - [2026-08-12T04:39:15.968+0000] {dag.py:4138} INFO - Setting next_dagrun for dataset_s3_bucket_consumer to None, run_after=None
[2026-08-12T04:39:15.971+0000] {logging_mixin.py:190} INFO - [2026-08-12T04:39:15.970+0000] {dag.py:4138} INFO - Setting next_dagrun for dataset_s3_bucket_producer to None, run_after=None
[2026-08-12T04:39:15.994+0000] {processor.py:208} INFO - Processing /home/airflow/.local/lib/python3.12/site-packages/airflow/example_dags/example_dataset_alias.py took 0.239 seconds
[2026-08-12T04:39:46.743+0000] {processor.py:186} INFO - Started process (PID=908) to work on /home/airflow/.local/lib/python3.12/site-packages/airflow/example_dags/example_dataset_alias.py
[2026-08-12T04:39:46.746+0000] {processor.py:914} INFO - Processing file /home/airflow/.local/lib/python3.12/site-packages/airflow/example_dags/example_dataset_alias.py for tasks to queue
[2026-08-12T04:39:46.751+0000] {logging_mixin.py:190} INFO - [2026-08-12T04:39:46.750+0000] {dagbag.py:587} INFO - Filling up the DagBag from /home/airflow/.local/lib/python3.12/site-packages/airflow/example_dags/example_dataset_alias.py
[2026-08-12T04:39:46.916+0000] {processor.py:925} INFO - DAG(s) 'dataset_alias_example_alias_producer', 'dataset_s3_bucket_consumer', 'dataset_s3_bucket_producer', 'dataset_alias_example_alias_consumer' retrieved from /home/airflow/.local/lib/python3.12/site-packages/airflow/example_dags/example_dataset_alias.py
[2026-08-12T04:39:46.938+0000] {logging_mixin.py:190} INFO - [2026-08-12T04:39:46.937+0000] {dag.py:3211} INFO - Sync 4 DAGs
[2026-08-12T04:39:46.962+0000] {logging_mixin.py:190} INFO - [2026-08-12T04:39:46.961+0000] {dag.py:4138} INFO - Setting next_dagrun for dataset_alias_example_alias_consumer to None, run_after=None
[2026-08-12T04:39:46.966+0000] {logging_mixin.py:190} INFO - [2026-08-12T04:39:46.966+0000] {dag.py:4138} INFO - Setting next_dagrun for dataset_alias_example_alias_producer to None, run_after=None
[2026-08-12T04:39:46.969+0000] {logging_mixin.py:190} INFO - [2026-08-12T04:39:46.969+0000] {dag.py:4138} INFO - Setting next_dagrun for dataset_s3_bucket_consumer to None, run_after=None
[2026-08-12T04:39:46.971+0000] {logging_mixin.py:190} INFO - [2026-08-12T04:39:46.971+0000] {dag.py:4138} INFO - Setting next_dagrun for dataset_s3_bucket_producer to None, run_after=None
[2026-08-12T04:39:47.011+0000] {processor.py:208} INFO - Processing /home/airflow/.local/lib/python3.12/site-packages/airflow/example_dags/example_dataset_alias.py took 0.274 seconds
[2026-08-12T04:40:17.361+0000] {processor.py:186} INFO - Started process (PID=969) to work on /home/airflow/.local/lib/python3.12/site-packages/airflow/example_dags/example_dataset_alias.py
[2026-08-12T04:40:17.363+0000] {processor.py:914} INFO - Processing file /home/airflow/.local/lib/python3.12/site-packages/airflow/example_dags/example_dataset_alias.py for tasks to queue
[2026-08-12T04:40:17.367+0000] {logging_mixin.py:190} INFO - [2026-08-12T04:40:17.367+0000] {dagbag.py:587} INFO - Filling up the DagBag from /home/airflow/.local/lib/python3.12/site-packages/airflow/example_dags/example_dataset_alias.py
[2026-08-12T04:40:17.523+0000] {processor.py:925} INFO - DAG(s) 'dataset_alias_example_alias_consumer', 'dataset_s3_bucket_consumer', 'dataset_s3_bucket_producer', 'dataset_alias_example_alias_producer' retrieved from /home/airflow/.local/lib/python3.12/site-packages/airflow/example_dags/example_dataset_alias.py
[2026-08-12T04:40:17.550+0000] {logging_mixin.py:190} INFO - [2026-08-12T04:40:17.549+0000] {dag.py:3211} INFO - Sync 4 DAGs
[2026-08-12T04:40:17.577+0000] {logging_mixin.py:190} INFO - [2026-08-12T04:40:17.576+0000] {dag.py:4138} INFO - Setting next_dagrun for dataset_alias_example_alias_consumer to None, run_after=None
[2026-08-12T04:40:17.581+0000] {logging_mixin.py:190} INFO - [2026-08-12T04:40:17.580+0000] {dag.py:4138} INFO - Setting next_dagrun for dataset_alias_example_alias_producer to None, run_after=None
[2026-08-12T04:40:17.583+0000] {logging_mixin.py:190} INFO - [2026-08-12T04:40:17.583+0000] {dag.py:4138} INFO - Setting next_dagrun for dataset_s3_bucket_consumer to None, run_after=None
[2026-08-12T04:40:17.585+0000] {logging_mixin.py:190} INFO - [2026-08-12T04:40:17.585+0000] {dag.py:4138} INFO - Setting next_dagrun for dataset_s3_bucket_producer to None, run_after=None
[2026-08-12T04:40:17.612+0000] {processor.py:208} INFO - Processing /home/airflow/.local/lib/python3.12/site-packages/airflow/example_dags/example_dataset_alias.py took 0.257 seconds
[2026-08-12T04:40:47.879+0000] {processor.py:186} INFO - Started process (PID=1030) to work on /home/airflow/.local/lib/python3.12/site-packages/airflow/example_dags/example_dataset_alias.py
[2026-08-12T04:40:47.880+0000] {processor.py:914} INFO - Processing file /home/airflow/.local/lib/python3.12/site-packages/airflow/example_dags/example_dataset_alias.py for tasks to queue
[2026-08-12T04:40:47.883+0000] {logging_mixin.py:190} INFO - [2026-08-12T04:40:47.883+0000] {dagbag.py:587} INFO - Filling up the DagBag from /home/airflow/.local/lib/python3.12/site-packages/airflow/example_dags/example_dataset_alias.py
[2026-08-12T04:40:48.044+0000] {processor.py:925} INFO - DAG(s) 'dataset_alias_example_alias_consumer', 'dataset_s3_bucket_producer', 'dataset_s3_bucket_consumer', 'dataset_alias_example_alias_producer' retrieved from /home/airflow/.local/lib/python3.12/site-packages/airflow/example_dags/example_dataset_alias.py
[2026-08-12T04:40:48.072+0000] {logging_mixin.py:190} INFO - [2026-08-12T04:40:48.072+0000] {dag.py:3211} INFO - Sync 4 DAGs
[2026-08-12T04:40:48.095+0000] {logging_mixin.py:190} INFO - [2026-08-12T04:40:48.095+0000] {dag.py:4138} INFO - Setting next_dagrun for dataset_alias_example_alias_consumer to None, run_after=None
[2026-08-12T04:40:48.099+0000] {logging_mixin.py:190} INFO - [2026-08-12T04:40:48.099+0000] {dag.py:4138} INFO - Setting next_dagrun for dataset_alias_example_alias_producer to None, run_after=None
[2026-08-12T04:40:48.101+0000] {logging_mixin.py:190} INFO - [2026-08-12T04:40:48.101+0000] {dag.py:4138} INFO - Setting next_dagrun for dataset_s3_bucket_consumer to None, run_after=None
[2026-08-12T04:40:48.104+0000] {logging_mixin.py:190} INFO - [2026-08-12T04:40:48.104+0000] {dag.py:4138} INFO - Setting next_dagrun for dataset_s3_bucket_producer to None, run_after=None
[2026-08-12T04:40:48.129+0000] {processor.py:208} INFO - Processing /home/airflow/.local/lib/python3.12/site-packages/airflow/example_dags/example_dataset_alias.py took 0.257 seconds
[2026-08-12T04:41:18.867+0000] {processor.py:186} INFO - Started process (PID=1092) to work on /home/airflow/.local/lib/python3.12/site-packages/airflow/example_dags/example_dataset_alias.py
[2026-08-12T04:41:18.869+0000] {processor.py:914} INFO - Processing file /home/airflow/.local/lib/python3.12/site-packages/airflow/example_dags/example_dataset_alias.py for tasks to queue
[2026-08-12T04:41:18.873+0000] {logging_mixin.py:190} INFO - [2026-08-12T04:41:18.872+0000] {dagbag.py:587} INFO - Filling up the DagBag from /home/airflow/.local/lib/python3.12/site-packages/airflow/example_dags/example_dataset_alias.py
[2026-08-12T04:41:19.028+0000] {processor.py:925} INFO - DAG(s) 'dataset_s3_bucket_consumer', 'dataset_s3_bucket_producer', 'dataset_alias_example_alias_producer', 'dataset_alias_example_alias_consumer' retrieved from /home/airflow/.local/lib/python3.12/site-packages/airflow/example_dags/example_dataset_alias.py
[2026-08-12T04:41:19.055+0000] {logging_mixin.py:190} INFO - [2026-08-12T04:41:19.055+0000] {dag.py:3211} INFO - Sync 4 DAGs
[2026-08-12T04:41:19.077+0000] {logging_mixin.py:190} INFO - [2026-08-12T04:41:19.077+0000] {dag.py:4138} INFO - Setting next_dagrun for dataset_alias_example_alias_consumer to None, run_after=None
[2026-08-12T04:41:19.081+0000] {logging_mixin.py:190} INFO - [2026-08-12T04:41:19.081+0000] {dag.py:4138} INFO - Setting next_dagrun for dataset_alias_example_alias_producer to None, run_after=None
[2026-08-12T04:41:19.084+0000] {logging_mixin.py:190} INFO - [2026-08-12T04:41:19.083+0000] {dag.py:4138} INFO - Setting next_dagrun for dataset_s3_bucket_consumer to None, run_after=None
[2026-08-12T04:41:19.087+0000] {logging_mixin.py:190} INFO - [2026-08-12T04:41:19.086+0000] {dag.py:4138} INFO - Setting next_dagrun for dataset_s3_bucket_producer to None, run_after=None
[2026-08-12T04:41:19.112+0000] {processor.py:208} INFO - Processing /home/airflow/.local/lib/python3.12/site-packages/airflow/example_dags/example_dataset_alias.py took 0.252 seconds
[2026-08-12T04:41:49.408+0000] {processor.py:186} INFO - Started process (PID=1155) to work on /home/airflow/.local/lib/python3.12/site-packages/airflow/example_dags/example_dataset_alias.py
[2026-08-12T04:41:49.409+0000] {processor.py:914} INFO - Processing file /home/airflow/.local/lib/python3.12/site-packages/airflow/example_dags/example_dataset_alias.py for tasks to queue
[2026-08-12T04:41:49.412+0000] {logging_mixin.py:190} INFO - [2026-08-12T04:41:49.412+0000] {dagbag.py:587} INFO - Filling up the DagBag from /home/airflow/.local/lib/python3.12/site-packages/airflow/example_dags/example_dataset_alias.py
[2026-08-12T04:41:49.586+0000] {processor.py:925} INFO - DAG(s) 'dataset_alias_example_alias_consumer', 'dataset_s3_bucket_consumer', 'dataset_alias_example_alias_producer', 'dataset_s3_bucket_producer' retrieved from /home/airflow/.local/lib/python3.12/site-packages/airflow/example_dags/example_dataset_alias.py
[2026-08-12T04:41:49.613+0000] {logging_mixin.py:190} INFO - [2026-08-12T04:41:49.613+0000] {dag.py:3211} INFO - Sync 4 DAGs
[2026-08-12T04:41:49.638+0000] {logging_mixin.py:190} INFO - [2026-08-12T04:41:49.638+0000] {dag.py:4138} INFO - Setting next_dagrun for dataset_alias_example_alias_consumer to None, run_after=None
[2026-08-12T04:41:49.642+0000] {logging_mixin.py:190} INFO - [2026-08-12T04:41:49.642+0000] {dag.py:4138} INFO - Setting next_dagrun for dataset_alias_example_alias_producer to None, run_after=None
[2026-08-12T04:41:49.645+0000] {logging_mixin.py:190} INFO - [2026-08-12T04:41:49.644+0000] {dag.py:4138} INFO - Setting next_dagrun for dataset_s3_bucket_consumer to None, run_after=None
[2026-08-12T04:41:49.647+0000] {logging_mixin.py:190} INFO - [2026-08-12T04:41:49.647+0000] {dag.py:4138} INFO - Setting next_dagrun for dataset_s3_bucket_producer to None, run_after=None
[2026-08-12T04:41:49.676+0000] {processor.py:208} INFO - Processing /home/airflow/.local/lib/python3.12/site-packages/airflow/example_dags/example_dataset_alias.py took 0.276 seconds
[2026-08-12T04:42:20.432+0000] {processor.py:186} INFO - Started process (PID=1217) to work on /home/airflow/.local/lib/python3.12/site-packages/airflow/example_dags/example_dataset_alias.py
[2026-08-12T04:42:20.434+0000] {processor.py:914} INFO - Processing file /home/airflow/.local/lib/python3.12/site-packages/airflow/example_dags/example_dataset_alias.py for tasks to queue
[2026-08-12T04:42:20.438+0000] {logging_mixin.py:190} INFO - [2026-08-12T04:42:20.437+0000] {dagbag.py:587} INFO - Filling up the DagBag from /home/airflow/.local/lib/python3.12/site-packages/airflow/example_dags/example_dataset_alias.py
[2026-08-12T04:42:20.633+0000] {processor.py:925} INFO - DAG(s) 'dataset_alias_example_alias_consumer', 'dataset_s3_bucket_consumer', 'dataset_s3_bucket_producer', 'dataset_alias_example_alias_producer' retrieved from /home/airflow/.local/lib/python3.12/site-packages/airflow/example_dags/example_dataset_alias.py
[2026-08-12T04:42:20.666+0000] {logging_mixin.py:190} INFO - [2026-08-12T04:42:20.665+0000] {dag.py:3211} INFO - Sync 4 DAGs
[2026-08-12T04:42:20.700+0000] {logging_mixin.py:190} INFO - [2026-08-12T04:42:20.700+0000] {dag.py:4138} INFO - Setting next_dagrun for dataset_alias_example_alias_consumer to None, run_after=None
[2026-08-12T04:42:20.705+0000] {logging_mixin.py:190} INFO - [2026-08-12T04:42:20.705+0000] {dag.py:4138} INFO - Setting next_dagrun for dataset_alias_example_alias_producer to None, run_after=None
[2026-08-12T04:42:20.708+0000] {logging_mixin.py:190} INFO - [2026-08-12T04:42:20.707+0000] {dag.py:4138} INFO - Setting next_dagrun for dataset_s3_bucket_consumer to None, run_after=None
[2026-08-12T04:42:20.710+0000] {logging_mixin.py:190} INFO - [2026-08-12T04:42:20.710+0000] {dag.py:4138} INFO - Setting next_dagrun for dataset_s3_bucket_producer to None, run_after=None
[2026-08-12T04:42:20.741+0000] {processor.py:208} INFO - Processing /home/airflow/.local/lib/python3.12/site-packages/airflow/example_dags/example_dataset_alias.py took 0.315 seconds
[2026-08-12T04:42:50.873+0000] {processor.py:186} INFO - Started process (PID=1279) to work on /home/airflow/.local/lib/python3.12/site-packages/airflow/example_dags/example_dataset_alias.py
[2026-08-12T04:42:50.875+0000] {processor.py:914} INFO - Processing file /home/airflow/.local/lib/python3.12/site-packages/airflow/example_dags/example_dataset_alias.py for tasks to queue
[2026-08-12T04:42:50.878+0000] {logging_mixin.py:190} INFO - [2026-08-12T04:42:50.878+0000] {dagbag.py:587} INFO - Filling up the DagBag from /home/airflow/.local/lib/python3.12/site-packages/airflow/example_dags/example_dataset_alias.py
[2026-08-12T04:42:51.043+0000] {processor.py:925} INFO - DAG(s) 'dataset_alias_example_alias_producer', 'dataset_alias_example_alias_consumer', 'dataset_s3_bucket_consumer', 'dataset_s3_bucket_producer' retrieved from /home/airflow/.local/lib/python3.12/site-packages/airflow/example_dags/example_dataset_alias.py
[2026-08-12T04:42:51.071+0000] {logging_mixin.py:190} INFO - [2026-08-12T04:42:51.071+0000] {dag.py:3211} INFO - Sync 4 DAGs
[2026-08-12T04:42:51.096+0000] {logging_mixin.py:190} INFO - [2026-08-12T04:42:51.096+0000] {dag.py:4138} INFO - Setting next_dagrun for dataset_alias_example_alias_consumer to None, run_after=None
[2026-08-12T04:42:51.101+0000] {logging_mixin.py:190} INFO - [2026-08-12T04:42:51.101+0000] {dag.py:4138} INFO - Setting next_dagrun for dataset_alias_example_alias_producer to None, run_after=None
[2026-08-12T04:42:51.104+0000] {logging_mixin.py:190} INFO - [2026-08-12T04:42:51.104+0000] {dag.py:4138} INFO - Setting next_dagrun for dataset_s3_bucket_consumer to None, run_after=None
[2026-08-12T04:42:51.108+0000] {logging_mixin.py:190} INFO - [2026-08-12T04:42:51.107+0000] {dag.py:4138} INFO - Setting next_dagrun for dataset_s3_bucket_producer to None, run_after=None
[2026-08-12T04:42:51.133+0000] {processor.py:208} INFO - Processing /home/airflow/.local/lib/python3.12/site-packages/airflow/example_dags/example_dataset_alias.py took 0.267 seconds
[2026-08-12T04:43:21.584+0000] {processor.py:186} INFO - Started process (PID=1341) to work on /home/airflow/.local/lib/python3.12/site-packages/airflow/example_dags/example_dataset_alias.py
[2026-08-12T04:43:21.586+0000] {processor.py:914} INFO - Processing file /home/airflow/.local/lib/python3.12/site-packages/airflow/example_dags/example_dataset_alias.py for tasks to queue
[2026-08-12T04:43:21.590+0000] {logging_mixin.py:190} INFO - [2026-08-12T04:43:21.590+0000] {dagbag.py:587} INFO - Filling up the DagBag from /home/airflow/.local/lib/python3.12/site-packages/airflow/example_dags/example_dataset_alias.py
[2026-08-12T04:43:21.738+0000] {processor.py:925} INFO - DAG(s) 'dataset_alias_example_alias_consumer', 'dataset_s3_bucket_consumer', 'dataset_s3_bucket_producer', 'dataset_alias_example_alias_producer' retrieved from /home/airflow/.local/lib/python3.12/site-packages/airflow/example_dags/example_dataset_alias.py
[2026-08-12T04:43:21.766+0000] {logging_mixin.py:190} INFO - [2026-08-12T04:43:21.766+0000] {dag.py:3211} INFO - Sync 4 DAGs
[2026-08-12T04:43:21.793+0000] {logging_mixin.py:190} INFO - [2026-08-12T04:43:21.793+0000] {dag.py:4138} INFO - Setting next_dagrun for dataset_alias_example_alias_consumer to None, run_after=None
[2026-08-12T04:43:21.796+0000] {logging_mixin.py:190} INFO - [2026-08-12T04:43:21.796+0000] {dag.py:4138} INFO - Setting next_dagrun for dataset_alias_example_alias_producer to None, run_after=None
[2026-08-12T04:43:21.799+0000] {logging_mixin.py:190} INFO - [2026-08-12T04:43:21.799+0000] {dag.py:4138} INFO - Setting next_dagrun for dataset_s3_bucket_consumer to None, run_after=None
[2026-08-12T04:43:21.801+0000] {logging_mixin.py:190} INFO - [2026-08-12T04:43:21.801+0000] {dag.py:4138} INFO - Setting next_dagrun for dataset_s3_bucket_producer to None, run_after=None
[2026-08-12T04:43:21.826+0000] {processor.py:208} INFO - Processing /home/airflow/.local/lib/python3.12/site-packages/airflow/example_dags/example_dataset_alias.py took 0.250 seconds
[2026-08-12T04:43:52.437+0000] {processor.py:186} INFO - Started process (PID=1403) to work on /home/airflow/.local/lib/python3.12/site-packages/airflow/example_dags/example_dataset_alias.py
[2026-08-12T04:43:52.438+0000] {processor.py:914} INFO - Processing file /home/airflow/.local/lib/python3.12/site-packages/airflow/example_dags/example_dataset_alias.py for tasks to queue
[2026-08-12T04:43:52.442+0000] {logging_mixin.py:190} INFO - [2026-08-12T04:43:52.441+0000] {dagbag.py:587} INFO - Filling up the DagBag from /home/airflow/.local/lib/python3.12/site-packages/airflow/example_dags/example_dataset_alias.py
[2026-08-12T04:43:52.628+0000] {processor.py:925} INFO - DAG(s) 'dataset_alias_example_alias_producer', 'dataset_s3_bucket_consumer', 'dataset_s3_bucket_producer', 'dataset_alias_example_alias_consumer' retrieved from /home/airflow/.local/lib/python3.12/site-packages/airflow/example_dags/example_dataset_alias.py
[2026-08-12T04:43:52.656+0000] {logging_mixin.py:190} INFO - [2026-08-12T04:43:52.656+0000] {dag.py:3211} INFO - Sync 4 DAGs
[2026-08-12T04:43:52.694+0000] {logging_mixin.py:190} INFO - [2026-08-12T04:43:52.694+0000] {dag.py:4138} INFO - Setting next_dagrun for dataset_alias_example_alias_consumer to None, run_after=None
[2026-08-12T04:43:52.698+0000] {logging_mixin.py:190} INFO - [2026-08-12T04:43:52.698+0000] {dag.py:4138} INFO - Setting next_dagrun for dataset_alias_example_alias_producer to None, run_after=None
[2026-08-12T04:43:52.702+0000] {logging_mixin.py:190} INFO - [2026-08-12T04:43:52.701+0000] {dag.py:4138} INFO - Setting next_dagrun for dataset_s3_bucket_consumer to None, run_after=None
[2026-08-12T04:43:52.705+0000] {logging_mixin.py:190} INFO - [2026-08-12T04:43:52.705+0000] {dag.py:4138} INFO - Setting next_dagrun for dataset_s3_bucket_producer to None, run_after=None
[2026-08-12T04:43:52.730+0000] {processor.py:208} INFO - Processing /home/airflow/.local/lib/python3.12/site-packages/airflow/example_dags/example_dataset_alias.py took 0.299 seconds
[2026-08-12T04:44:23.175+0000] {processor.py:186} INFO - Started process (PID=1465) to work on /home/airflow/.local/lib/python3.12/site-packages/airflow/example_dags/example_dataset_alias.py
[2026-08-12T04:44:23.176+0000] {processor.py:914} INFO - Processing file /home/airflow/.local/lib/python3.12/site-packages/airflow/example_dags/example_dataset_alias.py for tasks to queue
[2026-08-12T04:44:23.180+0000] {logging_mixin.py:190} INFO - [2026-08-12T04:44:23.179+0000] {dagbag.py:587} INFO - Filling up the DagBag from /home/airflow/.local/lib/python3.12/site-packages/airflow/example_dags/example_dataset_alias.py
[2026-08-12T04:44:23.392+0000] {processor.py:925} INFO - DAG(s) 'dataset_alias_example_alias_producer', 'dataset_s3_bucket_consumer', 'dataset_s3_bucket_producer', 'dataset_alias_example_alias_consumer' retrieved from /home/airflow/.local/lib/python3.12/site-packages/airflow/example_dags/example_dataset_alias.py
[2026-08-12T04:44:23.426+0000] {logging_mixin.py:190} INFO - [2026-08-12T04:44:23.426+0000] {dag.py:3211} INFO - Sync 4 DAGs
[2026-08-12T04:44:23.457+0000] {logging_mixin.py:190} INFO - [2026-08-12T04:44:23.457+0000] {dag.py:4138} INFO - Setting next_dagrun for dataset_alias_example_alias_consumer to None, run_after=None
[2026-08-12T04:44:23.462+0000] {logging_mixin.py:190} INFO - [2026-08-12T04:44:23.461+0000] {dag.py:4138} INFO - Setting next_dagrun for dataset_alias_example_alias_producer to None, run_after=None
[2026-08-12T04:44:23.464+0000] {logging_mixin.py:190} INFO - [2026-08-12T04:44:23.464+0000] {dag.py:4138} INFO - Setting next_dagrun for dataset_s3_bucket_consumer to None, run_after=None
[2026-08-12T04:44:23.467+0000] {logging_mixin.py:190} INFO - [2026-08-12T04:44:23.467+0000] {dag.py:4138} INFO - Setting next_dagrun for dataset_s3_bucket_producer to None, run_after=None
[2026-08-12T04:44:23.500+0000] {processor.py:208} INFO - Processing /home/airflow/.local/lib/python3.12/site-packages/airflow/example_dags/example_dataset_alias.py took 0.332 seconds
[2026-08-12T04:44:53.964+0000] {processor.py:186} INFO - Started process (PID=1527) to work on /home/airflow/.local/lib/python3.12/site-packages/airflow/example_dags/example_dataset_alias.py
[2026-08-12T04:44:53.966+0000] {processor.py:914} INFO - Processing file /home/airflow/.local/lib/python3.12/site-packages/airflow/example_dags/example_dataset_alias.py for tasks to queue
[2026-08-12T04:44:53.970+0000] {logging_mixin.py:190} INFO - [2026-08-12T04:44:53.969+0000] {dagbag.py:587} INFO - Filling up the DagBag from /home/airflow/.local/lib/python3.12/site-packages/airflow/example_dags/example_dataset_alias.py
[2026-08-12T04:44:54.121+0000] {processor.py:925} INFO - DAG(s) 'dataset_s3_bucket_consumer', 'dataset_s3_bucket_producer', 'dataset_alias_example_alias_producer', 'dataset_alias_example_alias_consumer' retrieved from /home/airflow/.local/lib/python3.12/site-packages/airflow/example_dags/example_dataset_alias.py
[2026-08-12T04:44:54.149+0000] {logging_mixin.py:190} INFO - [2026-08-12T04:44:54.149+0000] {dag.py:3211} INFO - Sync 4 DAGs
[2026-08-12T04:44:54.174+0000] {logging_mixin.py:190} INFO - [2026-08-12T04:44:54.174+0000] {dag.py:4138} INFO - Setting next_dagrun for dataset_alias_example_alias_consumer to None, run_after=None
[2026-08-12T04:44:54.181+0000] {logging_mixin.py:190} INFO - [2026-08-12T04:44:54.181+0000] {dag.py:4138} INFO - Setting next_dagrun for dataset_alias_example_alias_producer to None, run_after=None
[2026-08-12T04:44:54.185+0000] {logging_mixin.py:190} INFO - [2026-08-12T04:44:54.185+0000] {dag.py:4138} INFO - Setting next_dagrun for dataset_s3_bucket_consumer to None, run_after=None
[2026-08-12T04:44:54.187+0000] {logging_mixin.py:190} INFO - [2026-08-12T04:44:54.187+0000] {dag.py:4138} INFO - Setting next_dagrun for dataset_s3_bucket_producer to None, run_after=None
[2026-08-12T04:44:54.216+0000] {processor.py:208} INFO - Processing /home/airflow/.local/lib/python3.12/site-packages/airflow/example_dags/example_dataset_alias.py took 0.257 seconds
[2026-08-12T04:45:24.432+0000] {processor.py:186} INFO - Started process (PID=1588) to work on /home/airflow/.local/lib/python3.12/site-packages/airflow/example_dags/example_dataset_alias.py
[2026-08-12T04:45:24.434+0000] {processor.py:914} INFO - Processing file /home/airflow/.local/lib/python3.12/site-packages/airflow/example_dags/example_dataset_alias.py for tasks to queue
[2026-08-12T04:45:24.437+0000] {logging_mixin.py:190} INFO - [2026-08-12T04:45:24.437+0000] {dagbag.py:587} INFO - Filling up the DagBag from /home/airflow/.local/lib/python3.12/site-packages/airflow/example_dags/example_dataset_alias.py
[2026-08-12T04:45:24.605+0000] {processor.py:925} INFO - DAG(s) 'dataset_alias_example_alias_producer', 'dataset_s3_bucket_consumer', 'dataset_s3_bucket_producer', 'dataset_alias_example_alias_consumer' retrieved from /home/airflow/.local/lib/python3.12/site-packages/airflow/example_dags/example_dataset_alias.py
[2026-08-12T04:45:24.631+0000] {logging_mixin.py:190} INFO - [2026-08-12T04:45:24.630+0000] {dag.py:3211} INFO - Sync 4 DAGs
[2026-08-12T04:45:24.893+0000] {logging_mixin.py:190} INFO - [2026-08-12T04:45:24.893+0000] {dag.py:4138} INFO - Setting next_dagrun for dataset_alias_example_alias_consumer to None, run_after=None
[2026-08-12T04:45:24.897+0000] {logging_mixin.py:190} INFO - [2026-08-12T04:45:24.897+0000] {dag.py:4138} INFO - Setting next_dagrun for dataset_alias_example_alias_producer to None, run_after=None
[2026-08-12T04:45:24.900+0000] {logging_mixin.py:190} INFO - [2026-08-12T04:45:24.899+0000] {dag.py:4138} INFO - Setting next_dagrun for dataset_s3_bucket_consumer to None, run_after=None
[2026-08-12T04:45:24.902+0000] {logging_mixin.py:190} INFO - [2026-08-12T04:45:24.902+0000] {dag.py:4138} INFO - Setting next_dagrun for dataset_s3_bucket_producer to None, run_after=None
[2026-08-12T04:45:24.926+0000] {processor.py:208} INFO - Processing /home/airflow/.local/lib/python3.12/site-packages/airflow/example_dags/example_dataset_alias.py took 0.501 seconds
[2026-08-12T04:45:55.375+0000] {processor.py:186} INFO - Started process (PID=1651) to work on /home/airflow/.local/lib/python3.12/site-packages/airflow/example_dags/example_dataset_alias.py
[2026-08-12T04:45:55.377+0000] {processor.py:914} INFO - Processing file /home/airflow/.local/lib/python3.12/site-packages/airflow/example_dags/example_dataset_alias.py for tasks to queue
[2026-08-12T04:45:55.379+0000] {logging_mixin.py:190} INFO - [2026-08-12T04:45:55.379+0000] {dagbag.py:587} INFO - Filling up the DagBag from /home/airflow/.local/lib/python3.12/site-packages/airflow/example_dags/example_dataset_alias.py
[2026-08-12T04:45:55.591+0000] {processor.py:925} INFO - DAG(s) 'dataset_alias_example_alias_consumer', 'dataset_s3_bucket_consumer', 'dataset_s3_bucket_producer', 'dataset_alias_example_alias_producer' retrieved from /home/airflow/.local/lib/python3.12/site-packages/airflow/example_dags/example_dataset_alias.py
[2026-08-12T04:45:55.619+0000] {logging_mixin.py:190} INFO - [2026-08-12T04:45:55.619+0000] {dag.py:3211} INFO - Sync 4 DAGs
[2026-08-12T04:45:55.647+0000] {logging_mixin.py:190} INFO - [2026-08-12T04:45:55.647+0000] {dag.py:4138} INFO - Setting next_dagrun for dataset_alias_example_alias_consumer to None, run_after=None
[2026-08-12T04:45:55.651+0000] {logging_mixin.py:190} INFO - [2026-08-12T04:45:55.650+0000] {dag.py:4138} INFO - Setting next_dagrun for dataset_alias_example_alias_producer to None, run_after=None
[2026-08-12T04:45:55.653+0000] {logging_mixin.py:190} INFO - [2026-08-12T04:45:55.653+0000] {dag.py:4138} INFO - Setting next_dagrun for dataset_s3_bucket_consumer to None, run_after=None
[2026-08-12T04:45:55.655+0000] {logging_mixin.py:190} INFO - [2026-08-12T04:45:55.655+0000] {dag.py:4138} INFO - Setting next_dagrun for dataset_s3_bucket_producer to None, run_after=None
[2026-08-12T04:45:55.859+0000] {processor.py:208} INFO - Processing /home/airflow/.local/lib/python3.12/site-packages/airflow/example_dags/example_dataset_alias.py took 0.491 seconds
[2026-08-12T04:46:26.001+0000] {processor.py:186} INFO - Started process (PID=1712) to work on /home/airflow/.local/lib/python3.12/site-packages/airflow/example_dags/example_dataset_alias.py
[2026-08-12T04:46:26.003+0000] {processor.py:914} INFO - Processing file /home/airflow/.local/lib/python3.12/site-packages/airflow/example_dags/example_dataset_alias.py for tasks to queue
[2026-08-12T04:46:26.008+0000] {logging_mixin.py:190} INFO - [2026-08-12T04:46:26.008+0000] {dagbag.py:587} INFO - Filling up the DagBag from /home/airflow/.local/lib/python3.12/site-packages/airflow/example_dags/example_dataset_alias.py
[2026-08-12T04:46:26.217+0000] {processor.py:925} INFO - DAG(s) 'dataset_s3_bucket_producer', 'dataset_s3_bucket_consumer', 'dataset_alias_example_alias_consumer', 'dataset_alias_example_alias_producer' retrieved from /home/airflow/.local/lib/python3.12/site-packages/airflow/example_dags/example_dataset_alias.py
[2026-08-12T04:46:26.258+0000] {logging_mixin.py:190} INFO - [2026-08-12T04:46:26.258+0000] {dag.py:3211} INFO - Sync 4 DAGs
[2026-08-12T04:46:26.281+0000] {logging_mixin.py:190} INFO - [2026-08-12T04:46:26.281+0000] {dag.py:4138} INFO - Setting next_dagrun for dataset_alias_example_alias_consumer to None, run_after=None
[2026-08-12T04:46:26.285+0000] {logging_mixin.py:190} INFO - [2026-08-12T04:46:26.285+0000] {dag.py:4138} INFO - Setting next_dagrun for dataset_alias_example_alias_producer to None, run_after=None
[2026-08-12T04:46:26.289+0000] {logging_mixin.py:190} INFO - [2026-08-12T04:46:26.289+0000] {dag.py:4138} INFO - Setting next_dagrun for dataset_s3_bucket_consumer to None, run_after=None
[2026-08-12T04:46:26.292+0000] {logging_mixin.py:190} INFO - [2026-08-12T04:46:26.292+0000] {dag.py:4138} INFO - Setting next_dagrun for dataset_s3_bucket_producer to None, run_after=None
[2026-08-12T04:46:26.318+0000] {processor.py:208} INFO - Processing /home/airflow/.local/lib/python3.12/site-packages/airflow/example_dags/example_dataset_alias.py took 0.323 seconds
[2026-08-12T04:46:56.925+0000] {processor.py:186} INFO - Started process (PID=1774) to work on /home/airflow/.local/lib/python3.12/site-packages/airflow/example_dags/example_dataset_alias.py
[2026-08-12T04:46:56.927+0000] {processor.py:914} INFO - Processing file /home/airflow/.local/lib/python3.12/site-packages/airflow/example_dags/example_dataset_alias.py for tasks to queue
[2026-08-12T04:46:56.930+0000] {logging_mixin.py:190} INFO - [2026-08-12T04:46:56.930+0000] {dagbag.py:587} INFO - Filling up the DagBag from /home/airflow/.local/lib/python3.12/site-packages/airflow/example_dags/example_dataset_alias.py
[2026-08-12T04:46:57.097+0000] {processor.py:925} INFO - DAG(s) 'dataset_alias_example_alias_producer', 'dataset_s3_bucket_consumer', 'dataset_alias_example_alias_consumer', 'dataset_s3_bucket_producer' retrieved from /home/airflow/.local/lib/python3.12/site-packages/airflow/example_dags/example_dataset_alias.py
[2026-08-12T04:46:57.127+0000] {logging_mixin.py:190} INFO - [2026-08-12T04:46:57.127+0000] {dag.py:3211} INFO - Sync 4 DAGs
[2026-08-12T04:46:57.149+0000] {logging_mixin.py:190} INFO - [2026-08-12T04:46:57.149+0000] {dag.py:4138} INFO - Setting next_dagrun for dataset_alias_example_alias_consumer to None, run_after=None
[2026-08-12T04:46:57.153+0000] {logging_mixin.py:190} INFO - [2026-08-12T04:46:57.152+0000] {dag.py:4138} INFO - Setting next_dagrun for dataset_alias_example_alias_producer to None, run_after=None
[2026-08-12T04:46:57.155+0000] {logging_mixin.py:190} INFO - [2026-08-12T04:46:57.155+0000] {dag.py:4138} INFO - Setting next_dagrun for dataset_s3_bucket_consumer to None, run_after=None
[2026-08-12T04:46:57.159+0000] {logging_mixin.py:190} INFO - [2026-08-12T04:46:57.159+0000] {dag.py:4138} INFO - Setting next_dagrun for dataset_s3_bucket_producer to None, run_after=None
[2026-08-12T04:46:57.184+0000] {processor.py:208} INFO - Processing /home/airflow/.local/lib/python3.12/site-packages/airflow/example_dags/example_dataset_alias.py took 0.265 seconds
[2026-08-12T04:47:27.238+0000] {processor.py:186} INFO - Started process (PID=1837) to work on /home/airflow/.local/lib/python3.12/site-packages/airflow/example_dags/example_dataset_alias.py
[2026-08-12T04:47:27.240+0000] {processor.py:914} INFO - Processing file /home/airflow/.local/lib/python3.12/site-packages/airflow/example_dags/example_dataset_alias.py for tasks to queue
[2026-08-12T04:47:27.244+0000] {logging_mixin.py:190} INFO - [2026-08-12T04:47:27.244+0000] {dagbag.py:587} INFO - Filling up the DagBag from /home/airflow/.local/lib/python3.12/site-packages/airflow/example_dags/example_dataset_alias.py
[2026-08-12T04:47:27.439+0000] {processor.py:925} INFO - DAG(s) 'dataset_alias_example_alias_producer', 'dataset_s3_bucket_producer', 'dataset_alias_example_alias_consumer', 'dataset_s3_bucket_consumer' retrieved from /home/airflow/.local/lib/python3.12/site-packages/airflow/example_dags/example_dataset_alias.py
[2026-08-12T04:47:27.466+0000] {logging_mixin.py:190} INFO - [2026-08-12T04:47:27.466+0000] {dag.py:3211} INFO - Sync 4 DAGs
[2026-08-12T04:47:27.496+0000] {logging_mixin.py:190} INFO - [2026-08-12T04:47:27.496+0000] {dag.py:4138} INFO - Setting next_dagrun for dataset_alias_example_alias_consumer to None, run_after=None
[2026-08-12T04:47:27.500+0000] {logging_mixin.py:190} INFO - [2026-08-12T04:47:27.500+0000] {dag.py:4138} INFO - Setting next_dagrun for dataset_alias_example_alias_producer to None, run_after=None
[2026-08-12T04:47:27.502+0000] {logging_mixin.py:190} INFO - [2026-08-12T04:47:27.502+0000] {dag.py:4138} INFO - Setting next_dagrun for dataset_s3_bucket_consumer to None, run_after=None
[2026-08-12T04:47:27.504+0000] {logging_mixin.py:190} INFO - [2026-08-12T04:47:27.504+0000] {dag.py:4138} INFO - Setting next_dagrun for dataset_s3_bucket_producer to None, run_after=None
[2026-08-12T04:47:27.530+0000] {processor.py:208} INFO - Processing /home/airflow/.local/lib/python3.12/site-packages/airflow/example_dags/example_dataset_alias.py took 0.300 seconds
[2026-08-12T04:47:58.051+0000] {processor.py:186} INFO - Started process (PID=1899) to work on /home/airflow/.local/lib/python3.12/site-packages/airflow/example_dags/example_dataset_alias.py
[2026-08-12T04:47:58.053+0000] {processor.py:914} INFO - Processing file /home/airflow/.local/lib/python3.12/site-packages/airflow/example_dags/example_dataset_alias.py for tasks to queue
[2026-08-12T04:47:58.057+0000] {logging_mixin.py:190} INFO - [2026-08-12T04:47:58.057+0000] {dagbag.py:587} INFO - Filling up the DagBag from /home/airflow/.local/lib/python3.12/site-packages/airflow/example_dags/example_dataset_alias.py
[2026-08-12T04:47:58.274+0000] {processor.py:925} INFO - DAG(s) 'dataset_s3_bucket_producer', 'dataset_alias_example_alias_producer', 'dataset_s3_bucket_consumer', 'dataset_alias_example_alias_consumer' retrieved from /home/airflow/.local/lib/python3.12/site-packages/airflow/example_dags/example_dataset_alias.py
[2026-08-12T04:47:58.304+0000] {logging_mixin.py:190} INFO - [2026-08-12T04:47:58.303+0000] {dag.py:3211} INFO - Sync 4 DAGs
[2026-08-12T04:47:58.329+0000] {logging_mixin.py:190} INFO - [2026-08-12T04:47:58.328+0000] {dag.py:4138} INFO - Setting next_dagrun for dataset_alias_example_alias_consumer to None, run_after=None
[2026-08-12T04:47:58.333+0000] {logging_mixin.py:190} INFO - [2026-08-12T04:47:58.333+0000] {dag.py:4138} INFO - Setting next_dagrun for dataset_alias_example_alias_producer to None, run_after=None
[2026-08-12T04:47:58.336+0000] {logging_mixin.py:190} INFO - [2026-08-12T04:47:58.336+0000] {dag.py:4138} INFO - Setting next_dagrun for dataset_s3_bucket_consumer to None, run_after=None
[2026-08-12T04:47:58.338+0000] {logging_mixin.py:190} INFO - [2026-08-12T04:47:58.338+0000] {dag.py:4138} INFO - Setting next_dagrun for dataset_s3_bucket_producer to None, run_after=None
[2026-08-12T04:47:58.378+0000] {processor.py:208} INFO - Processing /home/airflow/.local/lib/python3.12/site-packages/airflow/example_dags/example_dataset_alias.py took 0.334 seconds
