[2026-08-12T04:30:41.700+0000] {processor.py:186} INFO - Started process (PID=81) to work on /home/airflow/.local/lib/python3.12/site-packages/airflow/example_dags/example_complex.py
[2026-08-12T04:30:41.703+0000] {processor.py:914} INFO - Processing file /home/airflow/.local/lib/python3.12/site-packages/airflow/example_dags/example_complex.py for tasks to queue
[2026-08-12T04:30:41.710+0000] {logging_mixin.py:190} INFO - [2026-08-12T04:30:41.709+0000] {dagbag.py:587} INFO - Filling up the DagBag from /home/airflow/.local/lib/python3.12/site-packages/airflow/example_dags/example_complex.py
[2026-08-12T04:30:41.733+0000] {processor.py:925} INFO - DAG(s) 'example_complex' retrieved from /home/airflow/.local/lib/python3.12/site-packages/airflow/example_dags/example_complex.py
[2026-08-12T04:30:41.929+0000] {logging_mixin.py:190} INFO - [2026-08-12T04:30:41.928+0000] {override.py:1858} INFO - Created Permission View: can delete on DAG:example_complex
[2026-08-12T04:30:41.944+0000] {logging_mixin.py:190} INFO - [2026-08-12T04:30:41.944+0000] {override.py:1858} INFO - Created Permission View: can read on DAG:example_complex
[2026-08-12T04:30:41.954+0000] {logging_mixin.py:190} INFO - [2026-08-12T04:30:41.953+0000] {override.py:1858} INFO - Created Permission View: can edit on DAG:example_complex
[2026-08-12T04:30:41.956+0000] {logging_mixin.py:190} INFO - [2026-08-12T04:30:41.956+0000] {dag.py:3211} INFO - Sync 1 DAGs
[2026-08-12T04:30:41.980+0000] {logging_mixin.py:190} INFO - [2026-08-12T04:30:41.980+0000] {dag.py:3234} INFO - Creating ORM DAG for example_complex
[2026-08-12T04:30:41.982+0000] {logging_mixin.py:190} INFO - [2026-08-12T04:30:41.982+0000] {dag.py:4138} INFO - Setting next_dagrun for example_complex to None, run_after=None
[2026-08-12T04:30:42.027+0000] {processor.py:208} INFO - Processing /home/airflow/.local/lib/python3.12/site-packages/airflow/example_dags/example_complex.py took 0.337 seconds
[2026-08-12T04:31:12.161+0000] {processor.py:186} INFO - Started process (PID=143) to work on /home/airflow/.local/lib/python3.12/site-packages/airflow/example_dags/example_complex.py
[2026-08-12T04:31:12.163+0000] {processor.py:914} INFO - Processing file /home/airflow/.local/lib/python3.12/site-packages/airflow/example_dags/example_complex.py for tasks to queue
[2026-08-12T04:31:12.166+0000] {logging_mixin.py:190} INFO - [2026-08-12T04:31:12.166+0000] {dagbag.py:587} INFO - Filling up the DagBag from /home/airflow/.local/lib/python3.12/site-packages/airflow/example_dags/example_complex.py
[2026-08-12T04:31:12.177+0000] {processor.py:925} INFO - DAG(s) 'example_complex' retrieved from /home/airflow/.local/lib/python3.12/site-packages/airflow/example_dags/example_complex.py
[2026-08-12T04:31:12.206+0000] {logging_mixin.py:190} INFO - [2026-08-12T04:31:12.205+0000] {dag.py:3211} INFO - Sync 1 DAGs
[2026-08-12T04:31:12.220+0000] {logging_mixin.py:190} INFO - [2026-08-12T04:31:12.219+0000] {dag.py:4138} INFO - Setting next_dagrun for example_complex to None, run_after=None
[2026-08-12T04:31:12.244+0000] {processor.py:208} INFO - Processing /home/airflow/.local/lib/python3.12/site-packages/airflow/example_dags/example_complex.py took 0.088 seconds
[2026-08-12T04:31:42.842+0000] {processor.py:186} INFO - Started process (PID=205) to work on /home/airflow/.local/lib/python3.12/site-packages/airflow/example_dags/example_complex.py
[2026-08-12T04:31:42.844+0000] {processor.py:914} INFO - Processing file /home/airflow/.local/lib/python3.12/site-packages/airflow/example_dags/example_complex.py for tasks to queue
[2026-08-12T04:31:42.847+0000] {logging_mixin.py:190} INFO - [2026-08-12T04:31:42.846+0000] {dagbag.py:587} INFO - Filling up the DagBag from /home/airflow/.local/lib/python3.12/site-packages/airflow/example_dags/example_complex.py
[2026-08-12T04:31:42.859+0000] {processor.py:925} INFO - DAG(s) 'example_complex' retrieved from /home/airflow/.local/lib/python3.12/site-packages/airflow/example_dags/example_complex.py
[2026-08-12T04:31:42.901+0000] {logging_mixin.py:190} INFO - [2026-08-12T04:31:42.901+0000] {dag.py:3211} INFO - Sync 1 DAGs
[2026-08-12T04:31:42.921+0000] {logging_mixin.py:190} INFO - [2026-08-12T04:31:42.921+0000] {dag.py:4138} INFO - Setting next_dagrun for example_complex to None, run_after=None
[2026-08-12T04:31:42.947+0000] {processor.py:208} INFO - Processing /home/airflow/.local/lib/python3.12/site-packages/airflow/example_dags/example_complex.py took 0.113 seconds
[2026-08-12T04:33:02.070+0000] {processor.py:186} INFO - Started process (PID=67) to work on /home/airflow/.local/lib/python3.12/site-packages/airflow/example_dags/example_complex.py
[2026-08-12T04:33:02.074+0000] {processor.py:914} INFO - Processing file /home/airflow/.local/lib/python3.12/site-packages/airflow/example_dags/example_complex.py for tasks to queue
[2026-08-12T04:33:02.081+0000] {logging_mixin.py:190} INFO - [2026-08-12T04:33:02.080+0000] {dagbag.py:587} INFO - Filling up the DagBag from /home/airflow/.local/lib/python3.12/site-packages/airflow/example_dags/example_complex.py
[2026-08-12T04:33:02.105+0000] {processor.py:925} INFO - DAG(s) 'example_complex' retrieved from /home/airflow/.local/lib/python3.12/site-packages/airflow/example_dags/example_complex.py
[2026-08-12T04:33:02.169+0000] {logging_mixin.py:190} INFO - [2026-08-12T04:33:02.169+0000] {dag.py:3211} INFO - Sync 1 DAGs
[2026-08-12T04:33:02.199+0000] {logging_mixin.py:190} INFO - [2026-08-12T04:33:02.198+0000] {dag.py:4138} INFO - Setting next_dagrun for example_complex to None, run_after=None
[2026-08-12T04:33:02.234+0000] {processor.py:208} INFO - Processing /home/airflow/.local/lib/python3.12/site-packages/airflow/example_dags/example_complex.py took 0.176 seconds
[2026-08-12T04:33:33.062+0000] {processor.py:186} INFO - Started process (PID=130) to work on /home/airflow/.local/lib/python3.12/site-packages/airflow/example_dags/example_complex.py
[2026-08-12T04:33:33.064+0000] {processor.py:914} INFO - Processing file /home/airflow/.local/lib/python3.12/site-packages/airflow/example_dags/example_complex.py for tasks to queue
[2026-08-12T04:33:33.067+0000] {logging_mixin.py:190} INFO - [2026-08-12T04:33:33.067+0000] {dagbag.py:587} INFO - Filling up the DagBag from /home/airflow/.local/lib/python3.12/site-packages/airflow/example_dags/example_complex.py
[2026-08-12T04:33:33.080+0000] {processor.py:925} INFO - DAG(s) 'example_complex' retrieved from /home/airflow/.local/lib/python3.12/site-packages/airflow/example_dags/example_complex.py
[2026-08-12T04:33:33.114+0000] {logging_mixin.py:190} INFO - [2026-08-12T04:33:33.114+0000] {dag.py:3211} INFO - Sync 1 DAGs
[2026-08-12T04:33:33.128+0000] {logging_mixin.py:190} INFO - [2026-08-12T04:33:33.128+0000] {dag.py:4138} INFO - Setting next_dagrun for example_complex to None, run_after=None
[2026-08-12T04:33:33.150+0000] {processor.py:208} INFO - Processing /home/airflow/.local/lib/python3.12/site-packages/airflow/example_dags/example_complex.py took 0.094 seconds
[2026-08-12T04:34:03.671+0000] {processor.py:186} INFO - Started process (PID=192) to work on /home/airflow/.local/lib/python3.12/site-packages/airflow/example_dags/example_complex.py
[2026-08-12T04:34:03.673+0000] {processor.py:914} INFO - Processing file /home/airflow/.local/lib/python3.12/site-packages/airflow/example_dags/example_complex.py for tasks to queue
[2026-08-12T04:34:03.689+0000] {logging_mixin.py:190} INFO - [2026-08-12T04:34:03.679+0000] {dagbag.py:587} INFO - Filling up the DagBag from /home/airflow/.local/lib/python3.12/site-packages/airflow/example_dags/example_complex.py
[2026-08-12T04:34:03.705+0000] {processor.py:925} INFO - DAG(s) 'example_complex' retrieved from /home/airflow/.local/lib/python3.12/site-packages/airflow/example_dags/example_complex.py
[2026-08-12T04:34:03.749+0000] {logging_mixin.py:190} INFO - [2026-08-12T04:34:03.749+0000] {dag.py:3211} INFO - Sync 1 DAGs
[2026-08-12T04:34:03.771+0000] {logging_mixin.py:190} INFO - [2026-08-12T04:34:03.771+0000] {dag.py:4138} INFO - Setting next_dagrun for example_complex to None, run_after=None
[2026-08-12T04:34:03.796+0000] {processor.py:208} INFO - Processing /home/airflow/.local/lib/python3.12/site-packages/airflow/example_dags/example_complex.py took 0.133 seconds
[2026-08-12T04:34:33.843+0000] {processor.py:186} INFO - Started process (PID=254) to work on /home/airflow/.local/lib/python3.12/site-packages/airflow/example_dags/example_complex.py
[2026-08-12T04:34:33.845+0000] {processor.py:914} INFO - Processing file /home/airflow/.local/lib/python3.12/site-packages/airflow/example_dags/example_complex.py for tasks to queue
[2026-08-12T04:34:33.848+0000] {logging_mixin.py:190} INFO - [2026-08-12T04:34:33.847+0000] {dagbag.py:587} INFO - Filling up the DagBag from /home/airflow/.local/lib/python3.12/site-packages/airflow/example_dags/example_complex.py
[2026-08-12T04:34:33.860+0000] {processor.py:925} INFO - DAG(s) 'example_complex' retrieved from /home/airflow/.local/lib/python3.12/site-packages/airflow/example_dags/example_complex.py
[2026-08-12T04:34:33.889+0000] {logging_mixin.py:190} INFO - [2026-08-12T04:34:33.889+0000] {dag.py:3211} INFO - Sync 1 DAGs
[2026-08-12T04:34:33.905+0000] {logging_mixin.py:190} INFO - [2026-08-12T04:34:33.904+0000] {dag.py:4138} INFO - Setting next_dagrun for example_complex to None, run_after=None
[2026-08-12T04:34:33.927+0000] {processor.py:208} INFO - Processing /home/airflow/.local/lib/python3.12/site-packages/airflow/example_dags/example_complex.py took 0.089 seconds
[2026-08-12T04:35:04.113+0000] {processor.py:186} INFO - Started process (PID=315) to work on /home/airflow/.local/lib/python3.12/site-packages/airflow/example_dags/example_complex.py
[2026-08-12T04:35:04.115+0000] {processor.py:914} INFO - Processing file /home/airflow/.local/lib/python3.12/site-packages/airflow/example_dags/example_complex.py for tasks to queue
[2026-08-12T04:35:04.119+0000] {logging_mixin.py:190} INFO - [2026-08-12T04:35:04.119+0000] {dagbag.py:587} INFO - Filling up the DagBag from /home/airflow/.local/lib/python3.12/site-packages/airflow/example_dags/example_complex.py
[2026-08-12T04:35:04.130+0000] {processor.py:925} INFO - DAG(s) 'example_complex' retrieved from /home/airflow/.local/lib/python3.12/site-packages/airflow/example_dags/example_complex.py
[2026-08-12T04:35:04.161+0000] {logging_mixin.py:190} INFO - [2026-08-12T04:35:04.161+0000] {dag.py:3211} INFO - Sync 1 DAGs
[2026-08-12T04:35:04.177+0000] {logging_mixin.py:190} INFO - [2026-08-12T04:35:04.176+0000] {dag.py:4138} INFO - Setting next_dagrun for example_complex to None, run_after=None
[2026-08-12T04:35:04.198+0000] {processor.py:208} INFO - Processing /home/airflow/.local/lib/python3.12/site-packages/airflow/example_dags/example_complex.py took 0.090 seconds
[2026-08-12T04:35:35.074+0000] {processor.py:186} INFO - Started process (PID=378) to work on /home/airflow/.local/lib/python3.12/site-packages/airflow/example_dags/example_complex.py
[2026-08-12T04:35:35.076+0000] {processor.py:914} INFO - Processing file /home/airflow/.local/lib/python3.12/site-packages/airflow/example_dags/example_complex.py for tasks to queue
[2026-08-12T04:35:35.079+0000] {logging_mixin.py:190} INFO - [2026-08-12T04:35:35.079+0000] {dagbag.py:587} INFO - Filling up the DagBag from /home/airflow/.local/lib/python3.12/site-packages/airflow/example_dags/example_complex.py
[2026-08-12T04:35:35.093+0000] {processor.py:925} INFO - DAG(s) 'example_complex' retrieved from /home/airflow/.local/lib/python3.12/site-packages/airflow/example_dags/example_complex.py
[2026-08-12T04:35:35.126+0000] {logging_mixin.py:190} INFO - [2026-08-12T04:35:35.125+0000] {dag.py:3211} INFO - Sync 1 DAGs
[2026-08-12T04:35:35.143+0000] {logging_mixin.py:190} INFO - [2026-08-12T04:35:35.142+0000] {dag.py:4138} INFO - Setting next_dagrun for example_complex to None, run_after=None
[2026-08-12T04:35:35.166+0000] {processor.py:208} INFO - Processing /home/airflow/.local/lib/python3.12/site-packages/airflow/example_dags/example_complex.py took 0.097 seconds
[2026-08-12T04:36:05.852+0000] {processor.py:186} INFO - Started process (PID=440) to work on /home/airflow/.local/lib/python3.12/site-packages/airflow/example_dags/example_complex.py
[2026-08-12T04:36:05.854+0000] {processor.py:914} INFO - Processing file /home/airflow/.local/lib/python3.12/site-packages/airflow/example_dags/example_complex.py for tasks to queue
[2026-08-12T04:36:05.858+0000] {logging_mixin.py:190} INFO - [2026-08-12T04:36:05.858+0000] {dagbag.py:587} INFO - Filling up the DagBag from /home/airflow/.local/lib/python3.12/site-packages/airflow/example_dags/example_complex.py
[2026-08-12T04:36:05.877+0000] {processor.py:925} INFO - DAG(s) 'example_complex' retrieved from /home/airflow/.local/lib/python3.12/site-packages/airflow/example_dags/example_complex.py
[2026-08-12T04:36:05.910+0000] {logging_mixin.py:190} INFO - [2026-08-12T04:36:05.909+0000] {dag.py:3211} INFO - Sync 1 DAGs
[2026-08-12T04:36:05.925+0000] {logging_mixin.py:190} INFO - [2026-08-12T04:36:05.925+0000] {dag.py:4138} INFO - Setting next_dagrun for example_complex to None, run_after=None
[2026-08-12T04:36:05.952+0000] {processor.py:208} INFO - Processing /home/airflow/.local/lib/python3.12/site-packages/airflow/example_dags/example_complex.py took 0.106 seconds
[2026-08-12T04:36:36.176+0000] {processor.py:186} INFO - Started process (PID=502) to work on /home/airflow/.local/lib/python3.12/site-packages/airflow/example_dags/example_complex.py
[2026-08-12T04:36:36.178+0000] {processor.py:914} INFO - Processing file /home/airflow/.local/lib/python3.12/site-packages/airflow/example_dags/example_complex.py for tasks to queue
[2026-08-12T04:36:36.181+0000] {logging_mixin.py:190} INFO - [2026-08-12T04:36:36.180+0000] {dagbag.py:587} INFO - Filling up the DagBag from /home/airflow/.local/lib/python3.12/site-packages/airflow/example_dags/example_complex.py
[2026-08-12T04:36:36.192+0000] {processor.py:925} INFO - DAG(s) 'example_complex' retrieved from /home/airflow/.local/lib/python3.12/site-packages/airflow/example_dags/example_complex.py
[2026-08-12T04:36:36.221+0000] {logging_mixin.py:190} INFO - [2026-08-12T04:36:36.221+0000] {dag.py:3211} INFO - Sync 1 DAGs
[2026-08-12T04:36:36.237+0000] {logging_mixin.py:190} INFO - [2026-08-12T04:36:36.237+0000] {dag.py:4138} INFO - Setting next_dagrun for example_complex to None, run_after=None
[2026-08-12T04:36:36.258+0000] {processor.py:208} INFO - Processing /home/airflow/.local/lib/python3.12/site-packages/airflow/example_dags/example_complex.py took 0.087 seconds
[2026-08-12T04:37:07.191+0000] {processor.py:186} INFO - Started process (PID=564) to work on /home/airflow/.local/lib/python3.12/site-packages/airflow/example_dags/example_complex.py
[2026-08-12T04:37:07.193+0000] {processor.py:914} INFO - Processing file /home/airflow/.local/lib/python3.12/site-packages/airflow/example_dags/example_complex.py for tasks to queue
[2026-08-12T04:37:07.197+0000] {logging_mixin.py:190} INFO - [2026-08-12T04:37:07.197+0000] {dagbag.py:587} INFO - Filling up the DagBag from /home/airflow/.local/lib/python3.12/site-packages/airflow/example_dags/example_complex.py
[2026-08-12T04:37:07.212+0000] {processor.py:925} INFO - DAG(s) 'example_complex' retrieved from /home/airflow/.local/lib/python3.12/site-packages/airflow/example_dags/example_complex.py
[2026-08-12T04:37:07.248+0000] {logging_mixin.py:190} INFO - [2026-08-12T04:37:07.247+0000] {dag.py:3211} INFO - Sync 1 DAGs
[2026-08-12T04:37:07.265+0000] {logging_mixin.py:190} INFO - [2026-08-12T04:37:07.265+0000] {dag.py:4138} INFO - Setting next_dagrun for example_complex to None, run_after=None
[2026-08-12T04:37:07.291+0000] {processor.py:208} INFO - Processing /home/airflow/.local/lib/python3.12/site-packages/airflow/example_dags/example_complex.py took 0.107 seconds
[2026-08-12T04:37:37.980+0000] {processor.py:186} INFO - Started process (PID=626) to work on /home/airflow/.local/lib/python3.12/site-packages/airflow/example_dags/example_complex.py
[2026-08-12T04:37:37.982+0000] {processor.py:914} INFO - Processing file /home/airflow/.local/lib/python3.12/site-packages/airflow/example_dags/example_complex.py for tasks to queue
[2026-08-12T04:37:37.985+0000] {logging_mixin.py:190} INFO - [2026-08-12T04:37:37.985+0000] {dagbag.py:587} INFO - Filling up the DagBag from /home/airflow/.local/lib/python3.12/site-packages/airflow/example_dags/example_complex.py
[2026-08-12T04:37:37.998+0000] {processor.py:925} INFO - DAG(s) 'example_complex' retrieved from /home/airflow/.local/lib/python3.12/site-packages/airflow/example_dags/example_complex.py
[2026-08-12T04:37:38.030+0000] {logging_mixin.py:190} INFO - [2026-08-12T04:37:38.029+0000] {dag.py:3211} INFO - Sync 1 DAGs
[2026-08-12T04:37:38.046+0000] {logging_mixin.py:190} INFO - [2026-08-12T04:37:38.045+0000] {dag.py:4138} INFO - Setting next_dagrun for example_complex to None, run_after=None
[2026-08-12T04:37:38.071+0000] {processor.py:208} INFO - Processing /home/airflow/.local/lib/python3.12/site-packages/airflow/example_dags/example_complex.py took 0.097 seconds
[2026-08-12T04:38:08.633+0000] {processor.py:186} INFO - Started process (PID=688) to work on /home/airflow/.local/lib/python3.12/site-packages/airflow/example_dags/example_complex.py
[2026-08-12T04:38:08.635+0000] {processor.py:914} INFO - Processing file /home/airflow/.local/lib/python3.12/site-packages/airflow/example_dags/example_complex.py for tasks to queue
[2026-08-12T04:38:08.638+0000] {logging_mixin.py:190} INFO - [2026-08-12T04:38:08.638+0000] {dagbag.py:587} INFO - Filling up the DagBag from /home/airflow/.local/lib/python3.12/site-packages/airflow/example_dags/example_complex.py
[2026-08-12T04:38:08.649+0000] {processor.py:925} INFO - DAG(s) 'example_complex' retrieved from /home/airflow/.local/lib/python3.12/site-packages/airflow/example_dags/example_complex.py
[2026-08-12T04:38:08.679+0000] {logging_mixin.py:190} INFO - [2026-08-12T04:38:08.678+0000] {dag.py:3211} INFO - Sync 1 DAGs
[2026-08-12T04:38:08.694+0000] {logging_mixin.py:190} INFO - [2026-08-12T04:38:08.694+0000] {dag.py:4138} INFO - Setting next_dagrun for example_complex to None, run_after=None
[2026-08-12T04:38:08.716+0000] {processor.py:208} INFO - Processing /home/airflow/.local/lib/python3.12/site-packages/airflow/example_dags/example_complex.py took 0.089 seconds
[2026-08-12T04:38:39.282+0000] {processor.py:186} INFO - Started process (PID=750) to work on /home/airflow/.local/lib/python3.12/site-packages/airflow/example_dags/example_complex.py
[2026-08-12T04:38:39.284+0000] {processor.py:914} INFO - Processing file /home/airflow/.local/lib/python3.12/site-packages/airflow/example_dags/example_complex.py for tasks to queue
[2026-08-12T04:38:39.287+0000] {logging_mixin.py:190} INFO - [2026-08-12T04:38:39.287+0000] {dagbag.py:587} INFO - Filling up the DagBag from /home/airflow/.local/lib/python3.12/site-packages/airflow/example_dags/example_complex.py
[2026-08-12T04:38:39.300+0000] {processor.py:925} INFO - DAG(s) 'example_complex' retrieved from /home/airflow/.local/lib/python3.12/site-packages/airflow/example_dags/example_complex.py
[2026-08-12T04:38:39.328+0000] {logging_mixin.py:190} INFO - [2026-08-12T04:38:39.328+0000] {dag.py:3211} INFO - Sync 1 DAGs
[2026-08-12T04:38:39.344+0000] {logging_mixin.py:190} INFO - [2026-08-12T04:38:39.343+0000] {dag.py:4138} INFO - Setting next_dagrun for example_complex to None, run_after=None
[2026-08-12T04:38:39.368+0000] {processor.py:208} INFO - Processing /home/airflow/.local/lib/python3.12/site-packages/airflow/example_dags/example_complex.py took 0.092 seconds
[2026-08-12T04:39:10.522+0000] {processor.py:186} INFO - Started process (PID=812) to work on /home/airflow/.local/lib/python3.12/site-packages/airflow/example_dags/example_complex.py
[2026-08-12T04:39:10.524+0000] {processor.py:914} INFO - Processing file /home/airflow/.local/lib/python3.12/site-packages/airflow/example_dags/example_complex.py for tasks to queue
[2026-08-12T04:39:10.531+0000] {logging_mixin.py:190} INFO - [2026-08-12T04:39:10.529+0000] {dagbag.py:587} INFO - Filling up the DagBag from /home/airflow/.local/lib/python3.12/site-packages/airflow/example_dags/example_complex.py
[2026-08-12T04:39:10.555+0000] {processor.py:925} INFO - DAG(s) 'example_complex' retrieved from /home/airflow/.local/lib/python3.12/site-packages/airflow/example_dags/example_complex.py
[2026-08-12T04:39:10.617+0000] {logging_mixin.py:190} INFO - [2026-08-12T04:39:10.617+0000] {dag.py:3211} INFO - Sync 1 DAGs
[2026-08-12T04:39:10.648+0000] {logging_mixin.py:190} INFO - [2026-08-12T04:39:10.647+0000] {dag.py:4138} INFO - Setting next_dagrun for example_complex to None, run_after=None
[2026-08-12T04:39:10.678+0000] {processor.py:208} INFO - Processing /home/airflow/.local/lib/python3.12/site-packages/airflow/example_dags/example_complex.py took 0.166 seconds
[2026-08-12T04:39:40.833+0000] {processor.py:186} INFO - Started process (PID=873) to work on /home/airflow/.local/lib/python3.12/site-packages/airflow/example_dags/example_complex.py
[2026-08-12T04:39:40.834+0000] {processor.py:914} INFO - Processing file /home/airflow/.local/lib/python3.12/site-packages/airflow/example_dags/example_complex.py for tasks to queue
[2026-08-12T04:39:40.837+0000] {logging_mixin.py:190} INFO - [2026-08-12T04:39:40.837+0000] {dagbag.py:587} INFO - Filling up the DagBag from /home/airflow/.local/lib/python3.12/site-packages/airflow/example_dags/example_complex.py
[2026-08-12T04:39:40.852+0000] {processor.py:925} INFO - DAG(s) 'example_complex' retrieved from /home/airflow/.local/lib/python3.12/site-packages/airflow/example_dags/example_complex.py
[2026-08-12T04:39:40.884+0000] {logging_mixin.py:190} INFO - [2026-08-12T04:39:40.884+0000] {dag.py:3211} INFO - Sync 1 DAGs
[2026-08-12T04:39:40.900+0000] {logging_mixin.py:190} INFO - [2026-08-12T04:39:40.900+0000] {dag.py:4138} INFO - Setting next_dagrun for example_complex to None, run_after=None
[2026-08-12T04:39:40.926+0000] {processor.py:208} INFO - Processing /home/airflow/.local/lib/python3.12/site-packages/airflow/example_dags/example_complex.py took 0.099 seconds
[2026-08-12T04:40:11.954+0000] {processor.py:186} INFO - Started process (PID=936) to work on /home/airflow/.local/lib/python3.12/site-packages/airflow/example_dags/example_complex.py
[2026-08-12T04:40:11.956+0000] {processor.py:914} INFO - Processing file /home/airflow/.local/lib/python3.12/site-packages/airflow/example_dags/example_complex.py for tasks to queue
[2026-08-12T04:40:11.960+0000] {logging_mixin.py:190} INFO - [2026-08-12T04:40:11.960+0000] {dagbag.py:587} INFO - Filling up the DagBag from /home/airflow/.local/lib/python3.12/site-packages/airflow/example_dags/example_complex.py
[2026-08-12T04:40:11.974+0000] {processor.py:925} INFO - DAG(s) 'example_complex' retrieved from /home/airflow/.local/lib/python3.12/site-packages/airflow/example_dags/example_complex.py
[2026-08-12T04:40:12.005+0000] {logging_mixin.py:190} INFO - [2026-08-12T04:40:12.004+0000] {dag.py:3211} INFO - Sync 1 DAGs
[2026-08-12T04:40:12.020+0000] {logging_mixin.py:190} INFO - [2026-08-12T04:40:12.020+0000] {dag.py:4138} INFO - Setting next_dagrun for example_complex to None, run_after=None
[2026-08-12T04:40:12.044+0000] {processor.py:208} INFO - Processing /home/airflow/.local/lib/python3.12/site-packages/airflow/example_dags/example_complex.py took 0.096 seconds
[2026-08-12T04:40:42.302+0000] {processor.py:186} INFO - Started process (PID=998) to work on /home/airflow/.local/lib/python3.12/site-packages/airflow/example_dags/example_complex.py
[2026-08-12T04:40:42.304+0000] {processor.py:914} INFO - Processing file /home/airflow/.local/lib/python3.12/site-packages/airflow/example_dags/example_complex.py for tasks to queue
[2026-08-12T04:40:42.308+0000] {logging_mixin.py:190} INFO - [2026-08-12T04:40:42.308+0000] {dagbag.py:587} INFO - Filling up the DagBag from /home/airflow/.local/lib/python3.12/site-packages/airflow/example_dags/example_complex.py
[2026-08-12T04:40:42.321+0000] {processor.py:925} INFO - DAG(s) 'example_complex' retrieved from /home/airflow/.local/lib/python3.12/site-packages/airflow/example_dags/example_complex.py
[2026-08-12T04:40:42.357+0000] {logging_mixin.py:190} INFO - [2026-08-12T04:40:42.357+0000] {dag.py:3211} INFO - Sync 1 DAGs
[2026-08-12T04:40:42.375+0000] {logging_mixin.py:190} INFO - [2026-08-12T04:40:42.375+0000] {dag.py:4138} INFO - Setting next_dagrun for example_complex to None, run_after=None
[2026-08-12T04:40:42.405+0000] {processor.py:208} INFO - Processing /home/airflow/.local/lib/python3.12/site-packages/airflow/example_dags/example_complex.py took 0.109 seconds
[2026-08-12T04:41:13.144+0000] {processor.py:186} INFO - Started process (PID=1060) to work on /home/airflow/.local/lib/python3.12/site-packages/airflow/example_dags/example_complex.py
[2026-08-12T04:41:13.146+0000] {processor.py:914} INFO - Processing file /home/airflow/.local/lib/python3.12/site-packages/airflow/example_dags/example_complex.py for tasks to queue
[2026-08-12T04:41:13.148+0000] {logging_mixin.py:190} INFO - [2026-08-12T04:41:13.148+0000] {dagbag.py:587} INFO - Filling up the DagBag from /home/airflow/.local/lib/python3.12/site-packages/airflow/example_dags/example_complex.py
[2026-08-12T04:41:13.159+0000] {processor.py:925} INFO - DAG(s) 'example_complex' retrieved from /home/airflow/.local/lib/python3.12/site-packages/airflow/example_dags/example_complex.py
[2026-08-12T04:41:13.192+0000] {logging_mixin.py:190} INFO - [2026-08-12T04:41:13.192+0000] {dag.py:3211} INFO - Sync 1 DAGs
[2026-08-12T04:41:13.210+0000] {logging_mixin.py:190} INFO - [2026-08-12T04:41:13.210+0000] {dag.py:4138} INFO - Setting next_dagrun for example_complex to None, run_after=None
[2026-08-12T04:41:13.233+0000] {processor.py:208} INFO - Processing /home/airflow/.local/lib/python3.12/site-packages/airflow/example_dags/example_complex.py took 0.097 seconds
[2026-08-12T04:41:43.867+0000] {processor.py:186} INFO - Started process (PID=1122) to work on /home/airflow/.local/lib/python3.12/site-packages/airflow/example_dags/example_complex.py
[2026-08-12T04:41:43.868+0000] {processor.py:914} INFO - Processing file /home/airflow/.local/lib/python3.12/site-packages/airflow/example_dags/example_complex.py for tasks to queue
[2026-08-12T04:41:43.871+0000] {logging_mixin.py:190} INFO - [2026-08-12T04:41:43.871+0000] {dagbag.py:587} INFO - Filling up the DagBag from /home/airflow/.local/lib/python3.12/site-packages/airflow/example_dags/example_complex.py
[2026-08-12T04:41:43.885+0000] {processor.py:925} INFO - DAG(s) 'example_complex' retrieved from /home/airflow/.local/lib/python3.12/site-packages/airflow/example_dags/example_complex.py
[2026-08-12T04:41:43.917+0000] {logging_mixin.py:190} INFO - [2026-08-12T04:41:43.917+0000] {dag.py:3211} INFO - Sync 1 DAGs
[2026-08-12T04:41:43.935+0000] {logging_mixin.py:190} INFO - [2026-08-12T04:41:43.935+0000] {dag.py:4138} INFO - Setting next_dagrun for example_complex to None, run_after=None
[2026-08-12T04:41:43.978+0000] {processor.py:208} INFO - Processing /home/airflow/.local/lib/python3.12/site-packages/airflow/example_dags/example_complex.py took 0.118 seconds
[2026-08-12T04:42:14.789+0000] {processor.py:186} INFO - Started process (PID=1184) to work on /home/airflow/.local/lib/python3.12/site-packages/airflow/example_dags/example_complex.py
[2026-08-12T04:42:14.791+0000] {processor.py:914} INFO - Processing file /home/airflow/.local/lib/python3.12/site-packages/airflow/example_dags/example_complex.py for tasks to queue
[2026-08-12T04:42:14.794+0000] {logging_mixin.py:190} INFO - [2026-08-12T04:42:14.793+0000] {dagbag.py:587} INFO - Filling up the DagBag from /home/airflow/.local/lib/python3.12/site-packages/airflow/example_dags/example_complex.py
[2026-08-12T04:42:14.806+0000] {processor.py:925} INFO - DAG(s) 'example_complex' retrieved from /home/airflow/.local/lib/python3.12/site-packages/airflow/example_dags/example_complex.py
[2026-08-12T04:42:14.837+0000] {logging_mixin.py:190} INFO - [2026-08-12T04:42:14.837+0000] {dag.py:3211} INFO - Sync 1 DAGs
[2026-08-12T04:42:14.854+0000] {logging_mixin.py:190} INFO - [2026-08-12T04:42:14.854+0000] {dag.py:4138} INFO - Setting next_dagrun for example_complex to None, run_after=None
[2026-08-12T04:42:14.875+0000] {processor.py:208} INFO - Processing /home/airflow/.local/lib/python3.12/site-packages/airflow/example_dags/example_complex.py took 0.094 seconds
[2026-08-12T04:42:45.591+0000] {processor.py:186} INFO - Started process (PID=1246) to work on /home/airflow/.local/lib/python3.12/site-packages/airflow/example_dags/example_complex.py
[2026-08-12T04:42:45.592+0000] {processor.py:914} INFO - Processing file /home/airflow/.local/lib/python3.12/site-packages/airflow/example_dags/example_complex.py for tasks to queue
[2026-08-12T04:42:45.596+0000] {logging_mixin.py:190} INFO - [2026-08-12T04:42:45.596+0000] {dagbag.py:587} INFO - Filling up the DagBag from /home/airflow/.local/lib/python3.12/site-packages/airflow/example_dags/example_complex.py
[2026-08-12T04:42:45.609+0000] {processor.py:925} INFO - DAG(s) 'example_complex' retrieved from /home/airflow/.local/lib/python3.12/site-packages/airflow/example_dags/example_complex.py
[2026-08-12T04:42:45.659+0000] {logging_mixin.py:190} INFO - [2026-08-12T04:42:45.659+0000] {dag.py:3211} INFO - Sync 1 DAGs
[2026-08-12T04:42:45.676+0000] {logging_mixin.py:190} INFO - [2026-08-12T04:42:45.675+0000] {dag.py:4138} INFO - Setting next_dagrun for example_complex to None, run_after=None
[2026-08-12T04:42:45.700+0000] {processor.py:208} INFO - Processing /home/airflow/.local/lib/python3.12/site-packages/airflow/example_dags/example_complex.py took 0.117 seconds
[2026-08-12T04:43:15.949+0000] {processor.py:186} INFO - Started process (PID=1308) to work on /home/airflow/.local/lib/python3.12/site-packages/airflow/example_dags/example_complex.py
[2026-08-12T04:43:15.950+0000] {processor.py:914} INFO - Processing file /home/airflow/.local/lib/python3.12/site-packages/airflow/example_dags/example_complex.py for tasks to queue
[2026-08-12T04:43:15.954+0000] {logging_mixin.py:190} INFO - [2026-08-12T04:43:15.953+0000] {dagbag.py:587} INFO - Filling up the DagBag from /home/airflow/.local/lib/python3.12/site-packages/airflow/example_dags/example_complex.py
[2026-08-12T04:43:15.965+0000] {processor.py:925} INFO - DAG(s) 'example_complex' retrieved from /home/airflow/.local/lib/python3.12/site-packages/airflow/example_dags/example_complex.py
[2026-08-12T04:43:16.006+0000] {logging_mixin.py:190} INFO - [2026-08-12T04:43:16.005+0000] {dag.py:3211} INFO - Sync 1 DAGs
[2026-08-12T04:43:16.023+0000] {logging_mixin.py:190} INFO - [2026-08-12T04:43:16.023+0000] {dag.py:4138} INFO - Setting next_dagrun for example_complex to None, run_after=None
[2026-08-12T04:43:16.049+0000] {processor.py:208} INFO - Processing /home/airflow/.local/lib/python3.12/site-packages/airflow/example_dags/example_complex.py took 0.106 seconds
[2026-08-12T04:43:46.703+0000] {processor.py:186} INFO - Started process (PID=1370) to work on /home/airflow/.local/lib/python3.12/site-packages/airflow/example_dags/example_complex.py
[2026-08-12T04:43:46.705+0000] {processor.py:914} INFO - Processing file /home/airflow/.local/lib/python3.12/site-packages/airflow/example_dags/example_complex.py for tasks to queue
[2026-08-12T04:43:46.709+0000] {logging_mixin.py:190} INFO - [2026-08-12T04:43:46.708+0000] {dagbag.py:587} INFO - Filling up the DagBag from /home/airflow/.local/lib/python3.12/site-packages/airflow/example_dags/example_complex.py
[2026-08-12T04:43:46.725+0000] {processor.py:925} INFO - DAG(s) 'example_complex' retrieved from /home/airflow/.local/lib/python3.12/site-packages/airflow/example_dags/example_complex.py
[2026-08-12T04:43:46.765+0000] {logging_mixin.py:190} INFO - [2026-08-12T04:43:46.765+0000] {dag.py:3211} INFO - Sync 1 DAGs
[2026-08-12T04:43:46.783+0000] {logging_mixin.py:190} INFO - [2026-08-12T04:43:46.783+0000] {dag.py:4138} INFO - Setting next_dagrun for example_complex to None, run_after=None
[2026-08-12T04:43:46.810+0000] {processor.py:208} INFO - Processing /home/airflow/.local/lib/python3.12/site-packages/airflow/example_dags/example_complex.py took 0.114 seconds
[2026-08-12T04:44:17.516+0000] {processor.py:186} INFO - Started process (PID=1432) to work on /home/airflow/.local/lib/python3.12/site-packages/airflow/example_dags/example_complex.py
[2026-08-12T04:44:17.518+0000] {processor.py:914} INFO - Processing file /home/airflow/.local/lib/python3.12/site-packages/airflow/example_dags/example_complex.py for tasks to queue
[2026-08-12T04:44:17.522+0000] {logging_mixin.py:190} INFO - [2026-08-12T04:44:17.522+0000] {dagbag.py:587} INFO - Filling up the DagBag from /home/airflow/.local/lib/python3.12/site-packages/airflow/example_dags/example_complex.py
[2026-08-12T04:44:17.534+0000] {processor.py:925} INFO - DAG(s) 'example_complex' retrieved from /home/airflow/.local/lib/python3.12/site-packages/airflow/example_dags/example_complex.py
[2026-08-12T04:44:17.568+0000] {logging_mixin.py:190} INFO - [2026-08-12T04:44:17.568+0000] {dag.py:3211} INFO - Sync 1 DAGs
[2026-08-12T04:44:17.601+0000] {logging_mixin.py:190} INFO - [2026-08-12T04:44:17.601+0000] {dag.py:4138} INFO - Setting next_dagrun for example_complex to None, run_after=None
[2026-08-12T04:44:17.626+0000] {processor.py:208} INFO - Processing /home/airflow/.local/lib/python3.12/site-packages/airflow/example_dags/example_complex.py took 0.116 seconds
[2026-08-12T04:44:48.275+0000] {processor.py:186} INFO - Started process (PID=1494) to work on /home/airflow/.local/lib/python3.12/site-packages/airflow/example_dags/example_complex.py
[2026-08-12T04:44:48.277+0000] {processor.py:914} INFO - Processing file /home/airflow/.local/lib/python3.12/site-packages/airflow/example_dags/example_complex.py for tasks to queue
[2026-08-12T04:44:48.281+0000] {logging_mixin.py:190} INFO - [2026-08-12T04:44:48.281+0000] {dagbag.py:587} INFO - Filling up the DagBag from /home/airflow/.local/lib/python3.12/site-packages/airflow/example_dags/example_complex.py
[2026-08-12T04:44:48.300+0000] {processor.py:925} INFO - DAG(s) 'example_complex' retrieved from /home/airflow/.local/lib/python3.12/site-packages/airflow/example_dags/example_complex.py
[2026-08-12T04:44:48.337+0000] {logging_mixin.py:190} INFO - [2026-08-12T04:44:48.337+0000] {dag.py:3211} INFO - Sync 1 DAGs
[2026-08-12T04:44:48.356+0000] {logging_mixin.py:190} INFO - [2026-08-12T04:44:48.355+0000] {dag.py:4138} INFO - Setting next_dagrun for example_complex to None, run_after=None
[2026-08-12T04:44:48.380+0000] {processor.py:208} INFO - Processing /home/airflow/.local/lib/python3.12/site-packages/airflow/example_dags/example_complex.py took 0.114 seconds
[2026-08-12T04:45:19.126+0000] {processor.py:186} INFO - Started process (PID=1556) to work on /home/airflow/.local/lib/python3.12/site-packages/airflow/example_dags/example_complex.py
[2026-08-12T04:45:19.129+0000] {processor.py:914} INFO - Processing file /home/airflow/.local/lib/python3.12/site-packages/airflow/example_dags/example_complex.py for tasks to queue
[2026-08-12T04:45:19.132+0000] {logging_mixin.py:190} INFO - [2026-08-12T04:45:19.132+0000] {dagbag.py:587} INFO - Filling up the DagBag from /home/airflow/.local/lib/python3.12/site-packages/airflow/example_dags/example_complex.py
[2026-08-12T04:45:19.144+0000] {processor.py:925} INFO - DAG(s) 'example_complex' retrieved from /home/airflow/.local/lib/python3.12/site-packages/airflow/example_dags/example_complex.py
[2026-08-12T04:45:19.180+0000] {logging_mixin.py:190} INFO - [2026-08-12T04:45:19.180+0000] {dag.py:3211} INFO - Sync 1 DAGs
[2026-08-12T04:45:19.196+0000] {logging_mixin.py:190} INFO - [2026-08-12T04:45:19.195+0000] {dag.py:4138} INFO - Setting next_dagrun for example_complex to None, run_after=None
[2026-08-12T04:45:19.218+0000] {processor.py:208} INFO - Processing /home/airflow/.local/lib/python3.12/site-packages/airflow/example_dags/example_complex.py took 0.097 seconds
[2026-08-12T04:45:49.690+0000] {processor.py:186} INFO - Started process (PID=1618) to work on /home/airflow/.local/lib/python3.12/site-packages/airflow/example_dags/example_complex.py
[2026-08-12T04:45:49.693+0000] {processor.py:914} INFO - Processing file /home/airflow/.local/lib/python3.12/site-packages/airflow/example_dags/example_complex.py for tasks to queue
[2026-08-12T04:45:49.696+0000] {logging_mixin.py:190} INFO - [2026-08-12T04:45:49.696+0000] {dagbag.py:587} INFO - Filling up the DagBag from /home/airflow/.local/lib/python3.12/site-packages/airflow/example_dags/example_complex.py
[2026-08-12T04:45:49.708+0000] {processor.py:925} INFO - DAG(s) 'example_complex' retrieved from /home/airflow/.local/lib/python3.12/site-packages/airflow/example_dags/example_complex.py
[2026-08-12T04:45:49.736+0000] {logging_mixin.py:190} INFO - [2026-08-12T04:45:49.736+0000] {dag.py:3211} INFO - Sync 1 DAGs
[2026-08-12T04:45:49.752+0000] {logging_mixin.py:190} INFO - [2026-08-12T04:45:49.752+0000] {dag.py:4138} INFO - Setting next_dagrun for example_complex to None, run_after=None
[2026-08-12T04:45:49.775+0000] {processor.py:208} INFO - Processing /home/airflow/.local/lib/python3.12/site-packages/airflow/example_dags/example_complex.py took 0.093 seconds
[2026-08-12T04:46:20.489+0000] {processor.py:186} INFO - Started process (PID=1680) to work on /home/airflow/.local/lib/python3.12/site-packages/airflow/example_dags/example_complex.py
[2026-08-12T04:46:20.490+0000] {processor.py:914} INFO - Processing file /home/airflow/.local/lib/python3.12/site-packages/airflow/example_dags/example_complex.py for tasks to queue
[2026-08-12T04:46:20.497+0000] {logging_mixin.py:190} INFO - [2026-08-12T04:46:20.496+0000] {dagbag.py:587} INFO - Filling up the DagBag from /home/airflow/.local/lib/python3.12/site-packages/airflow/example_dags/example_complex.py
[2026-08-12T04:46:20.512+0000] {processor.py:925} INFO - DAG(s) 'example_complex' retrieved from /home/airflow/.local/lib/python3.12/site-packages/airflow/example_dags/example_complex.py
[2026-08-12T04:46:20.546+0000] {logging_mixin.py:190} INFO - [2026-08-12T04:46:20.545+0000] {dag.py:3211} INFO - Sync 1 DAGs
[2026-08-12T04:46:20.561+0000] {logging_mixin.py:190} INFO - [2026-08-12T04:46:20.561+0000] {dag.py:4138} INFO - Setting next_dagrun for example_complex to None, run_after=None
[2026-08-12T04:46:20.583+0000] {processor.py:208} INFO - Processing /home/airflow/.local/lib/python3.12/site-packages/airflow/example_dags/example_complex.py took 0.101 seconds
[2026-08-12T04:46:51.379+0000] {processor.py:186} INFO - Started process (PID=1742) to work on /home/airflow/.local/lib/python3.12/site-packages/airflow/example_dags/example_complex.py
[2026-08-12T04:46:51.381+0000] {processor.py:914} INFO - Processing file /home/airflow/.local/lib/python3.12/site-packages/airflow/example_dags/example_complex.py for tasks to queue
[2026-08-12T04:46:51.384+0000] {logging_mixin.py:190} INFO - [2026-08-12T04:46:51.384+0000] {dagbag.py:587} INFO - Filling up the DagBag from /home/airflow/.local/lib/python3.12/site-packages/airflow/example_dags/example_complex.py
[2026-08-12T04:46:51.397+0000] {processor.py:925} INFO - DAG(s) 'example_complex' retrieved from /home/airflow/.local/lib/python3.12/site-packages/airflow/example_dags/example_complex.py
[2026-08-12T04:46:51.435+0000] {logging_mixin.py:190} INFO - [2026-08-12T04:46:51.434+0000] {dag.py:3211} INFO - Sync 1 DAGs
[2026-08-12T04:46:51.451+0000] {logging_mixin.py:190} INFO - [2026-08-12T04:46:51.451+0000] {dag.py:4138} INFO - Setting next_dagrun for example_complex to None, run_after=None
[2026-08-12T04:46:51.472+0000] {processor.py:208} INFO - Processing /home/airflow/.local/lib/python3.12/site-packages/airflow/example_dags/example_complex.py took 0.100 seconds
[2026-08-12T04:47:22.241+0000] {processor.py:186} INFO - Started process (PID=1804) to work on /home/airflow/.local/lib/python3.12/site-packages/airflow/example_dags/example_complex.py
[2026-08-12T04:47:22.244+0000] {processor.py:914} INFO - Processing file /home/airflow/.local/lib/python3.12/site-packages/airflow/example_dags/example_complex.py for tasks to queue
[2026-08-12T04:47:22.248+0000] {logging_mixin.py:190} INFO - [2026-08-12T04:47:22.247+0000] {dagbag.py:587} INFO - Filling up the DagBag from /home/airflow/.local/lib/python3.12/site-packages/airflow/example_dags/example_complex.py
[2026-08-12T04:47:22.261+0000] {processor.py:925} INFO - DAG(s) 'example_complex' retrieved from /home/airflow/.local/lib/python3.12/site-packages/airflow/example_dags/example_complex.py
[2026-08-12T04:47:22.300+0000] {logging_mixin.py:190} INFO - [2026-08-12T04:47:22.299+0000] {dag.py:3211} INFO - Sync 1 DAGs
[2026-08-12T04:47:22.317+0000] {logging_mixin.py:190} INFO - [2026-08-12T04:47:22.317+0000] {dag.py:4138} INFO - Setting next_dagrun for example_complex to None, run_after=None
[2026-08-12T04:47:22.345+0000] {processor.py:208} INFO - Processing /home/airflow/.local/lib/python3.12/site-packages/airflow/example_dags/example_complex.py took 0.110 seconds
[2026-08-12T04:47:52.717+0000] {processor.py:186} INFO - Started process (PID=1865) to work on /home/airflow/.local/lib/python3.12/site-packages/airflow/example_dags/example_complex.py
[2026-08-12T04:47:52.719+0000] {processor.py:914} INFO - Processing file /home/airflow/.local/lib/python3.12/site-packages/airflow/example_dags/example_complex.py for tasks to queue
[2026-08-12T04:47:52.722+0000] {logging_mixin.py:190} INFO - [2026-08-12T04:47:52.722+0000] {dagbag.py:587} INFO - Filling up the DagBag from /home/airflow/.local/lib/python3.12/site-packages/airflow/example_dags/example_complex.py
[2026-08-12T04:47:52.741+0000] {processor.py:925} INFO - DAG(s) 'example_complex' retrieved from /home/airflow/.local/lib/python3.12/site-packages/airflow/example_dags/example_complex.py
[2026-08-12T04:47:52.778+0000] {logging_mixin.py:190} INFO - [2026-08-12T04:47:52.778+0000] {dag.py:3211} INFO - Sync 1 DAGs
[2026-08-12T04:47:52.799+0000] {logging_mixin.py:190} INFO - [2026-08-12T04:47:52.799+0000] {dag.py:4138} INFO - Setting next_dagrun for example_complex to None, run_after=None
[2026-08-12T04:47:52.824+0000] {processor.py:208} INFO - Processing /home/airflow/.local/lib/python3.12/site-packages/airflow/example_dags/example_complex.py took 0.114 seconds
[2026-08-12T04:48:23.724+0000] {processor.py:186} INFO - Started process (PID=1928) to work on /home/airflow/.local/lib/python3.12/site-packages/airflow/example_dags/example_complex.py
[2026-08-12T04:48:23.738+0000] {processor.py:914} INFO - Processing file /home/airflow/.local/lib/python3.12/site-packages/airflow/example_dags/example_complex.py for tasks to queue
[2026-08-12T04:48:23.743+0000] {logging_mixin.py:190} INFO - [2026-08-12T04:48:23.742+0000] {dagbag.py:587} INFO - Filling up the DagBag from /home/airflow/.local/lib/python3.12/site-packages/airflow/example_dags/example_complex.py
[2026-08-12T04:48:23.770+0000] {processor.py:925} INFO - DAG(s) 'example_complex' retrieved from /home/airflow/.local/lib/python3.12/site-packages/airflow/example_dags/example_complex.py
[2026-08-12T04:48:23.807+0000] {logging_mixin.py:190} INFO - [2026-08-12T04:48:23.806+0000] {dag.py:3211} INFO - Sync 1 DAGs
[2026-08-12T04:48:23.828+0000] {logging_mixin.py:190} INFO - [2026-08-12T04:48:23.827+0000] {dag.py:4138} INFO - Setting next_dagrun for example_complex to None, run_after=None
[2026-08-12T04:48:23.853+0000] {processor.py:208} INFO - Processing /home/airflow/.local/lib/python3.12/site-packages/airflow/example_dags/example_complex.py took 0.136 seconds
[2026-08-12T04:48:54.833+0000] {processor.py:186} INFO - Started process (PID=1989) to work on /home/airflow/.local/lib/python3.12/site-packages/airflow/example_dags/example_complex.py
[2026-08-12T04:48:54.835+0000] {processor.py:914} INFO - Processing file /home/airflow/.local/lib/python3.12/site-packages/airflow/example_dags/example_complex.py for tasks to queue
[2026-08-12T04:48:54.839+0000] {logging_mixin.py:190} INFO - [2026-08-12T04:48:54.839+0000] {dagbag.py:587} INFO - Filling up the DagBag from /home/airflow/.local/lib/python3.12/site-packages/airflow/example_dags/example_complex.py
[2026-08-12T04:48:54.855+0000] {processor.py:925} INFO - DAG(s) 'example_complex' retrieved from /home/airflow/.local/lib/python3.12/site-packages/airflow/example_dags/example_complex.py
[2026-08-12T04:48:54.888+0000] {logging_mixin.py:190} INFO - [2026-08-12T04:48:54.888+0000] {dag.py:3211} INFO - Sync 1 DAGs
[2026-08-12T04:48:54.904+0000] {logging_mixin.py:190} INFO - [2026-08-12T04:48:54.904+0000] {dag.py:4138} INFO - Setting next_dagrun for example_complex to None, run_after=None
[2026-08-12T04:48:54.928+0000] {processor.py:208} INFO - Processing /home/airflow/.local/lib/python3.12/site-packages/airflow/example_dags/example_complex.py took 0.120 seconds
