[2026-08-12T04:30:39.092+0000] {processor.py:186} INFO - Started process (PID=71) to work on /home/airflow/.local/lib/python3.12/site-packages/airflow/example_dags/example_trigger_target_dag.py
[2026-08-12T04:30:39.096+0000] {processor.py:914} INFO - Processing file /home/airflow/.local/lib/python3.12/site-packages/airflow/example_dags/example_trigger_target_dag.py for tasks to queue
[2026-08-12T04:30:39.107+0000] {logging_mixin.py:190} INFO - [2026-08-12T04:30:39.103+0000] {dagbag.py:587} INFO - Filling up the DagBag from /home/airflow/.local/lib/python3.12/site-packages/airflow/example_dags/example_trigger_target_dag.py
[2026-08-12T04:30:39.134+0000] {processor.py:925} INFO - DAG(s) 'example_trigger_target_dag' retrieved from /home/airflow/.local/lib/python3.12/site-packages/airflow/example_dags/example_trigger_target_dag.py
[2026-08-12T04:30:39.339+0000] {logging_mixin.py:190} INFO - [2026-08-12T04:30:39.337+0000] {override.py:1858} INFO - Created Permission View: can delete on DAG:example_trigger_target_dag
[2026-08-12T04:30:39.361+0000] {logging_mixin.py:190} INFO - [2026-08-12T04:30:39.360+0000] {override.py:1858} INFO - Created Permission View: can read on DAG:example_trigger_target_dag
[2026-08-12T04:30:39.378+0000] {logging_mixin.py:190} INFO - [2026-08-12T04:30:39.377+0000] {override.py:1858} INFO - Created Permission View: can edit on DAG:example_trigger_target_dag
[2026-08-12T04:30:39.380+0000] {logging_mixin.py:190} INFO - [2026-08-12T04:30:39.379+0000] {dag.py:3211} INFO - Sync 1 DAGs
[2026-08-12T04:30:39.407+0000] {logging_mixin.py:190} INFO - [2026-08-12T04:30:39.407+0000] {dag.py:3234} INFO - Creating ORM DAG for example_trigger_target_dag
[2026-08-12T04:30:39.410+0000] {logging_mixin.py:190} INFO - [2026-08-12T04:30:39.409+0000] {dag.py:4138} INFO - Setting next_dagrun for example_trigger_target_dag to None, run_after=None
[2026-08-12T04:30:39.453+0000] {processor.py:208} INFO - Processing /home/airflow/.local/lib/python3.12/site-packages/airflow/example_dags/example_trigger_target_dag.py took 0.385 seconds
[2026-08-12T04:31:09.755+0000] {processor.py:186} INFO - Started process (PID=132) to work on /home/airflow/.local/lib/python3.12/site-packages/airflow/example_dags/example_trigger_target_dag.py
[2026-08-12T04:31:09.757+0000] {processor.py:914} INFO - Processing file /home/airflow/.local/lib/python3.12/site-packages/airflow/example_dags/example_trigger_target_dag.py for tasks to queue
[2026-08-12T04:31:09.762+0000] {logging_mixin.py:190} INFO - [2026-08-12T04:31:09.761+0000] {dagbag.py:587} INFO - Filling up the DagBag from /home/airflow/.local/lib/python3.12/site-packages/airflow/example_dags/example_trigger_target_dag.py
[2026-08-12T04:31:09.773+0000] {processor.py:925} INFO - DAG(s) 'example_trigger_target_dag' retrieved from /home/airflow/.local/lib/python3.12/site-packages/airflow/example_dags/example_trigger_target_dag.py
[2026-08-12T04:31:09.802+0000] {logging_mixin.py:190} INFO - [2026-08-12T04:31:09.802+0000] {dag.py:3211} INFO - Sync 1 DAGs
[2026-08-12T04:31:09.821+0000] {logging_mixin.py:190} INFO - [2026-08-12T04:31:09.821+0000] {dag.py:4138} INFO - Setting next_dagrun for example_trigger_target_dag to None, run_after=None
[2026-08-12T04:31:09.847+0000] {processor.py:208} INFO - Processing /home/airflow/.local/lib/python3.12/site-packages/airflow/example_dags/example_trigger_target_dag.py took 0.114 seconds
[2026-08-12T04:31:39.980+0000] {processor.py:186} INFO - Started process (PID=194) to work on /home/airflow/.local/lib/python3.12/site-packages/airflow/example_dags/example_trigger_target_dag.py
[2026-08-12T04:31:39.982+0000] {processor.py:914} INFO - Processing file /home/airflow/.local/lib/python3.12/site-packages/airflow/example_dags/example_trigger_target_dag.py for tasks to queue
[2026-08-12T04:31:39.986+0000] {logging_mixin.py:190} INFO - [2026-08-12T04:31:39.986+0000] {dagbag.py:587} INFO - Filling up the DagBag from /home/airflow/.local/lib/python3.12/site-packages/airflow/example_dags/example_trigger_target_dag.py
[2026-08-12T04:31:39.996+0000] {processor.py:925} INFO - DAG(s) 'example_trigger_target_dag' retrieved from /home/airflow/.local/lib/python3.12/site-packages/airflow/example_dags/example_trigger_target_dag.py
[2026-08-12T04:31:40.032+0000] {logging_mixin.py:190} INFO - [2026-08-12T04:31:40.031+0000] {dag.py:3211} INFO - Sync 1 DAGs
[2026-08-12T04:31:40.060+0000] {logging_mixin.py:190} INFO - [2026-08-12T04:31:40.060+0000] {dag.py:4138} INFO - Setting next_dagrun for example_trigger_target_dag to None, run_after=None
[2026-08-12T04:31:40.097+0000] {processor.py:208} INFO - Processing /home/airflow/.local/lib/python3.12/site-packages/airflow/example_dags/example_trigger_target_dag.py took 0.125 seconds
[2026-08-12T04:32:10.474+0000] {processor.py:186} INFO - Started process (PID=256) to work on /home/airflow/.local/lib/python3.12/site-packages/airflow/example_dags/example_trigger_target_dag.py
[2026-08-12T04:32:10.476+0000] {processor.py:914} INFO - Processing file /home/airflow/.local/lib/python3.12/site-packages/airflow/example_dags/example_trigger_target_dag.py for tasks to queue
[2026-08-12T04:32:10.481+0000] {logging_mixin.py:190} INFO - [2026-08-12T04:32:10.481+0000] {dagbag.py:587} INFO - Filling up the DagBag from /home/airflow/.local/lib/python3.12/site-packages/airflow/example_dags/example_trigger_target_dag.py
[2026-08-12T04:32:10.492+0000] {processor.py:925} INFO - DAG(s) 'example_trigger_target_dag' retrieved from /home/airflow/.local/lib/python3.12/site-packages/airflow/example_dags/example_trigger_target_dag.py
[2026-08-12T04:32:10.517+0000] {logging_mixin.py:190} INFO - [2026-08-12T04:32:10.517+0000] {dag.py:3211} INFO - Sync 1 DAGs
[2026-08-12T04:32:10.534+0000] {logging_mixin.py:190} INFO - [2026-08-12T04:32:10.534+0000] {dag.py:4138} INFO - Setting next_dagrun for example_trigger_target_dag to None, run_after=None
[2026-08-12T04:32:10.567+0000] {processor.py:208} INFO - Processing /home/airflow/.local/lib/python3.12/site-packages/airflow/example_dags/example_trigger_target_dag.py took 0.102 seconds
[2026-08-12T04:33:00.051+0000] {processor.py:186} INFO - Started process (PID=51) to work on /home/airflow/.local/lib/python3.12/site-packages/airflow/example_dags/example_trigger_target_dag.py
[2026-08-12T04:33:00.054+0000] {processor.py:914} INFO - Processing file /home/airflow/.local/lib/python3.12/site-packages/airflow/example_dags/example_trigger_target_dag.py for tasks to queue
[2026-08-12T04:33:00.062+0000] {logging_mixin.py:190} INFO - [2026-08-12T04:33:00.061+0000] {dagbag.py:587} INFO - Filling up the DagBag from /home/airflow/.local/lib/python3.12/site-packages/airflow/example_dags/example_trigger_target_dag.py
[2026-08-12T04:33:00.090+0000] {processor.py:925} INFO - DAG(s) 'example_trigger_target_dag' retrieved from /home/airflow/.local/lib/python3.12/site-packages/airflow/example_dags/example_trigger_target_dag.py
[2026-08-12T04:33:00.136+0000] {logging_mixin.py:190} INFO - [2026-08-12T04:33:00.136+0000] {dag.py:3211} INFO - Sync 1 DAGs
[2026-08-12T04:33:00.167+0000] {logging_mixin.py:190} INFO - [2026-08-12T04:33:00.166+0000] {dag.py:4138} INFO - Setting next_dagrun for example_trigger_target_dag to None, run_after=None
[2026-08-12T04:33:00.229+0000] {processor.py:208} INFO - Processing /home/airflow/.local/lib/python3.12/site-packages/airflow/example_dags/example_trigger_target_dag.py took 0.193 seconds
[2026-08-12T04:33:31.083+0000] {processor.py:186} INFO - Started process (PID=120) to work on /home/airflow/.local/lib/python3.12/site-packages/airflow/example_dags/example_trigger_target_dag.py
[2026-08-12T04:33:31.085+0000] {processor.py:914} INFO - Processing file /home/airflow/.local/lib/python3.12/site-packages/airflow/example_dags/example_trigger_target_dag.py for tasks to queue
[2026-08-12T04:33:31.089+0000] {logging_mixin.py:190} INFO - [2026-08-12T04:33:31.089+0000] {dagbag.py:587} INFO - Filling up the DagBag from /home/airflow/.local/lib/python3.12/site-packages/airflow/example_dags/example_trigger_target_dag.py
[2026-08-12T04:33:31.099+0000] {processor.py:925} INFO - DAG(s) 'example_trigger_target_dag' retrieved from /home/airflow/.local/lib/python3.12/site-packages/airflow/example_dags/example_trigger_target_dag.py
[2026-08-12T04:33:31.125+0000] {logging_mixin.py:190} INFO - [2026-08-12T04:33:31.124+0000] {dag.py:3211} INFO - Sync 1 DAGs
[2026-08-12T04:33:31.146+0000] {logging_mixin.py:190} INFO - [2026-08-12T04:33:31.145+0000] {dag.py:4138} INFO - Setting next_dagrun for example_trigger_target_dag to None, run_after=None
[2026-08-12T04:33:31.174+0000] {processor.py:208} INFO - Processing /home/airflow/.local/lib/python3.12/site-packages/airflow/example_dags/example_trigger_target_dag.py took 0.098 seconds
[2026-08-12T04:34:01.603+0000] {processor.py:186} INFO - Started process (PID=182) to work on /home/airflow/.local/lib/python3.12/site-packages/airflow/example_dags/example_trigger_target_dag.py
[2026-08-12T04:34:01.605+0000] {processor.py:914} INFO - Processing file /home/airflow/.local/lib/python3.12/site-packages/airflow/example_dags/example_trigger_target_dag.py for tasks to queue
[2026-08-12T04:34:01.608+0000] {logging_mixin.py:190} INFO - [2026-08-12T04:34:01.608+0000] {dagbag.py:587} INFO - Filling up the DagBag from /home/airflow/.local/lib/python3.12/site-packages/airflow/example_dags/example_trigger_target_dag.py
[2026-08-12T04:34:01.619+0000] {processor.py:925} INFO - DAG(s) 'example_trigger_target_dag' retrieved from /home/airflow/.local/lib/python3.12/site-packages/airflow/example_dags/example_trigger_target_dag.py
[2026-08-12T04:34:01.646+0000] {logging_mixin.py:190} INFO - [2026-08-12T04:34:01.645+0000] {dag.py:3211} INFO - Sync 1 DAGs
[2026-08-12T04:34:01.661+0000] {logging_mixin.py:190} INFO - [2026-08-12T04:34:01.661+0000] {dag.py:4138} INFO - Setting next_dagrun for example_trigger_target_dag to None, run_after=None
[2026-08-12T04:34:01.687+0000] {processor.py:208} INFO - Processing /home/airflow/.local/lib/python3.12/site-packages/airflow/example_dags/example_trigger_target_dag.py took 0.092 seconds
[2026-08-12T04:34:32.058+0000] {processor.py:186} INFO - Started process (PID=244) to work on /home/airflow/.local/lib/python3.12/site-packages/airflow/example_dags/example_trigger_target_dag.py
[2026-08-12T04:34:32.060+0000] {processor.py:914} INFO - Processing file /home/airflow/.local/lib/python3.12/site-packages/airflow/example_dags/example_trigger_target_dag.py for tasks to queue
[2026-08-12T04:34:32.064+0000] {logging_mixin.py:190} INFO - [2026-08-12T04:34:32.063+0000] {dagbag.py:587} INFO - Filling up the DagBag from /home/airflow/.local/lib/python3.12/site-packages/airflow/example_dags/example_trigger_target_dag.py
[2026-08-12T04:34:32.074+0000] {processor.py:925} INFO - DAG(s) 'example_trigger_target_dag' retrieved from /home/airflow/.local/lib/python3.12/site-packages/airflow/example_dags/example_trigger_target_dag.py
[2026-08-12T04:34:32.098+0000] {logging_mixin.py:190} INFO - [2026-08-12T04:34:32.098+0000] {dag.py:3211} INFO - Sync 1 DAGs
[2026-08-12T04:34:32.114+0000] {logging_mixin.py:190} INFO - [2026-08-12T04:34:32.113+0000] {dag.py:4138} INFO - Setting next_dagrun for example_trigger_target_dag to None, run_after=None
[2026-08-12T04:34:32.137+0000] {processor.py:208} INFO - Processing /home/airflow/.local/lib/python3.12/site-packages/airflow/example_dags/example_trigger_target_dag.py took 0.087 seconds
[2026-08-12T04:35:02.877+0000] {processor.py:186} INFO - Started process (PID=306) to work on /home/airflow/.local/lib/python3.12/site-packages/airflow/example_dags/example_trigger_target_dag.py
[2026-08-12T04:35:02.879+0000] {processor.py:914} INFO - Processing file /home/airflow/.local/lib/python3.12/site-packages/airflow/example_dags/example_trigger_target_dag.py for tasks to queue
[2026-08-12T04:35:02.883+0000] {logging_mixin.py:190} INFO - [2026-08-12T04:35:02.882+0000] {dagbag.py:587} INFO - Filling up the DagBag from /home/airflow/.local/lib/python3.12/site-packages/airflow/example_dags/example_trigger_target_dag.py
[2026-08-12T04:35:02.896+0000] {processor.py:925} INFO - DAG(s) 'example_trigger_target_dag' retrieved from /home/airflow/.local/lib/python3.12/site-packages/airflow/example_dags/example_trigger_target_dag.py
[2026-08-12T04:35:02.924+0000] {logging_mixin.py:190} INFO - [2026-08-12T04:35:02.924+0000] {dag.py:3211} INFO - Sync 1 DAGs
[2026-08-12T04:35:02.943+0000] {logging_mixin.py:190} INFO - [2026-08-12T04:35:02.942+0000] {dag.py:4138} INFO - Setting next_dagrun for example_trigger_target_dag to None, run_after=None
[2026-08-12T04:35:02.970+0000] {processor.py:208} INFO - Processing /home/airflow/.local/lib/python3.12/site-packages/airflow/example_dags/example_trigger_target_dag.py took 0.101 seconds
[2026-08-12T04:35:33.830+0000] {processor.py:186} INFO - Started process (PID=368) to work on /home/airflow/.local/lib/python3.12/site-packages/airflow/example_dags/example_trigger_target_dag.py
[2026-08-12T04:35:33.832+0000] {processor.py:914} INFO - Processing file /home/airflow/.local/lib/python3.12/site-packages/airflow/example_dags/example_trigger_target_dag.py for tasks to queue
[2026-08-12T04:35:33.849+0000] {logging_mixin.py:190} INFO - [2026-08-12T04:35:33.848+0000] {dagbag.py:587} INFO - Filling up the DagBag from /home/airflow/.local/lib/python3.12/site-packages/airflow/example_dags/example_trigger_target_dag.py
[2026-08-12T04:35:33.858+0000] {processor.py:925} INFO - DAG(s) 'example_trigger_target_dag' retrieved from /home/airflow/.local/lib/python3.12/site-packages/airflow/example_dags/example_trigger_target_dag.py
[2026-08-12T04:35:33.886+0000] {logging_mixin.py:190} INFO - [2026-08-12T04:35:33.884+0000] {dag.py:3211} INFO - Sync 1 DAGs
[2026-08-12T04:35:33.903+0000] {logging_mixin.py:190} INFO - [2026-08-12T04:35:33.902+0000] {dag.py:4138} INFO - Setting next_dagrun for example_trigger_target_dag to None, run_after=None
[2026-08-12T04:35:33.927+0000] {processor.py:208} INFO - Processing /home/airflow/.local/lib/python3.12/site-packages/airflow/example_dags/example_trigger_target_dag.py took 0.104 seconds
[2026-08-12T04:36:04.896+0000] {processor.py:186} INFO - Started process (PID=430) to work on /home/airflow/.local/lib/python3.12/site-packages/airflow/example_dags/example_trigger_target_dag.py
[2026-08-12T04:36:04.898+0000] {processor.py:914} INFO - Processing file /home/airflow/.local/lib/python3.12/site-packages/airflow/example_dags/example_trigger_target_dag.py for tasks to queue
[2026-08-12T04:36:04.901+0000] {logging_mixin.py:190} INFO - [2026-08-12T04:36:04.901+0000] {dagbag.py:587} INFO - Filling up the DagBag from /home/airflow/.local/lib/python3.12/site-packages/airflow/example_dags/example_trigger_target_dag.py
[2026-08-12T04:36:04.911+0000] {processor.py:925} INFO - DAG(s) 'example_trigger_target_dag' retrieved from /home/airflow/.local/lib/python3.12/site-packages/airflow/example_dags/example_trigger_target_dag.py
[2026-08-12T04:36:04.937+0000] {logging_mixin.py:190} INFO - [2026-08-12T04:36:04.937+0000] {dag.py:3211} INFO - Sync 1 DAGs
[2026-08-12T04:36:04.955+0000] {logging_mixin.py:190} INFO - [2026-08-12T04:36:04.954+0000] {dag.py:4138} INFO - Setting next_dagrun for example_trigger_target_dag to None, run_after=None
[2026-08-12T04:36:04.985+0000] {processor.py:208} INFO - Processing /home/airflow/.local/lib/python3.12/site-packages/airflow/example_dags/example_trigger_target_dag.py took 0.108 seconds
[2026-08-12T04:36:35.071+0000] {processor.py:186} INFO - Started process (PID=491) to work on /home/airflow/.local/lib/python3.12/site-packages/airflow/example_dags/example_trigger_target_dag.py
[2026-08-12T04:36:35.073+0000] {processor.py:914} INFO - Processing file /home/airflow/.local/lib/python3.12/site-packages/airflow/example_dags/example_trigger_target_dag.py for tasks to queue
[2026-08-12T04:36:35.076+0000] {logging_mixin.py:190} INFO - [2026-08-12T04:36:35.076+0000] {dagbag.py:587} INFO - Filling up the DagBag from /home/airflow/.local/lib/python3.12/site-packages/airflow/example_dags/example_trigger_target_dag.py
[2026-08-12T04:36:35.086+0000] {processor.py:925} INFO - DAG(s) 'example_trigger_target_dag' retrieved from /home/airflow/.local/lib/python3.12/site-packages/airflow/example_dags/example_trigger_target_dag.py
[2026-08-12T04:36:35.108+0000] {logging_mixin.py:190} INFO - [2026-08-12T04:36:35.108+0000] {dag.py:3211} INFO - Sync 1 DAGs
[2026-08-12T04:36:35.124+0000] {logging_mixin.py:190} INFO - [2026-08-12T04:36:35.124+0000] {dag.py:4138} INFO - Setting next_dagrun for example_trigger_target_dag to None, run_after=None
[2026-08-12T04:36:35.146+0000] {processor.py:208} INFO - Processing /home/airflow/.local/lib/python3.12/site-packages/airflow/example_dags/example_trigger_target_dag.py took 0.083 seconds
[2026-08-12T04:37:06.058+0000] {processor.py:186} INFO - Started process (PID=554) to work on /home/airflow/.local/lib/python3.12/site-packages/airflow/example_dags/example_trigger_target_dag.py
[2026-08-12T04:37:06.060+0000] {processor.py:914} INFO - Processing file /home/airflow/.local/lib/python3.12/site-packages/airflow/example_dags/example_trigger_target_dag.py for tasks to queue
[2026-08-12T04:37:06.063+0000] {logging_mixin.py:190} INFO - [2026-08-12T04:37:06.063+0000] {dagbag.py:587} INFO - Filling up the DagBag from /home/airflow/.local/lib/python3.12/site-packages/airflow/example_dags/example_trigger_target_dag.py
[2026-08-12T04:37:06.071+0000] {processor.py:925} INFO - DAG(s) 'example_trigger_target_dag' retrieved from /home/airflow/.local/lib/python3.12/site-packages/airflow/example_dags/example_trigger_target_dag.py
[2026-08-12T04:37:06.096+0000] {logging_mixin.py:190} INFO - [2026-08-12T04:37:06.096+0000] {dag.py:3211} INFO - Sync 1 DAGs
[2026-08-12T04:37:06.112+0000] {logging_mixin.py:190} INFO - [2026-08-12T04:37:06.112+0000] {dag.py:4138} INFO - Setting next_dagrun for example_trigger_target_dag to None, run_after=None
[2026-08-12T04:37:06.159+0000] {processor.py:208} INFO - Processing /home/airflow/.local/lib/python3.12/site-packages/airflow/example_dags/example_trigger_target_dag.py took 0.107 seconds
[2026-08-12T04:37:37.015+0000] {processor.py:186} INFO - Started process (PID=616) to work on /home/airflow/.local/lib/python3.12/site-packages/airflow/example_dags/example_trigger_target_dag.py
[2026-08-12T04:37:37.017+0000] {processor.py:914} INFO - Processing file /home/airflow/.local/lib/python3.12/site-packages/airflow/example_dags/example_trigger_target_dag.py for tasks to queue
[2026-08-12T04:37:37.020+0000] {logging_mixin.py:190} INFO - [2026-08-12T04:37:37.020+0000] {dagbag.py:587} INFO - Filling up the DagBag from /home/airflow/.local/lib/python3.12/site-packages/airflow/example_dags/example_trigger_target_dag.py
[2026-08-12T04:37:37.029+0000] {processor.py:925} INFO - DAG(s) 'example_trigger_target_dag' retrieved from /home/airflow/.local/lib/python3.12/site-packages/airflow/example_dags/example_trigger_target_dag.py
[2026-08-12T04:37:37.052+0000] {logging_mixin.py:190} INFO - [2026-08-12T04:37:37.052+0000] {dag.py:3211} INFO - Sync 1 DAGs
[2026-08-12T04:37:37.071+0000] {logging_mixin.py:190} INFO - [2026-08-12T04:37:37.071+0000] {dag.py:4138} INFO - Setting next_dagrun for example_trigger_target_dag to None, run_after=None
[2026-08-12T04:37:37.102+0000] {processor.py:208} INFO - Processing /home/airflow/.local/lib/python3.12/site-packages/airflow/example_dags/example_trigger_target_dag.py took 0.093 seconds
[2026-08-12T04:38:07.575+0000] {processor.py:186} INFO - Started process (PID=678) to work on /home/airflow/.local/lib/python3.12/site-packages/airflow/example_dags/example_trigger_target_dag.py
[2026-08-12T04:38:07.577+0000] {processor.py:914} INFO - Processing file /home/airflow/.local/lib/python3.12/site-packages/airflow/example_dags/example_trigger_target_dag.py for tasks to queue
[2026-08-12T04:38:07.580+0000] {logging_mixin.py:190} INFO - [2026-08-12T04:38:07.580+0000] {dagbag.py:587} INFO - Filling up the DagBag from /home/airflow/.local/lib/python3.12/site-packages/airflow/example_dags/example_trigger_target_dag.py
[2026-08-12T04:38:07.589+0000] {processor.py:925} INFO - DAG(s) 'example_trigger_target_dag' retrieved from /home/airflow/.local/lib/python3.12/site-packages/airflow/example_dags/example_trigger_target_dag.py
[2026-08-12T04:38:07.618+0000] {logging_mixin.py:190} INFO - [2026-08-12T04:38:07.618+0000] {dag.py:3211} INFO - Sync 1 DAGs
[2026-08-12T04:38:07.634+0000] {logging_mixin.py:190} INFO - [2026-08-12T04:38:07.634+0000] {dag.py:4138} INFO - Setting next_dagrun for example_trigger_target_dag to None, run_after=None
[2026-08-12T04:38:07.656+0000] {processor.py:208} INFO - Processing /home/airflow/.local/lib/python3.12/site-packages/airflow/example_dags/example_trigger_target_dag.py took 0.087 seconds
[2026-08-12T04:38:38.224+0000] {processor.py:186} INFO - Started process (PID=740) to work on /home/airflow/.local/lib/python3.12/site-packages/airflow/example_dags/example_trigger_target_dag.py
[2026-08-12T04:38:38.226+0000] {processor.py:914} INFO - Processing file /home/airflow/.local/lib/python3.12/site-packages/airflow/example_dags/example_trigger_target_dag.py for tasks to queue
[2026-08-12T04:38:38.229+0000] {logging_mixin.py:190} INFO - [2026-08-12T04:38:38.229+0000] {dagbag.py:587} INFO - Filling up the DagBag from /home/airflow/.local/lib/python3.12/site-packages/airflow/example_dags/example_trigger_target_dag.py
[2026-08-12T04:38:38.239+0000] {processor.py:925} INFO - DAG(s) 'example_trigger_target_dag' retrieved from /home/airflow/.local/lib/python3.12/site-packages/airflow/example_dags/example_trigger_target_dag.py
[2026-08-12T04:38:38.262+0000] {logging_mixin.py:190} INFO - [2026-08-12T04:38:38.262+0000] {dag.py:3211} INFO - Sync 1 DAGs
[2026-08-12T04:38:38.276+0000] {logging_mixin.py:190} INFO - [2026-08-12T04:38:38.276+0000] {dag.py:4138} INFO - Setting next_dagrun for example_trigger_target_dag to None, run_after=None
[2026-08-12T04:38:38.307+0000] {processor.py:208} INFO - Processing /home/airflow/.local/lib/python3.12/site-packages/airflow/example_dags/example_trigger_target_dag.py took 0.089 seconds
[2026-08-12T04:39:09.326+0000] {processor.py:186} INFO - Started process (PID=802) to work on /home/airflow/.local/lib/python3.12/site-packages/airflow/example_dags/example_trigger_target_dag.py
[2026-08-12T04:39:09.328+0000] {processor.py:914} INFO - Processing file /home/airflow/.local/lib/python3.12/site-packages/airflow/example_dags/example_trigger_target_dag.py for tasks to queue
[2026-08-12T04:39:09.331+0000] {logging_mixin.py:190} INFO - [2026-08-12T04:39:09.331+0000] {dagbag.py:587} INFO - Filling up the DagBag from /home/airflow/.local/lib/python3.12/site-packages/airflow/example_dags/example_trigger_target_dag.py
[2026-08-12T04:39:09.340+0000] {processor.py:925} INFO - DAG(s) 'example_trigger_target_dag' retrieved from /home/airflow/.local/lib/python3.12/site-packages/airflow/example_dags/example_trigger_target_dag.py
[2026-08-12T04:39:09.365+0000] {logging_mixin.py:190} INFO - [2026-08-12T04:39:09.365+0000] {dag.py:3211} INFO - Sync 1 DAGs
[2026-08-12T04:39:09.383+0000] {logging_mixin.py:190} INFO - [2026-08-12T04:39:09.383+0000] {dag.py:4138} INFO - Setting next_dagrun for example_trigger_target_dag to None, run_after=None
[2026-08-12T04:39:09.406+0000] {processor.py:208} INFO - Processing /home/airflow/.local/lib/python3.12/site-packages/airflow/example_dags/example_trigger_target_dag.py took 0.087 seconds
[2026-08-12T04:39:39.738+0000] {processor.py:186} INFO - Started process (PID=863) to work on /home/airflow/.local/lib/python3.12/site-packages/airflow/example_dags/example_trigger_target_dag.py
[2026-08-12T04:39:39.740+0000] {processor.py:914} INFO - Processing file /home/airflow/.local/lib/python3.12/site-packages/airflow/example_dags/example_trigger_target_dag.py for tasks to queue
[2026-08-12T04:39:39.745+0000] {logging_mixin.py:190} INFO - [2026-08-12T04:39:39.744+0000] {dagbag.py:587} INFO - Filling up the DagBag from /home/airflow/.local/lib/python3.12/site-packages/airflow/example_dags/example_trigger_target_dag.py
[2026-08-12T04:39:39.759+0000] {processor.py:925} INFO - DAG(s) 'example_trigger_target_dag' retrieved from /home/airflow/.local/lib/python3.12/site-packages/airflow/example_dags/example_trigger_target_dag.py
[2026-08-12T04:39:39.813+0000] {logging_mixin.py:190} INFO - [2026-08-12T04:39:39.813+0000] {dag.py:3211} INFO - Sync 1 DAGs
[2026-08-12T04:39:39.855+0000] {logging_mixin.py:190} INFO - [2026-08-12T04:39:39.854+0000] {dag.py:4138} INFO - Setting next_dagrun for example_trigger_target_dag to None, run_after=None
[2026-08-12T04:39:39.908+0000] {processor.py:208} INFO - Processing /home/airflow/.local/lib/python3.12/site-packages/airflow/example_dags/example_trigger_target_dag.py took 0.179 seconds
[2026-08-12T04:40:10.577+0000] {processor.py:186} INFO - Started process (PID=926) to work on /home/airflow/.local/lib/python3.12/site-packages/airflow/example_dags/example_trigger_target_dag.py
[2026-08-12T04:40:10.580+0000] {processor.py:914} INFO - Processing file /home/airflow/.local/lib/python3.12/site-packages/airflow/example_dags/example_trigger_target_dag.py for tasks to queue
[2026-08-12T04:40:10.584+0000] {logging_mixin.py:190} INFO - [2026-08-12T04:40:10.584+0000] {dagbag.py:587} INFO - Filling up the DagBag from /home/airflow/.local/lib/python3.12/site-packages/airflow/example_dags/example_trigger_target_dag.py
[2026-08-12T04:40:10.599+0000] {processor.py:925} INFO - DAG(s) 'example_trigger_target_dag' retrieved from /home/airflow/.local/lib/python3.12/site-packages/airflow/example_dags/example_trigger_target_dag.py
[2026-08-12T04:40:10.645+0000] {logging_mixin.py:190} INFO - [2026-08-12T04:40:10.645+0000] {dag.py:3211} INFO - Sync 1 DAGs
[2026-08-12T04:40:10.671+0000] {logging_mixin.py:190} INFO - [2026-08-12T04:40:10.671+0000] {dag.py:4138} INFO - Setting next_dagrun for example_trigger_target_dag to None, run_after=None
[2026-08-12T04:40:10.705+0000] {processor.py:208} INFO - Processing /home/airflow/.local/lib/python3.12/site-packages/airflow/example_dags/example_trigger_target_dag.py took 0.137 seconds
[2026-08-12T04:40:41.225+0000] {processor.py:186} INFO - Started process (PID=988) to work on /home/airflow/.local/lib/python3.12/site-packages/airflow/example_dags/example_trigger_target_dag.py
[2026-08-12T04:40:41.227+0000] {processor.py:914} INFO - Processing file /home/airflow/.local/lib/python3.12/site-packages/airflow/example_dags/example_trigger_target_dag.py for tasks to queue
[2026-08-12T04:40:41.231+0000] {logging_mixin.py:190} INFO - [2026-08-12T04:40:41.230+0000] {dagbag.py:587} INFO - Filling up the DagBag from /home/airflow/.local/lib/python3.12/site-packages/airflow/example_dags/example_trigger_target_dag.py
[2026-08-12T04:40:41.240+0000] {processor.py:925} INFO - DAG(s) 'example_trigger_target_dag' retrieved from /home/airflow/.local/lib/python3.12/site-packages/airflow/example_dags/example_trigger_target_dag.py
[2026-08-12T04:40:41.263+0000] {logging_mixin.py:190} INFO - [2026-08-12T04:40:41.262+0000] {dag.py:3211} INFO - Sync 1 DAGs
[2026-08-12T04:40:41.277+0000] {logging_mixin.py:190} INFO - [2026-08-12T04:40:41.277+0000] {dag.py:4138} INFO - Setting next_dagrun for example_trigger_target_dag to None, run_after=None
[2026-08-12T04:40:41.317+0000] {processor.py:208} INFO - Processing /home/airflow/.local/lib/python3.12/site-packages/airflow/example_dags/example_trigger_target_dag.py took 0.098 seconds
[2026-08-12T04:41:11.950+0000] {processor.py:186} INFO - Started process (PID=1050) to work on /home/airflow/.local/lib/python3.12/site-packages/airflow/example_dags/example_trigger_target_dag.py
[2026-08-12T04:41:11.954+0000] {processor.py:914} INFO - Processing file /home/airflow/.local/lib/python3.12/site-packages/airflow/example_dags/example_trigger_target_dag.py for tasks to queue
[2026-08-12T04:41:11.965+0000] {logging_mixin.py:190} INFO - [2026-08-12T04:41:11.964+0000] {dagbag.py:587} INFO - Filling up the DagBag from /home/airflow/.local/lib/python3.12/site-packages/airflow/example_dags/example_trigger_target_dag.py
[2026-08-12T04:41:11.998+0000] {processor.py:925} INFO - DAG(s) 'example_trigger_target_dag' retrieved from /home/airflow/.local/lib/python3.12/site-packages/airflow/example_dags/example_trigger_target_dag.py
[2026-08-12T04:41:12.033+0000] {logging_mixin.py:190} INFO - [2026-08-12T04:41:12.032+0000] {dag.py:3211} INFO - Sync 1 DAGs
[2026-08-12T04:41:12.056+0000] {logging_mixin.py:190} INFO - [2026-08-12T04:41:12.056+0000] {dag.py:4138} INFO - Setting next_dagrun for example_trigger_target_dag to None, run_after=None
[2026-08-12T04:41:12.089+0000] {processor.py:208} INFO - Processing /home/airflow/.local/lib/python3.12/site-packages/airflow/example_dags/example_trigger_target_dag.py took 0.153 seconds
[2026-08-12T04:41:42.778+0000] {processor.py:186} INFO - Started process (PID=1112) to work on /home/airflow/.local/lib/python3.12/site-packages/airflow/example_dags/example_trigger_target_dag.py
[2026-08-12T04:41:42.780+0000] {processor.py:914} INFO - Processing file /home/airflow/.local/lib/python3.12/site-packages/airflow/example_dags/example_trigger_target_dag.py for tasks to queue
[2026-08-12T04:41:42.785+0000] {logging_mixin.py:190} INFO - [2026-08-12T04:41:42.784+0000] {dagbag.py:587} INFO - Filling up the DagBag from /home/airflow/.local/lib/python3.12/site-packages/airflow/example_dags/example_trigger_target_dag.py
[2026-08-12T04:41:42.793+0000] {processor.py:925} INFO - DAG(s) 'example_trigger_target_dag' retrieved from /home/airflow/.local/lib/python3.12/site-packages/airflow/example_dags/example_trigger_target_dag.py
[2026-08-12T04:41:42.816+0000] {logging_mixin.py:190} INFO - [2026-08-12T04:41:42.816+0000] {dag.py:3211} INFO - Sync 1 DAGs
[2026-08-12T04:41:42.835+0000] {logging_mixin.py:190} INFO - [2026-08-12T04:41:42.835+0000] {dag.py:4138} INFO - Setting next_dagrun for example_trigger_target_dag to None, run_after=None
[2026-08-12T04:41:42.866+0000] {processor.py:208} INFO - Processing /home/airflow/.local/lib/python3.12/site-packages/airflow/example_dags/example_trigger_target_dag.py took 0.094 seconds
[2026-08-12T04:42:13.447+0000] {processor.py:186} INFO - Started process (PID=1174) to work on /home/airflow/.local/lib/python3.12/site-packages/airflow/example_dags/example_trigger_target_dag.py
[2026-08-12T04:42:13.448+0000] {processor.py:914} INFO - Processing file /home/airflow/.local/lib/python3.12/site-packages/airflow/example_dags/example_trigger_target_dag.py for tasks to queue
[2026-08-12T04:42:13.452+0000] {logging_mixin.py:190} INFO - [2026-08-12T04:42:13.452+0000] {dagbag.py:587} INFO - Filling up the DagBag from /home/airflow/.local/lib/python3.12/site-packages/airflow/example_dags/example_trigger_target_dag.py
[2026-08-12T04:42:13.462+0000] {processor.py:925} INFO - DAG(s) 'example_trigger_target_dag' retrieved from /home/airflow/.local/lib/python3.12/site-packages/airflow/example_dags/example_trigger_target_dag.py
[2026-08-12T04:42:13.485+0000] {logging_mixin.py:190} INFO - [2026-08-12T04:42:13.484+0000] {dag.py:3211} INFO - Sync 1 DAGs
[2026-08-12T04:42:13.506+0000] {logging_mixin.py:190} INFO - [2026-08-12T04:42:13.506+0000] {dag.py:4138} INFO - Setting next_dagrun for example_trigger_target_dag to None, run_after=None
[2026-08-12T04:42:13.541+0000] {processor.py:208} INFO - Processing /home/airflow/.local/lib/python3.12/site-packages/airflow/example_dags/example_trigger_target_dag.py took 0.101 seconds
[2026-08-12T04:42:44.424+0000] {processor.py:186} INFO - Started process (PID=1236) to work on /home/airflow/.local/lib/python3.12/site-packages/airflow/example_dags/example_trigger_target_dag.py
[2026-08-12T04:42:44.426+0000] {processor.py:914} INFO - Processing file /home/airflow/.local/lib/python3.12/site-packages/airflow/example_dags/example_trigger_target_dag.py for tasks to queue
[2026-08-12T04:42:44.429+0000] {logging_mixin.py:190} INFO - [2026-08-12T04:42:44.428+0000] {dagbag.py:587} INFO - Filling up the DagBag from /home/airflow/.local/lib/python3.12/site-packages/airflow/example_dags/example_trigger_target_dag.py
[2026-08-12T04:42:44.438+0000] {processor.py:925} INFO - DAG(s) 'example_trigger_target_dag' retrieved from /home/airflow/.local/lib/python3.12/site-packages/airflow/example_dags/example_trigger_target_dag.py
[2026-08-12T04:42:44.462+0000] {logging_mixin.py:190} INFO - [2026-08-12T04:42:44.461+0000] {dag.py:3211} INFO - Sync 1 DAGs
[2026-08-12T04:42:44.477+0000] {logging_mixin.py:190} INFO - [2026-08-12T04:42:44.477+0000] {dag.py:4138} INFO - Setting next_dagrun for example_trigger_target_dag to None, run_after=None
[2026-08-12T04:42:44.503+0000] {processor.py:208} INFO - Processing /home/airflow/.local/lib/python3.12/site-packages/airflow/example_dags/example_trigger_target_dag.py took 0.084 seconds
[2026-08-12T04:43:14.788+0000] {processor.py:186} INFO - Started process (PID=1297) to work on /home/airflow/.local/lib/python3.12/site-packages/airflow/example_dags/example_trigger_target_dag.py
[2026-08-12T04:43:14.790+0000] {processor.py:914} INFO - Processing file /home/airflow/.local/lib/python3.12/site-packages/airflow/example_dags/example_trigger_target_dag.py for tasks to queue
[2026-08-12T04:43:14.794+0000] {logging_mixin.py:190} INFO - [2026-08-12T04:43:14.793+0000] {dagbag.py:587} INFO - Filling up the DagBag from /home/airflow/.local/lib/python3.12/site-packages/airflow/example_dags/example_trigger_target_dag.py
[2026-08-12T04:43:14.805+0000] {processor.py:925} INFO - DAG(s) 'example_trigger_target_dag' retrieved from /home/airflow/.local/lib/python3.12/site-packages/airflow/example_dags/example_trigger_target_dag.py
[2026-08-12T04:43:14.831+0000] {logging_mixin.py:190} INFO - [2026-08-12T04:43:14.830+0000] {dag.py:3211} INFO - Sync 1 DAGs
[2026-08-12T04:43:14.846+0000] {logging_mixin.py:190} INFO - [2026-08-12T04:43:14.846+0000] {dag.py:4138} INFO - Setting next_dagrun for example_trigger_target_dag to None, run_after=None
[2026-08-12T04:43:14.881+0000] {processor.py:208} INFO - Processing /home/airflow/.local/lib/python3.12/site-packages/airflow/example_dags/example_trigger_target_dag.py took 0.102 seconds
[2026-08-12T04:43:45.556+0000] {processor.py:186} INFO - Started process (PID=1360) to work on /home/airflow/.local/lib/python3.12/site-packages/airflow/example_dags/example_trigger_target_dag.py
[2026-08-12T04:43:45.558+0000] {processor.py:914} INFO - Processing file /home/airflow/.local/lib/python3.12/site-packages/airflow/example_dags/example_trigger_target_dag.py for tasks to queue
[2026-08-12T04:43:45.561+0000] {logging_mixin.py:190} INFO - [2026-08-12T04:43:45.561+0000] {dagbag.py:587} INFO - Filling up the DagBag from /home/airflow/.local/lib/python3.12/site-packages/airflow/example_dags/example_trigger_target_dag.py
[2026-08-12T04:43:45.571+0000] {processor.py:925} INFO - DAG(s) 'example_trigger_target_dag' retrieved from /home/airflow/.local/lib/python3.12/site-packages/airflow/example_dags/example_trigger_target_dag.py
[2026-08-12T04:43:45.594+0000] {logging_mixin.py:190} INFO - [2026-08-12T04:43:45.593+0000] {dag.py:3211} INFO - Sync 1 DAGs
[2026-08-12T04:43:45.611+0000] {logging_mixin.py:190} INFO - [2026-08-12T04:43:45.610+0000] {dag.py:4138} INFO - Setting next_dagrun for example_trigger_target_dag to None, run_after=None
[2026-08-12T04:43:45.634+0000] {processor.py:208} INFO - Processing /home/airflow/.local/lib/python3.12/site-packages/airflow/example_dags/example_trigger_target_dag.py took 0.086 seconds
[2026-08-12T04:44:16.397+0000] {processor.py:186} INFO - Started process (PID=1422) to work on /home/airflow/.local/lib/python3.12/site-packages/airflow/example_dags/example_trigger_target_dag.py
[2026-08-12T04:44:16.399+0000] {processor.py:914} INFO - Processing file /home/airflow/.local/lib/python3.12/site-packages/airflow/example_dags/example_trigger_target_dag.py for tasks to queue
[2026-08-12T04:44:16.403+0000] {logging_mixin.py:190} INFO - [2026-08-12T04:44:16.402+0000] {dagbag.py:587} INFO - Filling up the DagBag from /home/airflow/.local/lib/python3.12/site-packages/airflow/example_dags/example_trigger_target_dag.py
[2026-08-12T04:44:16.415+0000] {processor.py:925} INFO - DAG(s) 'example_trigger_target_dag' retrieved from /home/airflow/.local/lib/python3.12/site-packages/airflow/example_dags/example_trigger_target_dag.py
[2026-08-12T04:44:16.437+0000] {logging_mixin.py:190} INFO - [2026-08-12T04:44:16.437+0000] {dag.py:3211} INFO - Sync 1 DAGs
[2026-08-12T04:44:16.454+0000] {logging_mixin.py:190} INFO - [2026-08-12T04:44:16.453+0000] {dag.py:4138} INFO - Setting next_dagrun for example_trigger_target_dag to None, run_after=None
[2026-08-12T04:44:16.484+0000] {processor.py:208} INFO - Processing /home/airflow/.local/lib/python3.12/site-packages/airflow/example_dags/example_trigger_target_dag.py took 0.094 seconds
[2026-08-12T04:44:47.180+0000] {processor.py:186} INFO - Started process (PID=1484) to work on /home/airflow/.local/lib/python3.12/site-packages/airflow/example_dags/example_trigger_target_dag.py
[2026-08-12T04:44:47.182+0000] {processor.py:914} INFO - Processing file /home/airflow/.local/lib/python3.12/site-packages/airflow/example_dags/example_trigger_target_dag.py for tasks to queue
[2026-08-12T04:44:47.185+0000] {logging_mixin.py:190} INFO - [2026-08-12T04:44:47.185+0000] {dagbag.py:587} INFO - Filling up the DagBag from /home/airflow/.local/lib/python3.12/site-packages/airflow/example_dags/example_trigger_target_dag.py
[2026-08-12T04:44:47.194+0000] {processor.py:925} INFO - DAG(s) 'example_trigger_target_dag' retrieved from /home/airflow/.local/lib/python3.12/site-packages/airflow/example_dags/example_trigger_target_dag.py
[2026-08-12T04:44:47.216+0000] {logging_mixin.py:190} INFO - [2026-08-12T04:44:47.215+0000] {dag.py:3211} INFO - Sync 1 DAGs
[2026-08-12T04:44:47.231+0000] {logging_mixin.py:190} INFO - [2026-08-12T04:44:47.231+0000] {dag.py:4138} INFO - Setting next_dagrun for example_trigger_target_dag to None, run_after=None
[2026-08-12T04:44:47.253+0000] {processor.py:208} INFO - Processing /home/airflow/.local/lib/python3.12/site-packages/airflow/example_dags/example_trigger_target_dag.py took 0.078 seconds
[2026-08-12T04:45:17.905+0000] {processor.py:186} INFO - Started process (PID=1546) to work on /home/airflow/.local/lib/python3.12/site-packages/airflow/example_dags/example_trigger_target_dag.py
[2026-08-12T04:45:17.907+0000] {processor.py:914} INFO - Processing file /home/airflow/.local/lib/python3.12/site-packages/airflow/example_dags/example_trigger_target_dag.py for tasks to queue
[2026-08-12T04:45:17.910+0000] {logging_mixin.py:190} INFO - [2026-08-12T04:45:17.910+0000] {dagbag.py:587} INFO - Filling up the DagBag from /home/airflow/.local/lib/python3.12/site-packages/airflow/example_dags/example_trigger_target_dag.py
[2026-08-12T04:45:17.920+0000] {processor.py:925} INFO - DAG(s) 'example_trigger_target_dag' retrieved from /home/airflow/.local/lib/python3.12/site-packages/airflow/example_dags/example_trigger_target_dag.py
[2026-08-12T04:45:17.944+0000] {logging_mixin.py:190} INFO - [2026-08-12T04:45:17.944+0000] {dag.py:3211} INFO - Sync 1 DAGs
[2026-08-12T04:45:17.962+0000] {logging_mixin.py:190} INFO - [2026-08-12T04:45:17.962+0000] {dag.py:4138} INFO - Setting next_dagrun for example_trigger_target_dag to None, run_after=None
[2026-08-12T04:45:18.009+0000] {processor.py:208} INFO - Processing /home/airflow/.local/lib/python3.12/site-packages/airflow/example_dags/example_trigger_target_dag.py took 0.111 seconds
[2026-08-12T04:45:48.500+0000] {processor.py:186} INFO - Started process (PID=1608) to work on /home/airflow/.local/lib/python3.12/site-packages/airflow/example_dags/example_trigger_target_dag.py
[2026-08-12T04:45:48.502+0000] {processor.py:914} INFO - Processing file /home/airflow/.local/lib/python3.12/site-packages/airflow/example_dags/example_trigger_target_dag.py for tasks to queue
[2026-08-12T04:45:48.506+0000] {logging_mixin.py:190} INFO - [2026-08-12T04:45:48.506+0000] {dagbag.py:587} INFO - Filling up the DagBag from /home/airflow/.local/lib/python3.12/site-packages/airflow/example_dags/example_trigger_target_dag.py
[2026-08-12T04:45:48.517+0000] {processor.py:925} INFO - DAG(s) 'example_trigger_target_dag' retrieved from /home/airflow/.local/lib/python3.12/site-packages/airflow/example_dags/example_trigger_target_dag.py
[2026-08-12T04:45:48.541+0000] {logging_mixin.py:190} INFO - [2026-08-12T04:45:48.540+0000] {dag.py:3211} INFO - Sync 1 DAGs
[2026-08-12T04:45:48.556+0000] {logging_mixin.py:190} INFO - [2026-08-12T04:45:48.556+0000] {dag.py:4138} INFO - Setting next_dagrun for example_trigger_target_dag to None, run_after=None
[2026-08-12T04:45:48.581+0000] {processor.py:208} INFO - Processing /home/airflow/.local/lib/python3.12/site-packages/airflow/example_dags/example_trigger_target_dag.py took 0.087 seconds
[2026-08-12T04:46:19.381+0000] {processor.py:186} INFO - Started process (PID=1670) to work on /home/airflow/.local/lib/python3.12/site-packages/airflow/example_dags/example_trigger_target_dag.py
[2026-08-12T04:46:19.382+0000] {processor.py:914} INFO - Processing file /home/airflow/.local/lib/python3.12/site-packages/airflow/example_dags/example_trigger_target_dag.py for tasks to queue
[2026-08-12T04:46:19.386+0000] {logging_mixin.py:190} INFO - [2026-08-12T04:46:19.385+0000] {dagbag.py:587} INFO - Filling up the DagBag from /home/airflow/.local/lib/python3.12/site-packages/airflow/example_dags/example_trigger_target_dag.py
[2026-08-12T04:46:19.394+0000] {processor.py:925} INFO - DAG(s) 'example_trigger_target_dag' retrieved from /home/airflow/.local/lib/python3.12/site-packages/airflow/example_dags/example_trigger_target_dag.py
[2026-08-12T04:46:19.417+0000] {logging_mixin.py:190} INFO - [2026-08-12T04:46:19.416+0000] {dag.py:3211} INFO - Sync 1 DAGs
[2026-08-12T04:46:19.434+0000] {logging_mixin.py:190} INFO - [2026-08-12T04:46:19.434+0000] {dag.py:4138} INFO - Setting next_dagrun for example_trigger_target_dag to None, run_after=None
[2026-08-12T04:46:19.469+0000] {processor.py:208} INFO - Processing /home/airflow/.local/lib/python3.12/site-packages/airflow/example_dags/example_trigger_target_dag.py took 0.094 seconds
[2026-08-12T04:46:50.168+0000] {processor.py:186} INFO - Started process (PID=1732) to work on /home/airflow/.local/lib/python3.12/site-packages/airflow/example_dags/example_trigger_target_dag.py
[2026-08-12T04:46:50.171+0000] {processor.py:914} INFO - Processing file /home/airflow/.local/lib/python3.12/site-packages/airflow/example_dags/example_trigger_target_dag.py for tasks to queue
[2026-08-12T04:46:50.177+0000] {logging_mixin.py:190} INFO - [2026-08-12T04:46:50.177+0000] {dagbag.py:587} INFO - Filling up the DagBag from /home/airflow/.local/lib/python3.12/site-packages/airflow/example_dags/example_trigger_target_dag.py
[2026-08-12T04:46:50.194+0000] {processor.py:925} INFO - DAG(s) 'example_trigger_target_dag' retrieved from /home/airflow/.local/lib/python3.12/site-packages/airflow/example_dags/example_trigger_target_dag.py
[2026-08-12T04:46:50.225+0000] {logging_mixin.py:190} INFO - [2026-08-12T04:46:50.225+0000] {dag.py:3211} INFO - Sync 1 DAGs
[2026-08-12T04:46:50.241+0000] {logging_mixin.py:190} INFO - [2026-08-12T04:46:50.240+0000] {dag.py:4138} INFO - Setting next_dagrun for example_trigger_target_dag to None, run_after=None
[2026-08-12T04:46:50.272+0000] {processor.py:208} INFO - Processing /home/airflow/.local/lib/python3.12/site-packages/airflow/example_dags/example_trigger_target_dag.py took 0.116 seconds
[2026-08-12T04:47:20.886+0000] {processor.py:186} INFO - Started process (PID=1794) to work on /home/airflow/.local/lib/python3.12/site-packages/airflow/example_dags/example_trigger_target_dag.py
[2026-08-12T04:47:20.888+0000] {processor.py:914} INFO - Processing file /home/airflow/.local/lib/python3.12/site-packages/airflow/example_dags/example_trigger_target_dag.py for tasks to queue
[2026-08-12T04:47:20.891+0000] {logging_mixin.py:190} INFO - [2026-08-12T04:47:20.891+0000] {dagbag.py:587} INFO - Filling up the DagBag from /home/airflow/.local/lib/python3.12/site-packages/airflow/example_dags/example_trigger_target_dag.py
[2026-08-12T04:47:20.901+0000] {processor.py:925} INFO - DAG(s) 'example_trigger_target_dag' retrieved from /home/airflow/.local/lib/python3.12/site-packages/airflow/example_dags/example_trigger_target_dag.py
[2026-08-12T04:47:20.924+0000] {logging_mixin.py:190} INFO - [2026-08-12T04:47:20.924+0000] {dag.py:3211} INFO - Sync 1 DAGs
[2026-08-12T04:47:20.941+0000] {logging_mixin.py:190} INFO - [2026-08-12T04:47:20.941+0000] {dag.py:4138} INFO - Setting next_dagrun for example_trigger_target_dag to None, run_after=None
[2026-08-12T04:47:20.965+0000] {processor.py:208} INFO - Processing /home/airflow/.local/lib/python3.12/site-packages/airflow/example_dags/example_trigger_target_dag.py took 0.086 seconds
[2026-08-12T04:47:51.217+0000] {processor.py:186} INFO - Started process (PID=1855) to work on /home/airflow/.local/lib/python3.12/site-packages/airflow/example_dags/example_trigger_target_dag.py
[2026-08-12T04:47:51.219+0000] {processor.py:914} INFO - Processing file /home/airflow/.local/lib/python3.12/site-packages/airflow/example_dags/example_trigger_target_dag.py for tasks to queue
[2026-08-12T04:47:51.224+0000] {logging_mixin.py:190} INFO - [2026-08-12T04:47:51.224+0000] {dagbag.py:587} INFO - Filling up the DagBag from /home/airflow/.local/lib/python3.12/site-packages/airflow/example_dags/example_trigger_target_dag.py
[2026-08-12T04:47:51.242+0000] {processor.py:925} INFO - DAG(s) 'example_trigger_target_dag' retrieved from /home/airflow/.local/lib/python3.12/site-packages/airflow/example_dags/example_trigger_target_dag.py
[2026-08-12T04:47:51.273+0000] {logging_mixin.py:190} INFO - [2026-08-12T04:47:51.273+0000] {dag.py:3211} INFO - Sync 1 DAGs
[2026-08-12T04:47:51.294+0000] {logging_mixin.py:190} INFO - [2026-08-12T04:47:51.293+0000] {dag.py:4138} INFO - Setting next_dagrun for example_trigger_target_dag to None, run_after=None
[2026-08-12T04:47:51.337+0000] {processor.py:208} INFO - Processing /home/airflow/.local/lib/python3.12/site-packages/airflow/example_dags/example_trigger_target_dag.py took 0.128 seconds
[2026-08-12T04:48:22.051+0000] {processor.py:186} INFO - Started process (PID=1917) to work on /home/airflow/.local/lib/python3.12/site-packages/airflow/example_dags/example_trigger_target_dag.py
[2026-08-12T04:48:22.054+0000] {processor.py:914} INFO - Processing file /home/airflow/.local/lib/python3.12/site-packages/airflow/example_dags/example_trigger_target_dag.py for tasks to queue
[2026-08-12T04:48:22.058+0000] {logging_mixin.py:190} INFO - [2026-08-12T04:48:22.057+0000] {dagbag.py:587} INFO - Filling up the DagBag from /home/airflow/.local/lib/python3.12/site-packages/airflow/example_dags/example_trigger_target_dag.py
[2026-08-12T04:48:22.071+0000] {processor.py:925} INFO - DAG(s) 'example_trigger_target_dag' retrieved from /home/airflow/.local/lib/python3.12/site-packages/airflow/example_dags/example_trigger_target_dag.py
[2026-08-12T04:48:22.108+0000] {logging_mixin.py:190} INFO - [2026-08-12T04:48:22.107+0000] {dag.py:3211} INFO - Sync 1 DAGs
[2026-08-12T04:48:22.127+0000] {logging_mixin.py:190} INFO - [2026-08-12T04:48:22.127+0000] {dag.py:4138} INFO - Setting next_dagrun for example_trigger_target_dag to None, run_after=None
[2026-08-12T04:48:22.153+0000] {processor.py:208} INFO - Processing /home/airflow/.local/lib/python3.12/site-packages/airflow/example_dags/example_trigger_target_dag.py took 0.110 seconds
