[2026-08-12T04:30:38.605+0000] {processor.py:186} INFO - Started process (PID=70) to work on /home/airflow/.local/lib/python3.12/site-packages/airflow/example_dags/example_skip_dag.py
[2026-08-12T04:30:38.608+0000] {processor.py:914} INFO - Processing file /home/airflow/.local/lib/python3.12/site-packages/airflow/example_dags/example_skip_dag.py for tasks to queue
[2026-08-12T04:30:38.614+0000] {logging_mixin.py:190} INFO - [2026-08-12T04:30:38.613+0000] {dagbag.py:587} INFO - Filling up the DagBag from /home/airflow/.local/lib/python3.12/site-packages/airflow/example_dags/example_skip_dag.py
[2026-08-12T04:30:38.629+0000] {processor.py:925} INFO - DAG(s) 'example_skip_dag' retrieved from /home/airflow/.local/lib/python3.12/site-packages/airflow/example_dags/example_skip_dag.py
[2026-08-12T04:30:38.834+0000] {logging_mixin.py:190} INFO - [2026-08-12T04:30:38.833+0000] {override.py:1858} INFO - Created Permission View: can delete on DAG:example_skip_dag
[2026-08-12T04:30:38.857+0000] {logging_mixin.py:190} INFO - [2026-08-12T04:30:38.856+0000] {override.py:1858} INFO - Created Permission View: can read on DAG:example_skip_dag
[2026-08-12T04:30:38.879+0000] {logging_mixin.py:190} INFO - [2026-08-12T04:30:38.878+0000] {override.py:1858} INFO - Created Permission View: can edit on DAG:example_skip_dag
[2026-08-12T04:30:38.881+0000] {logging_mixin.py:190} INFO - [2026-08-12T04:30:38.880+0000] {dag.py:3211} INFO - Sync 1 DAGs
[2026-08-12T04:30:38.911+0000] {logging_mixin.py:190} INFO - [2026-08-12T04:30:38.910+0000] {dag.py:3234} INFO - Creating ORM DAG for example_skip_dag
[2026-08-12T04:30:38.928+0000] {logging_mixin.py:190} INFO - [2026-08-12T04:30:38.927+0000] {dag.py:4138} INFO - Setting next_dagrun for example_skip_dag to 2026-08-11 00:00:00+00:00, run_after=2026-08-12 00:00:00+00:00
[2026-08-12T04:30:38.956+0000] {processor.py:208} INFO - Processing /home/airflow/.local/lib/python3.12/site-packages/airflow/example_dags/example_skip_dag.py took 0.360 seconds
[2026-08-12T04:31:09.755+0000] {processor.py:186} INFO - Started process (PID=131) to work on /home/airflow/.local/lib/python3.12/site-packages/airflow/example_dags/example_skip_dag.py
[2026-08-12T04:31:09.757+0000] {processor.py:914} INFO - Processing file /home/airflow/.local/lib/python3.12/site-packages/airflow/example_dags/example_skip_dag.py for tasks to queue
[2026-08-12T04:31:09.762+0000] {logging_mixin.py:190} INFO - [2026-08-12T04:31:09.762+0000] {dagbag.py:587} INFO - Filling up the DagBag from /home/airflow/.local/lib/python3.12/site-packages/airflow/example_dags/example_skip_dag.py
[2026-08-12T04:31:09.777+0000] {processor.py:925} INFO - DAG(s) 'example_skip_dag' retrieved from /home/airflow/.local/lib/python3.12/site-packages/airflow/example_dags/example_skip_dag.py
[2026-08-12T04:31:09.809+0000] {logging_mixin.py:190} INFO - [2026-08-12T04:31:09.809+0000] {dag.py:3211} INFO - Sync 1 DAGs
[2026-08-12T04:31:09.841+0000] {logging_mixin.py:190} INFO - [2026-08-12T04:31:09.840+0000] {dag.py:4138} INFO - Setting next_dagrun for example_skip_dag to 2026-08-11 00:00:00+00:00, run_after=2026-08-12 00:00:00+00:00
[2026-08-12T04:31:09.879+0000] {processor.py:208} INFO - Processing /home/airflow/.local/lib/python3.12/site-packages/airflow/example_dags/example_skip_dag.py took 0.147 seconds
[2026-08-12T04:31:39.980+0000] {processor.py:186} INFO - Started process (PID=193) to work on /home/airflow/.local/lib/python3.12/site-packages/airflow/example_dags/example_skip_dag.py
[2026-08-12T04:31:39.982+0000] {processor.py:914} INFO - Processing file /home/airflow/.local/lib/python3.12/site-packages/airflow/example_dags/example_skip_dag.py for tasks to queue
[2026-08-12T04:31:39.986+0000] {logging_mixin.py:190} INFO - [2026-08-12T04:31:39.986+0000] {dagbag.py:587} INFO - Filling up the DagBag from /home/airflow/.local/lib/python3.12/site-packages/airflow/example_dags/example_skip_dag.py
[2026-08-12T04:31:39.997+0000] {processor.py:925} INFO - DAG(s) 'example_skip_dag' retrieved from /home/airflow/.local/lib/python3.12/site-packages/airflow/example_dags/example_skip_dag.py
[2026-08-12T04:31:40.032+0000] {logging_mixin.py:190} INFO - [2026-08-12T04:31:40.032+0000] {dag.py:3211} INFO - Sync 1 DAGs
[2026-08-12T04:31:40.068+0000] {logging_mixin.py:190} INFO - [2026-08-12T04:31:40.068+0000] {dag.py:4138} INFO - Setting next_dagrun for example_skip_dag to 2026-08-11 00:00:00+00:00, run_after=2026-08-12 00:00:00+00:00
[2026-08-12T04:31:40.099+0000] {processor.py:208} INFO - Processing /home/airflow/.local/lib/python3.12/site-packages/airflow/example_dags/example_skip_dag.py took 0.128 seconds
[2026-08-12T04:32:10.474+0000] {processor.py:186} INFO - Started process (PID=255) to work on /home/airflow/.local/lib/python3.12/site-packages/airflow/example_dags/example_skip_dag.py
[2026-08-12T04:32:10.477+0000] {processor.py:914} INFO - Processing file /home/airflow/.local/lib/python3.12/site-packages/airflow/example_dags/example_skip_dag.py for tasks to queue
[2026-08-12T04:32:10.481+0000] {logging_mixin.py:190} INFO - [2026-08-12T04:32:10.480+0000] {dagbag.py:587} INFO - Filling up the DagBag from /home/airflow/.local/lib/python3.12/site-packages/airflow/example_dags/example_skip_dag.py
[2026-08-12T04:32:10.491+0000] {processor.py:925} INFO - DAG(s) 'example_skip_dag' retrieved from /home/airflow/.local/lib/python3.12/site-packages/airflow/example_dags/example_skip_dag.py
[2026-08-12T04:32:10.518+0000] {logging_mixin.py:190} INFO - [2026-08-12T04:32:10.518+0000] {dag.py:3211} INFO - Sync 1 DAGs
[2026-08-12T04:32:10.545+0000] {logging_mixin.py:190} INFO - [2026-08-12T04:32:10.545+0000] {dag.py:4138} INFO - Setting next_dagrun for example_skip_dag to 2026-08-11 00:00:00+00:00, run_after=2026-08-12 00:00:00+00:00
[2026-08-12T04:32:10.571+0000] {processor.py:208} INFO - Processing /home/airflow/.local/lib/python3.12/site-packages/airflow/example_dags/example_skip_dag.py took 0.106 seconds
[2026-08-12T04:32:59.827+0000] {processor.py:186} INFO - Started process (PID=50) to work on /home/airflow/.local/lib/python3.12/site-packages/airflow/example_dags/example_skip_dag.py
[2026-08-12T04:32:59.829+0000] {processor.py:914} INFO - Processing file /home/airflow/.local/lib/python3.12/site-packages/airflow/example_dags/example_skip_dag.py for tasks to queue
[2026-08-12T04:32:59.833+0000] {logging_mixin.py:190} INFO - [2026-08-12T04:32:59.832+0000] {dagbag.py:587} INFO - Filling up the DagBag from /home/airflow/.local/lib/python3.12/site-packages/airflow/example_dags/example_skip_dag.py
[2026-08-12T04:32:59.847+0000] {processor.py:925} INFO - DAG(s) 'example_skip_dag' retrieved from /home/airflow/.local/lib/python3.12/site-packages/airflow/example_dags/example_skip_dag.py
[2026-08-12T04:32:59.884+0000] {logging_mixin.py:190} INFO - [2026-08-12T04:32:59.884+0000] {dag.py:3211} INFO - Sync 1 DAGs
[2026-08-12T04:32:59.926+0000] {logging_mixin.py:190} INFO - [2026-08-12T04:32:59.925+0000] {dag.py:4138} INFO - Setting next_dagrun for example_skip_dag to 2026-08-11 00:00:00+00:00, run_after=2026-08-12 00:00:00+00:00
[2026-08-12T04:32:59.956+0000] {processor.py:208} INFO - Processing /home/airflow/.local/lib/python3.12/site-packages/airflow/example_dags/example_skip_dag.py took 0.138 seconds
[2026-08-12T04:33:30.945+0000] {processor.py:186} INFO - Started process (PID=119) to work on /home/airflow/.local/lib/python3.12/site-packages/airflow/example_dags/example_skip_dag.py
[2026-08-12T04:33:30.948+0000] {processor.py:914} INFO - Processing file /home/airflow/.local/lib/python3.12/site-packages/airflow/example_dags/example_skip_dag.py for tasks to queue
[2026-08-12T04:33:30.951+0000] {logging_mixin.py:190} INFO - [2026-08-12T04:33:30.950+0000] {dagbag.py:587} INFO - Filling up the DagBag from /home/airflow/.local/lib/python3.12/site-packages/airflow/example_dags/example_skip_dag.py
[2026-08-12T04:33:30.959+0000] {processor.py:925} INFO - DAG(s) 'example_skip_dag' retrieved from /home/airflow/.local/lib/python3.12/site-packages/airflow/example_dags/example_skip_dag.py
[2026-08-12T04:33:30.986+0000] {logging_mixin.py:190} INFO - [2026-08-12T04:33:30.985+0000] {dag.py:3211} INFO - Sync 1 DAGs
[2026-08-12T04:33:31.018+0000] {logging_mixin.py:190} INFO - [2026-08-12T04:33:31.017+0000] {dag.py:4138} INFO - Setting next_dagrun for example_skip_dag to 2026-08-11 00:00:00+00:00, run_after=2026-08-12 00:00:00+00:00
[2026-08-12T04:33:31.044+0000] {processor.py:208} INFO - Processing /home/airflow/.local/lib/python3.12/site-packages/airflow/example_dags/example_skip_dag.py took 0.105 seconds
[2026-08-12T04:34:01.132+0000] {processor.py:186} INFO - Started process (PID=180) to work on /home/airflow/.local/lib/python3.12/site-packages/airflow/example_dags/example_skip_dag.py
[2026-08-12T04:34:01.134+0000] {processor.py:914} INFO - Processing file /home/airflow/.local/lib/python3.12/site-packages/airflow/example_dags/example_skip_dag.py for tasks to queue
[2026-08-12T04:34:01.138+0000] {logging_mixin.py:190} INFO - [2026-08-12T04:34:01.138+0000] {dagbag.py:587} INFO - Filling up the DagBag from /home/airflow/.local/lib/python3.12/site-packages/airflow/example_dags/example_skip_dag.py
[2026-08-12T04:34:01.148+0000] {processor.py:925} INFO - DAG(s) 'example_skip_dag' retrieved from /home/airflow/.local/lib/python3.12/site-packages/airflow/example_dags/example_skip_dag.py
[2026-08-12T04:34:01.177+0000] {logging_mixin.py:190} INFO - [2026-08-12T04:34:01.176+0000] {dag.py:3211} INFO - Sync 1 DAGs
[2026-08-12T04:34:01.209+0000] {logging_mixin.py:190} INFO - [2026-08-12T04:34:01.209+0000] {dag.py:4138} INFO - Setting next_dagrun for example_skip_dag to 2026-08-11 00:00:00+00:00, run_after=2026-08-12 00:00:00+00:00
[2026-08-12T04:34:01.234+0000] {processor.py:208} INFO - Processing /home/airflow/.local/lib/python3.12/site-packages/airflow/example_dags/example_skip_dag.py took 0.110 seconds
[2026-08-12T04:34:31.537+0000] {processor.py:186} INFO - Started process (PID=242) to work on /home/airflow/.local/lib/python3.12/site-packages/airflow/example_dags/example_skip_dag.py
[2026-08-12T04:34:31.539+0000] {processor.py:914} INFO - Processing file /home/airflow/.local/lib/python3.12/site-packages/airflow/example_dags/example_skip_dag.py for tasks to queue
[2026-08-12T04:34:31.543+0000] {logging_mixin.py:190} INFO - [2026-08-12T04:34:31.543+0000] {dagbag.py:587} INFO - Filling up the DagBag from /home/airflow/.local/lib/python3.12/site-packages/airflow/example_dags/example_skip_dag.py
[2026-08-12T04:34:31.553+0000] {processor.py:925} INFO - DAG(s) 'example_skip_dag' retrieved from /home/airflow/.local/lib/python3.12/site-packages/airflow/example_dags/example_skip_dag.py
[2026-08-12T04:34:31.577+0000] {logging_mixin.py:190} INFO - [2026-08-12T04:34:31.577+0000] {dag.py:3211} INFO - Sync 1 DAGs
[2026-08-12T04:34:31.626+0000] {logging_mixin.py:190} INFO - [2026-08-12T04:34:31.626+0000] {dag.py:4138} INFO - Setting next_dagrun for example_skip_dag to 2026-08-11 00:00:00+00:00, run_after=2026-08-12 00:00:00+00:00
[2026-08-12T04:34:31.656+0000] {processor.py:208} INFO - Processing /home/airflow/.local/lib/python3.12/site-packages/airflow/example_dags/example_skip_dag.py took 0.126 seconds
[2026-08-12T04:35:01.831+0000] {processor.py:186} INFO - Started process (PID=304) to work on /home/airflow/.local/lib/python3.12/site-packages/airflow/example_dags/example_skip_dag.py
[2026-08-12T04:35:01.833+0000] {processor.py:914} INFO - Processing file /home/airflow/.local/lib/python3.12/site-packages/airflow/example_dags/example_skip_dag.py for tasks to queue
[2026-08-12T04:35:01.836+0000] {logging_mixin.py:190} INFO - [2026-08-12T04:35:01.836+0000] {dagbag.py:587} INFO - Filling up the DagBag from /home/airflow/.local/lib/python3.12/site-packages/airflow/example_dags/example_skip_dag.py
[2026-08-12T04:35:01.844+0000] {processor.py:925} INFO - DAG(s) 'example_skip_dag' retrieved from /home/airflow/.local/lib/python3.12/site-packages/airflow/example_dags/example_skip_dag.py
[2026-08-12T04:35:01.867+0000] {logging_mixin.py:190} INFO - [2026-08-12T04:35:01.866+0000] {dag.py:3211} INFO - Sync 1 DAGs
[2026-08-12T04:35:01.891+0000] {logging_mixin.py:190} INFO - [2026-08-12T04:35:01.891+0000] {dag.py:4138} INFO - Setting next_dagrun for example_skip_dag to 2026-08-11 00:00:00+00:00, run_after=2026-08-12 00:00:00+00:00
[2026-08-12T04:35:01.939+0000] {processor.py:208} INFO - Processing /home/airflow/.local/lib/python3.12/site-packages/airflow/example_dags/example_skip_dag.py took 0.113 seconds
[2026-08-12T04:35:32.744+0000] {processor.py:186} INFO - Started process (PID=366) to work on /home/airflow/.local/lib/python3.12/site-packages/airflow/example_dags/example_skip_dag.py
[2026-08-12T04:35:32.745+0000] {processor.py:914} INFO - Processing file /home/airflow/.local/lib/python3.12/site-packages/airflow/example_dags/example_skip_dag.py for tasks to queue
[2026-08-12T04:35:32.748+0000] {logging_mixin.py:190} INFO - [2026-08-12T04:35:32.748+0000] {dagbag.py:587} INFO - Filling up the DagBag from /home/airflow/.local/lib/python3.12/site-packages/airflow/example_dags/example_skip_dag.py
[2026-08-12T04:35:32.758+0000] {processor.py:925} INFO - DAG(s) 'example_skip_dag' retrieved from /home/airflow/.local/lib/python3.12/site-packages/airflow/example_dags/example_skip_dag.py
[2026-08-12T04:35:32.790+0000] {logging_mixin.py:190} INFO - [2026-08-12T04:35:32.789+0000] {dag.py:3211} INFO - Sync 1 DAGs
[2026-08-12T04:35:32.826+0000] {logging_mixin.py:190} INFO - [2026-08-12T04:35:32.825+0000] {dag.py:4138} INFO - Setting next_dagrun for example_skip_dag to 2026-08-11 00:00:00+00:00, run_after=2026-08-12 00:00:00+00:00
[2026-08-12T04:35:32.862+0000] {processor.py:208} INFO - Processing /home/airflow/.local/lib/python3.12/site-packages/airflow/example_dags/example_skip_dag.py took 0.125 seconds
[2026-08-12T04:36:03.733+0000] {processor.py:186} INFO - Started process (PID=428) to work on /home/airflow/.local/lib/python3.12/site-packages/airflow/example_dags/example_skip_dag.py
[2026-08-12T04:36:03.736+0000] {processor.py:914} INFO - Processing file /home/airflow/.local/lib/python3.12/site-packages/airflow/example_dags/example_skip_dag.py for tasks to queue
[2026-08-12T04:36:03.739+0000] {logging_mixin.py:190} INFO - [2026-08-12T04:36:03.739+0000] {dagbag.py:587} INFO - Filling up the DagBag from /home/airflow/.local/lib/python3.12/site-packages/airflow/example_dags/example_skip_dag.py
[2026-08-12T04:36:03.749+0000] {processor.py:925} INFO - DAG(s) 'example_skip_dag' retrieved from /home/airflow/.local/lib/python3.12/site-packages/airflow/example_dags/example_skip_dag.py
[2026-08-12T04:36:03.774+0000] {logging_mixin.py:190} INFO - [2026-08-12T04:36:03.774+0000] {dag.py:3211} INFO - Sync 1 DAGs
[2026-08-12T04:36:03.805+0000] {logging_mixin.py:190} INFO - [2026-08-12T04:36:03.805+0000] {dag.py:4138} INFO - Setting next_dagrun for example_skip_dag to 2026-08-11 00:00:00+00:00, run_after=2026-08-12 00:00:00+00:00
[2026-08-12T04:36:03.829+0000] {processor.py:208} INFO - Processing /home/airflow/.local/lib/python3.12/site-packages/airflow/example_dags/example_skip_dag.py took 0.102 seconds
[2026-08-12T04:36:34.043+0000] {processor.py:186} INFO - Started process (PID=490) to work on /home/airflow/.local/lib/python3.12/site-packages/airflow/example_dags/example_skip_dag.py
[2026-08-12T04:36:34.046+0000] {processor.py:914} INFO - Processing file /home/airflow/.local/lib/python3.12/site-packages/airflow/example_dags/example_skip_dag.py for tasks to queue
[2026-08-12T04:36:34.051+0000] {logging_mixin.py:190} INFO - [2026-08-12T04:36:34.051+0000] {dagbag.py:587} INFO - Filling up the DagBag from /home/airflow/.local/lib/python3.12/site-packages/airflow/example_dags/example_skip_dag.py
[2026-08-12T04:36:34.067+0000] {processor.py:925} INFO - DAG(s) 'example_skip_dag' retrieved from /home/airflow/.local/lib/python3.12/site-packages/airflow/example_dags/example_skip_dag.py
[2026-08-12T04:36:34.095+0000] {logging_mixin.py:190} INFO - [2026-08-12T04:36:34.095+0000] {dag.py:3211} INFO - Sync 1 DAGs
[2026-08-12T04:36:34.122+0000] {logging_mixin.py:190} INFO - [2026-08-12T04:36:34.121+0000] {dag.py:4138} INFO - Setting next_dagrun for example_skip_dag to 2026-08-11 00:00:00+00:00, run_after=2026-08-12 00:00:00+00:00
[2026-08-12T04:36:34.154+0000] {processor.py:208} INFO - Processing /home/airflow/.local/lib/python3.12/site-packages/airflow/example_dags/example_skip_dag.py took 0.119 seconds
[2026-08-12T04:37:05.026+0000] {processor.py:186} INFO - Started process (PID=552) to work on /home/airflow/.local/lib/python3.12/site-packages/airflow/example_dags/example_skip_dag.py
[2026-08-12T04:37:05.028+0000] {processor.py:914} INFO - Processing file /home/airflow/.local/lib/python3.12/site-packages/airflow/example_dags/example_skip_dag.py for tasks to queue
[2026-08-12T04:37:05.033+0000] {logging_mixin.py:190} INFO - [2026-08-12T04:37:05.032+0000] {dagbag.py:587} INFO - Filling up the DagBag from /home/airflow/.local/lib/python3.12/site-packages/airflow/example_dags/example_skip_dag.py
[2026-08-12T04:37:05.043+0000] {processor.py:925} INFO - DAG(s) 'example_skip_dag' retrieved from /home/airflow/.local/lib/python3.12/site-packages/airflow/example_dags/example_skip_dag.py
[2026-08-12T04:37:05.068+0000] {logging_mixin.py:190} INFO - [2026-08-12T04:37:05.067+0000] {dag.py:3211} INFO - Sync 1 DAGs
[2026-08-12T04:37:05.097+0000] {logging_mixin.py:190} INFO - [2026-08-12T04:37:05.097+0000] {dag.py:4138} INFO - Setting next_dagrun for example_skip_dag to 2026-08-11 00:00:00+00:00, run_after=2026-08-12 00:00:00+00:00
[2026-08-12T04:37:05.127+0000] {processor.py:208} INFO - Processing /home/airflow/.local/lib/python3.12/site-packages/airflow/example_dags/example_skip_dag.py took 0.108 seconds
[2026-08-12T04:37:35.870+0000] {processor.py:186} INFO - Started process (PID=614) to work on /home/airflow/.local/lib/python3.12/site-packages/airflow/example_dags/example_skip_dag.py
[2026-08-12T04:37:35.873+0000] {processor.py:914} INFO - Processing file /home/airflow/.local/lib/python3.12/site-packages/airflow/example_dags/example_skip_dag.py for tasks to queue
[2026-08-12T04:37:35.878+0000] {logging_mixin.py:190} INFO - [2026-08-12T04:37:35.877+0000] {dagbag.py:587} INFO - Filling up the DagBag from /home/airflow/.local/lib/python3.12/site-packages/airflow/example_dags/example_skip_dag.py
[2026-08-12T04:37:35.888+0000] {processor.py:925} INFO - DAG(s) 'example_skip_dag' retrieved from /home/airflow/.local/lib/python3.12/site-packages/airflow/example_dags/example_skip_dag.py
[2026-08-12T04:37:35.912+0000] {logging_mixin.py:190} INFO - [2026-08-12T04:37:35.912+0000] {dag.py:3211} INFO - Sync 1 DAGs
[2026-08-12T04:37:35.938+0000] {logging_mixin.py:190} INFO - [2026-08-12T04:37:35.938+0000] {dag.py:4138} INFO - Setting next_dagrun for example_skip_dag to 2026-08-11 00:00:00+00:00, run_after=2026-08-12 00:00:00+00:00
[2026-08-12T04:37:35.962+0000] {processor.py:208} INFO - Processing /home/airflow/.local/lib/python3.12/site-packages/airflow/example_dags/example_skip_dag.py took 0.102 seconds
[2026-08-12T04:38:06.498+0000] {processor.py:186} INFO - Started process (PID=676) to work on /home/airflow/.local/lib/python3.12/site-packages/airflow/example_dags/example_skip_dag.py
[2026-08-12T04:38:06.499+0000] {processor.py:914} INFO - Processing file /home/airflow/.local/lib/python3.12/site-packages/airflow/example_dags/example_skip_dag.py for tasks to queue
[2026-08-12T04:38:06.503+0000] {logging_mixin.py:190} INFO - [2026-08-12T04:38:06.502+0000] {dagbag.py:587} INFO - Filling up the DagBag from /home/airflow/.local/lib/python3.12/site-packages/airflow/example_dags/example_skip_dag.py
[2026-08-12T04:38:06.513+0000] {processor.py:925} INFO - DAG(s) 'example_skip_dag' retrieved from /home/airflow/.local/lib/python3.12/site-packages/airflow/example_dags/example_skip_dag.py
[2026-08-12T04:38:06.542+0000] {logging_mixin.py:190} INFO - [2026-08-12T04:38:06.542+0000] {dag.py:3211} INFO - Sync 1 DAGs
[2026-08-12T04:38:06.569+0000] {logging_mixin.py:190} INFO - [2026-08-12T04:38:06.569+0000] {dag.py:4138} INFO - Setting next_dagrun for example_skip_dag to 2026-08-11 00:00:00+00:00, run_after=2026-08-12 00:00:00+00:00
[2026-08-12T04:38:06.592+0000] {processor.py:208} INFO - Processing /home/airflow/.local/lib/python3.12/site-packages/airflow/example_dags/example_skip_dag.py took 0.100 seconds
[2026-08-12T04:38:37.193+0000] {processor.py:186} INFO - Started process (PID=738) to work on /home/airflow/.local/lib/python3.12/site-packages/airflow/example_dags/example_skip_dag.py
[2026-08-12T04:38:37.195+0000] {processor.py:914} INFO - Processing file /home/airflow/.local/lib/python3.12/site-packages/airflow/example_dags/example_skip_dag.py for tasks to queue
[2026-08-12T04:38:37.199+0000] {logging_mixin.py:190} INFO - [2026-08-12T04:38:37.198+0000] {dagbag.py:587} INFO - Filling up the DagBag from /home/airflow/.local/lib/python3.12/site-packages/airflow/example_dags/example_skip_dag.py
[2026-08-12T04:38:37.209+0000] {processor.py:925} INFO - DAG(s) 'example_skip_dag' retrieved from /home/airflow/.local/lib/python3.12/site-packages/airflow/example_dags/example_skip_dag.py
[2026-08-12T04:38:37.232+0000] {logging_mixin.py:190} INFO - [2026-08-12T04:38:37.232+0000] {dag.py:3211} INFO - Sync 1 DAGs
[2026-08-12T04:38:37.260+0000] {logging_mixin.py:190} INFO - [2026-08-12T04:38:37.260+0000] {dag.py:4138} INFO - Setting next_dagrun for example_skip_dag to 2026-08-11 00:00:00+00:00, run_after=2026-08-12 00:00:00+00:00
[2026-08-12T04:38:37.289+0000] {processor.py:208} INFO - Processing /home/airflow/.local/lib/python3.12/site-packages/airflow/example_dags/example_skip_dag.py took 0.104 seconds
[2026-08-12T04:39:08.162+0000] {processor.py:186} INFO - Started process (PID=800) to work on /home/airflow/.local/lib/python3.12/site-packages/airflow/example_dags/example_skip_dag.py
[2026-08-12T04:39:08.164+0000] {processor.py:914} INFO - Processing file /home/airflow/.local/lib/python3.12/site-packages/airflow/example_dags/example_skip_dag.py for tasks to queue
[2026-08-12T04:39:08.168+0000] {logging_mixin.py:190} INFO - [2026-08-12T04:39:08.168+0000] {dagbag.py:587} INFO - Filling up the DagBag from /home/airflow/.local/lib/python3.12/site-packages/airflow/example_dags/example_skip_dag.py
[2026-08-12T04:39:08.178+0000] {processor.py:925} INFO - DAG(s) 'example_skip_dag' retrieved from /home/airflow/.local/lib/python3.12/site-packages/airflow/example_dags/example_skip_dag.py
[2026-08-12T04:39:08.202+0000] {logging_mixin.py:190} INFO - [2026-08-12T04:39:08.201+0000] {dag.py:3211} INFO - Sync 1 DAGs
[2026-08-12T04:39:08.230+0000] {logging_mixin.py:190} INFO - [2026-08-12T04:39:08.229+0000] {dag.py:4138} INFO - Setting next_dagrun for example_skip_dag to 2026-08-11 00:00:00+00:00, run_after=2026-08-12 00:00:00+00:00
[2026-08-12T04:39:08.266+0000] {processor.py:208} INFO - Processing /home/airflow/.local/lib/python3.12/site-packages/airflow/example_dags/example_skip_dag.py took 0.113 seconds
[2026-08-12T04:39:38.698+0000] {processor.py:186} INFO - Started process (PID=862) to work on /home/airflow/.local/lib/python3.12/site-packages/airflow/example_dags/example_skip_dag.py
[2026-08-12T04:39:38.700+0000] {processor.py:914} INFO - Processing file /home/airflow/.local/lib/python3.12/site-packages/airflow/example_dags/example_skip_dag.py for tasks to queue
[2026-08-12T04:39:38.704+0000] {logging_mixin.py:190} INFO - [2026-08-12T04:39:38.704+0000] {dagbag.py:587} INFO - Filling up the DagBag from /home/airflow/.local/lib/python3.12/site-packages/airflow/example_dags/example_skip_dag.py
[2026-08-12T04:39:38.716+0000] {processor.py:925} INFO - DAG(s) 'example_skip_dag' retrieved from /home/airflow/.local/lib/python3.12/site-packages/airflow/example_dags/example_skip_dag.py
[2026-08-12T04:39:38.743+0000] {logging_mixin.py:190} INFO - [2026-08-12T04:39:38.742+0000] {dag.py:3211} INFO - Sync 1 DAGs
[2026-08-12T04:39:38.787+0000] {logging_mixin.py:190} INFO - [2026-08-12T04:39:38.786+0000] {dag.py:4138} INFO - Setting next_dagrun for example_skip_dag to 2026-08-11 00:00:00+00:00, run_after=2026-08-12 00:00:00+00:00
[2026-08-12T04:39:38.819+0000] {processor.py:208} INFO - Processing /home/airflow/.local/lib/python3.12/site-packages/airflow/example_dags/example_skip_dag.py took 0.132 seconds
[2026-08-12T04:40:09.515+0000] {processor.py:186} INFO - Started process (PID=924) to work on /home/airflow/.local/lib/python3.12/site-packages/airflow/example_dags/example_skip_dag.py
[2026-08-12T04:40:09.516+0000] {processor.py:914} INFO - Processing file /home/airflow/.local/lib/python3.12/site-packages/airflow/example_dags/example_skip_dag.py for tasks to queue
[2026-08-12T04:40:09.520+0000] {logging_mixin.py:190} INFO - [2026-08-12T04:40:09.520+0000] {dagbag.py:587} INFO - Filling up the DagBag from /home/airflow/.local/lib/python3.12/site-packages/airflow/example_dags/example_skip_dag.py
[2026-08-12T04:40:09.530+0000] {processor.py:925} INFO - DAG(s) 'example_skip_dag' retrieved from /home/airflow/.local/lib/python3.12/site-packages/airflow/example_dags/example_skip_dag.py
[2026-08-12T04:40:09.557+0000] {logging_mixin.py:190} INFO - [2026-08-12T04:40:09.557+0000] {dag.py:3211} INFO - Sync 1 DAGs
[2026-08-12T04:40:09.585+0000] {logging_mixin.py:190} INFO - [2026-08-12T04:40:09.584+0000] {dag.py:4138} INFO - Setting next_dagrun for example_skip_dag to 2026-08-11 00:00:00+00:00, run_after=2026-08-12 00:00:00+00:00
[2026-08-12T04:40:09.613+0000] {processor.py:208} INFO - Processing /home/airflow/.local/lib/python3.12/site-packages/airflow/example_dags/example_skip_dag.py took 0.105 seconds
[2026-08-12T04:40:40.193+0000] {processor.py:186} INFO - Started process (PID=986) to work on /home/airflow/.local/lib/python3.12/site-packages/airflow/example_dags/example_skip_dag.py
[2026-08-12T04:40:40.195+0000] {processor.py:914} INFO - Processing file /home/airflow/.local/lib/python3.12/site-packages/airflow/example_dags/example_skip_dag.py for tasks to queue
[2026-08-12T04:40:40.198+0000] {logging_mixin.py:190} INFO - [2026-08-12T04:40:40.197+0000] {dagbag.py:587} INFO - Filling up the DagBag from /home/airflow/.local/lib/python3.12/site-packages/airflow/example_dags/example_skip_dag.py
[2026-08-12T04:40:40.209+0000] {processor.py:925} INFO - DAG(s) 'example_skip_dag' retrieved from /home/airflow/.local/lib/python3.12/site-packages/airflow/example_dags/example_skip_dag.py
[2026-08-12T04:40:40.243+0000] {logging_mixin.py:190} INFO - [2026-08-12T04:40:40.242+0000] {dag.py:3211} INFO - Sync 1 DAGs
[2026-08-12T04:40:40.296+0000] {logging_mixin.py:190} INFO - [2026-08-12T04:40:40.295+0000] {dag.py:4138} INFO - Setting next_dagrun for example_skip_dag to 2026-08-11 00:00:00+00:00, run_after=2026-08-12 00:00:00+00:00
[2026-08-12T04:40:40.325+0000] {processor.py:208} INFO - Processing /home/airflow/.local/lib/python3.12/site-packages/airflow/example_dags/example_skip_dag.py took 0.141 seconds
[2026-08-12T04:41:10.769+0000] {processor.py:186} INFO - Started process (PID=1048) to work on /home/airflow/.local/lib/python3.12/site-packages/airflow/example_dags/example_skip_dag.py
[2026-08-12T04:41:10.771+0000] {processor.py:914} INFO - Processing file /home/airflow/.local/lib/python3.12/site-packages/airflow/example_dags/example_skip_dag.py for tasks to queue
[2026-08-12T04:41:10.776+0000] {logging_mixin.py:190} INFO - [2026-08-12T04:41:10.776+0000] {dagbag.py:587} INFO - Filling up the DagBag from /home/airflow/.local/lib/python3.12/site-packages/airflow/example_dags/example_skip_dag.py
[2026-08-12T04:41:10.790+0000] {processor.py:925} INFO - DAG(s) 'example_skip_dag' retrieved from /home/airflow/.local/lib/python3.12/site-packages/airflow/example_dags/example_skip_dag.py
[2026-08-12T04:41:10.820+0000] {logging_mixin.py:190} INFO - [2026-08-12T04:41:10.820+0000] {dag.py:3211} INFO - Sync 1 DAGs
[2026-08-12T04:41:10.856+0000] {logging_mixin.py:190} INFO - [2026-08-12T04:41:10.856+0000] {dag.py:4138} INFO - Setting next_dagrun for example_skip_dag to 2026-08-11 00:00:00+00:00, run_after=2026-08-12 00:00:00+00:00
[2026-08-12T04:41:10.884+0000] {processor.py:208} INFO - Processing /home/airflow/.local/lib/python3.12/site-packages/airflow/example_dags/example_skip_dag.py took 0.140 seconds
[2026-08-12T04:41:41.738+0000] {processor.py:186} INFO - Started process (PID=1110) to work on /home/airflow/.local/lib/python3.12/site-packages/airflow/example_dags/example_skip_dag.py
[2026-08-12T04:41:41.740+0000] {processor.py:914} INFO - Processing file /home/airflow/.local/lib/python3.12/site-packages/airflow/example_dags/example_skip_dag.py for tasks to queue
[2026-08-12T04:41:41.745+0000] {logging_mixin.py:190} INFO - [2026-08-12T04:41:41.744+0000] {dagbag.py:587} INFO - Filling up the DagBag from /home/airflow/.local/lib/python3.12/site-packages/airflow/example_dags/example_skip_dag.py
[2026-08-12T04:41:41.755+0000] {processor.py:925} INFO - DAG(s) 'example_skip_dag' retrieved from /home/airflow/.local/lib/python3.12/site-packages/airflow/example_dags/example_skip_dag.py
[2026-08-12T04:41:41.778+0000] {logging_mixin.py:190} INFO - [2026-08-12T04:41:41.778+0000] {dag.py:3211} INFO - Sync 1 DAGs
[2026-08-12T04:41:41.803+0000] {logging_mixin.py:190} INFO - [2026-08-12T04:41:41.803+0000] {dag.py:4138} INFO - Setting next_dagrun for example_skip_dag to 2026-08-11 00:00:00+00:00, run_after=2026-08-12 00:00:00+00:00
[2026-08-12T04:41:41.838+0000] {processor.py:208} INFO - Processing /home/airflow/.local/lib/python3.12/site-packages/airflow/example_dags/example_skip_dag.py took 0.106 seconds
[2026-08-12T04:42:12.389+0000] {processor.py:186} INFO - Started process (PID=1172) to work on /home/airflow/.local/lib/python3.12/site-packages/airflow/example_dags/example_skip_dag.py
[2026-08-12T04:42:12.391+0000] {processor.py:914} INFO - Processing file /home/airflow/.local/lib/python3.12/site-packages/airflow/example_dags/example_skip_dag.py for tasks to queue
[2026-08-12T04:42:12.396+0000] {logging_mixin.py:190} INFO - [2026-08-12T04:42:12.396+0000] {dagbag.py:587} INFO - Filling up the DagBag from /home/airflow/.local/lib/python3.12/site-packages/airflow/example_dags/example_skip_dag.py
[2026-08-12T04:42:12.407+0000] {processor.py:925} INFO - DAG(s) 'example_skip_dag' retrieved from /home/airflow/.local/lib/python3.12/site-packages/airflow/example_dags/example_skip_dag.py
[2026-08-12T04:42:12.434+0000] {logging_mixin.py:190} INFO - [2026-08-12T04:42:12.433+0000] {dag.py:3211} INFO - Sync 1 DAGs
[2026-08-12T04:42:12.469+0000] {logging_mixin.py:190} INFO - [2026-08-12T04:42:12.468+0000] {dag.py:4138} INFO - Setting next_dagrun for example_skip_dag to 2026-08-11 00:00:00+00:00, run_after=2026-08-12 00:00:00+00:00
[2026-08-12T04:42:12.499+0000] {processor.py:208} INFO - Processing /home/airflow/.local/lib/python3.12/site-packages/airflow/example_dags/example_skip_dag.py took 0.119 seconds
[2026-08-12T04:42:43.388+0000] {processor.py:186} INFO - Started process (PID=1234) to work on /home/airflow/.local/lib/python3.12/site-packages/airflow/example_dags/example_skip_dag.py
[2026-08-12T04:42:43.390+0000] {processor.py:914} INFO - Processing file /home/airflow/.local/lib/python3.12/site-packages/airflow/example_dags/example_skip_dag.py for tasks to queue
[2026-08-12T04:42:43.393+0000] {logging_mixin.py:190} INFO - [2026-08-12T04:42:43.393+0000] {dagbag.py:587} INFO - Filling up the DagBag from /home/airflow/.local/lib/python3.12/site-packages/airflow/example_dags/example_skip_dag.py
[2026-08-12T04:42:43.402+0000] {processor.py:925} INFO - DAG(s) 'example_skip_dag' retrieved from /home/airflow/.local/lib/python3.12/site-packages/airflow/example_dags/example_skip_dag.py
[2026-08-12T04:42:43.424+0000] {logging_mixin.py:190} INFO - [2026-08-12T04:42:43.424+0000] {dag.py:3211} INFO - Sync 1 DAGs
[2026-08-12T04:42:43.450+0000] {logging_mixin.py:190} INFO - [2026-08-12T04:42:43.449+0000] {dag.py:4138} INFO - Setting next_dagrun for example_skip_dag to 2026-08-11 00:00:00+00:00, run_after=2026-08-12 00:00:00+00:00
[2026-08-12T04:42:43.474+0000] {processor.py:208} INFO - Processing /home/airflow/.local/lib/python3.12/site-packages/airflow/example_dags/example_skip_dag.py took 0.092 seconds
[2026-08-12T04:43:13.745+0000] {processor.py:186} INFO - Started process (PID=1296) to work on /home/airflow/.local/lib/python3.12/site-packages/airflow/example_dags/example_skip_dag.py
[2026-08-12T04:43:13.747+0000] {processor.py:914} INFO - Processing file /home/airflow/.local/lib/python3.12/site-packages/airflow/example_dags/example_skip_dag.py for tasks to queue
[2026-08-12T04:43:13.750+0000] {logging_mixin.py:190} INFO - [2026-08-12T04:43:13.750+0000] {dagbag.py:587} INFO - Filling up the DagBag from /home/airflow/.local/lib/python3.12/site-packages/airflow/example_dags/example_skip_dag.py
[2026-08-12T04:43:13.760+0000] {processor.py:925} INFO - DAG(s) 'example_skip_dag' retrieved from /home/airflow/.local/lib/python3.12/site-packages/airflow/example_dags/example_skip_dag.py
[2026-08-12T04:43:13.783+0000] {logging_mixin.py:190} INFO - [2026-08-12T04:43:13.782+0000] {dag.py:3211} INFO - Sync 1 DAGs
[2026-08-12T04:43:13.810+0000] {logging_mixin.py:190} INFO - [2026-08-12T04:43:13.810+0000] {dag.py:4138} INFO - Setting next_dagrun for example_skip_dag to 2026-08-11 00:00:00+00:00, run_after=2026-08-12 00:00:00+00:00
[2026-08-12T04:43:13.853+0000] {processor.py:208} INFO - Processing /home/airflow/.local/lib/python3.12/site-packages/airflow/example_dags/example_skip_dag.py took 0.112 seconds
[2026-08-12T04:43:44.396+0000] {processor.py:186} INFO - Started process (PID=1358) to work on /home/airflow/.local/lib/python3.12/site-packages/airflow/example_dags/example_skip_dag.py
[2026-08-12T04:43:44.399+0000] {processor.py:914} INFO - Processing file /home/airflow/.local/lib/python3.12/site-packages/airflow/example_dags/example_skip_dag.py for tasks to queue
[2026-08-12T04:43:44.405+0000] {logging_mixin.py:190} INFO - [2026-08-12T04:43:44.404+0000] {dagbag.py:587} INFO - Filling up the DagBag from /home/airflow/.local/lib/python3.12/site-packages/airflow/example_dags/example_skip_dag.py
[2026-08-12T04:43:44.415+0000] {processor.py:925} INFO - DAG(s) 'example_skip_dag' retrieved from /home/airflow/.local/lib/python3.12/site-packages/airflow/example_dags/example_skip_dag.py
[2026-08-12T04:43:44.441+0000] {logging_mixin.py:190} INFO - [2026-08-12T04:43:44.441+0000] {dag.py:3211} INFO - Sync 1 DAGs
[2026-08-12T04:43:44.471+0000] {logging_mixin.py:190} INFO - [2026-08-12T04:43:44.471+0000] {dag.py:4138} INFO - Setting next_dagrun for example_skip_dag to 2026-08-11 00:00:00+00:00, run_after=2026-08-12 00:00:00+00:00
[2026-08-12T04:43:44.499+0000] {processor.py:208} INFO - Processing /home/airflow/.local/lib/python3.12/site-packages/airflow/example_dags/example_skip_dag.py took 0.111 seconds
[2026-08-12T04:44:15.360+0000] {processor.py:186} INFO - Started process (PID=1420) to work on /home/airflow/.local/lib/python3.12/site-packages/airflow/example_dags/example_skip_dag.py
[2026-08-12T04:44:15.362+0000] {processor.py:914} INFO - Processing file /home/airflow/.local/lib/python3.12/site-packages/airflow/example_dags/example_skip_dag.py for tasks to queue
[2026-08-12T04:44:15.367+0000] {logging_mixin.py:190} INFO - [2026-08-12T04:44:15.367+0000] {dagbag.py:587} INFO - Filling up the DagBag from /home/airflow/.local/lib/python3.12/site-packages/airflow/example_dags/example_skip_dag.py
[2026-08-12T04:44:15.377+0000] {processor.py:925} INFO - DAG(s) 'example_skip_dag' retrieved from /home/airflow/.local/lib/python3.12/site-packages/airflow/example_dags/example_skip_dag.py
[2026-08-12T04:44:15.403+0000] {logging_mixin.py:190} INFO - [2026-08-12T04:44:15.402+0000] {dag.py:3211} INFO - Sync 1 DAGs
[2026-08-12T04:44:15.429+0000] {logging_mixin.py:190} INFO - [2026-08-12T04:44:15.428+0000] {dag.py:4138} INFO - Setting next_dagrun for example_skip_dag to 2026-08-11 00:00:00+00:00, run_after=2026-08-12 00:00:00+00:00
[2026-08-12T04:44:15.453+0000] {processor.py:208} INFO - Processing /home/airflow/.local/lib/python3.12/site-packages/airflow/example_dags/example_skip_dag.py took 0.100 seconds
[2026-08-12T04:44:46.140+0000] {processor.py:186} INFO - Started process (PID=1482) to work on /home/airflow/.local/lib/python3.12/site-packages/airflow/example_dags/example_skip_dag.py
[2026-08-12T04:44:46.142+0000] {processor.py:914} INFO - Processing file /home/airflow/.local/lib/python3.12/site-packages/airflow/example_dags/example_skip_dag.py for tasks to queue
[2026-08-12T04:44:46.147+0000] {logging_mixin.py:190} INFO - [2026-08-12T04:44:46.146+0000] {dagbag.py:587} INFO - Filling up the DagBag from /home/airflow/.local/lib/python3.12/site-packages/airflow/example_dags/example_skip_dag.py
[2026-08-12T04:44:46.158+0000] {processor.py:925} INFO - DAG(s) 'example_skip_dag' retrieved from /home/airflow/.local/lib/python3.12/site-packages/airflow/example_dags/example_skip_dag.py
[2026-08-12T04:44:46.184+0000] {logging_mixin.py:190} INFO - [2026-08-12T04:44:46.183+0000] {dag.py:3211} INFO - Sync 1 DAGs
[2026-08-12T04:44:46.223+0000] {logging_mixin.py:190} INFO - [2026-08-12T04:44:46.223+0000] {dag.py:4138} INFO - Setting next_dagrun for example_skip_dag to 2026-08-11 00:00:00+00:00, run_after=2026-08-12 00:00:00+00:00
[2026-08-12T04:44:46.243+0000] {processor.py:208} INFO - Processing /home/airflow/.local/lib/python3.12/site-packages/airflow/example_dags/example_skip_dag.py took 0.111 seconds
[2026-08-12T04:45:16.870+0000] {processor.py:186} INFO - Started process (PID=1544) to work on /home/airflow/.local/lib/python3.12/site-packages/airflow/example_dags/example_skip_dag.py
[2026-08-12T04:45:16.872+0000] {processor.py:914} INFO - Processing file /home/airflow/.local/lib/python3.12/site-packages/airflow/example_dags/example_skip_dag.py for tasks to queue
[2026-08-12T04:45:16.876+0000] {logging_mixin.py:190} INFO - [2026-08-12T04:45:16.876+0000] {dagbag.py:587} INFO - Filling up the DagBag from /home/airflow/.local/lib/python3.12/site-packages/airflow/example_dags/example_skip_dag.py
[2026-08-12T04:45:16.884+0000] {processor.py:925} INFO - DAG(s) 'example_skip_dag' retrieved from /home/airflow/.local/lib/python3.12/site-packages/airflow/example_dags/example_skip_dag.py
[2026-08-12T04:45:16.920+0000] {logging_mixin.py:190} INFO - [2026-08-12T04:45:16.919+0000] {dag.py:3211} INFO - Sync 1 DAGs
[2026-08-12T04:45:16.944+0000] {logging_mixin.py:190} INFO - [2026-08-12T04:45:16.944+0000] {dag.py:4138} INFO - Setting next_dagrun for example_skip_dag to 2026-08-11 00:00:00+00:00, run_after=2026-08-12 00:00:00+00:00
[2026-08-12T04:45:16.964+0000] {processor.py:208} INFO - Processing /home/airflow/.local/lib/python3.12/site-packages/airflow/example_dags/example_skip_dag.py took 0.100 seconds
[2026-08-12T04:45:47.454+0000] {processor.py:186} INFO - Started process (PID=1606) to work on /home/airflow/.local/lib/python3.12/site-packages/airflow/example_dags/example_skip_dag.py
[2026-08-12T04:45:47.456+0000] {processor.py:914} INFO - Processing file /home/airflow/.local/lib/python3.12/site-packages/airflow/example_dags/example_skip_dag.py for tasks to queue
[2026-08-12T04:45:47.460+0000] {logging_mixin.py:190} INFO - [2026-08-12T04:45:47.460+0000] {dagbag.py:587} INFO - Filling up the DagBag from /home/airflow/.local/lib/python3.12/site-packages/airflow/example_dags/example_skip_dag.py
[2026-08-12T04:45:47.468+0000] {processor.py:925} INFO - DAG(s) 'example_skip_dag' retrieved from /home/airflow/.local/lib/python3.12/site-packages/airflow/example_dags/example_skip_dag.py
[2026-08-12T04:45:47.492+0000] {logging_mixin.py:190} INFO - [2026-08-12T04:45:47.491+0000] {dag.py:3211} INFO - Sync 1 DAGs
[2026-08-12T04:45:47.517+0000] {logging_mixin.py:190} INFO - [2026-08-12T04:45:47.516+0000] {dag.py:4138} INFO - Setting next_dagrun for example_skip_dag to 2026-08-11 00:00:00+00:00, run_after=2026-08-12 00:00:00+00:00
[2026-08-12T04:45:47.537+0000] {processor.py:208} INFO - Processing /home/airflow/.local/lib/python3.12/site-packages/airflow/example_dags/example_skip_dag.py took 0.089 seconds
[2026-08-12T04:46:18.345+0000] {processor.py:186} INFO - Started process (PID=1668) to work on /home/airflow/.local/lib/python3.12/site-packages/airflow/example_dags/example_skip_dag.py
[2026-08-12T04:46:18.347+0000] {processor.py:914} INFO - Processing file /home/airflow/.local/lib/python3.12/site-packages/airflow/example_dags/example_skip_dag.py for tasks to queue
[2026-08-12T04:46:18.351+0000] {logging_mixin.py:190} INFO - [2026-08-12T04:46:18.351+0000] {dagbag.py:587} INFO - Filling up the DagBag from /home/airflow/.local/lib/python3.12/site-packages/airflow/example_dags/example_skip_dag.py
[2026-08-12T04:46:18.362+0000] {processor.py:925} INFO - DAG(s) 'example_skip_dag' retrieved from /home/airflow/.local/lib/python3.12/site-packages/airflow/example_dags/example_skip_dag.py
[2026-08-12T04:46:18.388+0000] {logging_mixin.py:190} INFO - [2026-08-12T04:46:18.388+0000] {dag.py:3211} INFO - Sync 1 DAGs
[2026-08-12T04:46:18.449+0000] {logging_mixin.py:190} INFO - [2026-08-12T04:46:18.449+0000] {dag.py:4138} INFO - Setting next_dagrun for example_skip_dag to 2026-08-11 00:00:00+00:00, run_after=2026-08-12 00:00:00+00:00
[2026-08-12T04:46:18.482+0000] {processor.py:208} INFO - Processing /home/airflow/.local/lib/python3.12/site-packages/airflow/example_dags/example_skip_dag.py took 0.146 seconds
[2026-08-12T04:46:48.968+0000] {processor.py:186} INFO - Started process (PID=1730) to work on /home/airflow/.local/lib/python3.12/site-packages/airflow/example_dags/example_skip_dag.py
[2026-08-12T04:46:48.970+0000] {processor.py:914} INFO - Processing file /home/airflow/.local/lib/python3.12/site-packages/airflow/example_dags/example_skip_dag.py for tasks to queue
[2026-08-12T04:46:48.975+0000] {logging_mixin.py:190} INFO - [2026-08-12T04:46:48.974+0000] {dagbag.py:587} INFO - Filling up the DagBag from /home/airflow/.local/lib/python3.12/site-packages/airflow/example_dags/example_skip_dag.py
[2026-08-12T04:46:48.985+0000] {processor.py:925} INFO - DAG(s) 'example_skip_dag' retrieved from /home/airflow/.local/lib/python3.12/site-packages/airflow/example_dags/example_skip_dag.py
[2026-08-12T04:46:49.015+0000] {logging_mixin.py:190} INFO - [2026-08-12T04:46:49.015+0000] {dag.py:3211} INFO - Sync 1 DAGs
[2026-08-12T04:46:49.058+0000] {logging_mixin.py:190} INFO - [2026-08-12T04:46:49.058+0000] {dag.py:4138} INFO - Setting next_dagrun for example_skip_dag to 2026-08-11 00:00:00+00:00, run_after=2026-08-12 00:00:00+00:00
[2026-08-12T04:46:49.095+0000] {processor.py:208} INFO - Processing /home/airflow/.local/lib/python3.12/site-packages/airflow/example_dags/example_skip_dag.py took 0.134 seconds
[2026-08-12T04:47:19.842+0000] {processor.py:186} INFO - Started process (PID=1792) to work on /home/airflow/.local/lib/python3.12/site-packages/airflow/example_dags/example_skip_dag.py
[2026-08-12T04:47:19.844+0000] {processor.py:914} INFO - Processing file /home/airflow/.local/lib/python3.12/site-packages/airflow/example_dags/example_skip_dag.py for tasks to queue
[2026-08-12T04:47:19.849+0000] {logging_mixin.py:190} INFO - [2026-08-12T04:47:19.849+0000] {dagbag.py:587} INFO - Filling up the DagBag from /home/airflow/.local/lib/python3.12/site-packages/airflow/example_dags/example_skip_dag.py
[2026-08-12T04:47:19.863+0000] {processor.py:925} INFO - DAG(s) 'example_skip_dag' retrieved from /home/airflow/.local/lib/python3.12/site-packages/airflow/example_dags/example_skip_dag.py
[2026-08-12T04:47:19.892+0000] {logging_mixin.py:190} INFO - [2026-08-12T04:47:19.892+0000] {dag.py:3211} INFO - Sync 1 DAGs
[2026-08-12T04:47:19.932+0000] {logging_mixin.py:190} INFO - [2026-08-12T04:47:19.931+0000] {dag.py:4138} INFO - Setting next_dagrun for example_skip_dag to 2026-08-11 00:00:00+00:00, run_after=2026-08-12 00:00:00+00:00
[2026-08-12T04:47:19.961+0000] {processor.py:208} INFO - Processing /home/airflow/.local/lib/python3.12/site-packages/airflow/example_dags/example_skip_dag.py took 0.126 seconds
[2026-08-12T04:47:50.182+0000] {processor.py:186} INFO - Started process (PID=1854) to work on /home/airflow/.local/lib/python3.12/site-packages/airflow/example_dags/example_skip_dag.py
[2026-08-12T04:47:50.184+0000] {processor.py:914} INFO - Processing file /home/airflow/.local/lib/python3.12/site-packages/airflow/example_dags/example_skip_dag.py for tasks to queue
[2026-08-12T04:47:50.191+0000] {logging_mixin.py:190} INFO - [2026-08-12T04:47:50.190+0000] {dagbag.py:587} INFO - Filling up the DagBag from /home/airflow/.local/lib/python3.12/site-packages/airflow/example_dags/example_skip_dag.py
[2026-08-12T04:47:50.211+0000] {processor.py:925} INFO - DAG(s) 'example_skip_dag' retrieved from /home/airflow/.local/lib/python3.12/site-packages/airflow/example_dags/example_skip_dag.py
[2026-08-12T04:47:50.244+0000] {logging_mixin.py:190} INFO - [2026-08-12T04:47:50.243+0000] {dag.py:3211} INFO - Sync 1 DAGs
[2026-08-12T04:47:50.271+0000] {logging_mixin.py:190} INFO - [2026-08-12T04:47:50.271+0000] {dag.py:4138} INFO - Setting next_dagrun for example_skip_dag to 2026-08-11 00:00:00+00:00, run_after=2026-08-12 00:00:00+00:00
[2026-08-12T04:47:50.301+0000] {processor.py:208} INFO - Processing /home/airflow/.local/lib/python3.12/site-packages/airflow/example_dags/example_skip_dag.py took 0.131 seconds
[2026-08-12T04:48:21.020+0000] {processor.py:186} INFO - Started process (PID=1916) to work on /home/airflow/.local/lib/python3.12/site-packages/airflow/example_dags/example_skip_dag.py
[2026-08-12T04:48:21.022+0000] {processor.py:914} INFO - Processing file /home/airflow/.local/lib/python3.12/site-packages/airflow/example_dags/example_skip_dag.py for tasks to queue
[2026-08-12T04:48:21.026+0000] {logging_mixin.py:190} INFO - [2026-08-12T04:48:21.026+0000] {dagbag.py:587} INFO - Filling up the DagBag from /home/airflow/.local/lib/python3.12/site-packages/airflow/example_dags/example_skip_dag.py
[2026-08-12T04:48:21.039+0000] {processor.py:925} INFO - DAG(s) 'example_skip_dag' retrieved from /home/airflow/.local/lib/python3.12/site-packages/airflow/example_dags/example_skip_dag.py
[2026-08-12T04:48:21.068+0000] {logging_mixin.py:190} INFO - [2026-08-12T04:48:21.068+0000] {dag.py:3211} INFO - Sync 1 DAGs
[2026-08-12T04:48:21.099+0000] {logging_mixin.py:190} INFO - [2026-08-12T04:48:21.099+0000] {dag.py:4138} INFO - Setting next_dagrun for example_skip_dag to 2026-08-11 00:00:00+00:00, run_after=2026-08-12 00:00:00+00:00
[2026-08-12T04:48:21.128+0000] {processor.py:208} INFO - Processing /home/airflow/.local/lib/python3.12/site-packages/airflow/example_dags/example_skip_dag.py took 0.116 seconds
[2026-08-12T04:48:51.384+0000] {processor.py:186} INFO - Started process (PID=1978) to work on /home/airflow/.local/lib/python3.12/site-packages/airflow/example_dags/example_skip_dag.py
[2026-08-12T04:48:51.386+0000] {processor.py:914} INFO - Processing file /home/airflow/.local/lib/python3.12/site-packages/airflow/example_dags/example_skip_dag.py for tasks to queue
[2026-08-12T04:48:51.391+0000] {logging_mixin.py:190} INFO - [2026-08-12T04:48:51.391+0000] {dagbag.py:587} INFO - Filling up the DagBag from /home/airflow/.local/lib/python3.12/site-packages/airflow/example_dags/example_skip_dag.py
[2026-08-12T04:48:51.402+0000] {processor.py:925} INFO - DAG(s) 'example_skip_dag' retrieved from /home/airflow/.local/lib/python3.12/site-packages/airflow/example_dags/example_skip_dag.py
[2026-08-12T04:48:51.430+0000] {logging_mixin.py:190} INFO - [2026-08-12T04:48:51.429+0000] {dag.py:3211} INFO - Sync 1 DAGs
[2026-08-12T04:48:51.458+0000] {logging_mixin.py:190} INFO - [2026-08-12T04:48:51.457+0000] {dag.py:4138} INFO - Setting next_dagrun for example_skip_dag to 2026-08-11 00:00:00+00:00, run_after=2026-08-12 00:00:00+00:00
[2026-08-12T04:48:51.484+0000] {processor.py:208} INFO - Processing /home/airflow/.local/lib/python3.12/site-packages/airflow/example_dags/example_skip_dag.py took 0.115 seconds
[2026-08-12T04:49:22.178+0000] {processor.py:186} INFO - Started process (PID=2040) to work on /home/airflow/.local/lib/python3.12/site-packages/airflow/example_dags/example_skip_dag.py
[2026-08-12T04:49:22.181+0000] {processor.py:914} INFO - Processing file /home/airflow/.local/lib/python3.12/site-packages/airflow/example_dags/example_skip_dag.py for tasks to queue
[2026-08-12T04:49:22.185+0000] {logging_mixin.py:190} INFO - [2026-08-12T04:49:22.184+0000] {dagbag.py:587} INFO - Filling up the DagBag from /home/airflow/.local/lib/python3.12/site-packages/airflow/example_dags/example_skip_dag.py
[2026-08-12T04:49:22.194+0000] {processor.py:925} INFO - DAG(s) 'example_skip_dag' retrieved from /home/airflow/.local/lib/python3.12/site-packages/airflow/example_dags/example_skip_dag.py
[2026-08-12T04:49:22.226+0000] {logging_mixin.py:190} INFO - [2026-08-12T04:49:22.226+0000] {dag.py:3211} INFO - Sync 1 DAGs
[2026-08-12T04:49:22.258+0000] {logging_mixin.py:190} INFO - [2026-08-12T04:49:22.258+0000] {dag.py:4138} INFO - Setting next_dagrun for example_skip_dag to 2026-08-11 00:00:00+00:00, run_after=2026-08-12 00:00:00+00:00
[2026-08-12T04:49:22.290+0000] {processor.py:208} INFO - Processing /home/airflow/.local/lib/python3.12/site-packages/airflow/example_dags/example_skip_dag.py took 0.119 seconds
