[2026-08-12T04:30:47.766+0000] {processor.py:186} INFO - Started process (PID=116) to work on /home/airflow/.local/lib/python3.12/site-packages/airflow/example_dags/example_subdag_operator.py
[2026-08-12T04:30:47.768+0000] {processor.py:914} INFO - Processing file /home/airflow/.local/lib/python3.12/site-packages/airflow/example_dags/example_subdag_operator.py for tasks to queue
[2026-08-12T04:30:47.773+0000] {logging_mixin.py:190} INFO - [2026-08-12T04:30:47.773+0000] {dagbag.py:587} INFO - Filling up the DagBag from /home/airflow/.local/lib/python3.12/site-packages/airflow/example_dags/example_subdag_operator.py
[2026-08-12T04:30:47.810+0000] {processor.py:925} INFO - DAG(s) 'example_subdag_operator.section-1', 'example_subdag_operator.section-2', 'example_subdag_operator' retrieved from /home/airflow/.local/lib/python3.12/site-packages/airflow/example_dags/example_subdag_operator.py
[2026-08-12T04:30:47.957+0000] {logging_mixin.py:190} INFO - [2026-08-12T04:30:47.955+0000] {override.py:1858} INFO - Created Permission View: can delete on DAG:example_subdag_operator
[2026-08-12T04:30:47.969+0000] {logging_mixin.py:190} INFO - [2026-08-12T04:30:47.969+0000] {override.py:1858} INFO - Created Permission View: can read on DAG:example_subdag_operator
[2026-08-12T04:30:47.980+0000] {logging_mixin.py:190} INFO - [2026-08-12T04:30:47.980+0000] {override.py:1858} INFO - Created Permission View: can edit on DAG:example_subdag_operator
[2026-08-12T04:30:47.982+0000] {logging_mixin.py:190} INFO - [2026-08-12T04:30:47.982+0000] {dag.py:3211} INFO - Sync 3 DAGs
[2026-08-12T04:30:47.998+0000] {logging_mixin.py:190} INFO - [2026-08-12T04:30:47.997+0000] {dag.py:3234} INFO - Creating ORM DAG for example_subdag_operator
[2026-08-12T04:30:47.999+0000] {logging_mixin.py:190} INFO - [2026-08-12T04:30:47.999+0000] {dag.py:3234} INFO - Creating ORM DAG for example_subdag_operator.section-2
[2026-08-12T04:30:48.001+0000] {logging_mixin.py:190} INFO - [2026-08-12T04:30:48.001+0000] {dag.py:3234} INFO - Creating ORM DAG for example_subdag_operator.section-1
[2026-08-12T04:30:48.027+0000] {logging_mixin.py:190} INFO - [2026-08-12T04:30:48.027+0000] {dag.py:4138} INFO - Setting next_dagrun for example_subdag_operator to 2022-01-01 00:00:00+00:00, run_after=2022-01-01 00:00:00+00:00
[2026-08-12T04:30:48.029+0000] {logging_mixin.py:190} INFO - [2026-08-12T04:30:48.029+0000] {dag.py:4138} INFO - Setting next_dagrun for example_subdag_operator.section-1 to None, run_after=None
[2026-08-12T04:30:48.031+0000] {logging_mixin.py:190} INFO - [2026-08-12T04:30:48.031+0000] {dag.py:4138} INFO - Setting next_dagrun for example_subdag_operator.section-2 to None, run_after=None
[2026-08-12T04:30:48.043+0000] {logging_mixin.py:190} INFO - [2026-08-12T04:30:48.042+0000] {dag.py:3211} INFO - Sync 2 DAGs
[2026-08-12T04:30:48.049+0000] {logging_mixin.py:190} INFO - [2026-08-12T04:30:48.049+0000] {dag.py:4138} INFO - Setting next_dagrun for example_subdag_operator.section-1 to None, run_after=None
[2026-08-12T04:30:48.054+0000] {logging_mixin.py:190} INFO - [2026-08-12T04:30:48.053+0000] {dag.py:4138} INFO - Setting next_dagrun for example_subdag_operator.section-2 to None, run_after=None
[2026-08-12T04:30:48.070+0000] {processor.py:208} INFO - Processing /home/airflow/.local/lib/python3.12/site-packages/airflow/example_dags/example_subdag_operator.py took 0.311 seconds
[2026-08-12T04:31:18.362+0000] {processor.py:186} INFO - Started process (PID=178) to work on /home/airflow/.local/lib/python3.12/site-packages/airflow/example_dags/example_subdag_operator.py
[2026-08-12T04:31:18.364+0000] {processor.py:914} INFO - Processing file /home/airflow/.local/lib/python3.12/site-packages/airflow/example_dags/example_subdag_operator.py for tasks to queue
[2026-08-12T04:31:18.369+0000] {logging_mixin.py:190} INFO - [2026-08-12T04:31:18.369+0000] {dagbag.py:587} INFO - Filling up the DagBag from /home/airflow/.local/lib/python3.12/site-packages/airflow/example_dags/example_subdag_operator.py
[2026-08-12T04:31:18.397+0000] {processor.py:925} INFO - DAG(s) 'example_subdag_operator.section-1', 'example_subdag_operator.section-2', 'example_subdag_operator' retrieved from /home/airflow/.local/lib/python3.12/site-packages/airflow/example_dags/example_subdag_operator.py
[2026-08-12T04:31:18.415+0000] {logging_mixin.py:190} INFO - [2026-08-12T04:31:18.414+0000] {dag.py:3211} INFO - Sync 3 DAGs
[2026-08-12T04:31:18.439+0000] {logging_mixin.py:190} INFO - [2026-08-12T04:31:18.439+0000] {dag.py:4138} INFO - Setting next_dagrun for example_subdag_operator to 2022-01-01 00:00:00+00:00, run_after=2022-01-01 00:00:00+00:00
[2026-08-12T04:31:18.443+0000] {logging_mixin.py:190} INFO - [2026-08-12T04:31:18.443+0000] {dag.py:4138} INFO - Setting next_dagrun for example_subdag_operator.section-1 to None, run_after=None
[2026-08-12T04:31:18.445+0000] {logging_mixin.py:190} INFO - [2026-08-12T04:31:18.445+0000] {dag.py:4138} INFO - Setting next_dagrun for example_subdag_operator.section-2 to None, run_after=None
[2026-08-12T04:31:18.454+0000] {logging_mixin.py:190} INFO - [2026-08-12T04:31:18.453+0000] {dag.py:3211} INFO - Sync 2 DAGs
[2026-08-12T04:31:18.460+0000] {logging_mixin.py:190} INFO - [2026-08-12T04:31:18.460+0000] {dag.py:4138} INFO - Setting next_dagrun for example_subdag_operator.section-1 to None, run_after=None
[2026-08-12T04:31:18.462+0000] {logging_mixin.py:190} INFO - [2026-08-12T04:31:18.462+0000] {dag.py:4138} INFO - Setting next_dagrun for example_subdag_operator.section-2 to None, run_after=None
[2026-08-12T04:31:18.479+0000] {processor.py:208} INFO - Processing /home/airflow/.local/lib/python3.12/site-packages/airflow/example_dags/example_subdag_operator.py took 0.123 seconds
[2026-08-12T04:31:48.813+0000] {processor.py:186} INFO - Started process (PID=240) to work on /home/airflow/.local/lib/python3.12/site-packages/airflow/example_dags/example_subdag_operator.py
[2026-08-12T04:31:48.817+0000] {processor.py:914} INFO - Processing file /home/airflow/.local/lib/python3.12/site-packages/airflow/example_dags/example_subdag_operator.py for tasks to queue
[2026-08-12T04:31:48.826+0000] {logging_mixin.py:190} INFO - [2026-08-12T04:31:48.826+0000] {dagbag.py:587} INFO - Filling up the DagBag from /home/airflow/.local/lib/python3.12/site-packages/airflow/example_dags/example_subdag_operator.py
[2026-08-12T04:31:48.878+0000] {processor.py:925} INFO - DAG(s) 'example_subdag_operator.section-1', 'example_subdag_operator.section-2', 'example_subdag_operator' retrieved from /home/airflow/.local/lib/python3.12/site-packages/airflow/example_dags/example_subdag_operator.py
[2026-08-12T04:31:48.900+0000] {logging_mixin.py:190} INFO - [2026-08-12T04:31:48.899+0000] {dag.py:3211} INFO - Sync 3 DAGs
[2026-08-12T04:31:48.931+0000] {logging_mixin.py:190} INFO - [2026-08-12T04:31:48.931+0000] {dag.py:4138} INFO - Setting next_dagrun for example_subdag_operator to 2022-01-01 00:00:00+00:00, run_after=2022-01-01 00:00:00+00:00
[2026-08-12T04:31:48.936+0000] {logging_mixin.py:190} INFO - [2026-08-12T04:31:48.936+0000] {dag.py:4138} INFO - Setting next_dagrun for example_subdag_operator.section-1 to None, run_after=None
[2026-08-12T04:31:48.938+0000] {logging_mixin.py:190} INFO - [2026-08-12T04:31:48.938+0000] {dag.py:4138} INFO - Setting next_dagrun for example_subdag_operator.section-2 to None, run_after=None
[2026-08-12T04:31:48.948+0000] {logging_mixin.py:190} INFO - [2026-08-12T04:31:48.947+0000] {dag.py:3211} INFO - Sync 2 DAGs
[2026-08-12T04:31:48.955+0000] {logging_mixin.py:190} INFO - [2026-08-12T04:31:48.954+0000] {dag.py:4138} INFO - Setting next_dagrun for example_subdag_operator.section-1 to None, run_after=None
[2026-08-12T04:31:48.957+0000] {logging_mixin.py:190} INFO - [2026-08-12T04:31:48.956+0000] {dag.py:4138} INFO - Setting next_dagrun for example_subdag_operator.section-2 to None, run_after=None
[2026-08-12T04:31:48.970+0000] {processor.py:208} INFO - Processing /home/airflow/.local/lib/python3.12/site-packages/airflow/example_dags/example_subdag_operator.py took 0.176 seconds
[2026-08-12T04:33:06.991+0000] {processor.py:186} INFO - Started process (PID=102) to work on /home/airflow/.local/lib/python3.12/site-packages/airflow/example_dags/example_subdag_operator.py
[2026-08-12T04:33:06.993+0000] {processor.py:914} INFO - Processing file /home/airflow/.local/lib/python3.12/site-packages/airflow/example_dags/example_subdag_operator.py for tasks to queue
[2026-08-12T04:33:06.997+0000] {logging_mixin.py:190} INFO - [2026-08-12T04:33:06.996+0000] {dagbag.py:587} INFO - Filling up the DagBag from /home/airflow/.local/lib/python3.12/site-packages/airflow/example_dags/example_subdag_operator.py
[2026-08-12T04:33:07.046+0000] {processor.py:925} INFO - DAG(s) 'example_subdag_operator.section-1', 'example_subdag_operator.section-2', 'example_subdag_operator' retrieved from /home/airflow/.local/lib/python3.12/site-packages/airflow/example_dags/example_subdag_operator.py
[2026-08-12T04:33:07.068+0000] {logging_mixin.py:190} INFO - [2026-08-12T04:33:07.067+0000] {dag.py:3211} INFO - Sync 3 DAGs
[2026-08-12T04:33:07.105+0000] {logging_mixin.py:190} INFO - [2026-08-12T04:33:07.105+0000] {dag.py:4138} INFO - Setting next_dagrun for example_subdag_operator to 2022-01-01 00:00:00+00:00, run_after=2022-01-01 00:00:00+00:00
[2026-08-12T04:33:07.125+0000] {logging_mixin.py:190} INFO - [2026-08-12T04:33:07.125+0000] {dag.py:4138} INFO - Setting next_dagrun for example_subdag_operator.section-1 to None, run_after=None
[2026-08-12T04:33:07.130+0000] {logging_mixin.py:190} INFO - [2026-08-12T04:33:07.129+0000] {dag.py:4138} INFO - Setting next_dagrun for example_subdag_operator.section-2 to None, run_after=None
[2026-08-12T04:33:07.140+0000] {logging_mixin.py:190} INFO - [2026-08-12T04:33:07.140+0000] {dag.py:3211} INFO - Sync 2 DAGs
[2026-08-12T04:33:07.151+0000] {logging_mixin.py:190} INFO - [2026-08-12T04:33:07.151+0000] {dag.py:4138} INFO - Setting next_dagrun for example_subdag_operator.section-1 to None, run_after=None
[2026-08-12T04:33:07.153+0000] {logging_mixin.py:190} INFO - [2026-08-12T04:33:07.152+0000] {dag.py:4138} INFO - Setting next_dagrun for example_subdag_operator.section-2 to None, run_after=None
[2026-08-12T04:33:07.167+0000] {processor.py:208} INFO - Processing /home/airflow/.local/lib/python3.12/site-packages/airflow/example_dags/example_subdag_operator.py took 0.182 seconds
[2026-08-12T04:33:37.407+0000] {processor.py:186} INFO - Started process (PID=165) to work on /home/airflow/.local/lib/python3.12/site-packages/airflow/example_dags/example_subdag_operator.py
[2026-08-12T04:33:37.408+0000] {processor.py:914} INFO - Processing file /home/airflow/.local/lib/python3.12/site-packages/airflow/example_dags/example_subdag_operator.py for tasks to queue
[2026-08-12T04:33:37.411+0000] {logging_mixin.py:190} INFO - [2026-08-12T04:33:37.411+0000] {dagbag.py:587} INFO - Filling up the DagBag from /home/airflow/.local/lib/python3.12/site-packages/airflow/example_dags/example_subdag_operator.py
[2026-08-12T04:33:37.440+0000] {processor.py:925} INFO - DAG(s) 'example_subdag_operator.section-1', 'example_subdag_operator.section-2', 'example_subdag_operator' retrieved from /home/airflow/.local/lib/python3.12/site-packages/airflow/example_dags/example_subdag_operator.py
[2026-08-12T04:33:37.457+0000] {logging_mixin.py:190} INFO - [2026-08-12T04:33:37.457+0000] {dag.py:3211} INFO - Sync 3 DAGs
[2026-08-12T04:33:37.483+0000] {logging_mixin.py:190} INFO - [2026-08-12T04:33:37.483+0000] {dag.py:4138} INFO - Setting next_dagrun for example_subdag_operator to 2022-01-01 00:00:00+00:00, run_after=2022-01-01 00:00:00+00:00
[2026-08-12T04:33:37.489+0000] {logging_mixin.py:190} INFO - [2026-08-12T04:33:37.488+0000] {dag.py:4138} INFO - Setting next_dagrun for example_subdag_operator.section-1 to None, run_after=None
[2026-08-12T04:33:37.491+0000] {logging_mixin.py:190} INFO - [2026-08-12T04:33:37.491+0000] {dag.py:4138} INFO - Setting next_dagrun for example_subdag_operator.section-2 to None, run_after=None
[2026-08-12T04:33:37.500+0000] {logging_mixin.py:190} INFO - [2026-08-12T04:33:37.499+0000] {dag.py:3211} INFO - Sync 2 DAGs
[2026-08-12T04:33:37.507+0000] {logging_mixin.py:190} INFO - [2026-08-12T04:33:37.507+0000] {dag.py:4138} INFO - Setting next_dagrun for example_subdag_operator.section-1 to None, run_after=None
[2026-08-12T04:33:37.509+0000] {logging_mixin.py:190} INFO - [2026-08-12T04:33:37.508+0000] {dag.py:4138} INFO - Setting next_dagrun for example_subdag_operator.section-2 to None, run_after=None
[2026-08-12T04:33:37.525+0000] {processor.py:208} INFO - Processing /home/airflow/.local/lib/python3.12/site-packages/airflow/example_dags/example_subdag_operator.py took 0.124 seconds
[2026-08-12T04:34:07.804+0000] {processor.py:186} INFO - Started process (PID=227) to work on /home/airflow/.local/lib/python3.12/site-packages/airflow/example_dags/example_subdag_operator.py
[2026-08-12T04:34:07.806+0000] {processor.py:914} INFO - Processing file /home/airflow/.local/lib/python3.12/site-packages/airflow/example_dags/example_subdag_operator.py for tasks to queue
[2026-08-12T04:34:07.810+0000] {logging_mixin.py:190} INFO - [2026-08-12T04:34:07.809+0000] {dagbag.py:587} INFO - Filling up the DagBag from /home/airflow/.local/lib/python3.12/site-packages/airflow/example_dags/example_subdag_operator.py
[2026-08-12T04:34:07.842+0000] {processor.py:925} INFO - DAG(s) 'example_subdag_operator.section-1', 'example_subdag_operator.section-2', 'example_subdag_operator' retrieved from /home/airflow/.local/lib/python3.12/site-packages/airflow/example_dags/example_subdag_operator.py
[2026-08-12T04:34:07.857+0000] {logging_mixin.py:190} INFO - [2026-08-12T04:34:07.857+0000] {dag.py:3211} INFO - Sync 3 DAGs
[2026-08-12T04:34:07.883+0000] {logging_mixin.py:190} INFO - [2026-08-12T04:34:07.883+0000] {dag.py:4138} INFO - Setting next_dagrun for example_subdag_operator to 2022-01-01 00:00:00+00:00, run_after=2022-01-01 00:00:00+00:00
[2026-08-12T04:34:07.889+0000] {logging_mixin.py:190} INFO - [2026-08-12T04:34:07.889+0000] {dag.py:4138} INFO - Setting next_dagrun for example_subdag_operator.section-1 to None, run_after=None
[2026-08-12T04:34:07.892+0000] {logging_mixin.py:190} INFO - [2026-08-12T04:34:07.892+0000] {dag.py:4138} INFO - Setting next_dagrun for example_subdag_operator.section-2 to None, run_after=None
[2026-08-12T04:34:07.901+0000] {logging_mixin.py:190} INFO - [2026-08-12T04:34:07.901+0000] {dag.py:3211} INFO - Sync 2 DAGs
[2026-08-12T04:34:07.910+0000] {logging_mixin.py:190} INFO - [2026-08-12T04:34:07.910+0000] {dag.py:4138} INFO - Setting next_dagrun for example_subdag_operator.section-1 to None, run_after=None
[2026-08-12T04:34:07.912+0000] {logging_mixin.py:190} INFO - [2026-08-12T04:34:07.912+0000] {dag.py:4138} INFO - Setting next_dagrun for example_subdag_operator.section-2 to None, run_after=None
[2026-08-12T04:34:07.927+0000] {processor.py:208} INFO - Processing /home/airflow/.local/lib/python3.12/site-packages/airflow/example_dags/example_subdag_operator.py took 0.128 seconds
[2026-08-12T04:34:38.124+0000] {processor.py:186} INFO - Started process (PID=289) to work on /home/airflow/.local/lib/python3.12/site-packages/airflow/example_dags/example_subdag_operator.py
[2026-08-12T04:34:38.126+0000] {processor.py:914} INFO - Processing file /home/airflow/.local/lib/python3.12/site-packages/airflow/example_dags/example_subdag_operator.py for tasks to queue
[2026-08-12T04:34:38.129+0000] {logging_mixin.py:190} INFO - [2026-08-12T04:34:38.129+0000] {dagbag.py:587} INFO - Filling up the DagBag from /home/airflow/.local/lib/python3.12/site-packages/airflow/example_dags/example_subdag_operator.py
[2026-08-12T04:34:38.155+0000] {processor.py:925} INFO - DAG(s) 'example_subdag_operator.section-1', 'example_subdag_operator.section-2', 'example_subdag_operator' retrieved from /home/airflow/.local/lib/python3.12/site-packages/airflow/example_dags/example_subdag_operator.py
[2026-08-12T04:34:38.170+0000] {logging_mixin.py:190} INFO - [2026-08-12T04:34:38.170+0000] {dag.py:3211} INFO - Sync 3 DAGs
[2026-08-12T04:34:38.197+0000] {logging_mixin.py:190} INFO - [2026-08-12T04:34:38.197+0000] {dag.py:4138} INFO - Setting next_dagrun for example_subdag_operator to 2022-01-01 00:00:00+00:00, run_after=2022-01-01 00:00:00+00:00
[2026-08-12T04:34:38.203+0000] {logging_mixin.py:190} INFO - [2026-08-12T04:34:38.203+0000] {dag.py:4138} INFO - Setting next_dagrun for example_subdag_operator.section-1 to None, run_after=None
[2026-08-12T04:34:38.205+0000] {logging_mixin.py:190} INFO - [2026-08-12T04:34:38.205+0000] {dag.py:4138} INFO - Setting next_dagrun for example_subdag_operator.section-2 to None, run_after=None
[2026-08-12T04:34:38.213+0000] {logging_mixin.py:190} INFO - [2026-08-12T04:34:38.213+0000] {dag.py:3211} INFO - Sync 2 DAGs
[2026-08-12T04:34:38.220+0000] {logging_mixin.py:190} INFO - [2026-08-12T04:34:38.219+0000] {dag.py:4138} INFO - Setting next_dagrun for example_subdag_operator.section-1 to None, run_after=None
[2026-08-12T04:34:38.221+0000] {logging_mixin.py:190} INFO - [2026-08-12T04:34:38.221+0000] {dag.py:4138} INFO - Setting next_dagrun for example_subdag_operator.section-2 to None, run_after=None
[2026-08-12T04:34:38.238+0000] {processor.py:208} INFO - Processing /home/airflow/.local/lib/python3.12/site-packages/airflow/example_dags/example_subdag_operator.py took 0.119 seconds
[2026-08-12T04:35:09.021+0000] {processor.py:186} INFO - Started process (PID=351) to work on /home/airflow/.local/lib/python3.12/site-packages/airflow/example_dags/example_subdag_operator.py
[2026-08-12T04:35:09.023+0000] {processor.py:914} INFO - Processing file /home/airflow/.local/lib/python3.12/site-packages/airflow/example_dags/example_subdag_operator.py for tasks to queue
[2026-08-12T04:35:09.028+0000] {logging_mixin.py:190} INFO - [2026-08-12T04:35:09.028+0000] {dagbag.py:587} INFO - Filling up the DagBag from /home/airflow/.local/lib/python3.12/site-packages/airflow/example_dags/example_subdag_operator.py
[2026-08-12T04:35:09.059+0000] {processor.py:925} INFO - DAG(s) 'example_subdag_operator.section-1', 'example_subdag_operator.section-2', 'example_subdag_operator' retrieved from /home/airflow/.local/lib/python3.12/site-packages/airflow/example_dags/example_subdag_operator.py
[2026-08-12T04:35:09.078+0000] {logging_mixin.py:190} INFO - [2026-08-12T04:35:09.077+0000] {dag.py:3211} INFO - Sync 3 DAGs
[2026-08-12T04:35:09.104+0000] {logging_mixin.py:190} INFO - [2026-08-12T04:35:09.104+0000] {dag.py:4138} INFO - Setting next_dagrun for example_subdag_operator to 2022-01-01 00:00:00+00:00, run_after=2022-01-01 00:00:00+00:00
[2026-08-12T04:35:09.109+0000] {logging_mixin.py:190} INFO - [2026-08-12T04:35:09.109+0000] {dag.py:4138} INFO - Setting next_dagrun for example_subdag_operator.section-1 to None, run_after=None
[2026-08-12T04:35:09.112+0000] {logging_mixin.py:190} INFO - [2026-08-12T04:35:09.112+0000] {dag.py:4138} INFO - Setting next_dagrun for example_subdag_operator.section-2 to None, run_after=None
[2026-08-12T04:35:09.121+0000] {logging_mixin.py:190} INFO - [2026-08-12T04:35:09.121+0000] {dag.py:3211} INFO - Sync 2 DAGs
[2026-08-12T04:35:09.130+0000] {logging_mixin.py:190} INFO - [2026-08-12T04:35:09.130+0000] {dag.py:4138} INFO - Setting next_dagrun for example_subdag_operator.section-1 to None, run_after=None
[2026-08-12T04:35:09.132+0000] {logging_mixin.py:190} INFO - [2026-08-12T04:35:09.132+0000] {dag.py:4138} INFO - Setting next_dagrun for example_subdag_operator.section-2 to None, run_after=None
[2026-08-12T04:35:09.147+0000] {processor.py:208} INFO - Processing /home/airflow/.local/lib/python3.12/site-packages/airflow/example_dags/example_subdag_operator.py took 0.134 seconds
[2026-08-12T04:35:40.022+0000] {processor.py:186} INFO - Started process (PID=413) to work on /home/airflow/.local/lib/python3.12/site-packages/airflow/example_dags/example_subdag_operator.py
[2026-08-12T04:35:40.024+0000] {processor.py:914} INFO - Processing file /home/airflow/.local/lib/python3.12/site-packages/airflow/example_dags/example_subdag_operator.py for tasks to queue
[2026-08-12T04:35:40.027+0000] {logging_mixin.py:190} INFO - [2026-08-12T04:35:40.027+0000] {dagbag.py:587} INFO - Filling up the DagBag from /home/airflow/.local/lib/python3.12/site-packages/airflow/example_dags/example_subdag_operator.py
[2026-08-12T04:35:40.060+0000] {processor.py:925} INFO - DAG(s) 'example_subdag_operator.section-1', 'example_subdag_operator.section-2', 'example_subdag_operator' retrieved from /home/airflow/.local/lib/python3.12/site-packages/airflow/example_dags/example_subdag_operator.py
[2026-08-12T04:35:40.081+0000] {logging_mixin.py:190} INFO - [2026-08-12T04:35:40.081+0000] {dag.py:3211} INFO - Sync 3 DAGs
[2026-08-12T04:35:40.107+0000] {logging_mixin.py:190} INFO - [2026-08-12T04:35:40.106+0000] {dag.py:4138} INFO - Setting next_dagrun for example_subdag_operator to 2022-01-01 00:00:00+00:00, run_after=2022-01-01 00:00:00+00:00
[2026-08-12T04:35:40.113+0000] {logging_mixin.py:190} INFO - [2026-08-12T04:35:40.112+0000] {dag.py:4138} INFO - Setting next_dagrun for example_subdag_operator.section-1 to None, run_after=None
[2026-08-12T04:35:40.115+0000] {logging_mixin.py:190} INFO - [2026-08-12T04:35:40.115+0000] {dag.py:4138} INFO - Setting next_dagrun for example_subdag_operator.section-2 to None, run_after=None
[2026-08-12T04:35:40.126+0000] {logging_mixin.py:190} INFO - [2026-08-12T04:35:40.125+0000] {dag.py:3211} INFO - Sync 2 DAGs
[2026-08-12T04:35:40.133+0000] {logging_mixin.py:190} INFO - [2026-08-12T04:35:40.133+0000] {dag.py:4138} INFO - Setting next_dagrun for example_subdag_operator.section-1 to None, run_after=None
[2026-08-12T04:35:40.135+0000] {logging_mixin.py:190} INFO - [2026-08-12T04:35:40.135+0000] {dag.py:4138} INFO - Setting next_dagrun for example_subdag_operator.section-2 to None, run_after=None
[2026-08-12T04:35:40.149+0000] {processor.py:208} INFO - Processing /home/airflow/.local/lib/python3.12/site-packages/airflow/example_dags/example_subdag_operator.py took 0.134 seconds
[2026-08-12T04:36:11.415+0000] {processor.py:186} INFO - Started process (PID=475) to work on /home/airflow/.local/lib/python3.12/site-packages/airflow/example_dags/example_subdag_operator.py
[2026-08-12T04:36:11.417+0000] {processor.py:914} INFO - Processing file /home/airflow/.local/lib/python3.12/site-packages/airflow/example_dags/example_subdag_operator.py for tasks to queue
[2026-08-12T04:36:11.422+0000] {logging_mixin.py:190} INFO - [2026-08-12T04:36:11.421+0000] {dagbag.py:587} INFO - Filling up the DagBag from /home/airflow/.local/lib/python3.12/site-packages/airflow/example_dags/example_subdag_operator.py
[2026-08-12T04:36:11.457+0000] {processor.py:925} INFO - DAG(s) 'example_subdag_operator.section-1', 'example_subdag_operator.section-2', 'example_subdag_operator' retrieved from /home/airflow/.local/lib/python3.12/site-packages/airflow/example_dags/example_subdag_operator.py
[2026-08-12T04:36:11.474+0000] {logging_mixin.py:190} INFO - [2026-08-12T04:36:11.474+0000] {dag.py:3211} INFO - Sync 3 DAGs
[2026-08-12T04:36:11.500+0000] {logging_mixin.py:190} INFO - [2026-08-12T04:36:11.500+0000] {dag.py:4138} INFO - Setting next_dagrun for example_subdag_operator to 2022-01-01 00:00:00+00:00, run_after=2022-01-01 00:00:00+00:00
[2026-08-12T04:36:11.505+0000] {logging_mixin.py:190} INFO - [2026-08-12T04:36:11.505+0000] {dag.py:4138} INFO - Setting next_dagrun for example_subdag_operator.section-1 to None, run_after=None
[2026-08-12T04:36:11.508+0000] {logging_mixin.py:190} INFO - [2026-08-12T04:36:11.508+0000] {dag.py:4138} INFO - Setting next_dagrun for example_subdag_operator.section-2 to None, run_after=None
[2026-08-12T04:36:11.518+0000] {logging_mixin.py:190} INFO - [2026-08-12T04:36:11.518+0000] {dag.py:3211} INFO - Sync 2 DAGs
[2026-08-12T04:36:11.524+0000] {logging_mixin.py:190} INFO - [2026-08-12T04:36:11.524+0000] {dag.py:4138} INFO - Setting next_dagrun for example_subdag_operator.section-1 to None, run_after=None
[2026-08-12T04:36:11.526+0000] {logging_mixin.py:190} INFO - [2026-08-12T04:36:11.526+0000] {dag.py:4138} INFO - Setting next_dagrun for example_subdag_operator.section-2 to None, run_after=None
[2026-08-12T04:36:11.540+0000] {processor.py:208} INFO - Processing /home/airflow/.local/lib/python3.12/site-packages/airflow/example_dags/example_subdag_operator.py took 0.132 seconds
[2026-08-12T04:36:42.417+0000] {processor.py:186} INFO - Started process (PID=537) to work on /home/airflow/.local/lib/python3.12/site-packages/airflow/example_dags/example_subdag_operator.py
[2026-08-12T04:36:42.419+0000] {processor.py:914} INFO - Processing file /home/airflow/.local/lib/python3.12/site-packages/airflow/example_dags/example_subdag_operator.py for tasks to queue
[2026-08-12T04:36:42.423+0000] {logging_mixin.py:190} INFO - [2026-08-12T04:36:42.423+0000] {dagbag.py:587} INFO - Filling up the DagBag from /home/airflow/.local/lib/python3.12/site-packages/airflow/example_dags/example_subdag_operator.py
[2026-08-12T04:36:42.455+0000] {processor.py:925} INFO - DAG(s) 'example_subdag_operator.section-1', 'example_subdag_operator.section-2', 'example_subdag_operator' retrieved from /home/airflow/.local/lib/python3.12/site-packages/airflow/example_dags/example_subdag_operator.py
[2026-08-12T04:36:42.473+0000] {logging_mixin.py:190} INFO - [2026-08-12T04:36:42.473+0000] {dag.py:3211} INFO - Sync 3 DAGs
[2026-08-12T04:36:42.499+0000] {logging_mixin.py:190} INFO - [2026-08-12T04:36:42.498+0000] {dag.py:4138} INFO - Setting next_dagrun for example_subdag_operator to 2022-01-01 00:00:00+00:00, run_after=2022-01-01 00:00:00+00:00
[2026-08-12T04:36:42.504+0000] {logging_mixin.py:190} INFO - [2026-08-12T04:36:42.504+0000] {dag.py:4138} INFO - Setting next_dagrun for example_subdag_operator.section-1 to None, run_after=None
[2026-08-12T04:36:42.508+0000] {logging_mixin.py:190} INFO - [2026-08-12T04:36:42.507+0000] {dag.py:4138} INFO - Setting next_dagrun for example_subdag_operator.section-2 to None, run_after=None
[2026-08-12T04:36:42.517+0000] {logging_mixin.py:190} INFO - [2026-08-12T04:36:42.517+0000] {dag.py:3211} INFO - Sync 2 DAGs
[2026-08-12T04:36:42.524+0000] {logging_mixin.py:190} INFO - [2026-08-12T04:36:42.524+0000] {dag.py:4138} INFO - Setting next_dagrun for example_subdag_operator.section-1 to None, run_after=None
[2026-08-12T04:36:42.526+0000] {logging_mixin.py:190} INFO - [2026-08-12T04:36:42.525+0000] {dag.py:4138} INFO - Setting next_dagrun for example_subdag_operator.section-2 to None, run_after=None
[2026-08-12T04:36:42.540+0000] {processor.py:208} INFO - Processing /home/airflow/.local/lib/python3.12/site-packages/airflow/example_dags/example_subdag_operator.py took 0.130 seconds
[2026-08-12T04:37:13.264+0000] {processor.py:186} INFO - Started process (PID=599) to work on /home/airflow/.local/lib/python3.12/site-packages/airflow/example_dags/example_subdag_operator.py
[2026-08-12T04:37:13.266+0000] {processor.py:914} INFO - Processing file /home/airflow/.local/lib/python3.12/site-packages/airflow/example_dags/example_subdag_operator.py for tasks to queue
[2026-08-12T04:37:13.270+0000] {logging_mixin.py:190} INFO - [2026-08-12T04:37:13.269+0000] {dagbag.py:587} INFO - Filling up the DagBag from /home/airflow/.local/lib/python3.12/site-packages/airflow/example_dags/example_subdag_operator.py
[2026-08-12T04:37:13.301+0000] {processor.py:925} INFO - DAG(s) 'example_subdag_operator.section-1', 'example_subdag_operator.section-2', 'example_subdag_operator' retrieved from /home/airflow/.local/lib/python3.12/site-packages/airflow/example_dags/example_subdag_operator.py
[2026-08-12T04:37:13.318+0000] {logging_mixin.py:190} INFO - [2026-08-12T04:37:13.317+0000] {dag.py:3211} INFO - Sync 3 DAGs
[2026-08-12T04:37:13.339+0000] {logging_mixin.py:190} INFO - [2026-08-12T04:37:13.339+0000] {dag.py:4138} INFO - Setting next_dagrun for example_subdag_operator to 2022-01-01 00:00:00+00:00, run_after=2022-01-01 00:00:00+00:00
[2026-08-12T04:37:13.344+0000] {logging_mixin.py:190} INFO - [2026-08-12T04:37:13.344+0000] {dag.py:4138} INFO - Setting next_dagrun for example_subdag_operator.section-1 to None, run_after=None
[2026-08-12T04:37:13.347+0000] {logging_mixin.py:190} INFO - [2026-08-12T04:37:13.347+0000] {dag.py:4138} INFO - Setting next_dagrun for example_subdag_operator.section-2 to None, run_after=None
[2026-08-12T04:37:13.355+0000] {logging_mixin.py:190} INFO - [2026-08-12T04:37:13.355+0000] {dag.py:3211} INFO - Sync 2 DAGs
[2026-08-12T04:37:13.364+0000] {logging_mixin.py:190} INFO - [2026-08-12T04:37:13.363+0000] {dag.py:4138} INFO - Setting next_dagrun for example_subdag_operator.section-1 to None, run_after=None
[2026-08-12T04:37:13.365+0000] {logging_mixin.py:190} INFO - [2026-08-12T04:37:13.365+0000] {dag.py:4138} INFO - Setting next_dagrun for example_subdag_operator.section-2 to None, run_after=None
[2026-08-12T04:37:13.381+0000] {processor.py:208} INFO - Processing /home/airflow/.local/lib/python3.12/site-packages/airflow/example_dags/example_subdag_operator.py took 0.122 seconds
[2026-08-12T04:37:43.721+0000] {processor.py:186} INFO - Started process (PID=661) to work on /home/airflow/.local/lib/python3.12/site-packages/airflow/example_dags/example_subdag_operator.py
[2026-08-12T04:37:43.723+0000] {processor.py:914} INFO - Processing file /home/airflow/.local/lib/python3.12/site-packages/airflow/example_dags/example_subdag_operator.py for tasks to queue
[2026-08-12T04:37:43.726+0000] {logging_mixin.py:190} INFO - [2026-08-12T04:37:43.726+0000] {dagbag.py:587} INFO - Filling up the DagBag from /home/airflow/.local/lib/python3.12/site-packages/airflow/example_dags/example_subdag_operator.py
[2026-08-12T04:37:43.756+0000] {processor.py:925} INFO - DAG(s) 'example_subdag_operator.section-1', 'example_subdag_operator.section-2', 'example_subdag_operator' retrieved from /home/airflow/.local/lib/python3.12/site-packages/airflow/example_dags/example_subdag_operator.py
[2026-08-12T04:37:43.773+0000] {logging_mixin.py:190} INFO - [2026-08-12T04:37:43.773+0000] {dag.py:3211} INFO - Sync 3 DAGs
[2026-08-12T04:37:43.797+0000] {logging_mixin.py:190} INFO - [2026-08-12T04:37:43.797+0000] {dag.py:4138} INFO - Setting next_dagrun for example_subdag_operator to 2022-01-01 00:00:00+00:00, run_after=2022-01-01 00:00:00+00:00
[2026-08-12T04:37:43.802+0000] {logging_mixin.py:190} INFO - [2026-08-12T04:37:43.802+0000] {dag.py:4138} INFO - Setting next_dagrun for example_subdag_operator.section-1 to None, run_after=None
[2026-08-12T04:37:43.805+0000] {logging_mixin.py:190} INFO - [2026-08-12T04:37:43.805+0000] {dag.py:4138} INFO - Setting next_dagrun for example_subdag_operator.section-2 to None, run_after=None
[2026-08-12T04:37:43.815+0000] {logging_mixin.py:190} INFO - [2026-08-12T04:37:43.815+0000] {dag.py:3211} INFO - Sync 2 DAGs
[2026-08-12T04:37:43.822+0000] {logging_mixin.py:190} INFO - [2026-08-12T04:37:43.822+0000] {dag.py:4138} INFO - Setting next_dagrun for example_subdag_operator.section-1 to None, run_after=None
[2026-08-12T04:37:43.823+0000] {logging_mixin.py:190} INFO - [2026-08-12T04:37:43.823+0000] {dag.py:4138} INFO - Setting next_dagrun for example_subdag_operator.section-2 to None, run_after=None
[2026-08-12T04:37:43.840+0000] {processor.py:208} INFO - Processing /home/airflow/.local/lib/python3.12/site-packages/airflow/example_dags/example_subdag_operator.py took 0.125 seconds
[2026-08-12T04:38:14.525+0000] {processor.py:186} INFO - Started process (PID=723) to work on /home/airflow/.local/lib/python3.12/site-packages/airflow/example_dags/example_subdag_operator.py
[2026-08-12T04:38:14.526+0000] {processor.py:914} INFO - Processing file /home/airflow/.local/lib/python3.12/site-packages/airflow/example_dags/example_subdag_operator.py for tasks to queue
[2026-08-12T04:38:14.529+0000] {logging_mixin.py:190} INFO - [2026-08-12T04:38:14.529+0000] {dagbag.py:587} INFO - Filling up the DagBag from /home/airflow/.local/lib/python3.12/site-packages/airflow/example_dags/example_subdag_operator.py
[2026-08-12T04:38:14.570+0000] {processor.py:925} INFO - DAG(s) 'example_subdag_operator.section-1', 'example_subdag_operator.section-2', 'example_subdag_operator' retrieved from /home/airflow/.local/lib/python3.12/site-packages/airflow/example_dags/example_subdag_operator.py
[2026-08-12T04:38:14.592+0000] {logging_mixin.py:190} INFO - [2026-08-12T04:38:14.592+0000] {dag.py:3211} INFO - Sync 3 DAGs
[2026-08-12T04:38:14.623+0000] {logging_mixin.py:190} INFO - [2026-08-12T04:38:14.622+0000] {dag.py:4138} INFO - Setting next_dagrun for example_subdag_operator to 2022-01-01 00:00:00+00:00, run_after=2022-01-01 00:00:00+00:00
[2026-08-12T04:38:14.628+0000] {logging_mixin.py:190} INFO - [2026-08-12T04:38:14.627+0000] {dag.py:4138} INFO - Setting next_dagrun for example_subdag_operator.section-1 to None, run_after=None
[2026-08-12T04:38:14.630+0000] {logging_mixin.py:190} INFO - [2026-08-12T04:38:14.630+0000] {dag.py:4138} INFO - Setting next_dagrun for example_subdag_operator.section-2 to None, run_after=None
[2026-08-12T04:38:14.638+0000] {logging_mixin.py:190} INFO - [2026-08-12T04:38:14.638+0000] {dag.py:3211} INFO - Sync 2 DAGs
[2026-08-12T04:38:14.645+0000] {logging_mixin.py:190} INFO - [2026-08-12T04:38:14.644+0000] {dag.py:4138} INFO - Setting next_dagrun for example_subdag_operator.section-1 to None, run_after=None
[2026-08-12T04:38:14.646+0000] {logging_mixin.py:190} INFO - [2026-08-12T04:38:14.646+0000] {dag.py:4138} INFO - Setting next_dagrun for example_subdag_operator.section-2 to None, run_after=None
[2026-08-12T04:38:14.660+0000] {processor.py:208} INFO - Processing /home/airflow/.local/lib/python3.12/site-packages/airflow/example_dags/example_subdag_operator.py took 0.141 seconds
[2026-08-12T04:38:45.525+0000] {processor.py:186} INFO - Started process (PID=785) to work on /home/airflow/.local/lib/python3.12/site-packages/airflow/example_dags/example_subdag_operator.py
[2026-08-12T04:38:45.527+0000] {processor.py:914} INFO - Processing file /home/airflow/.local/lib/python3.12/site-packages/airflow/example_dags/example_subdag_operator.py for tasks to queue
[2026-08-12T04:38:45.531+0000] {logging_mixin.py:190} INFO - [2026-08-12T04:38:45.530+0000] {dagbag.py:587} INFO - Filling up the DagBag from /home/airflow/.local/lib/python3.12/site-packages/airflow/example_dags/example_subdag_operator.py
[2026-08-12T04:38:45.557+0000] {processor.py:925} INFO - DAG(s) 'example_subdag_operator.section-1', 'example_subdag_operator.section-2', 'example_subdag_operator' retrieved from /home/airflow/.local/lib/python3.12/site-packages/airflow/example_dags/example_subdag_operator.py
[2026-08-12T04:38:45.571+0000] {logging_mixin.py:190} INFO - [2026-08-12T04:38:45.571+0000] {dag.py:3211} INFO - Sync 3 DAGs
[2026-08-12T04:38:45.593+0000] {logging_mixin.py:190} INFO - [2026-08-12T04:38:45.593+0000] {dag.py:4138} INFO - Setting next_dagrun for example_subdag_operator to 2022-01-01 00:00:00+00:00, run_after=2022-01-01 00:00:00+00:00
[2026-08-12T04:38:45.598+0000] {logging_mixin.py:190} INFO - [2026-08-12T04:38:45.598+0000] {dag.py:4138} INFO - Setting next_dagrun for example_subdag_operator.section-1 to None, run_after=None
[2026-08-12T04:38:45.600+0000] {logging_mixin.py:190} INFO - [2026-08-12T04:38:45.600+0000] {dag.py:4138} INFO - Setting next_dagrun for example_subdag_operator.section-2 to None, run_after=None
[2026-08-12T04:38:45.609+0000] {logging_mixin.py:190} INFO - [2026-08-12T04:38:45.609+0000] {dag.py:3211} INFO - Sync 2 DAGs
[2026-08-12T04:38:45.616+0000] {logging_mixin.py:190} INFO - [2026-08-12T04:38:45.616+0000] {dag.py:4138} INFO - Setting next_dagrun for example_subdag_operator.section-1 to None, run_after=None
[2026-08-12T04:38:45.618+0000] {logging_mixin.py:190} INFO - [2026-08-12T04:38:45.617+0000] {dag.py:4138} INFO - Setting next_dagrun for example_subdag_operator.section-2 to None, run_after=None
[2026-08-12T04:38:45.631+0000] {processor.py:208} INFO - Processing /home/airflow/.local/lib/python3.12/site-packages/airflow/example_dags/example_subdag_operator.py took 0.113 seconds
[2026-08-12T04:39:15.952+0000] {processor.py:186} INFO - Started process (PID=847) to work on /home/airflow/.local/lib/python3.12/site-packages/airflow/example_dags/example_subdag_operator.py
[2026-08-12T04:39:15.954+0000] {processor.py:914} INFO - Processing file /home/airflow/.local/lib/python3.12/site-packages/airflow/example_dags/example_subdag_operator.py for tasks to queue
[2026-08-12T04:39:15.957+0000] {logging_mixin.py:190} INFO - [2026-08-12T04:39:15.957+0000] {dagbag.py:587} INFO - Filling up the DagBag from /home/airflow/.local/lib/python3.12/site-packages/airflow/example_dags/example_subdag_operator.py
[2026-08-12T04:39:15.985+0000] {processor.py:925} INFO - DAG(s) 'example_subdag_operator.section-1', 'example_subdag_operator.section-2', 'example_subdag_operator' retrieved from /home/airflow/.local/lib/python3.12/site-packages/airflow/example_dags/example_subdag_operator.py
[2026-08-12T04:39:16.001+0000] {logging_mixin.py:190} INFO - [2026-08-12T04:39:16.001+0000] {dag.py:3211} INFO - Sync 3 DAGs
[2026-08-12T04:39:16.030+0000] {logging_mixin.py:190} INFO - [2026-08-12T04:39:16.030+0000] {dag.py:4138} INFO - Setting next_dagrun for example_subdag_operator to 2022-01-01 00:00:00+00:00, run_after=2022-01-01 00:00:00+00:00
[2026-08-12T04:39:16.035+0000] {logging_mixin.py:190} INFO - [2026-08-12T04:39:16.035+0000] {dag.py:4138} INFO - Setting next_dagrun for example_subdag_operator.section-1 to None, run_after=None
[2026-08-12T04:39:16.039+0000] {logging_mixin.py:190} INFO - [2026-08-12T04:39:16.039+0000] {dag.py:4138} INFO - Setting next_dagrun for example_subdag_operator.section-2 to None, run_after=None
[2026-08-12T04:39:16.050+0000] {logging_mixin.py:190} INFO - [2026-08-12T04:39:16.049+0000] {dag.py:3211} INFO - Sync 2 DAGs
[2026-08-12T04:39:16.057+0000] {logging_mixin.py:190} INFO - [2026-08-12T04:39:16.057+0000] {dag.py:4138} INFO - Setting next_dagrun for example_subdag_operator.section-1 to None, run_after=None
[2026-08-12T04:39:16.059+0000] {logging_mixin.py:190} INFO - [2026-08-12T04:39:16.059+0000] {dag.py:4138} INFO - Setting next_dagrun for example_subdag_operator.section-2 to None, run_after=None
[2026-08-12T04:39:16.072+0000] {processor.py:208} INFO - Processing /home/airflow/.local/lib/python3.12/site-packages/airflow/example_dags/example_subdag_operator.py took 0.125 seconds
[2026-08-12T04:39:46.847+0000] {processor.py:186} INFO - Started process (PID=909) to work on /home/airflow/.local/lib/python3.12/site-packages/airflow/example_dags/example_subdag_operator.py
[2026-08-12T04:39:46.849+0000] {processor.py:914} INFO - Processing file /home/airflow/.local/lib/python3.12/site-packages/airflow/example_dags/example_subdag_operator.py for tasks to queue
[2026-08-12T04:39:46.852+0000] {logging_mixin.py:190} INFO - [2026-08-12T04:39:46.852+0000] {dagbag.py:587} INFO - Filling up the DagBag from /home/airflow/.local/lib/python3.12/site-packages/airflow/example_dags/example_subdag_operator.py
[2026-08-12T04:39:46.883+0000] {processor.py:925} INFO - DAG(s) 'example_subdag_operator.section-1', 'example_subdag_operator.section-2', 'example_subdag_operator' retrieved from /home/airflow/.local/lib/python3.12/site-packages/airflow/example_dags/example_subdag_operator.py
[2026-08-12T04:39:46.905+0000] {logging_mixin.py:190} INFO - [2026-08-12T04:39:46.904+0000] {dag.py:3211} INFO - Sync 3 DAGs
[2026-08-12T04:39:46.930+0000] {logging_mixin.py:190} INFO - [2026-08-12T04:39:46.930+0000] {dag.py:4138} INFO - Setting next_dagrun for example_subdag_operator to 2022-01-01 00:00:00+00:00, run_after=2022-01-01 00:00:00+00:00
[2026-08-12T04:39:46.935+0000] {logging_mixin.py:190} INFO - [2026-08-12T04:39:46.935+0000] {dag.py:4138} INFO - Setting next_dagrun for example_subdag_operator.section-1 to None, run_after=None
[2026-08-12T04:39:46.938+0000] {logging_mixin.py:190} INFO - [2026-08-12T04:39:46.937+0000] {dag.py:4138} INFO - Setting next_dagrun for example_subdag_operator.section-2 to None, run_after=None
[2026-08-12T04:39:46.946+0000] {logging_mixin.py:190} INFO - [2026-08-12T04:39:46.946+0000] {dag.py:3211} INFO - Sync 2 DAGs
[2026-08-12T04:39:46.953+0000] {logging_mixin.py:190} INFO - [2026-08-12T04:39:46.952+0000] {dag.py:4138} INFO - Setting next_dagrun for example_subdag_operator.section-1 to None, run_after=None
[2026-08-12T04:39:46.954+0000] {logging_mixin.py:190} INFO - [2026-08-12T04:39:46.954+0000] {dag.py:4138} INFO - Setting next_dagrun for example_subdag_operator.section-2 to None, run_after=None
[2026-08-12T04:39:46.970+0000] {processor.py:208} INFO - Processing /home/airflow/.local/lib/python3.12/site-packages/airflow/example_dags/example_subdag_operator.py took 0.130 seconds
[2026-08-12T04:40:17.578+0000] {processor.py:186} INFO - Started process (PID=971) to work on /home/airflow/.local/lib/python3.12/site-packages/airflow/example_dags/example_subdag_operator.py
[2026-08-12T04:40:17.580+0000] {processor.py:914} INFO - Processing file /home/airflow/.local/lib/python3.12/site-packages/airflow/example_dags/example_subdag_operator.py for tasks to queue
[2026-08-12T04:40:17.584+0000] {logging_mixin.py:190} INFO - [2026-08-12T04:40:17.584+0000] {dagbag.py:587} INFO - Filling up the DagBag from /home/airflow/.local/lib/python3.12/site-packages/airflow/example_dags/example_subdag_operator.py
[2026-08-12T04:40:17.613+0000] {processor.py:925} INFO - DAG(s) 'example_subdag_operator.section-1', 'example_subdag_operator.section-2', 'example_subdag_operator' retrieved from /home/airflow/.local/lib/python3.12/site-packages/airflow/example_dags/example_subdag_operator.py
[2026-08-12T04:40:17.633+0000] {logging_mixin.py:190} INFO - [2026-08-12T04:40:17.633+0000] {dag.py:3211} INFO - Sync 3 DAGs
[2026-08-12T04:40:17.661+0000] {logging_mixin.py:190} INFO - [2026-08-12T04:40:17.661+0000] {dag.py:4138} INFO - Setting next_dagrun for example_subdag_operator to 2022-01-01 00:00:00+00:00, run_after=2022-01-01 00:00:00+00:00
[2026-08-12T04:40:17.666+0000] {logging_mixin.py:190} INFO - [2026-08-12T04:40:17.666+0000] {dag.py:4138} INFO - Setting next_dagrun for example_subdag_operator.section-1 to None, run_after=None
[2026-08-12T04:40:17.669+0000] {logging_mixin.py:190} INFO - [2026-08-12T04:40:17.668+0000] {dag.py:4138} INFO - Setting next_dagrun for example_subdag_operator.section-2 to None, run_after=None
[2026-08-12T04:40:17.677+0000] {logging_mixin.py:190} INFO - [2026-08-12T04:40:17.677+0000] {dag.py:3211} INFO - Sync 2 DAGs
[2026-08-12T04:40:17.684+0000] {logging_mixin.py:190} INFO - [2026-08-12T04:40:17.684+0000] {dag.py:4138} INFO - Setting next_dagrun for example_subdag_operator.section-1 to None, run_after=None
[2026-08-12T04:40:17.692+0000] {logging_mixin.py:190} INFO - [2026-08-12T04:40:17.691+0000] {dag.py:4138} INFO - Setting next_dagrun for example_subdag_operator.section-2 to None, run_after=None
[2026-08-12T04:40:17.706+0000] {processor.py:208} INFO - Processing /home/airflow/.local/lib/python3.12/site-packages/airflow/example_dags/example_subdag_operator.py took 0.135 seconds
[2026-08-12T04:40:48.168+0000] {processor.py:186} INFO - Started process (PID=1033) to work on /home/airflow/.local/lib/python3.12/site-packages/airflow/example_dags/example_subdag_operator.py
[2026-08-12T04:40:48.169+0000] {processor.py:914} INFO - Processing file /home/airflow/.local/lib/python3.12/site-packages/airflow/example_dags/example_subdag_operator.py for tasks to queue
[2026-08-12T04:40:48.174+0000] {logging_mixin.py:190} INFO - [2026-08-12T04:40:48.173+0000] {dagbag.py:587} INFO - Filling up the DagBag from /home/airflow/.local/lib/python3.12/site-packages/airflow/example_dags/example_subdag_operator.py
[2026-08-12T04:40:48.205+0000] {processor.py:925} INFO - DAG(s) 'example_subdag_operator.section-1', 'example_subdag_operator.section-2', 'example_subdag_operator' retrieved from /home/airflow/.local/lib/python3.12/site-packages/airflow/example_dags/example_subdag_operator.py
[2026-08-12T04:40:48.221+0000] {logging_mixin.py:190} INFO - [2026-08-12T04:40:48.220+0000] {dag.py:3211} INFO - Sync 3 DAGs
[2026-08-12T04:40:48.247+0000] {logging_mixin.py:190} INFO - [2026-08-12T04:40:48.247+0000] {dag.py:4138} INFO - Setting next_dagrun for example_subdag_operator to 2022-01-01 00:00:00+00:00, run_after=2022-01-01 00:00:00+00:00
[2026-08-12T04:40:48.253+0000] {logging_mixin.py:190} INFO - [2026-08-12T04:40:48.253+0000] {dag.py:4138} INFO - Setting next_dagrun for example_subdag_operator.section-1 to None, run_after=None
[2026-08-12T04:40:48.256+0000] {logging_mixin.py:190} INFO - [2026-08-12T04:40:48.255+0000] {dag.py:4138} INFO - Setting next_dagrun for example_subdag_operator.section-2 to None, run_after=None
[2026-08-12T04:40:48.265+0000] {logging_mixin.py:190} INFO - [2026-08-12T04:40:48.264+0000] {dag.py:3211} INFO - Sync 2 DAGs
[2026-08-12T04:40:48.272+0000] {logging_mixin.py:190} INFO - [2026-08-12T04:40:48.272+0000] {dag.py:4138} INFO - Setting next_dagrun for example_subdag_operator.section-1 to None, run_after=None
[2026-08-12T04:40:48.274+0000] {logging_mixin.py:190} INFO - [2026-08-12T04:40:48.273+0000] {dag.py:4138} INFO - Setting next_dagrun for example_subdag_operator.section-2 to None, run_after=None
[2026-08-12T04:40:48.286+0000] {processor.py:208} INFO - Processing /home/airflow/.local/lib/python3.12/site-packages/airflow/example_dags/example_subdag_operator.py took 0.125 seconds
[2026-08-12T04:41:19.151+0000] {processor.py:186} INFO - Started process (PID=1095) to work on /home/airflow/.local/lib/python3.12/site-packages/airflow/example_dags/example_subdag_operator.py
[2026-08-12T04:41:19.153+0000] {processor.py:914} INFO - Processing file /home/airflow/.local/lib/python3.12/site-packages/airflow/example_dags/example_subdag_operator.py for tasks to queue
[2026-08-12T04:41:19.157+0000] {logging_mixin.py:190} INFO - [2026-08-12T04:41:19.156+0000] {dagbag.py:587} INFO - Filling up the DagBag from /home/airflow/.local/lib/python3.12/site-packages/airflow/example_dags/example_subdag_operator.py
[2026-08-12T04:41:19.184+0000] {processor.py:925} INFO - DAG(s) 'example_subdag_operator.section-1', 'example_subdag_operator.section-2', 'example_subdag_operator' retrieved from /home/airflow/.local/lib/python3.12/site-packages/airflow/example_dags/example_subdag_operator.py
[2026-08-12T04:41:19.201+0000] {logging_mixin.py:190} INFO - [2026-08-12T04:41:19.201+0000] {dag.py:3211} INFO - Sync 3 DAGs
[2026-08-12T04:41:19.225+0000] {logging_mixin.py:190} INFO - [2026-08-12T04:41:19.225+0000] {dag.py:4138} INFO - Setting next_dagrun for example_subdag_operator to 2022-01-01 00:00:00+00:00, run_after=2022-01-01 00:00:00+00:00
[2026-08-12T04:41:19.231+0000] {logging_mixin.py:190} INFO - [2026-08-12T04:41:19.231+0000] {dag.py:4138} INFO - Setting next_dagrun for example_subdag_operator.section-1 to None, run_after=None
[2026-08-12T04:41:19.234+0000] {logging_mixin.py:190} INFO - [2026-08-12T04:41:19.233+0000] {dag.py:4138} INFO - Setting next_dagrun for example_subdag_operator.section-2 to None, run_after=None
[2026-08-12T04:41:19.244+0000] {logging_mixin.py:190} INFO - [2026-08-12T04:41:19.244+0000] {dag.py:3211} INFO - Sync 2 DAGs
[2026-08-12T04:41:19.252+0000] {logging_mixin.py:190} INFO - [2026-08-12T04:41:19.251+0000] {dag.py:4138} INFO - Setting next_dagrun for example_subdag_operator.section-1 to None, run_after=None
[2026-08-12T04:41:19.253+0000] {logging_mixin.py:190} INFO - [2026-08-12T04:41:19.253+0000] {dag.py:4138} INFO - Setting next_dagrun for example_subdag_operator.section-2 to None, run_after=None
[2026-08-12T04:41:19.268+0000] {processor.py:208} INFO - Processing /home/airflow/.local/lib/python3.12/site-packages/airflow/example_dags/example_subdag_operator.py took 0.124 seconds
[2026-08-12T04:41:49.626+0000] {processor.py:186} INFO - Started process (PID=1157) to work on /home/airflow/.local/lib/python3.12/site-packages/airflow/example_dags/example_subdag_operator.py
[2026-08-12T04:41:49.628+0000] {processor.py:914} INFO - Processing file /home/airflow/.local/lib/python3.12/site-packages/airflow/example_dags/example_subdag_operator.py for tasks to queue
[2026-08-12T04:41:49.631+0000] {logging_mixin.py:190} INFO - [2026-08-12T04:41:49.631+0000] {dagbag.py:587} INFO - Filling up the DagBag from /home/airflow/.local/lib/python3.12/site-packages/airflow/example_dags/example_subdag_operator.py
[2026-08-12T04:41:49.663+0000] {processor.py:925} INFO - DAG(s) 'example_subdag_operator.section-1', 'example_subdag_operator.section-2', 'example_subdag_operator' retrieved from /home/airflow/.local/lib/python3.12/site-packages/airflow/example_dags/example_subdag_operator.py
[2026-08-12T04:41:49.681+0000] {logging_mixin.py:190} INFO - [2026-08-12T04:41:49.681+0000] {dag.py:3211} INFO - Sync 3 DAGs
[2026-08-12T04:41:49.709+0000] {logging_mixin.py:190} INFO - [2026-08-12T04:41:49.709+0000] {dag.py:4138} INFO - Setting next_dagrun for example_subdag_operator to 2022-01-01 00:00:00+00:00, run_after=2022-01-01 00:00:00+00:00
[2026-08-12T04:41:49.714+0000] {logging_mixin.py:190} INFO - [2026-08-12T04:41:49.714+0000] {dag.py:4138} INFO - Setting next_dagrun for example_subdag_operator.section-1 to None, run_after=None
[2026-08-12T04:41:49.717+0000] {logging_mixin.py:190} INFO - [2026-08-12T04:41:49.717+0000] {dag.py:4138} INFO - Setting next_dagrun for example_subdag_operator.section-2 to None, run_after=None
[2026-08-12T04:41:49.728+0000] {logging_mixin.py:190} INFO - [2026-08-12T04:41:49.728+0000] {dag.py:3211} INFO - Sync 2 DAGs
[2026-08-12T04:41:49.736+0000] {logging_mixin.py:190} INFO - [2026-08-12T04:41:49.736+0000] {dag.py:4138} INFO - Setting next_dagrun for example_subdag_operator.section-1 to None, run_after=None
[2026-08-12T04:41:49.738+0000] {logging_mixin.py:190} INFO - [2026-08-12T04:41:49.738+0000] {dag.py:4138} INFO - Setting next_dagrun for example_subdag_operator.section-2 to None, run_after=None
[2026-08-12T04:41:49.755+0000] {processor.py:208} INFO - Processing /home/airflow/.local/lib/python3.12/site-packages/airflow/example_dags/example_subdag_operator.py took 0.134 seconds
[2026-08-12T04:42:20.708+0000] {processor.py:186} INFO - Started process (PID=1219) to work on /home/airflow/.local/lib/python3.12/site-packages/airflow/example_dags/example_subdag_operator.py
[2026-08-12T04:42:20.710+0000] {processor.py:914} INFO - Processing file /home/airflow/.local/lib/python3.12/site-packages/airflow/example_dags/example_subdag_operator.py for tasks to queue
[2026-08-12T04:42:20.713+0000] {logging_mixin.py:190} INFO - [2026-08-12T04:42:20.713+0000] {dagbag.py:587} INFO - Filling up the DagBag from /home/airflow/.local/lib/python3.12/site-packages/airflow/example_dags/example_subdag_operator.py
[2026-08-12T04:42:20.751+0000] {processor.py:925} INFO - DAG(s) 'example_subdag_operator.section-1', 'example_subdag_operator.section-2', 'example_subdag_operator' retrieved from /home/airflow/.local/lib/python3.12/site-packages/airflow/example_dags/example_subdag_operator.py
[2026-08-12T04:42:20.775+0000] {logging_mixin.py:190} INFO - [2026-08-12T04:42:20.774+0000] {dag.py:3211} INFO - Sync 3 DAGs
[2026-08-12T04:42:20.804+0000] {logging_mixin.py:190} INFO - [2026-08-12T04:42:20.803+0000] {dag.py:4138} INFO - Setting next_dagrun for example_subdag_operator to 2022-01-01 00:00:00+00:00, run_after=2022-01-01 00:00:00+00:00
[2026-08-12T04:42:20.809+0000] {logging_mixin.py:190} INFO - [2026-08-12T04:42:20.809+0000] {dag.py:4138} INFO - Setting next_dagrun for example_subdag_operator.section-1 to None, run_after=None
[2026-08-12T04:42:20.813+0000] {logging_mixin.py:190} INFO - [2026-08-12T04:42:20.812+0000] {dag.py:4138} INFO - Setting next_dagrun for example_subdag_operator.section-2 to None, run_after=None
[2026-08-12T04:42:20.825+0000] {logging_mixin.py:190} INFO - [2026-08-12T04:42:20.825+0000] {dag.py:3211} INFO - Sync 2 DAGs
[2026-08-12T04:42:20.833+0000] {logging_mixin.py:190} INFO - [2026-08-12T04:42:20.833+0000] {dag.py:4138} INFO - Setting next_dagrun for example_subdag_operator.section-1 to None, run_after=None
[2026-08-12T04:42:20.836+0000] {logging_mixin.py:190} INFO - [2026-08-12T04:42:20.835+0000] {dag.py:4138} INFO - Setting next_dagrun for example_subdag_operator.section-2 to None, run_after=None
[2026-08-12T04:42:20.857+0000] {processor.py:208} INFO - Processing /home/airflow/.local/lib/python3.12/site-packages/airflow/example_dags/example_subdag_operator.py took 0.158 seconds
[2026-08-12T04:42:51.122+0000] {processor.py:186} INFO - Started process (PID=1281) to work on /home/airflow/.local/lib/python3.12/site-packages/airflow/example_dags/example_subdag_operator.py
[2026-08-12T04:42:51.123+0000] {processor.py:914} INFO - Processing file /home/airflow/.local/lib/python3.12/site-packages/airflow/example_dags/example_subdag_operator.py for tasks to queue
[2026-08-12T04:42:51.126+0000] {logging_mixin.py:190} INFO - [2026-08-12T04:42:51.126+0000] {dagbag.py:587} INFO - Filling up the DagBag from /home/airflow/.local/lib/python3.12/site-packages/airflow/example_dags/example_subdag_operator.py
[2026-08-12T04:42:51.154+0000] {processor.py:925} INFO - DAG(s) 'example_subdag_operator.section-1', 'example_subdag_operator.section-2', 'example_subdag_operator' retrieved from /home/airflow/.local/lib/python3.12/site-packages/airflow/example_dags/example_subdag_operator.py
[2026-08-12T04:42:51.171+0000] {logging_mixin.py:190} INFO - [2026-08-12T04:42:51.171+0000] {dag.py:3211} INFO - Sync 3 DAGs
[2026-08-12T04:42:51.197+0000] {logging_mixin.py:190} INFO - [2026-08-12T04:42:51.196+0000] {dag.py:4138} INFO - Setting next_dagrun for example_subdag_operator to 2022-01-01 00:00:00+00:00, run_after=2022-01-01 00:00:00+00:00
[2026-08-12T04:42:51.205+0000] {logging_mixin.py:190} INFO - [2026-08-12T04:42:51.204+0000] {dag.py:4138} INFO - Setting next_dagrun for example_subdag_operator.section-1 to None, run_after=None
[2026-08-12T04:42:51.208+0000] {logging_mixin.py:190} INFO - [2026-08-12T04:42:51.208+0000] {dag.py:4138} INFO - Setting next_dagrun for example_subdag_operator.section-2 to None, run_after=None
[2026-08-12T04:42:51.218+0000] {logging_mixin.py:190} INFO - [2026-08-12T04:42:51.218+0000] {dag.py:3211} INFO - Sync 2 DAGs
[2026-08-12T04:42:51.224+0000] {logging_mixin.py:190} INFO - [2026-08-12T04:42:51.224+0000] {dag.py:4138} INFO - Setting next_dagrun for example_subdag_operator.section-1 to None, run_after=None
[2026-08-12T04:42:51.226+0000] {logging_mixin.py:190} INFO - [2026-08-12T04:42:51.226+0000] {dag.py:4138} INFO - Setting next_dagrun for example_subdag_operator.section-2 to None, run_after=None
[2026-08-12T04:42:51.241+0000] {processor.py:208} INFO - Processing /home/airflow/.local/lib/python3.12/site-packages/airflow/example_dags/example_subdag_operator.py took 0.126 seconds
[2026-08-12T04:43:21.802+0000] {processor.py:186} INFO - Started process (PID=1343) to work on /home/airflow/.local/lib/python3.12/site-packages/airflow/example_dags/example_subdag_operator.py
[2026-08-12T04:43:21.803+0000] {processor.py:914} INFO - Processing file /home/airflow/.local/lib/python3.12/site-packages/airflow/example_dags/example_subdag_operator.py for tasks to queue
[2026-08-12T04:43:21.807+0000] {logging_mixin.py:190} INFO - [2026-08-12T04:43:21.807+0000] {dagbag.py:587} INFO - Filling up the DagBag from /home/airflow/.local/lib/python3.12/site-packages/airflow/example_dags/example_subdag_operator.py
[2026-08-12T04:43:21.838+0000] {processor.py:925} INFO - DAG(s) 'example_subdag_operator.section-1', 'example_subdag_operator.section-2', 'example_subdag_operator' retrieved from /home/airflow/.local/lib/python3.12/site-packages/airflow/example_dags/example_subdag_operator.py
[2026-08-12T04:43:21.858+0000] {logging_mixin.py:190} INFO - [2026-08-12T04:43:21.857+0000] {dag.py:3211} INFO - Sync 3 DAGs
[2026-08-12T04:43:21.879+0000] {logging_mixin.py:190} INFO - [2026-08-12T04:43:21.879+0000] {dag.py:4138} INFO - Setting next_dagrun for example_subdag_operator to 2022-01-01 00:00:00+00:00, run_after=2022-01-01 00:00:00+00:00
[2026-08-12T04:43:21.887+0000] {logging_mixin.py:190} INFO - [2026-08-12T04:43:21.887+0000] {dag.py:4138} INFO - Setting next_dagrun for example_subdag_operator.section-1 to None, run_after=None
[2026-08-12T04:43:21.890+0000] {logging_mixin.py:190} INFO - [2026-08-12T04:43:21.890+0000] {dag.py:4138} INFO - Setting next_dagrun for example_subdag_operator.section-2 to None, run_after=None
[2026-08-12T04:43:21.899+0000] {logging_mixin.py:190} INFO - [2026-08-12T04:43:21.899+0000] {dag.py:3211} INFO - Sync 2 DAGs
[2026-08-12T04:43:21.905+0000] {logging_mixin.py:190} INFO - [2026-08-12T04:43:21.905+0000] {dag.py:4138} INFO - Setting next_dagrun for example_subdag_operator.section-1 to None, run_after=None
[2026-08-12T04:43:21.907+0000] {logging_mixin.py:190} INFO - [2026-08-12T04:43:21.907+0000] {dag.py:4138} INFO - Setting next_dagrun for example_subdag_operator.section-2 to None, run_after=None
[2026-08-12T04:43:21.923+0000] {processor.py:208} INFO - Processing /home/airflow/.local/lib/python3.12/site-packages/airflow/example_dags/example_subdag_operator.py took 0.129 seconds
[2026-08-12T04:43:52.719+0000] {processor.py:186} INFO - Started process (PID=1405) to work on /home/airflow/.local/lib/python3.12/site-packages/airflow/example_dags/example_subdag_operator.py
[2026-08-12T04:43:52.721+0000] {processor.py:914} INFO - Processing file /home/airflow/.local/lib/python3.12/site-packages/airflow/example_dags/example_subdag_operator.py for tasks to queue
[2026-08-12T04:43:52.724+0000] {logging_mixin.py:190} INFO - [2026-08-12T04:43:52.723+0000] {dagbag.py:587} INFO - Filling up the DagBag from /home/airflow/.local/lib/python3.12/site-packages/airflow/example_dags/example_subdag_operator.py
[2026-08-12T04:43:52.753+0000] {processor.py:925} INFO - DAG(s) 'example_subdag_operator.section-1', 'example_subdag_operator.section-2', 'example_subdag_operator' retrieved from /home/airflow/.local/lib/python3.12/site-packages/airflow/example_dags/example_subdag_operator.py
[2026-08-12T04:43:52.771+0000] {logging_mixin.py:190} INFO - [2026-08-12T04:43:52.771+0000] {dag.py:3211} INFO - Sync 3 DAGs
[2026-08-12T04:43:52.795+0000] {logging_mixin.py:190} INFO - [2026-08-12T04:43:52.795+0000] {dag.py:4138} INFO - Setting next_dagrun for example_subdag_operator to 2022-01-01 00:00:00+00:00, run_after=2022-01-01 00:00:00+00:00
[2026-08-12T04:43:52.800+0000] {logging_mixin.py:190} INFO - [2026-08-12T04:43:52.800+0000] {dag.py:4138} INFO - Setting next_dagrun for example_subdag_operator.section-1 to None, run_after=None
[2026-08-12T04:43:52.803+0000] {logging_mixin.py:190} INFO - [2026-08-12T04:43:52.803+0000] {dag.py:4138} INFO - Setting next_dagrun for example_subdag_operator.section-2 to None, run_after=None
[2026-08-12T04:43:52.811+0000] {logging_mixin.py:190} INFO - [2026-08-12T04:43:52.811+0000] {dag.py:3211} INFO - Sync 2 DAGs
[2026-08-12T04:43:52.819+0000] {logging_mixin.py:190} INFO - [2026-08-12T04:43:52.819+0000] {dag.py:4138} INFO - Setting next_dagrun for example_subdag_operator.section-1 to None, run_after=None
[2026-08-12T04:43:52.828+0000] {logging_mixin.py:190} INFO - [2026-08-12T04:43:52.824+0000] {dag.py:4138} INFO - Setting next_dagrun for example_subdag_operator.section-2 to None, run_after=None
[2026-08-12T04:43:52.847+0000] {processor.py:208} INFO - Processing /home/airflow/.local/lib/python3.12/site-packages/airflow/example_dags/example_subdag_operator.py took 0.136 seconds
[2026-08-12T04:44:23.430+0000] {processor.py:186} INFO - Started process (PID=1467) to work on /home/airflow/.local/lib/python3.12/site-packages/airflow/example_dags/example_subdag_operator.py
[2026-08-12T04:44:23.432+0000] {processor.py:914} INFO - Processing file /home/airflow/.local/lib/python3.12/site-packages/airflow/example_dags/example_subdag_operator.py for tasks to queue
[2026-08-12T04:44:23.436+0000] {logging_mixin.py:190} INFO - [2026-08-12T04:44:23.435+0000] {dagbag.py:587} INFO - Filling up the DagBag from /home/airflow/.local/lib/python3.12/site-packages/airflow/example_dags/example_subdag_operator.py
[2026-08-12T04:44:23.468+0000] {processor.py:925} INFO - DAG(s) 'example_subdag_operator.section-1', 'example_subdag_operator.section-2', 'example_subdag_operator' retrieved from /home/airflow/.local/lib/python3.12/site-packages/airflow/example_dags/example_subdag_operator.py
[2026-08-12T04:44:23.487+0000] {logging_mixin.py:190} INFO - [2026-08-12T04:44:23.486+0000] {dag.py:3211} INFO - Sync 3 DAGs
[2026-08-12T04:44:23.524+0000] {logging_mixin.py:190} INFO - [2026-08-12T04:44:23.523+0000] {dag.py:4138} INFO - Setting next_dagrun for example_subdag_operator to 2022-01-01 00:00:00+00:00, run_after=2022-01-01 00:00:00+00:00
[2026-08-12T04:44:23.529+0000] {logging_mixin.py:190} INFO - [2026-08-12T04:44:23.529+0000] {dag.py:4138} INFO - Setting next_dagrun for example_subdag_operator.section-1 to None, run_after=None
[2026-08-12T04:44:23.532+0000] {logging_mixin.py:190} INFO - [2026-08-12T04:44:23.532+0000] {dag.py:4138} INFO - Setting next_dagrun for example_subdag_operator.section-2 to None, run_after=None
[2026-08-12T04:44:23.540+0000] {logging_mixin.py:190} INFO - [2026-08-12T04:44:23.540+0000] {dag.py:3211} INFO - Sync 2 DAGs
[2026-08-12T04:44:23.547+0000] {logging_mixin.py:190} INFO - [2026-08-12T04:44:23.547+0000] {dag.py:4138} INFO - Setting next_dagrun for example_subdag_operator.section-1 to None, run_after=None
[2026-08-12T04:44:23.549+0000] {logging_mixin.py:190} INFO - [2026-08-12T04:44:23.548+0000] {dag.py:4138} INFO - Setting next_dagrun for example_subdag_operator.section-2 to None, run_after=None
[2026-08-12T04:44:23.562+0000] {processor.py:208} INFO - Processing /home/airflow/.local/lib/python3.12/site-packages/airflow/example_dags/example_subdag_operator.py took 0.139 seconds
[2026-08-12T04:44:54.164+0000] {processor.py:186} INFO - Started process (PID=1529) to work on /home/airflow/.local/lib/python3.12/site-packages/airflow/example_dags/example_subdag_operator.py
[2026-08-12T04:44:54.165+0000] {processor.py:914} INFO - Processing file /home/airflow/.local/lib/python3.12/site-packages/airflow/example_dags/example_subdag_operator.py for tasks to queue
[2026-08-12T04:44:54.169+0000] {logging_mixin.py:190} INFO - [2026-08-12T04:44:54.168+0000] {dagbag.py:587} INFO - Filling up the DagBag from /home/airflow/.local/lib/python3.12/site-packages/airflow/example_dags/example_subdag_operator.py
[2026-08-12T04:44:54.198+0000] {processor.py:925} INFO - DAG(s) 'example_subdag_operator.section-1', 'example_subdag_operator.section-2', 'example_subdag_operator' retrieved from /home/airflow/.local/lib/python3.12/site-packages/airflow/example_dags/example_subdag_operator.py
[2026-08-12T04:44:54.215+0000] {logging_mixin.py:190} INFO - [2026-08-12T04:44:54.215+0000] {dag.py:3211} INFO - Sync 3 DAGs
[2026-08-12T04:44:54.244+0000] {logging_mixin.py:190} INFO - [2026-08-12T04:44:54.244+0000] {dag.py:4138} INFO - Setting next_dagrun for example_subdag_operator to 2022-01-01 00:00:00+00:00, run_after=2022-01-01 00:00:00+00:00
[2026-08-12T04:44:54.250+0000] {logging_mixin.py:190} INFO - [2026-08-12T04:44:54.249+0000] {dag.py:4138} INFO - Setting next_dagrun for example_subdag_operator.section-1 to None, run_after=None
[2026-08-12T04:44:54.253+0000] {logging_mixin.py:190} INFO - [2026-08-12T04:44:54.252+0000] {dag.py:4138} INFO - Setting next_dagrun for example_subdag_operator.section-2 to None, run_after=None
[2026-08-12T04:44:54.264+0000] {logging_mixin.py:190} INFO - [2026-08-12T04:44:54.264+0000] {dag.py:3211} INFO - Sync 2 DAGs
[2026-08-12T04:44:54.274+0000] {logging_mixin.py:190} INFO - [2026-08-12T04:44:54.274+0000] {dag.py:4138} INFO - Setting next_dagrun for example_subdag_operator.section-1 to None, run_after=None
[2026-08-12T04:44:54.276+0000] {logging_mixin.py:190} INFO - [2026-08-12T04:44:54.276+0000] {dag.py:4138} INFO - Setting next_dagrun for example_subdag_operator.section-2 to None, run_after=None
[2026-08-12T04:44:54.294+0000] {processor.py:208} INFO - Processing /home/airflow/.local/lib/python3.12/site-packages/airflow/example_dags/example_subdag_operator.py took 0.136 seconds
[2026-08-12T04:45:24.742+0000] {processor.py:186} INFO - Started process (PID=1591) to work on /home/airflow/.local/lib/python3.12/site-packages/airflow/example_dags/example_subdag_operator.py
[2026-08-12T04:45:24.744+0000] {processor.py:914} INFO - Processing file /home/airflow/.local/lib/python3.12/site-packages/airflow/example_dags/example_subdag_operator.py for tasks to queue
[2026-08-12T04:45:24.747+0000] {logging_mixin.py:190} INFO - [2026-08-12T04:45:24.746+0000] {dagbag.py:587} INFO - Filling up the DagBag from /home/airflow/.local/lib/python3.12/site-packages/airflow/example_dags/example_subdag_operator.py
[2026-08-12T04:45:24.776+0000] {processor.py:925} INFO - DAG(s) 'example_subdag_operator.section-1', 'example_subdag_operator.section-2', 'example_subdag_operator' retrieved from /home/airflow/.local/lib/python3.12/site-packages/airflow/example_dags/example_subdag_operator.py
[2026-08-12T04:45:24.793+0000] {logging_mixin.py:190} INFO - [2026-08-12T04:45:24.793+0000] {dag.py:3211} INFO - Sync 3 DAGs
[2026-08-12T04:45:24.820+0000] {logging_mixin.py:190} INFO - [2026-08-12T04:45:24.819+0000] {dag.py:4138} INFO - Setting next_dagrun for example_subdag_operator to 2022-01-01 00:00:00+00:00, run_after=2022-01-01 00:00:00+00:00
[2026-08-12T04:45:24.825+0000] {logging_mixin.py:190} INFO - [2026-08-12T04:45:24.824+0000] {dag.py:4138} INFO - Setting next_dagrun for example_subdag_operator.section-1 to None, run_after=None
[2026-08-12T04:45:24.827+0000] {logging_mixin.py:190} INFO - [2026-08-12T04:45:24.827+0000] {dag.py:4138} INFO - Setting next_dagrun for example_subdag_operator.section-2 to None, run_after=None
[2026-08-12T04:45:24.840+0000] {logging_mixin.py:190} INFO - [2026-08-12T04:45:24.839+0000] {dag.py:3211} INFO - Sync 2 DAGs
[2026-08-12T04:45:24.846+0000] {logging_mixin.py:190} INFO - [2026-08-12T04:45:24.846+0000] {dag.py:4138} INFO - Setting next_dagrun for example_subdag_operator.section-1 to None, run_after=None
[2026-08-12T04:45:24.848+0000] {logging_mixin.py:190} INFO - [2026-08-12T04:45:24.848+0000] {dag.py:4138} INFO - Setting next_dagrun for example_subdag_operator.section-2 to None, run_after=None
[2026-08-12T04:45:24.862+0000] {processor.py:208} INFO - Processing /home/airflow/.local/lib/python3.12/site-packages/airflow/example_dags/example_subdag_operator.py took 0.125 seconds
[2026-08-12T04:45:55.654+0000] {processor.py:186} INFO - Started process (PID=1653) to work on /home/airflow/.local/lib/python3.12/site-packages/airflow/example_dags/example_subdag_operator.py
[2026-08-12T04:45:55.657+0000] {processor.py:914} INFO - Processing file /home/airflow/.local/lib/python3.12/site-packages/airflow/example_dags/example_subdag_operator.py for tasks to queue
[2026-08-12T04:45:55.660+0000] {logging_mixin.py:190} INFO - [2026-08-12T04:45:55.659+0000] {dagbag.py:587} INFO - Filling up the DagBag from /home/airflow/.local/lib/python3.12/site-packages/airflow/example_dags/example_subdag_operator.py
[2026-08-12T04:45:55.686+0000] {processor.py:925} INFO - DAG(s) 'example_subdag_operator.section-1', 'example_subdag_operator.section-2', 'example_subdag_operator' retrieved from /home/airflow/.local/lib/python3.12/site-packages/airflow/example_dags/example_subdag_operator.py
[2026-08-12T04:45:55.703+0000] {logging_mixin.py:190} INFO - [2026-08-12T04:45:55.702+0000] {dag.py:3211} INFO - Sync 3 DAGs
[2026-08-12T04:45:55.729+0000] {logging_mixin.py:190} INFO - [2026-08-12T04:45:55.729+0000] {dag.py:4138} INFO - Setting next_dagrun for example_subdag_operator to 2022-01-01 00:00:00+00:00, run_after=2022-01-01 00:00:00+00:00
[2026-08-12T04:45:55.734+0000] {logging_mixin.py:190} INFO - [2026-08-12T04:45:55.734+0000] {dag.py:4138} INFO - Setting next_dagrun for example_subdag_operator.section-1 to None, run_after=None
[2026-08-12T04:45:55.736+0000] {logging_mixin.py:190} INFO - [2026-08-12T04:45:55.736+0000] {dag.py:4138} INFO - Setting next_dagrun for example_subdag_operator.section-2 to None, run_after=None
[2026-08-12T04:45:55.746+0000] {logging_mixin.py:190} INFO - [2026-08-12T04:45:55.745+0000] {dag.py:3211} INFO - Sync 2 DAGs
[2026-08-12T04:45:55.752+0000] {logging_mixin.py:190} INFO - [2026-08-12T04:45:55.752+0000] {dag.py:4138} INFO - Setting next_dagrun for example_subdag_operator.section-1 to None, run_after=None
[2026-08-12T04:45:55.754+0000] {logging_mixin.py:190} INFO - [2026-08-12T04:45:55.754+0000] {dag.py:4138} INFO - Setting next_dagrun for example_subdag_operator.section-2 to None, run_after=None
[2026-08-12T04:45:55.771+0000] {processor.py:208} INFO - Processing /home/airflow/.local/lib/python3.12/site-packages/airflow/example_dags/example_subdag_operator.py took 0.123 seconds
[2026-08-12T04:46:26.370+0000] {processor.py:186} INFO - Started process (PID=1715) to work on /home/airflow/.local/lib/python3.12/site-packages/airflow/example_dags/example_subdag_operator.py
[2026-08-12T04:46:26.372+0000] {processor.py:914} INFO - Processing file /home/airflow/.local/lib/python3.12/site-packages/airflow/example_dags/example_subdag_operator.py for tasks to queue
[2026-08-12T04:46:26.376+0000] {logging_mixin.py:190} INFO - [2026-08-12T04:46:26.376+0000] {dagbag.py:587} INFO - Filling up the DagBag from /home/airflow/.local/lib/python3.12/site-packages/airflow/example_dags/example_subdag_operator.py
[2026-08-12T04:46:26.405+0000] {processor.py:925} INFO - DAG(s) 'example_subdag_operator.section-1', 'example_subdag_operator.section-2', 'example_subdag_operator' retrieved from /home/airflow/.local/lib/python3.12/site-packages/airflow/example_dags/example_subdag_operator.py
[2026-08-12T04:46:26.423+0000] {logging_mixin.py:190} INFO - [2026-08-12T04:46:26.422+0000] {dag.py:3211} INFO - Sync 3 DAGs
[2026-08-12T04:46:26.451+0000] {logging_mixin.py:190} INFO - [2026-08-12T04:46:26.450+0000] {dag.py:4138} INFO - Setting next_dagrun for example_subdag_operator to 2022-01-01 00:00:00+00:00, run_after=2022-01-01 00:00:00+00:00
[2026-08-12T04:46:26.457+0000] {logging_mixin.py:190} INFO - [2026-08-12T04:46:26.456+0000] {dag.py:4138} INFO - Setting next_dagrun for example_subdag_operator.section-1 to None, run_after=None
[2026-08-12T04:46:26.460+0000] {logging_mixin.py:190} INFO - [2026-08-12T04:46:26.460+0000] {dag.py:4138} INFO - Setting next_dagrun for example_subdag_operator.section-2 to None, run_after=None
[2026-08-12T04:46:26.469+0000] {logging_mixin.py:190} INFO - [2026-08-12T04:46:26.469+0000] {dag.py:3211} INFO - Sync 2 DAGs
[2026-08-12T04:46:26.478+0000] {logging_mixin.py:190} INFO - [2026-08-12T04:46:26.478+0000] {dag.py:4138} INFO - Setting next_dagrun for example_subdag_operator.section-1 to None, run_after=None
[2026-08-12T04:46:26.480+0000] {logging_mixin.py:190} INFO - [2026-08-12T04:46:26.480+0000] {dag.py:4138} INFO - Setting next_dagrun for example_subdag_operator.section-2 to None, run_after=None
[2026-08-12T04:46:26.496+0000] {processor.py:208} INFO - Processing /home/airflow/.local/lib/python3.12/site-packages/airflow/example_dags/example_subdag_operator.py took 0.132 seconds
[2026-08-12T04:46:57.226+0000] {processor.py:186} INFO - Started process (PID=1777) to work on /home/airflow/.local/lib/python3.12/site-packages/airflow/example_dags/example_subdag_operator.py
[2026-08-12T04:46:57.228+0000] {processor.py:914} INFO - Processing file /home/airflow/.local/lib/python3.12/site-packages/airflow/example_dags/example_subdag_operator.py for tasks to queue
[2026-08-12T04:46:57.232+0000] {logging_mixin.py:190} INFO - [2026-08-12T04:46:57.232+0000] {dagbag.py:587} INFO - Filling up the DagBag from /home/airflow/.local/lib/python3.12/site-packages/airflow/example_dags/example_subdag_operator.py
[2026-08-12T04:46:57.261+0000] {processor.py:925} INFO - DAG(s) 'example_subdag_operator.section-1', 'example_subdag_operator.section-2', 'example_subdag_operator' retrieved from /home/airflow/.local/lib/python3.12/site-packages/airflow/example_dags/example_subdag_operator.py
[2026-08-12T04:46:57.278+0000] {logging_mixin.py:190} INFO - [2026-08-12T04:46:57.277+0000] {dag.py:3211} INFO - Sync 3 DAGs
[2026-08-12T04:46:57.303+0000] {logging_mixin.py:190} INFO - [2026-08-12T04:46:57.303+0000] {dag.py:4138} INFO - Setting next_dagrun for example_subdag_operator to 2022-01-01 00:00:00+00:00, run_after=2022-01-01 00:00:00+00:00
[2026-08-12T04:46:57.310+0000] {logging_mixin.py:190} INFO - [2026-08-12T04:46:57.309+0000] {dag.py:4138} INFO - Setting next_dagrun for example_subdag_operator.section-1 to None, run_after=None
[2026-08-12T04:46:57.312+0000] {logging_mixin.py:190} INFO - [2026-08-12T04:46:57.312+0000] {dag.py:4138} INFO - Setting next_dagrun for example_subdag_operator.section-2 to None, run_after=None
[2026-08-12T04:46:57.320+0000] {logging_mixin.py:190} INFO - [2026-08-12T04:46:57.320+0000] {dag.py:3211} INFO - Sync 2 DAGs
[2026-08-12T04:46:57.329+0000] {logging_mixin.py:190} INFO - [2026-08-12T04:46:57.328+0000] {dag.py:4138} INFO - Setting next_dagrun for example_subdag_operator.section-1 to None, run_after=None
[2026-08-12T04:46:57.330+0000] {logging_mixin.py:190} INFO - [2026-08-12T04:46:57.330+0000] {dag.py:4138} INFO - Setting next_dagrun for example_subdag_operator.section-2 to None, run_after=None
[2026-08-12T04:46:57.345+0000] {processor.py:208} INFO - Processing /home/airflow/.local/lib/python3.12/site-packages/airflow/example_dags/example_subdag_operator.py took 0.125 seconds
[2026-08-12T04:47:27.511+0000] {processor.py:186} INFO - Started process (PID=1839) to work on /home/airflow/.local/lib/python3.12/site-packages/airflow/example_dags/example_subdag_operator.py
[2026-08-12T04:47:27.512+0000] {processor.py:914} INFO - Processing file /home/airflow/.local/lib/python3.12/site-packages/airflow/example_dags/example_subdag_operator.py for tasks to queue
[2026-08-12T04:47:27.516+0000] {logging_mixin.py:190} INFO - [2026-08-12T04:47:27.515+0000] {dagbag.py:587} INFO - Filling up the DagBag from /home/airflow/.local/lib/python3.12/site-packages/airflow/example_dags/example_subdag_operator.py
[2026-08-12T04:47:27.546+0000] {processor.py:925} INFO - DAG(s) 'example_subdag_operator.section-1', 'example_subdag_operator.section-2', 'example_subdag_operator' retrieved from /home/airflow/.local/lib/python3.12/site-packages/airflow/example_dags/example_subdag_operator.py
[2026-08-12T04:47:27.565+0000] {logging_mixin.py:190} INFO - [2026-08-12T04:47:27.565+0000] {dag.py:3211} INFO - Sync 3 DAGs
[2026-08-12T04:47:27.590+0000] {logging_mixin.py:190} INFO - [2026-08-12T04:47:27.590+0000] {dag.py:4138} INFO - Setting next_dagrun for example_subdag_operator to 2022-01-01 00:00:00+00:00, run_after=2022-01-01 00:00:00+00:00
[2026-08-12T04:47:27.597+0000] {logging_mixin.py:190} INFO - [2026-08-12T04:47:27.597+0000] {dag.py:4138} INFO - Setting next_dagrun for example_subdag_operator.section-1 to None, run_after=None
[2026-08-12T04:47:27.600+0000] {logging_mixin.py:190} INFO - [2026-08-12T04:47:27.599+0000] {dag.py:4138} INFO - Setting next_dagrun for example_subdag_operator.section-2 to None, run_after=None
[2026-08-12T04:47:27.610+0000] {logging_mixin.py:190} INFO - [2026-08-12T04:47:27.610+0000] {dag.py:3211} INFO - Sync 2 DAGs
[2026-08-12T04:47:27.617+0000] {logging_mixin.py:190} INFO - [2026-08-12T04:47:27.617+0000] {dag.py:4138} INFO - Setting next_dagrun for example_subdag_operator.section-1 to None, run_after=None
[2026-08-12T04:47:27.619+0000] {logging_mixin.py:190} INFO - [2026-08-12T04:47:27.618+0000] {dag.py:4138} INFO - Setting next_dagrun for example_subdag_operator.section-2 to None, run_after=None
[2026-08-12T04:47:27.633+0000] {processor.py:208} INFO - Processing /home/airflow/.local/lib/python3.12/site-packages/airflow/example_dags/example_subdag_operator.py took 0.129 seconds
[2026-08-12T04:47:58.330+0000] {processor.py:186} INFO - Started process (PID=1901) to work on /home/airflow/.local/lib/python3.12/site-packages/airflow/example_dags/example_subdag_operator.py
[2026-08-12T04:47:58.332+0000] {processor.py:914} INFO - Processing file /home/airflow/.local/lib/python3.12/site-packages/airflow/example_dags/example_subdag_operator.py for tasks to queue
[2026-08-12T04:47:58.336+0000] {logging_mixin.py:190} INFO - [2026-08-12T04:47:58.335+0000] {dagbag.py:587} INFO - Filling up the DagBag from /home/airflow/.local/lib/python3.12/site-packages/airflow/example_dags/example_subdag_operator.py
[2026-08-12T04:47:58.380+0000] {processor.py:925} INFO - DAG(s) 'example_subdag_operator.section-1', 'example_subdag_operator.section-2', 'example_subdag_operator' retrieved from /home/airflow/.local/lib/python3.12/site-packages/airflow/example_dags/example_subdag_operator.py
[2026-08-12T04:47:58.400+0000] {logging_mixin.py:190} INFO - [2026-08-12T04:47:58.400+0000] {dag.py:3211} INFO - Sync 3 DAGs
[2026-08-12T04:47:58.435+0000] {logging_mixin.py:190} INFO - [2026-08-12T04:47:58.435+0000] {dag.py:4138} INFO - Setting next_dagrun for example_subdag_operator to 2022-01-01 00:00:00+00:00, run_after=2022-01-01 00:00:00+00:00
[2026-08-12T04:47:58.440+0000] {logging_mixin.py:190} INFO - [2026-08-12T04:47:58.440+0000] {dag.py:4138} INFO - Setting next_dagrun for example_subdag_operator.section-1 to None, run_after=None
[2026-08-12T04:47:58.443+0000] {logging_mixin.py:190} INFO - [2026-08-12T04:47:58.443+0000] {dag.py:4138} INFO - Setting next_dagrun for example_subdag_operator.section-2 to None, run_after=None
[2026-08-12T04:47:58.454+0000] {logging_mixin.py:190} INFO - [2026-08-12T04:47:58.453+0000] {dag.py:3211} INFO - Sync 2 DAGs
[2026-08-12T04:47:58.462+0000] {logging_mixin.py:190} INFO - [2026-08-12T04:47:58.461+0000] {dag.py:4138} INFO - Setting next_dagrun for example_subdag_operator.section-1 to None, run_after=None
[2026-08-12T04:47:58.463+0000] {logging_mixin.py:190} INFO - [2026-08-12T04:47:58.463+0000] {dag.py:4138} INFO - Setting next_dagrun for example_subdag_operator.section-2 to None, run_after=None
[2026-08-12T04:47:58.478+0000] {processor.py:208} INFO - Processing /home/airflow/.local/lib/python3.12/site-packages/airflow/example_dags/example_subdag_operator.py took 0.156 seconds
[2026-08-12T04:48:29.187+0000] {processor.py:186} INFO - Started process (PID=1963) to work on /home/airflow/.local/lib/python3.12/site-packages/airflow/example_dags/example_subdag_operator.py
[2026-08-12T04:48:29.190+0000] {processor.py:914} INFO - Processing file /home/airflow/.local/lib/python3.12/site-packages/airflow/example_dags/example_subdag_operator.py for tasks to queue
[2026-08-12T04:48:29.197+0000] {logging_mixin.py:190} INFO - [2026-08-12T04:48:29.196+0000] {dagbag.py:587} INFO - Filling up the DagBag from /home/airflow/.local/lib/python3.12/site-packages/airflow/example_dags/example_subdag_operator.py
[2026-08-12T04:48:29.251+0000] {processor.py:925} INFO - DAG(s) 'example_subdag_operator.section-1', 'example_subdag_operator.section-2', 'example_subdag_operator' retrieved from /home/airflow/.local/lib/python3.12/site-packages/airflow/example_dags/example_subdag_operator.py
[2026-08-12T04:48:29.318+0000] {logging_mixin.py:190} INFO - [2026-08-12T04:48:29.318+0000] {dag.py:3211} INFO - Sync 3 DAGs
[2026-08-12T04:48:29.420+0000] {logging_mixin.py:190} INFO - [2026-08-12T04:48:29.420+0000] {dag.py:4138} INFO - Setting next_dagrun for example_subdag_operator to 2022-01-01 00:00:00+00:00, run_after=2022-01-01 00:00:00+00:00
[2026-08-12T04:48:29.436+0000] {logging_mixin.py:190} INFO - [2026-08-12T04:48:29.436+0000] {dag.py:4138} INFO - Setting next_dagrun for example_subdag_operator.section-1 to None, run_after=None
[2026-08-12T04:48:29.442+0000] {logging_mixin.py:190} INFO - [2026-08-12T04:48:29.441+0000] {dag.py:4138} INFO - Setting next_dagrun for example_subdag_operator.section-2 to None, run_after=None
[2026-08-12T04:48:29.480+0000] {logging_mixin.py:190} INFO - [2026-08-12T04:48:29.480+0000] {dag.py:3211} INFO - Sync 2 DAGs
[2026-08-12T04:48:29.513+0000] {logging_mixin.py:190} INFO - [2026-08-12T04:48:29.512+0000] {dag.py:4138} INFO - Setting next_dagrun for example_subdag_operator.section-1 to None, run_after=None
[2026-08-12T04:48:29.518+0000] {logging_mixin.py:190} INFO - [2026-08-12T04:48:29.515+0000] {dag.py:4138} INFO - Setting next_dagrun for example_subdag_operator.section-2 to None, run_after=None
[2026-08-12T04:48:29.555+0000] {processor.py:208} INFO - Processing /home/airflow/.local/lib/python3.12/site-packages/airflow/example_dags/example_subdag_operator.py took 0.381 seconds
[2026-08-12T04:49:00.236+0000] {processor.py:186} INFO - Started process (PID=2025) to work on /home/airflow/.local/lib/python3.12/site-packages/airflow/example_dags/example_subdag_operator.py
[2026-08-12T04:49:00.238+0000] {processor.py:914} INFO - Processing file /home/airflow/.local/lib/python3.12/site-packages/airflow/example_dags/example_subdag_operator.py for tasks to queue
[2026-08-12T04:49:00.241+0000] {logging_mixin.py:190} INFO - [2026-08-12T04:49:00.241+0000] {dagbag.py:587} INFO - Filling up the DagBag from /home/airflow/.local/lib/python3.12/site-packages/airflow/example_dags/example_subdag_operator.py
[2026-08-12T04:49:00.275+0000] {processor.py:925} INFO - DAG(s) 'example_subdag_operator.section-1', 'example_subdag_operator.section-2', 'example_subdag_operator' retrieved from /home/airflow/.local/lib/python3.12/site-packages/airflow/example_dags/example_subdag_operator.py
[2026-08-12T04:49:00.293+0000] {logging_mixin.py:190} INFO - [2026-08-12T04:49:00.293+0000] {dag.py:3211} INFO - Sync 3 DAGs
[2026-08-12T04:49:00.332+0000] {logging_mixin.py:190} INFO - [2026-08-12T04:49:00.331+0000] {dag.py:4138} INFO - Setting next_dagrun for example_subdag_operator to 2022-01-01 00:00:00+00:00, run_after=2022-01-01 00:00:00+00:00
[2026-08-12T04:49:00.339+0000] {logging_mixin.py:190} INFO - [2026-08-12T04:49:00.339+0000] {dag.py:4138} INFO - Setting next_dagrun for example_subdag_operator.section-1 to None, run_after=None
[2026-08-12T04:49:00.342+0000] {logging_mixin.py:190} INFO - [2026-08-12T04:49:00.342+0000] {dag.py:4138} INFO - Setting next_dagrun for example_subdag_operator.section-2 to None, run_after=None
[2026-08-12T04:49:00.357+0000] {logging_mixin.py:190} INFO - [2026-08-12T04:49:00.356+0000] {dag.py:3211} INFO - Sync 2 DAGs
[2026-08-12T04:49:00.366+0000] {logging_mixin.py:190} INFO - [2026-08-12T04:49:00.366+0000] {dag.py:4138} INFO - Setting next_dagrun for example_subdag_operator.section-1 to None, run_after=None
[2026-08-12T04:49:00.367+0000] {logging_mixin.py:190} INFO - [2026-08-12T04:49:00.367+0000] {dag.py:4138} INFO - Setting next_dagrun for example_subdag_operator.section-2 to None, run_after=None
[2026-08-12T04:49:00.393+0000] {processor.py:208} INFO - Processing /home/airflow/.local/lib/python3.12/site-packages/airflow/example_dags/example_subdag_operator.py took 0.167 seconds
[2026-08-12T04:49:30.585+0000] {processor.py:186} INFO - Started process (PID=2086) to work on /home/airflow/.local/lib/python3.12/site-packages/airflow/example_dags/example_subdag_operator.py
[2026-08-12T04:49:30.587+0000] {processor.py:914} INFO - Processing file /home/airflow/.local/lib/python3.12/site-packages/airflow/example_dags/example_subdag_operator.py for tasks to queue
[2026-08-12T04:49:30.590+0000] {logging_mixin.py:190} INFO - [2026-08-12T04:49:30.589+0000] {dagbag.py:587} INFO - Filling up the DagBag from /home/airflow/.local/lib/python3.12/site-packages/airflow/example_dags/example_subdag_operator.py
[2026-08-12T04:49:30.618+0000] {processor.py:925} INFO - DAG(s) 'example_subdag_operator.section-1', 'example_subdag_operator.section-2', 'example_subdag_operator' retrieved from /home/airflow/.local/lib/python3.12/site-packages/airflow/example_dags/example_subdag_operator.py
[2026-08-12T04:49:30.636+0000] {logging_mixin.py:190} INFO - [2026-08-12T04:49:30.636+0000] {dag.py:3211} INFO - Sync 3 DAGs
[2026-08-12T04:49:30.659+0000] {logging_mixin.py:190} INFO - [2026-08-12T04:49:30.658+0000] {dag.py:4138} INFO - Setting next_dagrun for example_subdag_operator to 2022-01-01 00:00:00+00:00, run_after=2022-01-01 00:00:00+00:00
[2026-08-12T04:49:30.663+0000] {logging_mixin.py:190} INFO - [2026-08-12T04:49:30.663+0000] {dag.py:4138} INFO - Setting next_dagrun for example_subdag_operator.section-1 to None, run_after=None
[2026-08-12T04:49:30.666+0000] {logging_mixin.py:190} INFO - [2026-08-12T04:49:30.666+0000] {dag.py:4138} INFO - Setting next_dagrun for example_subdag_operator.section-2 to None, run_after=None
[2026-08-12T04:49:30.674+0000] {logging_mixin.py:190} INFO - [2026-08-12T04:49:30.673+0000] {dag.py:3211} INFO - Sync 2 DAGs
[2026-08-12T04:49:30.684+0000] {logging_mixin.py:190} INFO - [2026-08-12T04:49:30.684+0000] {dag.py:4138} INFO - Setting next_dagrun for example_subdag_operator.section-1 to None, run_after=None
[2026-08-12T04:49:30.685+0000] {logging_mixin.py:190} INFO - [2026-08-12T04:49:30.685+0000] {dag.py:4138} INFO - Setting next_dagrun for example_subdag_operator.section-2 to None, run_after=None
[2026-08-12T04:49:30.701+0000] {processor.py:208} INFO - Processing /home/airflow/.local/lib/python3.12/site-packages/airflow/example_dags/example_subdag_operator.py took 0.123 seconds
