[2026-08-12T04:30:41.784+0000] {processor.py:186} INFO - Started process (PID=82) to work on /home/airflow/.local/lib/python3.12/site-packages/airflow/example_dags/example_nested_branch_dag.py
[2026-08-12T04:30:41.790+0000] {processor.py:914} INFO - Processing file /home/airflow/.local/lib/python3.12/site-packages/airflow/example_dags/example_nested_branch_dag.py for tasks to queue
[2026-08-12T04:30:41.794+0000] {logging_mixin.py:190} INFO - [2026-08-12T04:30:41.794+0000] {dagbag.py:587} INFO - Filling up the DagBag from /home/airflow/.local/lib/python3.12/site-packages/airflow/example_dags/example_nested_branch_dag.py
[2026-08-12T04:30:41.818+0000] {processor.py:925} INFO - DAG(s) 'example_nested_branch_dag' retrieved from /home/airflow/.local/lib/python3.12/site-packages/airflow/example_dags/example_nested_branch_dag.py
[2026-08-12T04:30:41.986+0000] {logging_mixin.py:190} INFO - [2026-08-12T04:30:41.985+0000] {override.py:1858} INFO - Created Permission View: can delete on DAG:example_nested_branch_dag
[2026-08-12T04:30:42.008+0000] {logging_mixin.py:190} INFO - [2026-08-12T04:30:42.007+0000] {override.py:1858} INFO - Created Permission View: can read on DAG:example_nested_branch_dag
[2026-08-12T04:30:42.030+0000] {logging_mixin.py:190} INFO - [2026-08-12T04:30:42.030+0000] {override.py:1858} INFO - Created Permission View: can edit on DAG:example_nested_branch_dag
[2026-08-12T04:30:42.040+0000] {logging_mixin.py:190} INFO - [2026-08-12T04:30:42.039+0000] {dag.py:3211} INFO - Sync 1 DAGs
[2026-08-12T04:30:42.079+0000] {logging_mixin.py:190} INFO - [2026-08-12T04:30:42.079+0000] {dag.py:3234} INFO - Creating ORM DAG for example_nested_branch_dag
[2026-08-12T04:30:42.109+0000] {logging_mixin.py:190} INFO - [2026-08-12T04:30:42.109+0000] {dag.py:4138} INFO - Setting next_dagrun for example_nested_branch_dag to 2026-08-11 00:00:00+00:00, run_after=2026-08-12 00:00:00+00:00
[2026-08-12T04:30:42.142+0000] {processor.py:208} INFO - Processing /home/airflow/.local/lib/python3.12/site-packages/airflow/example_dags/example_nested_branch_dag.py took 0.365 seconds
[2026-08-12T04:31:12.290+0000] {processor.py:186} INFO - Started process (PID=144) to work on /home/airflow/.local/lib/python3.12/site-packages/airflow/example_dags/example_nested_branch_dag.py
[2026-08-12T04:31:12.293+0000] {processor.py:914} INFO - Processing file /home/airflow/.local/lib/python3.12/site-packages/airflow/example_dags/example_nested_branch_dag.py for tasks to queue
[2026-08-12T04:31:12.297+0000] {logging_mixin.py:190} INFO - [2026-08-12T04:31:12.296+0000] {dagbag.py:587} INFO - Filling up the DagBag from /home/airflow/.local/lib/python3.12/site-packages/airflow/example_dags/example_nested_branch_dag.py
[2026-08-12T04:31:12.311+0000] {processor.py:925} INFO - DAG(s) 'example_nested_branch_dag' retrieved from /home/airflow/.local/lib/python3.12/site-packages/airflow/example_dags/example_nested_branch_dag.py
[2026-08-12T04:31:12.350+0000] {logging_mixin.py:190} INFO - [2026-08-12T04:31:12.350+0000] {dag.py:3211} INFO - Sync 1 DAGs
[2026-08-12T04:31:12.381+0000] {logging_mixin.py:190} INFO - [2026-08-12T04:31:12.380+0000] {dag.py:4138} INFO - Setting next_dagrun for example_nested_branch_dag to 2026-08-11 00:00:00+00:00, run_after=2026-08-12 00:00:00+00:00
[2026-08-12T04:31:12.404+0000] {processor.py:208} INFO - Processing /home/airflow/.local/lib/python3.12/site-packages/airflow/example_dags/example_nested_branch_dag.py took 0.123 seconds
[2026-08-12T04:31:42.842+0000] {processor.py:186} INFO - Started process (PID=206) to work on /home/airflow/.local/lib/python3.12/site-packages/airflow/example_dags/example_nested_branch_dag.py
[2026-08-12T04:31:42.843+0000] {processor.py:914} INFO - Processing file /home/airflow/.local/lib/python3.12/site-packages/airflow/example_dags/example_nested_branch_dag.py for tasks to queue
[2026-08-12T04:31:42.847+0000] {logging_mixin.py:190} INFO - [2026-08-12T04:31:42.846+0000] {dagbag.py:587} INFO - Filling up the DagBag from /home/airflow/.local/lib/python3.12/site-packages/airflow/example_dags/example_nested_branch_dag.py
[2026-08-12T04:31:42.859+0000] {processor.py:925} INFO - DAG(s) 'example_nested_branch_dag' retrieved from /home/airflow/.local/lib/python3.12/site-packages/airflow/example_dags/example_nested_branch_dag.py
[2026-08-12T04:31:42.891+0000] {logging_mixin.py:190} INFO - [2026-08-12T04:31:42.891+0000] {dag.py:3211} INFO - Sync 1 DAGs
[2026-08-12T04:31:42.920+0000] {logging_mixin.py:190} INFO - [2026-08-12T04:31:42.920+0000] {dag.py:4138} INFO - Setting next_dagrun for example_nested_branch_dag to 2026-08-11 00:00:00+00:00, run_after=2026-08-12 00:00:00+00:00
[2026-08-12T04:31:42.948+0000] {processor.py:208} INFO - Processing /home/airflow/.local/lib/python3.12/site-packages/airflow/example_dags/example_nested_branch_dag.py took 0.113 seconds
[2026-08-12T04:33:02.316+0000] {processor.py:186} INFO - Started process (PID=68) to work on /home/airflow/.local/lib/python3.12/site-packages/airflow/example_dags/example_nested_branch_dag.py
[2026-08-12T04:33:02.319+0000] {processor.py:914} INFO - Processing file /home/airflow/.local/lib/python3.12/site-packages/airflow/example_dags/example_nested_branch_dag.py for tasks to queue
[2026-08-12T04:33:02.325+0000] {logging_mixin.py:190} INFO - [2026-08-12T04:33:02.325+0000] {dagbag.py:587} INFO - Filling up the DagBag from /home/airflow/.local/lib/python3.12/site-packages/airflow/example_dags/example_nested_branch_dag.py
[2026-08-12T04:33:02.356+0000] {processor.py:925} INFO - DAG(s) 'example_nested_branch_dag' retrieved from /home/airflow/.local/lib/python3.12/site-packages/airflow/example_dags/example_nested_branch_dag.py
[2026-08-12T04:33:02.419+0000] {logging_mixin.py:190} INFO - [2026-08-12T04:33:02.418+0000] {dag.py:3211} INFO - Sync 1 DAGs
[2026-08-12T04:33:02.480+0000] {logging_mixin.py:190} INFO - [2026-08-12T04:33:02.480+0000] {dag.py:4138} INFO - Setting next_dagrun for example_nested_branch_dag to 2026-08-11 00:00:00+00:00, run_after=2026-08-12 00:00:00+00:00
[2026-08-12T04:33:02.522+0000] {processor.py:208} INFO - Processing /home/airflow/.local/lib/python3.12/site-packages/airflow/example_dags/example_nested_branch_dag.py took 0.222 seconds
[2026-08-12T04:33:33.113+0000] {processor.py:186} INFO - Started process (PID=131) to work on /home/airflow/.local/lib/python3.12/site-packages/airflow/example_dags/example_nested_branch_dag.py
[2026-08-12T04:33:33.115+0000] {processor.py:914} INFO - Processing file /home/airflow/.local/lib/python3.12/site-packages/airflow/example_dags/example_nested_branch_dag.py for tasks to queue
[2026-08-12T04:33:33.118+0000] {logging_mixin.py:190} INFO - [2026-08-12T04:33:33.118+0000] {dagbag.py:587} INFO - Filling up the DagBag from /home/airflow/.local/lib/python3.12/site-packages/airflow/example_dags/example_nested_branch_dag.py
[2026-08-12T04:33:33.130+0000] {processor.py:925} INFO - DAG(s) 'example_nested_branch_dag' retrieved from /home/airflow/.local/lib/python3.12/site-packages/airflow/example_dags/example_nested_branch_dag.py
[2026-08-12T04:33:33.155+0000] {logging_mixin.py:190} INFO - [2026-08-12T04:33:33.155+0000] {dag.py:3211} INFO - Sync 1 DAGs
[2026-08-12T04:33:33.183+0000] {logging_mixin.py:190} INFO - [2026-08-12T04:33:33.183+0000] {dag.py:4138} INFO - Setting next_dagrun for example_nested_branch_dag to 2026-08-11 00:00:00+00:00, run_after=2026-08-12 00:00:00+00:00
[2026-08-12T04:33:33.206+0000] {processor.py:208} INFO - Processing /home/airflow/.local/lib/python3.12/site-packages/airflow/example_dags/example_nested_branch_dag.py took 0.098 seconds
[2026-08-12T04:34:03.771+0000] {processor.py:186} INFO - Started process (PID=193) to work on /home/airflow/.local/lib/python3.12/site-packages/airflow/example_dags/example_nested_branch_dag.py
[2026-08-12T04:34:03.772+0000] {processor.py:914} INFO - Processing file /home/airflow/.local/lib/python3.12/site-packages/airflow/example_dags/example_nested_branch_dag.py for tasks to queue
[2026-08-12T04:34:03.776+0000] {logging_mixin.py:190} INFO - [2026-08-12T04:34:03.775+0000] {dagbag.py:587} INFO - Filling up the DagBag from /home/airflow/.local/lib/python3.12/site-packages/airflow/example_dags/example_nested_branch_dag.py
[2026-08-12T04:34:03.789+0000] {processor.py:925} INFO - DAG(s) 'example_nested_branch_dag' retrieved from /home/airflow/.local/lib/python3.12/site-packages/airflow/example_dags/example_nested_branch_dag.py
[2026-08-12T04:34:03.817+0000] {logging_mixin.py:190} INFO - [2026-08-12T04:34:03.817+0000] {dag.py:3211} INFO - Sync 1 DAGs
[2026-08-12T04:34:03.856+0000] {logging_mixin.py:190} INFO - [2026-08-12T04:34:03.846+0000] {dag.py:4138} INFO - Setting next_dagrun for example_nested_branch_dag to 2026-08-11 00:00:00+00:00, run_after=2026-08-12 00:00:00+00:00
[2026-08-12T04:34:03.918+0000] {processor.py:208} INFO - Processing /home/airflow/.local/lib/python3.12/site-packages/airflow/example_dags/example_nested_branch_dag.py took 0.152 seconds
[2026-08-12T04:34:33.971+0000] {processor.py:186} INFO - Started process (PID=255) to work on /home/airflow/.local/lib/python3.12/site-packages/airflow/example_dags/example_nested_branch_dag.py
[2026-08-12T04:34:33.973+0000] {processor.py:914} INFO - Processing file /home/airflow/.local/lib/python3.12/site-packages/airflow/example_dags/example_nested_branch_dag.py for tasks to queue
[2026-08-12T04:34:33.976+0000] {logging_mixin.py:190} INFO - [2026-08-12T04:34:33.976+0000] {dagbag.py:587} INFO - Filling up the DagBag from /home/airflow/.local/lib/python3.12/site-packages/airflow/example_dags/example_nested_branch_dag.py
[2026-08-12T04:34:33.987+0000] {processor.py:925} INFO - DAG(s) 'example_nested_branch_dag' retrieved from /home/airflow/.local/lib/python3.12/site-packages/airflow/example_dags/example_nested_branch_dag.py
[2026-08-12T04:34:34.032+0000] {logging_mixin.py:190} INFO - [2026-08-12T04:34:34.031+0000] {dag.py:3211} INFO - Sync 1 DAGs
[2026-08-12T04:34:34.079+0000] {logging_mixin.py:190} INFO - [2026-08-12T04:34:34.078+0000] {dag.py:4138} INFO - Setting next_dagrun for example_nested_branch_dag to 2026-08-11 00:00:00+00:00, run_after=2026-08-12 00:00:00+00:00
[2026-08-12T04:34:34.106+0000] {processor.py:208} INFO - Processing /home/airflow/.local/lib/python3.12/site-packages/airflow/example_dags/example_nested_branch_dag.py took 0.140 seconds
[2026-08-12T04:35:04.245+0000] {processor.py:186} INFO - Started process (PID=317) to work on /home/airflow/.local/lib/python3.12/site-packages/airflow/example_dags/example_nested_branch_dag.py
[2026-08-12T04:35:04.246+0000] {processor.py:914} INFO - Processing file /home/airflow/.local/lib/python3.12/site-packages/airflow/example_dags/example_nested_branch_dag.py for tasks to queue
[2026-08-12T04:35:04.250+0000] {logging_mixin.py:190} INFO - [2026-08-12T04:35:04.249+0000] {dagbag.py:587} INFO - Filling up the DagBag from /home/airflow/.local/lib/python3.12/site-packages/airflow/example_dags/example_nested_branch_dag.py
[2026-08-12T04:35:04.263+0000] {processor.py:925} INFO - DAG(s) 'example_nested_branch_dag' retrieved from /home/airflow/.local/lib/python3.12/site-packages/airflow/example_dags/example_nested_branch_dag.py
[2026-08-12T04:35:04.288+0000] {logging_mixin.py:190} INFO - [2026-08-12T04:35:04.288+0000] {dag.py:3211} INFO - Sync 1 DAGs
[2026-08-12T04:35:04.316+0000] {logging_mixin.py:190} INFO - [2026-08-12T04:35:04.315+0000] {dag.py:4138} INFO - Setting next_dagrun for example_nested_branch_dag to 2026-08-11 00:00:00+00:00, run_after=2026-08-12 00:00:00+00:00
[2026-08-12T04:35:04.338+0000] {processor.py:208} INFO - Processing /home/airflow/.local/lib/python3.12/site-packages/airflow/example_dags/example_nested_branch_dag.py took 0.099 seconds
[2026-08-12T04:35:35.126+0000] {processor.py:186} INFO - Started process (PID=379) to work on /home/airflow/.local/lib/python3.12/site-packages/airflow/example_dags/example_nested_branch_dag.py
[2026-08-12T04:35:35.129+0000] {processor.py:914} INFO - Processing file /home/airflow/.local/lib/python3.12/site-packages/airflow/example_dags/example_nested_branch_dag.py for tasks to queue
[2026-08-12T04:35:35.132+0000] {logging_mixin.py:190} INFO - [2026-08-12T04:35:35.132+0000] {dagbag.py:587} INFO - Filling up the DagBag from /home/airflow/.local/lib/python3.12/site-packages/airflow/example_dags/example_nested_branch_dag.py
[2026-08-12T04:35:35.143+0000] {processor.py:925} INFO - DAG(s) 'example_nested_branch_dag' retrieved from /home/airflow/.local/lib/python3.12/site-packages/airflow/example_dags/example_nested_branch_dag.py
[2026-08-12T04:35:35.167+0000] {logging_mixin.py:190} INFO - [2026-08-12T04:35:35.167+0000] {dag.py:3211} INFO - Sync 1 DAGs
[2026-08-12T04:35:35.192+0000] {logging_mixin.py:190} INFO - [2026-08-12T04:35:35.192+0000] {dag.py:4138} INFO - Setting next_dagrun for example_nested_branch_dag to 2026-08-11 00:00:00+00:00, run_after=2026-08-12 00:00:00+00:00
[2026-08-12T04:35:35.213+0000] {processor.py:208} INFO - Processing /home/airflow/.local/lib/python3.12/site-packages/airflow/example_dags/example_nested_branch_dag.py took 0.094 seconds
[2026-08-12T04:36:05.970+0000] {processor.py:186} INFO - Started process (PID=441) to work on /home/airflow/.local/lib/python3.12/site-packages/airflow/example_dags/example_nested_branch_dag.py
[2026-08-12T04:36:05.972+0000] {processor.py:914} INFO - Processing file /home/airflow/.local/lib/python3.12/site-packages/airflow/example_dags/example_nested_branch_dag.py for tasks to queue
[2026-08-12T04:36:05.975+0000] {logging_mixin.py:190} INFO - [2026-08-12T04:36:05.975+0000] {dagbag.py:587} INFO - Filling up the DagBag from /home/airflow/.local/lib/python3.12/site-packages/airflow/example_dags/example_nested_branch_dag.py
[2026-08-12T04:36:05.991+0000] {processor.py:925} INFO - DAG(s) 'example_nested_branch_dag' retrieved from /home/airflow/.local/lib/python3.12/site-packages/airflow/example_dags/example_nested_branch_dag.py
[2026-08-12T04:36:06.017+0000] {logging_mixin.py:190} INFO - [2026-08-12T04:36:06.017+0000] {dag.py:3211} INFO - Sync 1 DAGs
[2026-08-12T04:36:06.043+0000] {logging_mixin.py:190} INFO - [2026-08-12T04:36:06.043+0000] {dag.py:4138} INFO - Setting next_dagrun for example_nested_branch_dag to 2026-08-11 00:00:00+00:00, run_after=2026-08-12 00:00:00+00:00
[2026-08-12T04:36:06.068+0000] {processor.py:208} INFO - Processing /home/airflow/.local/lib/python3.12/site-packages/airflow/example_dags/example_nested_branch_dag.py took 0.104 seconds
[2026-08-12T04:36:36.297+0000] {processor.py:186} INFO - Started process (PID=503) to work on /home/airflow/.local/lib/python3.12/site-packages/airflow/example_dags/example_nested_branch_dag.py
[2026-08-12T04:36:36.299+0000] {processor.py:914} INFO - Processing file /home/airflow/.local/lib/python3.12/site-packages/airflow/example_dags/example_nested_branch_dag.py for tasks to queue
[2026-08-12T04:36:36.303+0000] {logging_mixin.py:190} INFO - [2026-08-12T04:36:36.303+0000] {dagbag.py:587} INFO - Filling up the DagBag from /home/airflow/.local/lib/python3.12/site-packages/airflow/example_dags/example_nested_branch_dag.py
[2026-08-12T04:36:36.317+0000] {processor.py:925} INFO - DAG(s) 'example_nested_branch_dag' retrieved from /home/airflow/.local/lib/python3.12/site-packages/airflow/example_dags/example_nested_branch_dag.py
[2026-08-12T04:36:36.341+0000] {logging_mixin.py:190} INFO - [2026-08-12T04:36:36.341+0000] {dag.py:3211} INFO - Sync 1 DAGs
[2026-08-12T04:36:36.364+0000] {logging_mixin.py:190} INFO - [2026-08-12T04:36:36.364+0000] {dag.py:4138} INFO - Setting next_dagrun for example_nested_branch_dag to 2026-08-11 00:00:00+00:00, run_after=2026-08-12 00:00:00+00:00
[2026-08-12T04:36:36.390+0000] {processor.py:208} INFO - Processing /home/airflow/.local/lib/python3.12/site-packages/airflow/example_dags/example_nested_branch_dag.py took 0.100 seconds
[2026-08-12T04:37:07.263+0000] {processor.py:186} INFO - Started process (PID=565) to work on /home/airflow/.local/lib/python3.12/site-packages/airflow/example_dags/example_nested_branch_dag.py
[2026-08-12T04:37:07.265+0000] {processor.py:914} INFO - Processing file /home/airflow/.local/lib/python3.12/site-packages/airflow/example_dags/example_nested_branch_dag.py for tasks to queue
[2026-08-12T04:37:07.268+0000] {logging_mixin.py:190} INFO - [2026-08-12T04:37:07.268+0000] {dagbag.py:587} INFO - Filling up the DagBag from /home/airflow/.local/lib/python3.12/site-packages/airflow/example_dags/example_nested_branch_dag.py
[2026-08-12T04:37:07.283+0000] {processor.py:925} INFO - DAG(s) 'example_nested_branch_dag' retrieved from /home/airflow/.local/lib/python3.12/site-packages/airflow/example_dags/example_nested_branch_dag.py
[2026-08-12T04:37:07.312+0000] {logging_mixin.py:190} INFO - [2026-08-12T04:37:07.311+0000] {dag.py:3211} INFO - Sync 1 DAGs
[2026-08-12T04:37:07.342+0000] {logging_mixin.py:190} INFO - [2026-08-12T04:37:07.342+0000] {dag.py:4138} INFO - Setting next_dagrun for example_nested_branch_dag to 2026-08-11 00:00:00+00:00, run_after=2026-08-12 00:00:00+00:00
[2026-08-12T04:37:07.367+0000] {processor.py:208} INFO - Processing /home/airflow/.local/lib/python3.12/site-packages/airflow/example_dags/example_nested_branch_dag.py took 0.111 seconds
[2026-08-12T04:37:38.007+0000] {processor.py:186} INFO - Started process (PID=627) to work on /home/airflow/.local/lib/python3.12/site-packages/airflow/example_dags/example_nested_branch_dag.py
[2026-08-12T04:37:38.009+0000] {processor.py:914} INFO - Processing file /home/airflow/.local/lib/python3.12/site-packages/airflow/example_dags/example_nested_branch_dag.py for tasks to queue
[2026-08-12T04:37:38.012+0000] {logging_mixin.py:190} INFO - [2026-08-12T04:37:38.012+0000] {dagbag.py:587} INFO - Filling up the DagBag from /home/airflow/.local/lib/python3.12/site-packages/airflow/example_dags/example_nested_branch_dag.py
[2026-08-12T04:37:38.024+0000] {processor.py:925} INFO - DAG(s) 'example_nested_branch_dag' retrieved from /home/airflow/.local/lib/python3.12/site-packages/airflow/example_dags/example_nested_branch_dag.py
[2026-08-12T04:37:38.051+0000] {logging_mixin.py:190} INFO - [2026-08-12T04:37:38.050+0000] {dag.py:3211} INFO - Sync 1 DAGs
[2026-08-12T04:37:38.080+0000] {logging_mixin.py:190} INFO - [2026-08-12T04:37:38.079+0000] {dag.py:4138} INFO - Setting next_dagrun for example_nested_branch_dag to 2026-08-11 00:00:00+00:00, run_after=2026-08-12 00:00:00+00:00
[2026-08-12T04:37:38.109+0000] {processor.py:208} INFO - Processing /home/airflow/.local/lib/python3.12/site-packages/airflow/example_dags/example_nested_branch_dag.py took 0.110 seconds
[2026-08-12T04:38:08.754+0000] {processor.py:186} INFO - Started process (PID=689) to work on /home/airflow/.local/lib/python3.12/site-packages/airflow/example_dags/example_nested_branch_dag.py
[2026-08-12T04:38:08.755+0000] {processor.py:914} INFO - Processing file /home/airflow/.local/lib/python3.12/site-packages/airflow/example_dags/example_nested_branch_dag.py for tasks to queue
[2026-08-12T04:38:08.759+0000] {logging_mixin.py:190} INFO - [2026-08-12T04:38:08.758+0000] {dagbag.py:587} INFO - Filling up the DagBag from /home/airflow/.local/lib/python3.12/site-packages/airflow/example_dags/example_nested_branch_dag.py
[2026-08-12T04:38:08.771+0000] {processor.py:925} INFO - DAG(s) 'example_nested_branch_dag' retrieved from /home/airflow/.local/lib/python3.12/site-packages/airflow/example_dags/example_nested_branch_dag.py
[2026-08-12T04:38:08.798+0000] {logging_mixin.py:190} INFO - [2026-08-12T04:38:08.798+0000] {dag.py:3211} INFO - Sync 1 DAGs
[2026-08-12T04:38:08.827+0000] {logging_mixin.py:190} INFO - [2026-08-12T04:38:08.827+0000] {dag.py:4138} INFO - Setting next_dagrun for example_nested_branch_dag to 2026-08-11 00:00:00+00:00, run_after=2026-08-12 00:00:00+00:00
[2026-08-12T04:38:08.848+0000] {processor.py:208} INFO - Processing /home/airflow/.local/lib/python3.12/site-packages/airflow/example_dags/example_nested_branch_dag.py took 0.100 seconds
[2026-08-12T04:38:39.411+0000] {processor.py:186} INFO - Started process (PID=751) to work on /home/airflow/.local/lib/python3.12/site-packages/airflow/example_dags/example_nested_branch_dag.py
[2026-08-12T04:38:39.413+0000] {processor.py:914} INFO - Processing file /home/airflow/.local/lib/python3.12/site-packages/airflow/example_dags/example_nested_branch_dag.py for tasks to queue
[2026-08-12T04:38:39.416+0000] {logging_mixin.py:190} INFO - [2026-08-12T04:38:39.416+0000] {dagbag.py:587} INFO - Filling up the DagBag from /home/airflow/.local/lib/python3.12/site-packages/airflow/example_dags/example_nested_branch_dag.py
[2026-08-12T04:38:39.428+0000] {processor.py:925} INFO - DAG(s) 'example_nested_branch_dag' retrieved from /home/airflow/.local/lib/python3.12/site-packages/airflow/example_dags/example_nested_branch_dag.py
[2026-08-12T04:38:39.453+0000] {logging_mixin.py:190} INFO - [2026-08-12T04:38:39.453+0000] {dag.py:3211} INFO - Sync 1 DAGs
[2026-08-12T04:38:39.484+0000] {logging_mixin.py:190} INFO - [2026-08-12T04:38:39.484+0000] {dag.py:4138} INFO - Setting next_dagrun for example_nested_branch_dag to 2026-08-11 00:00:00+00:00, run_after=2026-08-12 00:00:00+00:00
[2026-08-12T04:38:39.505+0000] {processor.py:208} INFO - Processing /home/airflow/.local/lib/python3.12/site-packages/airflow/example_dags/example_nested_branch_dag.py took 0.100 seconds
[2026-08-12T04:39:10.726+0000] {processor.py:186} INFO - Started process (PID=813) to work on /home/airflow/.local/lib/python3.12/site-packages/airflow/example_dags/example_nested_branch_dag.py
[2026-08-12T04:39:10.728+0000] {processor.py:914} INFO - Processing file /home/airflow/.local/lib/python3.12/site-packages/airflow/example_dags/example_nested_branch_dag.py for tasks to queue
[2026-08-12T04:39:10.732+0000] {logging_mixin.py:190} INFO - [2026-08-12T04:39:10.731+0000] {dagbag.py:587} INFO - Filling up the DagBag from /home/airflow/.local/lib/python3.12/site-packages/airflow/example_dags/example_nested_branch_dag.py
[2026-08-12T04:39:10.747+0000] {processor.py:925} INFO - DAG(s) 'example_nested_branch_dag' retrieved from /home/airflow/.local/lib/python3.12/site-packages/airflow/example_dags/example_nested_branch_dag.py
[2026-08-12T04:39:10.771+0000] {logging_mixin.py:190} INFO - [2026-08-12T04:39:10.771+0000] {dag.py:3211} INFO - Sync 1 DAGs
[2026-08-12T04:39:10.796+0000] {logging_mixin.py:190} INFO - [2026-08-12T04:39:10.796+0000] {dag.py:4138} INFO - Setting next_dagrun for example_nested_branch_dag to 2026-08-11 00:00:00+00:00, run_after=2026-08-12 00:00:00+00:00
[2026-08-12T04:39:10.825+0000] {processor.py:208} INFO - Processing /home/airflow/.local/lib/python3.12/site-packages/airflow/example_dags/example_nested_branch_dag.py took 0.108 seconds
[2026-08-12T04:39:40.979+0000] {processor.py:186} INFO - Started process (PID=875) to work on /home/airflow/.local/lib/python3.12/site-packages/airflow/example_dags/example_nested_branch_dag.py
[2026-08-12T04:39:40.982+0000] {processor.py:914} INFO - Processing file /home/airflow/.local/lib/python3.12/site-packages/airflow/example_dags/example_nested_branch_dag.py for tasks to queue
[2026-08-12T04:39:40.987+0000] {logging_mixin.py:190} INFO - [2026-08-12T04:39:40.986+0000] {dagbag.py:587} INFO - Filling up the DagBag from /home/airflow/.local/lib/python3.12/site-packages/airflow/example_dags/example_nested_branch_dag.py
[2026-08-12T04:39:41.006+0000] {processor.py:925} INFO - DAG(s) 'example_nested_branch_dag' retrieved from /home/airflow/.local/lib/python3.12/site-packages/airflow/example_dags/example_nested_branch_dag.py
[2026-08-12T04:39:41.035+0000] {logging_mixin.py:190} INFO - [2026-08-12T04:39:41.035+0000] {dag.py:3211} INFO - Sync 1 DAGs
[2026-08-12T04:39:41.067+0000] {logging_mixin.py:190} INFO - [2026-08-12T04:39:41.066+0000] {dag.py:4138} INFO - Setting next_dagrun for example_nested_branch_dag to 2026-08-11 00:00:00+00:00, run_after=2026-08-12 00:00:00+00:00
[2026-08-12T04:39:41.095+0000] {processor.py:208} INFO - Processing /home/airflow/.local/lib/python3.12/site-packages/airflow/example_dags/example_nested_branch_dag.py took 0.124 seconds
[2026-08-12T04:40:12.086+0000] {processor.py:186} INFO - Started process (PID=937) to work on /home/airflow/.local/lib/python3.12/site-packages/airflow/example_dags/example_nested_branch_dag.py
[2026-08-12T04:40:12.087+0000] {processor.py:914} INFO - Processing file /home/airflow/.local/lib/python3.12/site-packages/airflow/example_dags/example_nested_branch_dag.py for tasks to queue
[2026-08-12T04:40:12.091+0000] {logging_mixin.py:190} INFO - [2026-08-12T04:40:12.090+0000] {dagbag.py:587} INFO - Filling up the DagBag from /home/airflow/.local/lib/python3.12/site-packages/airflow/example_dags/example_nested_branch_dag.py
[2026-08-12T04:40:12.105+0000] {processor.py:925} INFO - DAG(s) 'example_nested_branch_dag' retrieved from /home/airflow/.local/lib/python3.12/site-packages/airflow/example_dags/example_nested_branch_dag.py
[2026-08-12T04:40:12.129+0000] {logging_mixin.py:190} INFO - [2026-08-12T04:40:12.128+0000] {dag.py:3211} INFO - Sync 1 DAGs
[2026-08-12T04:40:12.152+0000] {logging_mixin.py:190} INFO - [2026-08-12T04:40:12.152+0000] {dag.py:4138} INFO - Setting next_dagrun for example_nested_branch_dag to 2026-08-11 00:00:00+00:00, run_after=2026-08-12 00:00:00+00:00
[2026-08-12T04:40:12.173+0000] {processor.py:208} INFO - Processing /home/airflow/.local/lib/python3.12/site-packages/airflow/example_dags/example_nested_branch_dag.py took 0.094 seconds
[2026-08-12T04:40:42.420+0000] {processor.py:186} INFO - Started process (PID=999) to work on /home/airflow/.local/lib/python3.12/site-packages/airflow/example_dags/example_nested_branch_dag.py
[2026-08-12T04:40:42.423+0000] {processor.py:914} INFO - Processing file /home/airflow/.local/lib/python3.12/site-packages/airflow/example_dags/example_nested_branch_dag.py for tasks to queue
[2026-08-12T04:40:42.426+0000] {logging_mixin.py:190} INFO - [2026-08-12T04:40:42.426+0000] {dagbag.py:587} INFO - Filling up the DagBag from /home/airflow/.local/lib/python3.12/site-packages/airflow/example_dags/example_nested_branch_dag.py
[2026-08-12T04:40:42.439+0000] {processor.py:925} INFO - DAG(s) 'example_nested_branch_dag' retrieved from /home/airflow/.local/lib/python3.12/site-packages/airflow/example_dags/example_nested_branch_dag.py
[2026-08-12T04:40:42.461+0000] {logging_mixin.py:190} INFO - [2026-08-12T04:40:42.461+0000] {dag.py:3211} INFO - Sync 1 DAGs
[2026-08-12T04:40:42.488+0000] {logging_mixin.py:190} INFO - [2026-08-12T04:40:42.488+0000] {dag.py:4138} INFO - Setting next_dagrun for example_nested_branch_dag to 2026-08-11 00:00:00+00:00, run_after=2026-08-12 00:00:00+00:00
[2026-08-12T04:40:42.515+0000] {processor.py:208} INFO - Processing /home/airflow/.local/lib/python3.12/site-packages/airflow/example_dags/example_nested_branch_dag.py took 0.103 seconds
[2026-08-12T04:41:13.155+0000] {processor.py:186} INFO - Started process (PID=1061) to work on /home/airflow/.local/lib/python3.12/site-packages/airflow/example_dags/example_nested_branch_dag.py
[2026-08-12T04:41:13.156+0000] {processor.py:914} INFO - Processing file /home/airflow/.local/lib/python3.12/site-packages/airflow/example_dags/example_nested_branch_dag.py for tasks to queue
[2026-08-12T04:41:13.160+0000] {logging_mixin.py:190} INFO - [2026-08-12T04:41:13.159+0000] {dagbag.py:587} INFO - Filling up the DagBag from /home/airflow/.local/lib/python3.12/site-packages/airflow/example_dags/example_nested_branch_dag.py
[2026-08-12T04:41:13.174+0000] {processor.py:925} INFO - DAG(s) 'example_nested_branch_dag' retrieved from /home/airflow/.local/lib/python3.12/site-packages/airflow/example_dags/example_nested_branch_dag.py
[2026-08-12T04:41:13.199+0000] {logging_mixin.py:190} INFO - [2026-08-12T04:41:13.198+0000] {dag.py:3211} INFO - Sync 1 DAGs
[2026-08-12T04:41:13.222+0000] {logging_mixin.py:190} INFO - [2026-08-12T04:41:13.222+0000] {dag.py:4138} INFO - Setting next_dagrun for example_nested_branch_dag to 2026-08-11 00:00:00+00:00, run_after=2026-08-12 00:00:00+00:00
[2026-08-12T04:41:13.249+0000] {processor.py:208} INFO - Processing /home/airflow/.local/lib/python3.12/site-packages/airflow/example_dags/example_nested_branch_dag.py took 0.101 seconds
[2026-08-12T04:41:44.031+0000] {processor.py:186} INFO - Started process (PID=1123) to work on /home/airflow/.local/lib/python3.12/site-packages/airflow/example_dags/example_nested_branch_dag.py
[2026-08-12T04:41:44.033+0000] {processor.py:914} INFO - Processing file /home/airflow/.local/lib/python3.12/site-packages/airflow/example_dags/example_nested_branch_dag.py for tasks to queue
[2026-08-12T04:41:44.037+0000] {logging_mixin.py:190} INFO - [2026-08-12T04:41:44.037+0000] {dagbag.py:587} INFO - Filling up the DagBag from /home/airflow/.local/lib/python3.12/site-packages/airflow/example_dags/example_nested_branch_dag.py
[2026-08-12T04:41:44.052+0000] {processor.py:925} INFO - DAG(s) 'example_nested_branch_dag' retrieved from /home/airflow/.local/lib/python3.12/site-packages/airflow/example_dags/example_nested_branch_dag.py
[2026-08-12T04:41:44.077+0000] {logging_mixin.py:190} INFO - [2026-08-12T04:41:44.077+0000] {dag.py:3211} INFO - Sync 1 DAGs
[2026-08-12T04:41:44.105+0000] {logging_mixin.py:190} INFO - [2026-08-12T04:41:44.105+0000] {dag.py:4138} INFO - Setting next_dagrun for example_nested_branch_dag to 2026-08-11 00:00:00+00:00, run_after=2026-08-12 00:00:00+00:00
[2026-08-12T04:41:44.126+0000] {processor.py:208} INFO - Processing /home/airflow/.local/lib/python3.12/site-packages/airflow/example_dags/example_nested_branch_dag.py took 0.102 seconds
[2026-08-12T04:42:14.858+0000] {processor.py:186} INFO - Started process (PID=1185) to work on /home/airflow/.local/lib/python3.12/site-packages/airflow/example_dags/example_nested_branch_dag.py
[2026-08-12T04:42:14.860+0000] {processor.py:914} INFO - Processing file /home/airflow/.local/lib/python3.12/site-packages/airflow/example_dags/example_nested_branch_dag.py for tasks to queue
[2026-08-12T04:42:14.863+0000] {logging_mixin.py:190} INFO - [2026-08-12T04:42:14.863+0000] {dagbag.py:587} INFO - Filling up the DagBag from /home/airflow/.local/lib/python3.12/site-packages/airflow/example_dags/example_nested_branch_dag.py
[2026-08-12T04:42:14.877+0000] {processor.py:925} INFO - DAG(s) 'example_nested_branch_dag' retrieved from /home/airflow/.local/lib/python3.12/site-packages/airflow/example_dags/example_nested_branch_dag.py
[2026-08-12T04:42:14.905+0000] {logging_mixin.py:190} INFO - [2026-08-12T04:42:14.905+0000] {dag.py:3211} INFO - Sync 1 DAGs
[2026-08-12T04:42:14.934+0000] {logging_mixin.py:190} INFO - [2026-08-12T04:42:14.934+0000] {dag.py:4138} INFO - Setting next_dagrun for example_nested_branch_dag to 2026-08-11 00:00:00+00:00, run_after=2026-08-12 00:00:00+00:00
[2026-08-12T04:42:14.956+0000] {processor.py:208} INFO - Processing /home/airflow/.local/lib/python3.12/site-packages/airflow/example_dags/example_nested_branch_dag.py took 0.104 seconds
[2026-08-12T04:42:45.668+0000] {processor.py:186} INFO - Started process (PID=1247) to work on /home/airflow/.local/lib/python3.12/site-packages/airflow/example_dags/example_nested_branch_dag.py
[2026-08-12T04:42:45.670+0000] {processor.py:914} INFO - Processing file /home/airflow/.local/lib/python3.12/site-packages/airflow/example_dags/example_nested_branch_dag.py for tasks to queue
[2026-08-12T04:42:45.674+0000] {logging_mixin.py:190} INFO - [2026-08-12T04:42:45.673+0000] {dagbag.py:587} INFO - Filling up the DagBag from /home/airflow/.local/lib/python3.12/site-packages/airflow/example_dags/example_nested_branch_dag.py
[2026-08-12T04:42:45.688+0000] {processor.py:925} INFO - DAG(s) 'example_nested_branch_dag' retrieved from /home/airflow/.local/lib/python3.12/site-packages/airflow/example_dags/example_nested_branch_dag.py
[2026-08-12T04:42:45.714+0000] {logging_mixin.py:190} INFO - [2026-08-12T04:42:45.713+0000] {dag.py:3211} INFO - Sync 1 DAGs
[2026-08-12T04:42:45.741+0000] {logging_mixin.py:190} INFO - [2026-08-12T04:42:45.741+0000] {dag.py:4138} INFO - Setting next_dagrun for example_nested_branch_dag to 2026-08-11 00:00:00+00:00, run_after=2026-08-12 00:00:00+00:00
[2026-08-12T04:42:45.762+0000] {processor.py:208} INFO - Processing /home/airflow/.local/lib/python3.12/site-packages/airflow/example_dags/example_nested_branch_dag.py took 0.101 seconds
[2026-08-12T04:43:16.085+0000] {processor.py:186} INFO - Started process (PID=1309) to work on /home/airflow/.local/lib/python3.12/site-packages/airflow/example_dags/example_nested_branch_dag.py
[2026-08-12T04:43:16.088+0000] {processor.py:914} INFO - Processing file /home/airflow/.local/lib/python3.12/site-packages/airflow/example_dags/example_nested_branch_dag.py for tasks to queue
[2026-08-12T04:43:16.091+0000] {logging_mixin.py:190} INFO - [2026-08-12T04:43:16.091+0000] {dagbag.py:587} INFO - Filling up the DagBag from /home/airflow/.local/lib/python3.12/site-packages/airflow/example_dags/example_nested_branch_dag.py
[2026-08-12T04:43:16.106+0000] {processor.py:925} INFO - DAG(s) 'example_nested_branch_dag' retrieved from /home/airflow/.local/lib/python3.12/site-packages/airflow/example_dags/example_nested_branch_dag.py
[2026-08-12T04:43:16.130+0000] {logging_mixin.py:190} INFO - [2026-08-12T04:43:16.130+0000] {dag.py:3211} INFO - Sync 1 DAGs
[2026-08-12T04:43:16.158+0000] {logging_mixin.py:190} INFO - [2026-08-12T04:43:16.157+0000] {dag.py:4138} INFO - Setting next_dagrun for example_nested_branch_dag to 2026-08-11 00:00:00+00:00, run_after=2026-08-12 00:00:00+00:00
[2026-08-12T04:43:16.181+0000] {processor.py:208} INFO - Processing /home/airflow/.local/lib/python3.12/site-packages/airflow/example_dags/example_nested_branch_dag.py took 0.103 seconds
[2026-08-12T04:43:46.847+0000] {processor.py:186} INFO - Started process (PID=1371) to work on /home/airflow/.local/lib/python3.12/site-packages/airflow/example_dags/example_nested_branch_dag.py
[2026-08-12T04:43:46.849+0000] {processor.py:914} INFO - Processing file /home/airflow/.local/lib/python3.12/site-packages/airflow/example_dags/example_nested_branch_dag.py for tasks to queue
[2026-08-12T04:43:46.853+0000] {logging_mixin.py:190} INFO - [2026-08-12T04:43:46.853+0000] {dagbag.py:587} INFO - Filling up the DagBag from /home/airflow/.local/lib/python3.12/site-packages/airflow/example_dags/example_nested_branch_dag.py
[2026-08-12T04:43:46.867+0000] {processor.py:925} INFO - DAG(s) 'example_nested_branch_dag' retrieved from /home/airflow/.local/lib/python3.12/site-packages/airflow/example_dags/example_nested_branch_dag.py
[2026-08-12T04:43:46.892+0000] {logging_mixin.py:190} INFO - [2026-08-12T04:43:46.892+0000] {dag.py:3211} INFO - Sync 1 DAGs
[2026-08-12T04:43:46.921+0000] {logging_mixin.py:190} INFO - [2026-08-12T04:43:46.920+0000] {dag.py:4138} INFO - Setting next_dagrun for example_nested_branch_dag to 2026-08-11 00:00:00+00:00, run_after=2026-08-12 00:00:00+00:00
[2026-08-12T04:43:46.942+0000] {processor.py:208} INFO - Processing /home/airflow/.local/lib/python3.12/site-packages/airflow/example_dags/example_nested_branch_dag.py took 0.101 seconds
[2026-08-12T04:44:17.602+0000] {processor.py:186} INFO - Started process (PID=1433) to work on /home/airflow/.local/lib/python3.12/site-packages/airflow/example_dags/example_nested_branch_dag.py
[2026-08-12T04:44:17.604+0000] {processor.py:914} INFO - Processing file /home/airflow/.local/lib/python3.12/site-packages/airflow/example_dags/example_nested_branch_dag.py for tasks to queue
[2026-08-12T04:44:17.608+0000] {logging_mixin.py:190} INFO - [2026-08-12T04:44:17.607+0000] {dagbag.py:587} INFO - Filling up the DagBag from /home/airflow/.local/lib/python3.12/site-packages/airflow/example_dags/example_nested_branch_dag.py
[2026-08-12T04:44:17.623+0000] {processor.py:925} INFO - DAG(s) 'example_nested_branch_dag' retrieved from /home/airflow/.local/lib/python3.12/site-packages/airflow/example_dags/example_nested_branch_dag.py
[2026-08-12T04:44:17.648+0000] {logging_mixin.py:190} INFO - [2026-08-12T04:44:17.648+0000] {dag.py:3211} INFO - Sync 1 DAGs
[2026-08-12T04:44:17.677+0000] {logging_mixin.py:190} INFO - [2026-08-12T04:44:17.677+0000] {dag.py:4138} INFO - Setting next_dagrun for example_nested_branch_dag to 2026-08-11 00:00:00+00:00, run_after=2026-08-12 00:00:00+00:00
[2026-08-12T04:44:17.701+0000] {processor.py:208} INFO - Processing /home/airflow/.local/lib/python3.12/site-packages/airflow/example_dags/example_nested_branch_dag.py took 0.106 seconds
[2026-08-12T04:44:48.331+0000] {processor.py:186} INFO - Started process (PID=1495) to work on /home/airflow/.local/lib/python3.12/site-packages/airflow/example_dags/example_nested_branch_dag.py
[2026-08-12T04:44:48.333+0000] {processor.py:914} INFO - Processing file /home/airflow/.local/lib/python3.12/site-packages/airflow/example_dags/example_nested_branch_dag.py for tasks to queue
[2026-08-12T04:44:48.336+0000] {logging_mixin.py:190} INFO - [2026-08-12T04:44:48.336+0000] {dagbag.py:587} INFO - Filling up the DagBag from /home/airflow/.local/lib/python3.12/site-packages/airflow/example_dags/example_nested_branch_dag.py
[2026-08-12T04:44:48.352+0000] {processor.py:925} INFO - DAG(s) 'example_nested_branch_dag' retrieved from /home/airflow/.local/lib/python3.12/site-packages/airflow/example_dags/example_nested_branch_dag.py
[2026-08-12T04:44:48.376+0000] {logging_mixin.py:190} INFO - [2026-08-12T04:44:48.376+0000] {dag.py:3211} INFO - Sync 1 DAGs
[2026-08-12T04:44:48.406+0000] {logging_mixin.py:190} INFO - [2026-08-12T04:44:48.405+0000] {dag.py:4138} INFO - Setting next_dagrun for example_nested_branch_dag to 2026-08-11 00:00:00+00:00, run_after=2026-08-12 00:00:00+00:00
[2026-08-12T04:44:48.429+0000] {processor.py:208} INFO - Processing /home/airflow/.local/lib/python3.12/site-packages/airflow/example_dags/example_nested_branch_dag.py took 0.107 seconds
[2026-08-12T04:45:19.194+0000] {processor.py:186} INFO - Started process (PID=1557) to work on /home/airflow/.local/lib/python3.12/site-packages/airflow/example_dags/example_nested_branch_dag.py
[2026-08-12T04:45:19.195+0000] {processor.py:914} INFO - Processing file /home/airflow/.local/lib/python3.12/site-packages/airflow/example_dags/example_nested_branch_dag.py for tasks to queue
[2026-08-12T04:45:19.198+0000] {logging_mixin.py:190} INFO - [2026-08-12T04:45:19.198+0000] {dagbag.py:587} INFO - Filling up the DagBag from /home/airflow/.local/lib/python3.12/site-packages/airflow/example_dags/example_nested_branch_dag.py
[2026-08-12T04:45:19.212+0000] {processor.py:925} INFO - DAG(s) 'example_nested_branch_dag' retrieved from /home/airflow/.local/lib/python3.12/site-packages/airflow/example_dags/example_nested_branch_dag.py
[2026-08-12T04:45:19.238+0000] {logging_mixin.py:190} INFO - [2026-08-12T04:45:19.238+0000] {dag.py:3211} INFO - Sync 1 DAGs
[2026-08-12T04:45:19.266+0000] {logging_mixin.py:190} INFO - [2026-08-12T04:45:19.266+0000] {dag.py:4138} INFO - Setting next_dagrun for example_nested_branch_dag to 2026-08-11 00:00:00+00:00, run_after=2026-08-12 00:00:00+00:00
[2026-08-12T04:45:19.288+0000] {processor.py:208} INFO - Processing /home/airflow/.local/lib/python3.12/site-packages/airflow/example_dags/example_nested_branch_dag.py took 0.100 seconds
[2026-08-12T04:45:49.822+0000] {processor.py:186} INFO - Started process (PID=1619) to work on /home/airflow/.local/lib/python3.12/site-packages/airflow/example_dags/example_nested_branch_dag.py
[2026-08-12T04:45:49.824+0000] {processor.py:914} INFO - Processing file /home/airflow/.local/lib/python3.12/site-packages/airflow/example_dags/example_nested_branch_dag.py for tasks to queue
[2026-08-12T04:45:49.828+0000] {logging_mixin.py:190} INFO - [2026-08-12T04:45:49.827+0000] {dagbag.py:587} INFO - Filling up the DagBag from /home/airflow/.local/lib/python3.12/site-packages/airflow/example_dags/example_nested_branch_dag.py
[2026-08-12T04:45:49.840+0000] {processor.py:925} INFO - DAG(s) 'example_nested_branch_dag' retrieved from /home/airflow/.local/lib/python3.12/site-packages/airflow/example_dags/example_nested_branch_dag.py
[2026-08-12T04:45:49.865+0000] {logging_mixin.py:190} INFO - [2026-08-12T04:45:49.864+0000] {dag.py:3211} INFO - Sync 1 DAGs
[2026-08-12T04:45:49.896+0000] {logging_mixin.py:190} INFO - [2026-08-12T04:45:49.896+0000] {dag.py:4138} INFO - Setting next_dagrun for example_nested_branch_dag to 2026-08-11 00:00:00+00:00, run_after=2026-08-12 00:00:00+00:00
[2026-08-12T04:45:49.920+0000] {processor.py:208} INFO - Processing /home/airflow/.local/lib/python3.12/site-packages/airflow/example_dags/example_nested_branch_dag.py took 0.105 seconds
[2026-08-12T04:46:20.511+0000] {processor.py:186} INFO - Started process (PID=1681) to work on /home/airflow/.local/lib/python3.12/site-packages/airflow/example_dags/example_nested_branch_dag.py
[2026-08-12T04:46:20.513+0000] {processor.py:914} INFO - Processing file /home/airflow/.local/lib/python3.12/site-packages/airflow/example_dags/example_nested_branch_dag.py for tasks to queue
[2026-08-12T04:46:20.516+0000] {logging_mixin.py:190} INFO - [2026-08-12T04:46:20.516+0000] {dagbag.py:587} INFO - Filling up the DagBag from /home/airflow/.local/lib/python3.12/site-packages/airflow/example_dags/example_nested_branch_dag.py
[2026-08-12T04:46:20.529+0000] {processor.py:925} INFO - DAG(s) 'example_nested_branch_dag' retrieved from /home/airflow/.local/lib/python3.12/site-packages/airflow/example_dags/example_nested_branch_dag.py
[2026-08-12T04:46:20.552+0000] {logging_mixin.py:190} INFO - [2026-08-12T04:46:20.552+0000] {dag.py:3211} INFO - Sync 1 DAGs
[2026-08-12T04:46:20.577+0000] {logging_mixin.py:190} INFO - [2026-08-12T04:46:20.576+0000] {dag.py:4138} INFO - Setting next_dagrun for example_nested_branch_dag to 2026-08-11 00:00:00+00:00, run_after=2026-08-12 00:00:00+00:00
[2026-08-12T04:46:20.601+0000] {processor.py:208} INFO - Processing /home/airflow/.local/lib/python3.12/site-packages/airflow/example_dags/example_nested_branch_dag.py took 0.097 seconds
[2026-08-12T04:46:51.404+0000] {processor.py:186} INFO - Started process (PID=1743) to work on /home/airflow/.local/lib/python3.12/site-packages/airflow/example_dags/example_nested_branch_dag.py
[2026-08-12T04:46:51.406+0000] {processor.py:914} INFO - Processing file /home/airflow/.local/lib/python3.12/site-packages/airflow/example_dags/example_nested_branch_dag.py for tasks to queue
[2026-08-12T04:46:51.410+0000] {logging_mixin.py:190} INFO - [2026-08-12T04:46:51.410+0000] {dagbag.py:587} INFO - Filling up the DagBag from /home/airflow/.local/lib/python3.12/site-packages/airflow/example_dags/example_nested_branch_dag.py
[2026-08-12T04:46:51.424+0000] {processor.py:925} INFO - DAG(s) 'example_nested_branch_dag' retrieved from /home/airflow/.local/lib/python3.12/site-packages/airflow/example_dags/example_nested_branch_dag.py
[2026-08-12T04:46:51.450+0000] {logging_mixin.py:190} INFO - [2026-08-12T04:46:51.450+0000] {dag.py:3211} INFO - Sync 1 DAGs
[2026-08-12T04:46:51.476+0000] {logging_mixin.py:190} INFO - [2026-08-12T04:46:51.476+0000] {dag.py:4138} INFO - Setting next_dagrun for example_nested_branch_dag to 2026-08-11 00:00:00+00:00, run_after=2026-08-12 00:00:00+00:00
[2026-08-12T04:46:51.500+0000] {processor.py:208} INFO - Processing /home/airflow/.local/lib/python3.12/site-packages/airflow/example_dags/example_nested_branch_dag.py took 0.102 seconds
[2026-08-12T04:47:22.391+0000] {processor.py:186} INFO - Started process (PID=1805) to work on /home/airflow/.local/lib/python3.12/site-packages/airflow/example_dags/example_nested_branch_dag.py
[2026-08-12T04:47:22.394+0000] {processor.py:914} INFO - Processing file /home/airflow/.local/lib/python3.12/site-packages/airflow/example_dags/example_nested_branch_dag.py for tasks to queue
[2026-08-12T04:47:22.398+0000] {logging_mixin.py:190} INFO - [2026-08-12T04:47:22.397+0000] {dagbag.py:587} INFO - Filling up the DagBag from /home/airflow/.local/lib/python3.12/site-packages/airflow/example_dags/example_nested_branch_dag.py
[2026-08-12T04:47:22.413+0000] {processor.py:925} INFO - DAG(s) 'example_nested_branch_dag' retrieved from /home/airflow/.local/lib/python3.12/site-packages/airflow/example_dags/example_nested_branch_dag.py
[2026-08-12T04:47:22.446+0000] {logging_mixin.py:190} INFO - [2026-08-12T04:47:22.446+0000] {dag.py:3211} INFO - Sync 1 DAGs
[2026-08-12T04:47:22.476+0000] {logging_mixin.py:190} INFO - [2026-08-12T04:47:22.475+0000] {dag.py:4138} INFO - Setting next_dagrun for example_nested_branch_dag to 2026-08-11 00:00:00+00:00, run_after=2026-08-12 00:00:00+00:00
[2026-08-12T04:47:22.502+0000] {processor.py:208} INFO - Processing /home/airflow/.local/lib/python3.12/site-packages/airflow/example_dags/example_nested_branch_dag.py took 0.123 seconds
[2026-08-12T04:47:52.871+0000] {processor.py:186} INFO - Started process (PID=1867) to work on /home/airflow/.local/lib/python3.12/site-packages/airflow/example_dags/example_nested_branch_dag.py
[2026-08-12T04:47:52.873+0000] {processor.py:914} INFO - Processing file /home/airflow/.local/lib/python3.12/site-packages/airflow/example_dags/example_nested_branch_dag.py for tasks to queue
[2026-08-12T04:47:52.877+0000] {logging_mixin.py:190} INFO - [2026-08-12T04:47:52.877+0000] {dagbag.py:587} INFO - Filling up the DagBag from /home/airflow/.local/lib/python3.12/site-packages/airflow/example_dags/example_nested_branch_dag.py
[2026-08-12T04:47:52.890+0000] {processor.py:925} INFO - DAG(s) 'example_nested_branch_dag' retrieved from /home/airflow/.local/lib/python3.12/site-packages/airflow/example_dags/example_nested_branch_dag.py
[2026-08-12T04:47:52.928+0000] {logging_mixin.py:190} INFO - [2026-08-12T04:47:52.927+0000] {dag.py:3211} INFO - Sync 1 DAGs
[2026-08-12T04:47:52.956+0000] {logging_mixin.py:190} INFO - [2026-08-12T04:47:52.955+0000] {dag.py:4138} INFO - Setting next_dagrun for example_nested_branch_dag to 2026-08-11 00:00:00+00:00, run_after=2026-08-12 00:00:00+00:00
[2026-08-12T04:47:52.987+0000] {processor.py:208} INFO - Processing /home/airflow/.local/lib/python3.12/site-packages/airflow/example_dags/example_nested_branch_dag.py took 0.121 seconds
[2026-08-12T04:48:23.894+0000] {processor.py:186} INFO - Started process (PID=1929) to work on /home/airflow/.local/lib/python3.12/site-packages/airflow/example_dags/example_nested_branch_dag.py
[2026-08-12T04:48:23.896+0000] {processor.py:914} INFO - Processing file /home/airflow/.local/lib/python3.12/site-packages/airflow/example_dags/example_nested_branch_dag.py for tasks to queue
[2026-08-12T04:48:23.900+0000] {logging_mixin.py:190} INFO - [2026-08-12T04:48:23.900+0000] {dagbag.py:587} INFO - Filling up the DagBag from /home/airflow/.local/lib/python3.12/site-packages/airflow/example_dags/example_nested_branch_dag.py
[2026-08-12T04:48:23.915+0000] {processor.py:925} INFO - DAG(s) 'example_nested_branch_dag' retrieved from /home/airflow/.local/lib/python3.12/site-packages/airflow/example_dags/example_nested_branch_dag.py
[2026-08-12T04:48:23.942+0000] {logging_mixin.py:190} INFO - [2026-08-12T04:48:23.942+0000] {dag.py:3211} INFO - Sync 1 DAGs
[2026-08-12T04:48:23.974+0000] {logging_mixin.py:190} INFO - [2026-08-12T04:48:23.974+0000] {dag.py:4138} INFO - Setting next_dagrun for example_nested_branch_dag to 2026-08-11 00:00:00+00:00, run_after=2026-08-12 00:00:00+00:00
[2026-08-12T04:48:24.006+0000] {processor.py:208} INFO - Processing /home/airflow/.local/lib/python3.12/site-packages/airflow/example_dags/example_nested_branch_dag.py took 0.120 seconds
