[2026-08-12T04:30:44.715+0000] {processor.py:186} INFO - Started process (PID=99) to work on /home/airflow/.local/lib/python3.12/site-packages/airflow/example_dags/example_setup_teardown.py
[2026-08-12T04:30:44.716+0000] {processor.py:914} INFO - Processing file /home/airflow/.local/lib/python3.12/site-packages/airflow/example_dags/example_setup_teardown.py for tasks to queue
[2026-08-12T04:30:44.720+0000] {logging_mixin.py:190} INFO - [2026-08-12T04:30:44.719+0000] {dagbag.py:587} INFO - Filling up the DagBag from /home/airflow/.local/lib/python3.12/site-packages/airflow/example_dags/example_setup_teardown.py
[2026-08-12T04:30:44.733+0000] {processor.py:925} INFO - DAG(s) 'example_setup_teardown' retrieved from /home/airflow/.local/lib/python3.12/site-packages/airflow/example_dags/example_setup_teardown.py
[2026-08-12T04:30:44.873+0000] {logging_mixin.py:190} INFO - [2026-08-12T04:30:44.872+0000] {override.py:1858} INFO - Created Permission View: can delete on DAG:example_setup_teardown
[2026-08-12T04:30:44.886+0000] {logging_mixin.py:190} INFO - [2026-08-12T04:30:44.886+0000] {override.py:1858} INFO - Created Permission View: can read on DAG:example_setup_teardown
[2026-08-12T04:30:44.896+0000] {logging_mixin.py:190} INFO - [2026-08-12T04:30:44.896+0000] {override.py:1858} INFO - Created Permission View: can edit on DAG:example_setup_teardown
[2026-08-12T04:30:44.898+0000] {logging_mixin.py:190} INFO - [2026-08-12T04:30:44.898+0000] {dag.py:3211} INFO - Sync 1 DAGs
[2026-08-12T04:30:44.915+0000] {logging_mixin.py:190} INFO - [2026-08-12T04:30:44.915+0000] {dag.py:3234} INFO - Creating ORM DAG for example_setup_teardown
[2026-08-12T04:30:44.927+0000] {logging_mixin.py:190} INFO - [2026-08-12T04:30:44.927+0000] {dag.py:4138} INFO - Setting next_dagrun for example_setup_teardown to 2026-08-11 00:00:00+00:00, run_after=2026-08-12 00:00:00+00:00
[2026-08-12T04:30:44.947+0000] {processor.py:208} INFO - Processing /home/airflow/.local/lib/python3.12/site-packages/airflow/example_dags/example_setup_teardown.py took 0.239 seconds
[2026-08-12T04:31:15.733+0000] {processor.py:186} INFO - Started process (PID=161) to work on /home/airflow/.local/lib/python3.12/site-packages/airflow/example_dags/example_setup_teardown.py
[2026-08-12T04:31:15.735+0000] {processor.py:914} INFO - Processing file /home/airflow/.local/lib/python3.12/site-packages/airflow/example_dags/example_setup_teardown.py for tasks to queue
[2026-08-12T04:31:15.739+0000] {logging_mixin.py:190} INFO - [2026-08-12T04:31:15.739+0000] {dagbag.py:587} INFO - Filling up the DagBag from /home/airflow/.local/lib/python3.12/site-packages/airflow/example_dags/example_setup_teardown.py
[2026-08-12T04:31:15.747+0000] {processor.py:925} INFO - DAG(s) 'example_setup_teardown' retrieved from /home/airflow/.local/lib/python3.12/site-packages/airflow/example_dags/example_setup_teardown.py
[2026-08-12T04:31:15.769+0000] {logging_mixin.py:190} INFO - [2026-08-12T04:31:15.768+0000] {dag.py:3211} INFO - Sync 1 DAGs
[2026-08-12T04:31:15.791+0000] {logging_mixin.py:190} INFO - [2026-08-12T04:31:15.791+0000] {dag.py:4138} INFO - Setting next_dagrun for example_setup_teardown to 2026-08-11 00:00:00+00:00, run_after=2026-08-12 00:00:00+00:00
[2026-08-12T04:31:15.812+0000] {processor.py:208} INFO - Processing /home/airflow/.local/lib/python3.12/site-packages/airflow/example_dags/example_setup_teardown.py took 0.097 seconds
[2026-08-12T04:31:46.233+0000] {processor.py:186} INFO - Started process (PID=223) to work on /home/airflow/.local/lib/python3.12/site-packages/airflow/example_dags/example_setup_teardown.py
[2026-08-12T04:31:46.235+0000] {processor.py:914} INFO - Processing file /home/airflow/.local/lib/python3.12/site-packages/airflow/example_dags/example_setup_teardown.py for tasks to queue
[2026-08-12T04:31:46.238+0000] {logging_mixin.py:190} INFO - [2026-08-12T04:31:46.238+0000] {dagbag.py:587} INFO - Filling up the DagBag from /home/airflow/.local/lib/python3.12/site-packages/airflow/example_dags/example_setup_teardown.py
[2026-08-12T04:31:46.247+0000] {processor.py:925} INFO - DAG(s) 'example_setup_teardown' retrieved from /home/airflow/.local/lib/python3.12/site-packages/airflow/example_dags/example_setup_teardown.py
[2026-08-12T04:31:46.269+0000] {logging_mixin.py:190} INFO - [2026-08-12T04:31:46.268+0000] {dag.py:3211} INFO - Sync 1 DAGs
[2026-08-12T04:31:46.295+0000] {logging_mixin.py:190} INFO - [2026-08-12T04:31:46.295+0000] {dag.py:4138} INFO - Setting next_dagrun for example_setup_teardown to 2026-08-11 00:00:00+00:00, run_after=2026-08-12 00:00:00+00:00
[2026-08-12T04:31:46.315+0000] {processor.py:208} INFO - Processing /home/airflow/.local/lib/python3.12/site-packages/airflow/example_dags/example_setup_teardown.py took 0.088 seconds
[2026-08-12T04:33:04.931+0000] {processor.py:186} INFO - Started process (PID=85) to work on /home/airflow/.local/lib/python3.12/site-packages/airflow/example_dags/example_setup_teardown.py
[2026-08-12T04:33:04.933+0000] {processor.py:914} INFO - Processing file /home/airflow/.local/lib/python3.12/site-packages/airflow/example_dags/example_setup_teardown.py for tasks to queue
[2026-08-12T04:33:04.937+0000] {logging_mixin.py:190} INFO - [2026-08-12T04:33:04.936+0000] {dagbag.py:587} INFO - Filling up the DagBag from /home/airflow/.local/lib/python3.12/site-packages/airflow/example_dags/example_setup_teardown.py
[2026-08-12T04:33:04.952+0000] {processor.py:925} INFO - DAG(s) 'example_setup_teardown' retrieved from /home/airflow/.local/lib/python3.12/site-packages/airflow/example_dags/example_setup_teardown.py
[2026-08-12T04:33:04.999+0000] {logging_mixin.py:190} INFO - [2026-08-12T04:33:04.998+0000] {dag.py:3211} INFO - Sync 1 DAGs
[2026-08-12T04:33:05.047+0000] {logging_mixin.py:190} INFO - [2026-08-12T04:33:05.047+0000] {dag.py:4138} INFO - Setting next_dagrun for example_setup_teardown to 2026-08-11 00:00:00+00:00, run_after=2026-08-12 00:00:00+00:00
[2026-08-12T04:33:05.087+0000] {processor.py:208} INFO - Processing /home/airflow/.local/lib/python3.12/site-packages/airflow/example_dags/example_setup_teardown.py took 0.166 seconds
[2026-08-12T04:33:35.664+0000] {processor.py:186} INFO - Started process (PID=148) to work on /home/airflow/.local/lib/python3.12/site-packages/airflow/example_dags/example_setup_teardown.py
[2026-08-12T04:33:35.666+0000] {processor.py:914} INFO - Processing file /home/airflow/.local/lib/python3.12/site-packages/airflow/example_dags/example_setup_teardown.py for tasks to queue
[2026-08-12T04:33:35.669+0000] {logging_mixin.py:190} INFO - [2026-08-12T04:33:35.669+0000] {dagbag.py:587} INFO - Filling up the DagBag from /home/airflow/.local/lib/python3.12/site-packages/airflow/example_dags/example_setup_teardown.py
[2026-08-12T04:33:35.678+0000] {processor.py:925} INFO - DAG(s) 'example_setup_teardown' retrieved from /home/airflow/.local/lib/python3.12/site-packages/airflow/example_dags/example_setup_teardown.py
[2026-08-12T04:33:35.700+0000] {logging_mixin.py:190} INFO - [2026-08-12T04:33:35.700+0000] {dag.py:3211} INFO - Sync 1 DAGs
[2026-08-12T04:33:35.723+0000] {logging_mixin.py:190} INFO - [2026-08-12T04:33:35.723+0000] {dag.py:4138} INFO - Setting next_dagrun for example_setup_teardown to 2026-08-11 00:00:00+00:00, run_after=2026-08-12 00:00:00+00:00
[2026-08-12T04:33:35.747+0000] {processor.py:208} INFO - Processing /home/airflow/.local/lib/python3.12/site-packages/airflow/example_dags/example_setup_teardown.py took 0.090 seconds
[2026-08-12T04:34:06.324+0000] {processor.py:186} INFO - Started process (PID=210) to work on /home/airflow/.local/lib/python3.12/site-packages/airflow/example_dags/example_setup_teardown.py
[2026-08-12T04:34:06.326+0000] {processor.py:914} INFO - Processing file /home/airflow/.local/lib/python3.12/site-packages/airflow/example_dags/example_setup_teardown.py for tasks to queue
[2026-08-12T04:34:06.329+0000] {logging_mixin.py:190} INFO - [2026-08-12T04:34:06.329+0000] {dagbag.py:587} INFO - Filling up the DagBag from /home/airflow/.local/lib/python3.12/site-packages/airflow/example_dags/example_setup_teardown.py
[2026-08-12T04:34:06.338+0000] {processor.py:925} INFO - DAG(s) 'example_setup_teardown' retrieved from /home/airflow/.local/lib/python3.12/site-packages/airflow/example_dags/example_setup_teardown.py
[2026-08-12T04:34:06.359+0000] {logging_mixin.py:190} INFO - [2026-08-12T04:34:06.359+0000] {dag.py:3211} INFO - Sync 1 DAGs
[2026-08-12T04:34:06.383+0000] {logging_mixin.py:190} INFO - [2026-08-12T04:34:06.382+0000] {dag.py:4138} INFO - Setting next_dagrun for example_setup_teardown to 2026-08-11 00:00:00+00:00, run_after=2026-08-12 00:00:00+00:00
[2026-08-12T04:34:06.406+0000] {processor.py:208} INFO - Processing /home/airflow/.local/lib/python3.12/site-packages/airflow/example_dags/example_setup_teardown.py took 0.088 seconds
[2026-08-12T04:34:36.712+0000] {processor.py:186} INFO - Started process (PID=272) to work on /home/airflow/.local/lib/python3.12/site-packages/airflow/example_dags/example_setup_teardown.py
[2026-08-12T04:34:36.714+0000] {processor.py:914} INFO - Processing file /home/airflow/.local/lib/python3.12/site-packages/airflow/example_dags/example_setup_teardown.py for tasks to queue
[2026-08-12T04:34:36.717+0000] {logging_mixin.py:190} INFO - [2026-08-12T04:34:36.717+0000] {dagbag.py:587} INFO - Filling up the DagBag from /home/airflow/.local/lib/python3.12/site-packages/airflow/example_dags/example_setup_teardown.py
[2026-08-12T04:34:36.726+0000] {processor.py:925} INFO - DAG(s) 'example_setup_teardown' retrieved from /home/airflow/.local/lib/python3.12/site-packages/airflow/example_dags/example_setup_teardown.py
[2026-08-12T04:34:36.750+0000] {logging_mixin.py:190} INFO - [2026-08-12T04:34:36.749+0000] {dag.py:3211} INFO - Sync 1 DAGs
[2026-08-12T04:34:36.781+0000] {logging_mixin.py:190} INFO - [2026-08-12T04:34:36.781+0000] {dag.py:4138} INFO - Setting next_dagrun for example_setup_teardown to 2026-08-11 00:00:00+00:00, run_after=2026-08-12 00:00:00+00:00
[2026-08-12T04:34:36.810+0000] {processor.py:208} INFO - Processing /home/airflow/.local/lib/python3.12/site-packages/airflow/example_dags/example_setup_teardown.py took 0.108 seconds
[2026-08-12T04:35:07.649+0000] {processor.py:186} INFO - Started process (PID=334) to work on /home/airflow/.local/lib/python3.12/site-packages/airflow/example_dags/example_setup_teardown.py
[2026-08-12T04:35:07.652+0000] {processor.py:914} INFO - Processing file /home/airflow/.local/lib/python3.12/site-packages/airflow/example_dags/example_setup_teardown.py for tasks to queue
[2026-08-12T04:35:07.656+0000] {logging_mixin.py:190} INFO - [2026-08-12T04:35:07.656+0000] {dagbag.py:587} INFO - Filling up the DagBag from /home/airflow/.local/lib/python3.12/site-packages/airflow/example_dags/example_setup_teardown.py
[2026-08-12T04:35:07.668+0000] {processor.py:925} INFO - DAG(s) 'example_setup_teardown' retrieved from /home/airflow/.local/lib/python3.12/site-packages/airflow/example_dags/example_setup_teardown.py
[2026-08-12T04:35:07.691+0000] {logging_mixin.py:190} INFO - [2026-08-12T04:35:07.691+0000] {dag.py:3211} INFO - Sync 1 DAGs
[2026-08-12T04:35:07.715+0000] {logging_mixin.py:190} INFO - [2026-08-12T04:35:07.714+0000] {dag.py:4138} INFO - Setting next_dagrun for example_setup_teardown to 2026-08-11 00:00:00+00:00, run_after=2026-08-12 00:00:00+00:00
[2026-08-12T04:35:07.737+0000] {processor.py:208} INFO - Processing /home/airflow/.local/lib/python3.12/site-packages/airflow/example_dags/example_setup_teardown.py took 0.095 seconds
[2026-08-12T04:35:38.591+0000] {processor.py:186} INFO - Started process (PID=396) to work on /home/airflow/.local/lib/python3.12/site-packages/airflow/example_dags/example_setup_teardown.py
[2026-08-12T04:35:38.593+0000] {processor.py:914} INFO - Processing file /home/airflow/.local/lib/python3.12/site-packages/airflow/example_dags/example_setup_teardown.py for tasks to queue
[2026-08-12T04:35:38.596+0000] {logging_mixin.py:190} INFO - [2026-08-12T04:35:38.596+0000] {dagbag.py:587} INFO - Filling up the DagBag from /home/airflow/.local/lib/python3.12/site-packages/airflow/example_dags/example_setup_teardown.py
[2026-08-12T04:35:38.608+0000] {processor.py:925} INFO - DAG(s) 'example_setup_teardown' retrieved from /home/airflow/.local/lib/python3.12/site-packages/airflow/example_dags/example_setup_teardown.py
[2026-08-12T04:35:38.631+0000] {logging_mixin.py:190} INFO - [2026-08-12T04:35:38.631+0000] {dag.py:3211} INFO - Sync 1 DAGs
[2026-08-12T04:35:38.660+0000] {logging_mixin.py:190} INFO - [2026-08-12T04:35:38.660+0000] {dag.py:4138} INFO - Setting next_dagrun for example_setup_teardown to 2026-08-11 00:00:00+00:00, run_after=2026-08-12 00:00:00+00:00
[2026-08-12T04:35:38.685+0000] {processor.py:208} INFO - Processing /home/airflow/.local/lib/python3.12/site-packages/airflow/example_dags/example_setup_teardown.py took 0.099 seconds
[2026-08-12T04:36:09.428+0000] {processor.py:186} INFO - Started process (PID=458) to work on /home/airflow/.local/lib/python3.12/site-packages/airflow/example_dags/example_setup_teardown.py
[2026-08-12T04:36:09.430+0000] {processor.py:914} INFO - Processing file /home/airflow/.local/lib/python3.12/site-packages/airflow/example_dags/example_setup_teardown.py for tasks to queue
[2026-08-12T04:36:09.433+0000] {logging_mixin.py:190} INFO - [2026-08-12T04:36:09.433+0000] {dagbag.py:587} INFO - Filling up the DagBag from /home/airflow/.local/lib/python3.12/site-packages/airflow/example_dags/example_setup_teardown.py
[2026-08-12T04:36:09.460+0000] {processor.py:925} INFO - DAG(s) 'example_setup_teardown' retrieved from /home/airflow/.local/lib/python3.12/site-packages/airflow/example_dags/example_setup_teardown.py
[2026-08-12T04:36:09.504+0000] {logging_mixin.py:190} INFO - [2026-08-12T04:36:09.503+0000] {dag.py:3211} INFO - Sync 1 DAGs
[2026-08-12T04:36:09.535+0000] {logging_mixin.py:190} INFO - [2026-08-12T04:36:09.534+0000] {dag.py:4138} INFO - Setting next_dagrun for example_setup_teardown to 2026-08-11 00:00:00+00:00, run_after=2026-08-12 00:00:00+00:00
[2026-08-12T04:36:09.579+0000] {processor.py:208} INFO - Processing /home/airflow/.local/lib/python3.12/site-packages/airflow/example_dags/example_setup_teardown.py took 0.158 seconds
[2026-08-12T04:36:40.612+0000] {processor.py:186} INFO - Started process (PID=520) to work on /home/airflow/.local/lib/python3.12/site-packages/airflow/example_dags/example_setup_teardown.py
[2026-08-12T04:36:40.614+0000] {processor.py:914} INFO - Processing file /home/airflow/.local/lib/python3.12/site-packages/airflow/example_dags/example_setup_teardown.py for tasks to queue
[2026-08-12T04:36:40.619+0000] {logging_mixin.py:190} INFO - [2026-08-12T04:36:40.618+0000] {dagbag.py:587} INFO - Filling up the DagBag from /home/airflow/.local/lib/python3.12/site-packages/airflow/example_dags/example_setup_teardown.py
[2026-08-12T04:36:40.635+0000] {processor.py:925} INFO - DAG(s) 'example_setup_teardown' retrieved from /home/airflow/.local/lib/python3.12/site-packages/airflow/example_dags/example_setup_teardown.py
[2026-08-12T04:36:40.668+0000] {logging_mixin.py:190} INFO - [2026-08-12T04:36:40.668+0000] {dag.py:3211} INFO - Sync 1 DAGs
[2026-08-12T04:36:40.697+0000] {logging_mixin.py:190} INFO - [2026-08-12T04:36:40.697+0000] {dag.py:4138} INFO - Setting next_dagrun for example_setup_teardown to 2026-08-11 00:00:00+00:00, run_after=2026-08-12 00:00:00+00:00
[2026-08-12T04:36:40.727+0000] {processor.py:208} INFO - Processing /home/airflow/.local/lib/python3.12/site-packages/airflow/example_dags/example_setup_teardown.py took 0.125 seconds
[2026-08-12T04:37:10.809+0000] {processor.py:186} INFO - Started process (PID=582) to work on /home/airflow/.local/lib/python3.12/site-packages/airflow/example_dags/example_setup_teardown.py
[2026-08-12T04:37:10.810+0000] {processor.py:914} INFO - Processing file /home/airflow/.local/lib/python3.12/site-packages/airflow/example_dags/example_setup_teardown.py for tasks to queue
[2026-08-12T04:37:10.814+0000] {logging_mixin.py:190} INFO - [2026-08-12T04:37:10.813+0000] {dagbag.py:587} INFO - Filling up the DagBag from /home/airflow/.local/lib/python3.12/site-packages/airflow/example_dags/example_setup_teardown.py
[2026-08-12T04:37:10.823+0000] {processor.py:925} INFO - DAG(s) 'example_setup_teardown' retrieved from /home/airflow/.local/lib/python3.12/site-packages/airflow/example_dags/example_setup_teardown.py
[2026-08-12T04:37:10.846+0000] {logging_mixin.py:190} INFO - [2026-08-12T04:37:10.846+0000] {dag.py:3211} INFO - Sync 1 DAGs
[2026-08-12T04:37:10.869+0000] {logging_mixin.py:190} INFO - [2026-08-12T04:37:10.869+0000] {dag.py:4138} INFO - Setting next_dagrun for example_setup_teardown to 2026-08-11 00:00:00+00:00, run_after=2026-08-12 00:00:00+00:00
[2026-08-12T04:37:10.894+0000] {processor.py:208} INFO - Processing /home/airflow/.local/lib/python3.12/site-packages/airflow/example_dags/example_setup_teardown.py took 0.091 seconds
[2026-08-12T04:37:41.139+0000] {processor.py:186} INFO - Started process (PID=643) to work on /home/airflow/.local/lib/python3.12/site-packages/airflow/example_dags/example_setup_teardown.py
[2026-08-12T04:37:41.141+0000] {processor.py:914} INFO - Processing file /home/airflow/.local/lib/python3.12/site-packages/airflow/example_dags/example_setup_teardown.py for tasks to queue
[2026-08-12T04:37:41.144+0000] {logging_mixin.py:190} INFO - [2026-08-12T04:37:41.143+0000] {dagbag.py:587} INFO - Filling up the DagBag from /home/airflow/.local/lib/python3.12/site-packages/airflow/example_dags/example_setup_teardown.py
[2026-08-12T04:37:41.152+0000] {processor.py:925} INFO - DAG(s) 'example_setup_teardown' retrieved from /home/airflow/.local/lib/python3.12/site-packages/airflow/example_dags/example_setup_teardown.py
[2026-08-12T04:37:41.177+0000] {logging_mixin.py:190} INFO - [2026-08-12T04:37:41.176+0000] {dag.py:3211} INFO - Sync 1 DAGs
[2026-08-12T04:37:41.203+0000] {logging_mixin.py:190} INFO - [2026-08-12T04:37:41.202+0000] {dag.py:4138} INFO - Setting next_dagrun for example_setup_teardown to 2026-08-11 00:00:00+00:00, run_after=2026-08-12 00:00:00+00:00
[2026-08-12T04:37:41.229+0000] {processor.py:208} INFO - Processing /home/airflow/.local/lib/python3.12/site-packages/airflow/example_dags/example_setup_teardown.py took 0.097 seconds
[2026-08-12T04:38:12.099+0000] {processor.py:186} INFO - Started process (PID=705) to work on /home/airflow/.local/lib/python3.12/site-packages/airflow/example_dags/example_setup_teardown.py
[2026-08-12T04:38:12.101+0000] {processor.py:914} INFO - Processing file /home/airflow/.local/lib/python3.12/site-packages/airflow/example_dags/example_setup_teardown.py for tasks to queue
[2026-08-12T04:38:12.105+0000] {logging_mixin.py:190} INFO - [2026-08-12T04:38:12.105+0000] {dagbag.py:587} INFO - Filling up the DagBag from /home/airflow/.local/lib/python3.12/site-packages/airflow/example_dags/example_setup_teardown.py
[2026-08-12T04:38:12.117+0000] {processor.py:925} INFO - DAG(s) 'example_setup_teardown' retrieved from /home/airflow/.local/lib/python3.12/site-packages/airflow/example_dags/example_setup_teardown.py
[2026-08-12T04:38:12.143+0000] {logging_mixin.py:190} INFO - [2026-08-12T04:38:12.143+0000] {dag.py:3211} INFO - Sync 1 DAGs
[2026-08-12T04:38:12.167+0000] {logging_mixin.py:190} INFO - [2026-08-12T04:38:12.167+0000] {dag.py:4138} INFO - Setting next_dagrun for example_setup_teardown to 2026-08-11 00:00:00+00:00, run_after=2026-08-12 00:00:00+00:00
[2026-08-12T04:38:12.189+0000] {processor.py:208} INFO - Processing /home/airflow/.local/lib/python3.12/site-packages/airflow/example_dags/example_setup_teardown.py took 0.102 seconds
[2026-08-12T04:38:43.189+0000] {processor.py:186} INFO - Started process (PID=768) to work on /home/airflow/.local/lib/python3.12/site-packages/airflow/example_dags/example_setup_teardown.py
[2026-08-12T04:38:43.192+0000] {processor.py:914} INFO - Processing file /home/airflow/.local/lib/python3.12/site-packages/airflow/example_dags/example_setup_teardown.py for tasks to queue
[2026-08-12T04:38:43.196+0000] {logging_mixin.py:190} INFO - [2026-08-12T04:38:43.195+0000] {dagbag.py:587} INFO - Filling up the DagBag from /home/airflow/.local/lib/python3.12/site-packages/airflow/example_dags/example_setup_teardown.py
[2026-08-12T04:38:43.207+0000] {processor.py:925} INFO - DAG(s) 'example_setup_teardown' retrieved from /home/airflow/.local/lib/python3.12/site-packages/airflow/example_dags/example_setup_teardown.py
[2026-08-12T04:38:43.235+0000] {logging_mixin.py:190} INFO - [2026-08-12T04:38:43.235+0000] {dag.py:3211} INFO - Sync 1 DAGs
[2026-08-12T04:38:43.271+0000] {logging_mixin.py:190} INFO - [2026-08-12T04:38:43.270+0000] {dag.py:4138} INFO - Setting next_dagrun for example_setup_teardown to 2026-08-11 00:00:00+00:00, run_after=2026-08-12 00:00:00+00:00
[2026-08-12T04:38:43.302+0000] {processor.py:208} INFO - Processing /home/airflow/.local/lib/python3.12/site-packages/airflow/example_dags/example_setup_teardown.py took 0.120 seconds
[2026-08-12T04:39:13.587+0000] {processor.py:186} INFO - Started process (PID=830) to work on /home/airflow/.local/lib/python3.12/site-packages/airflow/example_dags/example_setup_teardown.py
[2026-08-12T04:39:13.589+0000] {processor.py:914} INFO - Processing file /home/airflow/.local/lib/python3.12/site-packages/airflow/example_dags/example_setup_teardown.py for tasks to queue
[2026-08-12T04:39:13.593+0000] {logging_mixin.py:190} INFO - [2026-08-12T04:39:13.592+0000] {dagbag.py:587} INFO - Filling up the DagBag from /home/airflow/.local/lib/python3.12/site-packages/airflow/example_dags/example_setup_teardown.py
[2026-08-12T04:39:13.603+0000] {processor.py:925} INFO - DAG(s) 'example_setup_teardown' retrieved from /home/airflow/.local/lib/python3.12/site-packages/airflow/example_dags/example_setup_teardown.py
[2026-08-12T04:39:13.628+0000] {logging_mixin.py:190} INFO - [2026-08-12T04:39:13.628+0000] {dag.py:3211} INFO - Sync 1 DAGs
[2026-08-12T04:39:13.654+0000] {logging_mixin.py:190} INFO - [2026-08-12T04:39:13.653+0000] {dag.py:4138} INFO - Setting next_dagrun for example_setup_teardown to 2026-08-11 00:00:00+00:00, run_after=2026-08-12 00:00:00+00:00
[2026-08-12T04:39:13.692+0000] {processor.py:208} INFO - Processing /home/airflow/.local/lib/python3.12/site-packages/airflow/example_dags/example_setup_teardown.py took 0.111 seconds
[2026-08-12T04:39:44.436+0000] {processor.py:186} INFO - Started process (PID=892) to work on /home/airflow/.local/lib/python3.12/site-packages/airflow/example_dags/example_setup_teardown.py
[2026-08-12T04:39:44.438+0000] {processor.py:914} INFO - Processing file /home/airflow/.local/lib/python3.12/site-packages/airflow/example_dags/example_setup_teardown.py for tasks to queue
[2026-08-12T04:39:44.442+0000] {logging_mixin.py:190} INFO - [2026-08-12T04:39:44.441+0000] {dagbag.py:587} INFO - Filling up the DagBag from /home/airflow/.local/lib/python3.12/site-packages/airflow/example_dags/example_setup_teardown.py
[2026-08-12T04:39:44.470+0000] {processor.py:925} INFO - DAG(s) 'example_setup_teardown' retrieved from /home/airflow/.local/lib/python3.12/site-packages/airflow/example_dags/example_setup_teardown.py
[2026-08-12T04:39:44.495+0000] {logging_mixin.py:190} INFO - [2026-08-12T04:39:44.495+0000] {dag.py:3211} INFO - Sync 1 DAGs
[2026-08-12T04:39:44.521+0000] {logging_mixin.py:190} INFO - [2026-08-12T04:39:44.521+0000] {dag.py:4138} INFO - Setting next_dagrun for example_setup_teardown to 2026-08-11 00:00:00+00:00, run_after=2026-08-12 00:00:00+00:00
[2026-08-12T04:39:44.551+0000] {processor.py:208} INFO - Processing /home/airflow/.local/lib/python3.12/site-packages/airflow/example_dags/example_setup_teardown.py took 0.123 seconds
[2026-08-12T04:40:15.212+0000] {processor.py:186} INFO - Started process (PID=954) to work on /home/airflow/.local/lib/python3.12/site-packages/airflow/example_dags/example_setup_teardown.py
[2026-08-12T04:40:15.215+0000] {processor.py:914} INFO - Processing file /home/airflow/.local/lib/python3.12/site-packages/airflow/example_dags/example_setup_teardown.py for tasks to queue
[2026-08-12T04:40:15.219+0000] {logging_mixin.py:190} INFO - [2026-08-12T04:40:15.218+0000] {dagbag.py:587} INFO - Filling up the DagBag from /home/airflow/.local/lib/python3.12/site-packages/airflow/example_dags/example_setup_teardown.py
[2026-08-12T04:40:15.229+0000] {processor.py:925} INFO - DAG(s) 'example_setup_teardown' retrieved from /home/airflow/.local/lib/python3.12/site-packages/airflow/example_dags/example_setup_teardown.py
[2026-08-12T04:40:15.256+0000] {logging_mixin.py:190} INFO - [2026-08-12T04:40:15.255+0000] {dag.py:3211} INFO - Sync 1 DAGs
[2026-08-12T04:40:15.281+0000] {logging_mixin.py:190} INFO - [2026-08-12T04:40:15.280+0000] {dag.py:4138} INFO - Setting next_dagrun for example_setup_teardown to 2026-08-11 00:00:00+00:00, run_after=2026-08-12 00:00:00+00:00
[2026-08-12T04:40:15.313+0000] {processor.py:208} INFO - Processing /home/airflow/.local/lib/python3.12/site-packages/airflow/example_dags/example_setup_teardown.py took 0.108 seconds
[2026-08-12T04:40:45.769+0000] {processor.py:186} INFO - Started process (PID=1016) to work on /home/airflow/.local/lib/python3.12/site-packages/airflow/example_dags/example_setup_teardown.py
[2026-08-12T04:40:45.771+0000] {processor.py:914} INFO - Processing file /home/airflow/.local/lib/python3.12/site-packages/airflow/example_dags/example_setup_teardown.py for tasks to queue
[2026-08-12T04:40:45.774+0000] {logging_mixin.py:190} INFO - [2026-08-12T04:40:45.774+0000] {dagbag.py:587} INFO - Filling up the DagBag from /home/airflow/.local/lib/python3.12/site-packages/airflow/example_dags/example_setup_teardown.py
[2026-08-12T04:40:45.784+0000] {processor.py:925} INFO - DAG(s) 'example_setup_teardown' retrieved from /home/airflow/.local/lib/python3.12/site-packages/airflow/example_dags/example_setup_teardown.py
[2026-08-12T04:40:45.807+0000] {logging_mixin.py:190} INFO - [2026-08-12T04:40:45.807+0000] {dag.py:3211} INFO - Sync 1 DAGs
[2026-08-12T04:40:45.830+0000] {logging_mixin.py:190} INFO - [2026-08-12T04:40:45.829+0000] {dag.py:4138} INFO - Setting next_dagrun for example_setup_teardown to 2026-08-11 00:00:00+00:00, run_after=2026-08-12 00:00:00+00:00
[2026-08-12T04:40:45.861+0000] {processor.py:208} INFO - Processing /home/airflow/.local/lib/python3.12/site-packages/airflow/example_dags/example_setup_teardown.py took 0.098 seconds
[2026-08-12T04:41:16.679+0000] {processor.py:186} INFO - Started process (PID=1078) to work on /home/airflow/.local/lib/python3.12/site-packages/airflow/example_dags/example_setup_teardown.py
[2026-08-12T04:41:16.681+0000] {processor.py:914} INFO - Processing file /home/airflow/.local/lib/python3.12/site-packages/airflow/example_dags/example_setup_teardown.py for tasks to queue
[2026-08-12T04:41:16.685+0000] {logging_mixin.py:190} INFO - [2026-08-12T04:41:16.685+0000] {dagbag.py:587} INFO - Filling up the DagBag from /home/airflow/.local/lib/python3.12/site-packages/airflow/example_dags/example_setup_teardown.py
[2026-08-12T04:41:16.697+0000] {processor.py:925} INFO - DAG(s) 'example_setup_teardown' retrieved from /home/airflow/.local/lib/python3.12/site-packages/airflow/example_dags/example_setup_teardown.py
[2026-08-12T04:41:16.725+0000] {logging_mixin.py:190} INFO - [2026-08-12T04:41:16.725+0000] {dag.py:3211} INFO - Sync 1 DAGs
[2026-08-12T04:41:16.755+0000] {logging_mixin.py:190} INFO - [2026-08-12T04:41:16.755+0000] {dag.py:4138} INFO - Setting next_dagrun for example_setup_teardown to 2026-08-11 00:00:00+00:00, run_after=2026-08-12 00:00:00+00:00
[2026-08-12T04:41:16.777+0000] {processor.py:208} INFO - Processing /home/airflow/.local/lib/python3.12/site-packages/airflow/example_dags/example_setup_teardown.py took 0.112 seconds
[2026-08-12T04:41:47.249+0000] {processor.py:186} INFO - Started process (PID=1140) to work on /home/airflow/.local/lib/python3.12/site-packages/airflow/example_dags/example_setup_teardown.py
[2026-08-12T04:41:47.251+0000] {processor.py:914} INFO - Processing file /home/airflow/.local/lib/python3.12/site-packages/airflow/example_dags/example_setup_teardown.py for tasks to queue
[2026-08-12T04:41:47.254+0000] {logging_mixin.py:190} INFO - [2026-08-12T04:41:47.254+0000] {dagbag.py:587} INFO - Filling up the DagBag from /home/airflow/.local/lib/python3.12/site-packages/airflow/example_dags/example_setup_teardown.py
[2026-08-12T04:41:47.265+0000] {processor.py:925} INFO - DAG(s) 'example_setup_teardown' retrieved from /home/airflow/.local/lib/python3.12/site-packages/airflow/example_dags/example_setup_teardown.py
[2026-08-12T04:41:47.288+0000] {logging_mixin.py:190} INFO - [2026-08-12T04:41:47.287+0000] {dag.py:3211} INFO - Sync 1 DAGs
[2026-08-12T04:41:47.328+0000] {logging_mixin.py:190} INFO - [2026-08-12T04:41:47.327+0000] {dag.py:4138} INFO - Setting next_dagrun for example_setup_teardown to 2026-08-11 00:00:00+00:00, run_after=2026-08-12 00:00:00+00:00
[2026-08-12T04:41:47.352+0000] {processor.py:208} INFO - Processing /home/airflow/.local/lib/python3.12/site-packages/airflow/example_dags/example_setup_teardown.py took 0.108 seconds
[2026-08-12T04:42:18.056+0000] {processor.py:186} INFO - Started process (PID=1202) to work on /home/airflow/.local/lib/python3.12/site-packages/airflow/example_dags/example_setup_teardown.py
[2026-08-12T04:42:18.058+0000] {processor.py:914} INFO - Processing file /home/airflow/.local/lib/python3.12/site-packages/airflow/example_dags/example_setup_teardown.py for tasks to queue
[2026-08-12T04:42:18.061+0000] {logging_mixin.py:190} INFO - [2026-08-12T04:42:18.061+0000] {dagbag.py:587} INFO - Filling up the DagBag from /home/airflow/.local/lib/python3.12/site-packages/airflow/example_dags/example_setup_teardown.py
[2026-08-12T04:42:18.071+0000] {processor.py:925} INFO - DAG(s) 'example_setup_teardown' retrieved from /home/airflow/.local/lib/python3.12/site-packages/airflow/example_dags/example_setup_teardown.py
[2026-08-12T04:42:18.093+0000] {logging_mixin.py:190} INFO - [2026-08-12T04:42:18.093+0000] {dag.py:3211} INFO - Sync 1 DAGs
[2026-08-12T04:42:18.118+0000] {logging_mixin.py:190} INFO - [2026-08-12T04:42:18.118+0000] {dag.py:4138} INFO - Setting next_dagrun for example_setup_teardown to 2026-08-11 00:00:00+00:00, run_after=2026-08-12 00:00:00+00:00
[2026-08-12T04:42:18.142+0000] {processor.py:208} INFO - Processing /home/airflow/.local/lib/python3.12/site-packages/airflow/example_dags/example_setup_teardown.py took 0.095 seconds
[2026-08-12T04:42:48.753+0000] {processor.py:186} INFO - Started process (PID=1264) to work on /home/airflow/.local/lib/python3.12/site-packages/airflow/example_dags/example_setup_teardown.py
[2026-08-12T04:42:48.754+0000] {processor.py:914} INFO - Processing file /home/airflow/.local/lib/python3.12/site-packages/airflow/example_dags/example_setup_teardown.py for tasks to queue
[2026-08-12T04:42:48.757+0000] {logging_mixin.py:190} INFO - [2026-08-12T04:42:48.756+0000] {dagbag.py:587} INFO - Filling up the DagBag from /home/airflow/.local/lib/python3.12/site-packages/airflow/example_dags/example_setup_teardown.py
[2026-08-12T04:42:48.765+0000] {processor.py:925} INFO - DAG(s) 'example_setup_teardown' retrieved from /home/airflow/.local/lib/python3.12/site-packages/airflow/example_dags/example_setup_teardown.py
[2026-08-12T04:42:48.786+0000] {logging_mixin.py:190} INFO - [2026-08-12T04:42:48.786+0000] {dag.py:3211} INFO - Sync 1 DAGs
[2026-08-12T04:42:48.809+0000] {logging_mixin.py:190} INFO - [2026-08-12T04:42:48.808+0000] {dag.py:4138} INFO - Setting next_dagrun for example_setup_teardown to 2026-08-11 00:00:00+00:00, run_after=2026-08-12 00:00:00+00:00
[2026-08-12T04:42:48.831+0000] {processor.py:208} INFO - Processing /home/airflow/.local/lib/python3.12/site-packages/airflow/example_dags/example_setup_teardown.py took 0.083 seconds
[2026-08-12T04:43:19.283+0000] {processor.py:186} INFO - Started process (PID=1326) to work on /home/airflow/.local/lib/python3.12/site-packages/airflow/example_dags/example_setup_teardown.py
[2026-08-12T04:43:19.285+0000] {processor.py:914} INFO - Processing file /home/airflow/.local/lib/python3.12/site-packages/airflow/example_dags/example_setup_teardown.py for tasks to queue
[2026-08-12T04:43:19.289+0000] {logging_mixin.py:190} INFO - [2026-08-12T04:43:19.288+0000] {dagbag.py:587} INFO - Filling up the DagBag from /home/airflow/.local/lib/python3.12/site-packages/airflow/example_dags/example_setup_teardown.py
[2026-08-12T04:43:19.302+0000] {processor.py:925} INFO - DAG(s) 'example_setup_teardown' retrieved from /home/airflow/.local/lib/python3.12/site-packages/airflow/example_dags/example_setup_teardown.py
[2026-08-12T04:43:19.333+0000] {logging_mixin.py:190} INFO - [2026-08-12T04:43:19.332+0000] {dag.py:3211} INFO - Sync 1 DAGs
[2026-08-12T04:43:19.368+0000] {logging_mixin.py:190} INFO - [2026-08-12T04:43:19.368+0000] {dag.py:4138} INFO - Setting next_dagrun for example_setup_teardown to 2026-08-11 00:00:00+00:00, run_after=2026-08-12 00:00:00+00:00
[2026-08-12T04:43:19.399+0000] {processor.py:208} INFO - Processing /home/airflow/.local/lib/python3.12/site-packages/airflow/example_dags/example_setup_teardown.py took 0.121 seconds
[2026-08-12T04:43:50.173+0000] {processor.py:186} INFO - Started process (PID=1388) to work on /home/airflow/.local/lib/python3.12/site-packages/airflow/example_dags/example_setup_teardown.py
[2026-08-12T04:43:50.174+0000] {processor.py:914} INFO - Processing file /home/airflow/.local/lib/python3.12/site-packages/airflow/example_dags/example_setup_teardown.py for tasks to queue
[2026-08-12T04:43:50.177+0000] {logging_mixin.py:190} INFO - [2026-08-12T04:43:50.177+0000] {dagbag.py:587} INFO - Filling up the DagBag from /home/airflow/.local/lib/python3.12/site-packages/airflow/example_dags/example_setup_teardown.py
[2026-08-12T04:43:50.199+0000] {processor.py:925} INFO - DAG(s) 'example_setup_teardown' retrieved from /home/airflow/.local/lib/python3.12/site-packages/airflow/example_dags/example_setup_teardown.py
[2026-08-12T04:43:50.222+0000] {logging_mixin.py:190} INFO - [2026-08-12T04:43:50.222+0000] {dag.py:3211} INFO - Sync 1 DAGs
[2026-08-12T04:43:50.250+0000] {logging_mixin.py:190} INFO - [2026-08-12T04:43:50.250+0000] {dag.py:4138} INFO - Setting next_dagrun for example_setup_teardown to 2026-08-11 00:00:00+00:00, run_after=2026-08-12 00:00:00+00:00
[2026-08-12T04:43:50.278+0000] {processor.py:208} INFO - Processing /home/airflow/.local/lib/python3.12/site-packages/airflow/example_dags/example_setup_teardown.py took 0.111 seconds
[2026-08-12T04:44:20.829+0000] {processor.py:186} INFO - Started process (PID=1450) to work on /home/airflow/.local/lib/python3.12/site-packages/airflow/example_dags/example_setup_teardown.py
[2026-08-12T04:44:20.831+0000] {processor.py:914} INFO - Processing file /home/airflow/.local/lib/python3.12/site-packages/airflow/example_dags/example_setup_teardown.py for tasks to queue
[2026-08-12T04:44:20.835+0000] {logging_mixin.py:190} INFO - [2026-08-12T04:44:20.835+0000] {dagbag.py:587} INFO - Filling up the DagBag from /home/airflow/.local/lib/python3.12/site-packages/airflow/example_dags/example_setup_teardown.py
[2026-08-12T04:44:20.850+0000] {processor.py:925} INFO - DAG(s) 'example_setup_teardown' retrieved from /home/airflow/.local/lib/python3.12/site-packages/airflow/example_dags/example_setup_teardown.py
[2026-08-12T04:44:20.888+0000] {logging_mixin.py:190} INFO - [2026-08-12T04:44:20.888+0000] {dag.py:3211} INFO - Sync 1 DAGs
[2026-08-12T04:44:20.928+0000] {logging_mixin.py:190} INFO - [2026-08-12T04:44:20.927+0000] {dag.py:4138} INFO - Setting next_dagrun for example_setup_teardown to 2026-08-11 00:00:00+00:00, run_after=2026-08-12 00:00:00+00:00
[2026-08-12T04:44:20.964+0000] {processor.py:208} INFO - Processing /home/airflow/.local/lib/python3.12/site-packages/airflow/example_dags/example_setup_teardown.py took 0.144 seconds
[2026-08-12T04:44:51.767+0000] {processor.py:186} INFO - Started process (PID=1512) to work on /home/airflow/.local/lib/python3.12/site-packages/airflow/example_dags/example_setup_teardown.py
[2026-08-12T04:44:51.769+0000] {processor.py:914} INFO - Processing file /home/airflow/.local/lib/python3.12/site-packages/airflow/example_dags/example_setup_teardown.py for tasks to queue
[2026-08-12T04:44:51.772+0000] {logging_mixin.py:190} INFO - [2026-08-12T04:44:51.772+0000] {dagbag.py:587} INFO - Filling up the DagBag from /home/airflow/.local/lib/python3.12/site-packages/airflow/example_dags/example_setup_teardown.py
[2026-08-12T04:44:51.782+0000] {processor.py:925} INFO - DAG(s) 'example_setup_teardown' retrieved from /home/airflow/.local/lib/python3.12/site-packages/airflow/example_dags/example_setup_teardown.py
[2026-08-12T04:44:51.808+0000] {logging_mixin.py:190} INFO - [2026-08-12T04:44:51.807+0000] {dag.py:3211} INFO - Sync 1 DAGs
[2026-08-12T04:44:51.845+0000] {logging_mixin.py:190} INFO - [2026-08-12T04:44:51.845+0000] {dag.py:4138} INFO - Setting next_dagrun for example_setup_teardown to 2026-08-11 00:00:00+00:00, run_after=2026-08-12 00:00:00+00:00
[2026-08-12T04:44:51.883+0000] {processor.py:208} INFO - Processing /home/airflow/.local/lib/python3.12/site-packages/airflow/example_dags/example_setup_teardown.py took 0.123 seconds
[2026-08-12T04:45:22.335+0000] {processor.py:186} INFO - Started process (PID=1574) to work on /home/airflow/.local/lib/python3.12/site-packages/airflow/example_dags/example_setup_teardown.py
[2026-08-12T04:45:22.337+0000] {processor.py:914} INFO - Processing file /home/airflow/.local/lib/python3.12/site-packages/airflow/example_dags/example_setup_teardown.py for tasks to queue
[2026-08-12T04:45:22.340+0000] {logging_mixin.py:190} INFO - [2026-08-12T04:45:22.339+0000] {dagbag.py:587} INFO - Filling up the DagBag from /home/airflow/.local/lib/python3.12/site-packages/airflow/example_dags/example_setup_teardown.py
[2026-08-12T04:45:22.348+0000] {processor.py:925} INFO - DAG(s) 'example_setup_teardown' retrieved from /home/airflow/.local/lib/python3.12/site-packages/airflow/example_dags/example_setup_teardown.py
[2026-08-12T04:45:22.369+0000] {logging_mixin.py:190} INFO - [2026-08-12T04:45:22.369+0000] {dag.py:3211} INFO - Sync 1 DAGs
[2026-08-12T04:45:22.392+0000] {logging_mixin.py:190} INFO - [2026-08-12T04:45:22.392+0000] {dag.py:4138} INFO - Setting next_dagrun for example_setup_teardown to 2026-08-11 00:00:00+00:00, run_after=2026-08-12 00:00:00+00:00
[2026-08-12T04:45:22.422+0000] {processor.py:208} INFO - Processing /home/airflow/.local/lib/python3.12/site-packages/airflow/example_dags/example_setup_teardown.py took 0.092 seconds
[2026-08-12T04:45:53.153+0000] {processor.py:186} INFO - Started process (PID=1636) to work on /home/airflow/.local/lib/python3.12/site-packages/airflow/example_dags/example_setup_teardown.py
[2026-08-12T04:45:53.154+0000] {processor.py:914} INFO - Processing file /home/airflow/.local/lib/python3.12/site-packages/airflow/example_dags/example_setup_teardown.py for tasks to queue
[2026-08-12T04:45:53.158+0000] {logging_mixin.py:190} INFO - [2026-08-12T04:45:53.158+0000] {dagbag.py:587} INFO - Filling up the DagBag from /home/airflow/.local/lib/python3.12/site-packages/airflow/example_dags/example_setup_teardown.py
[2026-08-12T04:45:53.180+0000] {processor.py:925} INFO - DAG(s) 'example_setup_teardown' retrieved from /home/airflow/.local/lib/python3.12/site-packages/airflow/example_dags/example_setup_teardown.py
[2026-08-12T04:45:53.207+0000] {logging_mixin.py:190} INFO - [2026-08-12T04:45:53.207+0000] {dag.py:3211} INFO - Sync 1 DAGs
[2026-08-12T04:45:53.230+0000] {logging_mixin.py:190} INFO - [2026-08-12T04:45:53.230+0000] {dag.py:4138} INFO - Setting next_dagrun for example_setup_teardown to 2026-08-11 00:00:00+00:00, run_after=2026-08-12 00:00:00+00:00
[2026-08-12T04:45:53.267+0000] {processor.py:208} INFO - Processing /home/airflow/.local/lib/python3.12/site-packages/airflow/example_dags/example_setup_teardown.py took 0.122 seconds
[2026-08-12T04:46:23.829+0000] {processor.py:186} INFO - Started process (PID=1698) to work on /home/airflow/.local/lib/python3.12/site-packages/airflow/example_dags/example_setup_teardown.py
[2026-08-12T04:46:23.830+0000] {processor.py:914} INFO - Processing file /home/airflow/.local/lib/python3.12/site-packages/airflow/example_dags/example_setup_teardown.py for tasks to queue
[2026-08-12T04:46:23.833+0000] {logging_mixin.py:190} INFO - [2026-08-12T04:46:23.833+0000] {dagbag.py:587} INFO - Filling up the DagBag from /home/airflow/.local/lib/python3.12/site-packages/airflow/example_dags/example_setup_teardown.py
[2026-08-12T04:46:23.843+0000] {processor.py:925} INFO - DAG(s) 'example_setup_teardown' retrieved from /home/airflow/.local/lib/python3.12/site-packages/airflow/example_dags/example_setup_teardown.py
[2026-08-12T04:46:23.868+0000] {logging_mixin.py:190} INFO - [2026-08-12T04:46:23.868+0000] {dag.py:3211} INFO - Sync 1 DAGs
[2026-08-12T04:46:23.897+0000] {logging_mixin.py:190} INFO - [2026-08-12T04:46:23.897+0000] {dag.py:4138} INFO - Setting next_dagrun for example_setup_teardown to 2026-08-11 00:00:00+00:00, run_after=2026-08-12 00:00:00+00:00
[2026-08-12T04:46:23.931+0000] {processor.py:208} INFO - Processing /home/airflow/.local/lib/python3.12/site-packages/airflow/example_dags/example_setup_teardown.py took 0.107 seconds
[2026-08-12T04:46:54.624+0000] {processor.py:186} INFO - Started process (PID=1760) to work on /home/airflow/.local/lib/python3.12/site-packages/airflow/example_dags/example_setup_teardown.py
[2026-08-12T04:46:54.628+0000] {processor.py:914} INFO - Processing file /home/airflow/.local/lib/python3.12/site-packages/airflow/example_dags/example_setup_teardown.py for tasks to queue
[2026-08-12T04:46:54.633+0000] {logging_mixin.py:190} INFO - [2026-08-12T04:46:54.633+0000] {dagbag.py:587} INFO - Filling up the DagBag from /home/airflow/.local/lib/python3.12/site-packages/airflow/example_dags/example_setup_teardown.py
[2026-08-12T04:46:54.653+0000] {processor.py:925} INFO - DAG(s) 'example_setup_teardown' retrieved from /home/airflow/.local/lib/python3.12/site-packages/airflow/example_dags/example_setup_teardown.py
[2026-08-12T04:46:54.688+0000] {logging_mixin.py:190} INFO - [2026-08-12T04:46:54.688+0000] {dag.py:3211} INFO - Sync 1 DAGs
[2026-08-12T04:46:54.723+0000] {logging_mixin.py:190} INFO - [2026-08-12T04:46:54.722+0000] {dag.py:4138} INFO - Setting next_dagrun for example_setup_teardown to 2026-08-11 00:00:00+00:00, run_after=2026-08-12 00:00:00+00:00
[2026-08-12T04:46:54.749+0000] {processor.py:208} INFO - Processing /home/airflow/.local/lib/python3.12/site-packages/airflow/example_dags/example_setup_teardown.py took 0.135 seconds
[2026-08-12T04:47:24.811+0000] {processor.py:186} INFO - Started process (PID=1821) to work on /home/airflow/.local/lib/python3.12/site-packages/airflow/example_dags/example_setup_teardown.py
[2026-08-12T04:47:24.813+0000] {processor.py:914} INFO - Processing file /home/airflow/.local/lib/python3.12/site-packages/airflow/example_dags/example_setup_teardown.py for tasks to queue
[2026-08-12T04:47:24.816+0000] {logging_mixin.py:190} INFO - [2026-08-12T04:47:24.816+0000] {dagbag.py:587} INFO - Filling up the DagBag from /home/airflow/.local/lib/python3.12/site-packages/airflow/example_dags/example_setup_teardown.py
[2026-08-12T04:47:24.824+0000] {processor.py:925} INFO - DAG(s) 'example_setup_teardown' retrieved from /home/airflow/.local/lib/python3.12/site-packages/airflow/example_dags/example_setup_teardown.py
[2026-08-12T04:47:24.846+0000] {logging_mixin.py:190} INFO - [2026-08-12T04:47:24.846+0000] {dag.py:3211} INFO - Sync 1 DAGs
[2026-08-12T04:47:24.871+0000] {logging_mixin.py:190} INFO - [2026-08-12T04:47:24.871+0000] {dag.py:4138} INFO - Setting next_dagrun for example_setup_teardown to 2026-08-11 00:00:00+00:00, run_after=2026-08-12 00:00:00+00:00
[2026-08-12T04:47:24.896+0000] {processor.py:208} INFO - Processing /home/airflow/.local/lib/python3.12/site-packages/airflow/example_dags/example_setup_teardown.py took 0.091 seconds
[2026-08-12T04:47:55.523+0000] {processor.py:186} INFO - Started process (PID=1883) to work on /home/airflow/.local/lib/python3.12/site-packages/airflow/example_dags/example_setup_teardown.py
[2026-08-12T04:47:55.525+0000] {processor.py:914} INFO - Processing file /home/airflow/.local/lib/python3.12/site-packages/airflow/example_dags/example_setup_teardown.py for tasks to queue
[2026-08-12T04:47:55.529+0000] {logging_mixin.py:190} INFO - [2026-08-12T04:47:55.529+0000] {dagbag.py:587} INFO - Filling up the DagBag from /home/airflow/.local/lib/python3.12/site-packages/airflow/example_dags/example_setup_teardown.py
[2026-08-12T04:47:55.538+0000] {processor.py:925} INFO - DAG(s) 'example_setup_teardown' retrieved from /home/airflow/.local/lib/python3.12/site-packages/airflow/example_dags/example_setup_teardown.py
[2026-08-12T04:47:55.564+0000] {logging_mixin.py:190} INFO - [2026-08-12T04:47:55.563+0000] {dag.py:3211} INFO - Sync 1 DAGs
[2026-08-12T04:47:55.589+0000] {logging_mixin.py:190} INFO - [2026-08-12T04:47:55.588+0000] {dag.py:4138} INFO - Setting next_dagrun for example_setup_teardown to 2026-08-11 00:00:00+00:00, run_after=2026-08-12 00:00:00+00:00
[2026-08-12T04:47:55.629+0000] {processor.py:208} INFO - Processing /home/airflow/.local/lib/python3.12/site-packages/airflow/example_dags/example_setup_teardown.py took 0.111 seconds
