[2026-08-12T04:30:43.836+0000] {processor.py:186} INFO - Started process (PID=94) to work on /home/airflow/.local/lib/python3.12/site-packages/airflow/example_dags/example_branch_operator_decorator.py
[2026-08-12T04:30:43.838+0000] {processor.py:914} INFO - Processing file /home/airflow/.local/lib/python3.12/site-packages/airflow/example_dags/example_branch_operator_decorator.py for tasks to queue
[2026-08-12T04:30:43.843+0000] {logging_mixin.py:190} INFO - [2026-08-12T04:30:43.842+0000] {dagbag.py:587} INFO - Filling up the DagBag from /home/airflow/.local/lib/python3.12/site-packages/airflow/example_dags/example_branch_operator_decorator.py
[2026-08-12T04:30:43.866+0000] {processor.py:925} INFO - DAG(s) 'example_branch_python_operator_decorator' retrieved from /home/airflow/.local/lib/python3.12/site-packages/airflow/example_dags/example_branch_operator_decorator.py
[2026-08-12T04:30:44.002+0000] {logging_mixin.py:190} INFO - [2026-08-12T04:30:44.001+0000] {override.py:1858} INFO - Created Permission View: can delete on DAG:example_branch_python_operator_decorator
[2026-08-12T04:30:44.015+0000] {logging_mixin.py:190} INFO - [2026-08-12T04:30:44.015+0000] {override.py:1858} INFO - Created Permission View: can read on DAG:example_branch_python_operator_decorator
[2026-08-12T04:30:44.027+0000] {logging_mixin.py:190} INFO - [2026-08-12T04:30:44.026+0000] {override.py:1858} INFO - Created Permission View: can edit on DAG:example_branch_python_operator_decorator
[2026-08-12T04:30:44.028+0000] {logging_mixin.py:190} INFO - [2026-08-12T04:30:44.028+0000] {dag.py:3211} INFO - Sync 1 DAGs
[2026-08-12T04:30:44.046+0000] {logging_mixin.py:190} INFO - [2026-08-12T04:30:44.045+0000] {dag.py:3234} INFO - Creating ORM DAG for example_branch_python_operator_decorator
[2026-08-12T04:30:44.074+0000] {logging_mixin.py:190} INFO - [2026-08-12T04:30:44.074+0000] {dag.py:4138} INFO - Setting next_dagrun for example_branch_python_operator_decorator to 2026-08-11 00:00:00+00:00, run_after=2026-08-12 00:00:00+00:00
[2026-08-12T04:30:44.099+0000] {processor.py:208} INFO - Processing /home/airflow/.local/lib/python3.12/site-packages/airflow/example_dags/example_branch_operator_decorator.py took 0.272 seconds
[2026-08-12T04:31:14.244+0000] {processor.py:186} INFO - Started process (PID=156) to work on /home/airflow/.local/lib/python3.12/site-packages/airflow/example_dags/example_branch_operator_decorator.py
[2026-08-12T04:31:14.246+0000] {processor.py:914} INFO - Processing file /home/airflow/.local/lib/python3.12/site-packages/airflow/example_dags/example_branch_operator_decorator.py for tasks to queue
[2026-08-12T04:31:14.249+0000] {logging_mixin.py:190} INFO - [2026-08-12T04:31:14.249+0000] {dagbag.py:587} INFO - Filling up the DagBag from /home/airflow/.local/lib/python3.12/site-packages/airflow/example_dags/example_branch_operator_decorator.py
[2026-08-12T04:31:14.270+0000] {processor.py:925} INFO - DAG(s) 'example_branch_python_operator_decorator' retrieved from /home/airflow/.local/lib/python3.12/site-packages/airflow/example_dags/example_branch_operator_decorator.py
[2026-08-12T04:31:14.296+0000] {logging_mixin.py:190} INFO - [2026-08-12T04:31:14.296+0000] {dag.py:3211} INFO - Sync 1 DAGs
[2026-08-12T04:31:14.317+0000] {logging_mixin.py:190} INFO - [2026-08-12T04:31:14.317+0000] {dag.py:4138} INFO - Setting next_dagrun for example_branch_python_operator_decorator to 2026-08-11 00:00:00+00:00, run_after=2026-08-12 00:00:00+00:00
[2026-08-12T04:31:14.340+0000] {processor.py:208} INFO - Processing /home/airflow/.local/lib/python3.12/site-packages/airflow/example_dags/example_branch_operator_decorator.py took 0.102 seconds
[2026-08-12T04:31:44.907+0000] {processor.py:186} INFO - Started process (PID=218) to work on /home/airflow/.local/lib/python3.12/site-packages/airflow/example_dags/example_branch_operator_decorator.py
[2026-08-12T04:31:44.908+0000] {processor.py:914} INFO - Processing file /home/airflow/.local/lib/python3.12/site-packages/airflow/example_dags/example_branch_operator_decorator.py for tasks to queue
[2026-08-12T04:31:44.913+0000] {logging_mixin.py:190} INFO - [2026-08-12T04:31:44.913+0000] {dagbag.py:587} INFO - Filling up the DagBag from /home/airflow/.local/lib/python3.12/site-packages/airflow/example_dags/example_branch_operator_decorator.py
[2026-08-12T04:31:44.933+0000] {processor.py:925} INFO - DAG(s) 'example_branch_python_operator_decorator' retrieved from /home/airflow/.local/lib/python3.12/site-packages/airflow/example_dags/example_branch_operator_decorator.py
[2026-08-12T04:31:44.964+0000] {logging_mixin.py:190} INFO - [2026-08-12T04:31:44.964+0000] {dag.py:3211} INFO - Sync 1 DAGs
[2026-08-12T04:31:44.990+0000] {logging_mixin.py:190} INFO - [2026-08-12T04:31:44.990+0000] {dag.py:4138} INFO - Setting next_dagrun for example_branch_python_operator_decorator to 2026-08-11 00:00:00+00:00, run_after=2026-08-12 00:00:00+00:00
[2026-08-12T04:31:45.013+0000] {processor.py:208} INFO - Processing /home/airflow/.local/lib/python3.12/site-packages/airflow/example_dags/example_branch_operator_decorator.py took 0.113 seconds
[2026-08-12T04:33:04.158+0000] {processor.py:186} INFO - Started process (PID=80) to work on /home/airflow/.local/lib/python3.12/site-packages/airflow/example_dags/example_branch_operator_decorator.py
[2026-08-12T04:33:04.164+0000] {processor.py:914} INFO - Processing file /home/airflow/.local/lib/python3.12/site-packages/airflow/example_dags/example_branch_operator_decorator.py for tasks to queue
[2026-08-12T04:33:04.170+0000] {logging_mixin.py:190} INFO - [2026-08-12T04:33:04.169+0000] {dagbag.py:587} INFO - Filling up the DagBag from /home/airflow/.local/lib/python3.12/site-packages/airflow/example_dags/example_branch_operator_decorator.py
[2026-08-12T04:33:04.229+0000] {processor.py:925} INFO - DAG(s) 'example_branch_python_operator_decorator' retrieved from /home/airflow/.local/lib/python3.12/site-packages/airflow/example_dags/example_branch_operator_decorator.py
[2026-08-12T04:33:04.456+0000] {logging_mixin.py:190} INFO - [2026-08-12T04:33:04.456+0000] {dag.py:3211} INFO - Sync 1 DAGs
[2026-08-12T04:33:04.500+0000] {logging_mixin.py:190} INFO - [2026-08-12T04:33:04.499+0000] {dag.py:4138} INFO - Setting next_dagrun for example_branch_python_operator_decorator to 2026-08-11 00:00:00+00:00, run_after=2026-08-12 00:00:00+00:00
[2026-08-12T04:33:04.537+0000] {processor.py:208} INFO - Processing /home/airflow/.local/lib/python3.12/site-packages/airflow/example_dags/example_branch_operator_decorator.py took 0.391 seconds
[2026-08-12T04:33:34.991+0000] {processor.py:186} INFO - Started process (PID=143) to work on /home/airflow/.local/lib/python3.12/site-packages/airflow/example_dags/example_branch_operator_decorator.py
[2026-08-12T04:33:34.994+0000] {processor.py:914} INFO - Processing file /home/airflow/.local/lib/python3.12/site-packages/airflow/example_dags/example_branch_operator_decorator.py for tasks to queue
[2026-08-12T04:33:34.999+0000] {logging_mixin.py:190} INFO - [2026-08-12T04:33:34.999+0000] {dagbag.py:587} INFO - Filling up the DagBag from /home/airflow/.local/lib/python3.12/site-packages/airflow/example_dags/example_branch_operator_decorator.py
[2026-08-12T04:33:35.037+0000] {processor.py:925} INFO - DAG(s) 'example_branch_python_operator_decorator' retrieved from /home/airflow/.local/lib/python3.12/site-packages/airflow/example_dags/example_branch_operator_decorator.py
[2026-08-12T04:33:35.084+0000] {logging_mixin.py:190} INFO - [2026-08-12T04:33:35.084+0000] {dag.py:3211} INFO - Sync 1 DAGs
[2026-08-12T04:33:35.124+0000] {logging_mixin.py:190} INFO - [2026-08-12T04:33:35.123+0000] {dag.py:4138} INFO - Setting next_dagrun for example_branch_python_operator_decorator to 2026-08-11 00:00:00+00:00, run_after=2026-08-12 00:00:00+00:00
[2026-08-12T04:33:35.169+0000] {processor.py:208} INFO - Processing /home/airflow/.local/lib/python3.12/site-packages/airflow/example_dags/example_branch_operator_decorator.py took 0.189 seconds
[2026-08-12T04:34:05.872+0000] {processor.py:186} INFO - Started process (PID=205) to work on /home/airflow/.local/lib/python3.12/site-packages/airflow/example_dags/example_branch_operator_decorator.py
[2026-08-12T04:34:05.874+0000] {processor.py:914} INFO - Processing file /home/airflow/.local/lib/python3.12/site-packages/airflow/example_dags/example_branch_operator_decorator.py for tasks to queue
[2026-08-12T04:34:05.877+0000] {logging_mixin.py:190} INFO - [2026-08-12T04:34:05.877+0000] {dagbag.py:587} INFO - Filling up the DagBag from /home/airflow/.local/lib/python3.12/site-packages/airflow/example_dags/example_branch_operator_decorator.py
[2026-08-12T04:34:05.902+0000] {processor.py:925} INFO - DAG(s) 'example_branch_python_operator_decorator' retrieved from /home/airflow/.local/lib/python3.12/site-packages/airflow/example_dags/example_branch_operator_decorator.py
[2026-08-12T04:34:05.933+0000] {logging_mixin.py:190} INFO - [2026-08-12T04:34:05.932+0000] {dag.py:3211} INFO - Sync 1 DAGs
[2026-08-12T04:34:05.958+0000] {logging_mixin.py:190} INFO - [2026-08-12T04:34:05.958+0000] {dag.py:4138} INFO - Setting next_dagrun for example_branch_python_operator_decorator to 2026-08-11 00:00:00+00:00, run_after=2026-08-12 00:00:00+00:00
[2026-08-12T04:34:05.982+0000] {processor.py:208} INFO - Processing /home/airflow/.local/lib/python3.12/site-packages/airflow/example_dags/example_branch_operator_decorator.py took 0.117 seconds
[2026-08-12T04:34:36.263+0000] {processor.py:186} INFO - Started process (PID=267) to work on /home/airflow/.local/lib/python3.12/site-packages/airflow/example_dags/example_branch_operator_decorator.py
[2026-08-12T04:34:36.264+0000] {processor.py:914} INFO - Processing file /home/airflow/.local/lib/python3.12/site-packages/airflow/example_dags/example_branch_operator_decorator.py for tasks to queue
[2026-08-12T04:34:36.268+0000] {logging_mixin.py:190} INFO - [2026-08-12T04:34:36.267+0000] {dagbag.py:587} INFO - Filling up the DagBag from /home/airflow/.local/lib/python3.12/site-packages/airflow/example_dags/example_branch_operator_decorator.py
[2026-08-12T04:34:36.294+0000] {processor.py:925} INFO - DAG(s) 'example_branch_python_operator_decorator' retrieved from /home/airflow/.local/lib/python3.12/site-packages/airflow/example_dags/example_branch_operator_decorator.py
[2026-08-12T04:34:36.335+0000] {logging_mixin.py:190} INFO - [2026-08-12T04:34:36.334+0000] {dag.py:3211} INFO - Sync 1 DAGs
[2026-08-12T04:34:36.368+0000] {logging_mixin.py:190} INFO - [2026-08-12T04:34:36.368+0000] {dag.py:4138} INFO - Setting next_dagrun for example_branch_python_operator_decorator to 2026-08-11 00:00:00+00:00, run_after=2026-08-12 00:00:00+00:00
[2026-08-12T04:34:36.411+0000] {processor.py:208} INFO - Processing /home/airflow/.local/lib/python3.12/site-packages/airflow/example_dags/example_branch_operator_decorator.py took 0.155 seconds
[2026-08-12T04:35:07.190+0000] {processor.py:186} INFO - Started process (PID=329) to work on /home/airflow/.local/lib/python3.12/site-packages/airflow/example_dags/example_branch_operator_decorator.py
[2026-08-12T04:35:07.193+0000] {processor.py:914} INFO - Processing file /home/airflow/.local/lib/python3.12/site-packages/airflow/example_dags/example_branch_operator_decorator.py for tasks to queue
[2026-08-12T04:35:07.197+0000] {logging_mixin.py:190} INFO - [2026-08-12T04:35:07.196+0000] {dagbag.py:587} INFO - Filling up the DagBag from /home/airflow/.local/lib/python3.12/site-packages/airflow/example_dags/example_branch_operator_decorator.py
[2026-08-12T04:35:07.226+0000] {processor.py:925} INFO - DAG(s) 'example_branch_python_operator_decorator' retrieved from /home/airflow/.local/lib/python3.12/site-packages/airflow/example_dags/example_branch_operator_decorator.py
[2026-08-12T04:35:07.270+0000] {logging_mixin.py:190} INFO - [2026-08-12T04:35:07.270+0000] {dag.py:3211} INFO - Sync 1 DAGs
[2026-08-12T04:35:07.305+0000] {logging_mixin.py:190} INFO - [2026-08-12T04:35:07.304+0000] {dag.py:4138} INFO - Setting next_dagrun for example_branch_python_operator_decorator to 2026-08-11 00:00:00+00:00, run_after=2026-08-12 00:00:00+00:00
[2026-08-12T04:35:07.329+0000] {processor.py:208} INFO - Processing /home/airflow/.local/lib/python3.12/site-packages/airflow/example_dags/example_branch_operator_decorator.py took 0.145 seconds
[2026-08-12T04:35:37.997+0000] {processor.py:186} INFO - Started process (PID=391) to work on /home/airflow/.local/lib/python3.12/site-packages/airflow/example_dags/example_branch_operator_decorator.py
[2026-08-12T04:35:37.999+0000] {processor.py:914} INFO - Processing file /home/airflow/.local/lib/python3.12/site-packages/airflow/example_dags/example_branch_operator_decorator.py for tasks to queue
[2026-08-12T04:35:38.004+0000] {logging_mixin.py:190} INFO - [2026-08-12T04:35:38.004+0000] {dagbag.py:587} INFO - Filling up the DagBag from /home/airflow/.local/lib/python3.12/site-packages/airflow/example_dags/example_branch_operator_decorator.py
[2026-08-12T04:35:38.038+0000] {processor.py:925} INFO - DAG(s) 'example_branch_python_operator_decorator' retrieved from /home/airflow/.local/lib/python3.12/site-packages/airflow/example_dags/example_branch_operator_decorator.py
[2026-08-12T04:35:38.091+0000] {logging_mixin.py:190} INFO - [2026-08-12T04:35:38.090+0000] {dag.py:3211} INFO - Sync 1 DAGs
[2026-08-12T04:35:38.184+0000] {logging_mixin.py:190} INFO - [2026-08-12T04:35:38.183+0000] {dag.py:4138} INFO - Setting next_dagrun for example_branch_python_operator_decorator to 2026-08-11 00:00:00+00:00, run_after=2026-08-12 00:00:00+00:00
[2026-08-12T04:35:38.240+0000] {processor.py:208} INFO - Processing /home/airflow/.local/lib/python3.12/site-packages/airflow/example_dags/example_branch_operator_decorator.py took 0.266 seconds
[2026-08-12T04:36:08.929+0000] {processor.py:186} INFO - Started process (PID=453) to work on /home/airflow/.local/lib/python3.12/site-packages/airflow/example_dags/example_branch_operator_decorator.py
[2026-08-12T04:36:08.931+0000] {processor.py:914} INFO - Processing file /home/airflow/.local/lib/python3.12/site-packages/airflow/example_dags/example_branch_operator_decorator.py for tasks to queue
[2026-08-12T04:36:08.934+0000] {logging_mixin.py:190} INFO - [2026-08-12T04:36:08.933+0000] {dagbag.py:587} INFO - Filling up the DagBag from /home/airflow/.local/lib/python3.12/site-packages/airflow/example_dags/example_branch_operator_decorator.py
[2026-08-12T04:36:08.956+0000] {processor.py:925} INFO - DAG(s) 'example_branch_python_operator_decorator' retrieved from /home/airflow/.local/lib/python3.12/site-packages/airflow/example_dags/example_branch_operator_decorator.py
[2026-08-12T04:36:08.994+0000] {logging_mixin.py:190} INFO - [2026-08-12T04:36:08.994+0000] {dag.py:3211} INFO - Sync 1 DAGs
[2026-08-12T04:36:09.030+0000] {logging_mixin.py:190} INFO - [2026-08-12T04:36:09.029+0000] {dag.py:4138} INFO - Setting next_dagrun for example_branch_python_operator_decorator to 2026-08-11 00:00:00+00:00, run_after=2026-08-12 00:00:00+00:00
[2026-08-12T04:36:09.066+0000] {processor.py:208} INFO - Processing /home/airflow/.local/lib/python3.12/site-packages/airflow/example_dags/example_branch_operator_decorator.py took 0.142 seconds
[2026-08-12T04:36:40.016+0000] {processor.py:186} INFO - Started process (PID=515) to work on /home/airflow/.local/lib/python3.12/site-packages/airflow/example_dags/example_branch_operator_decorator.py
[2026-08-12T04:36:40.019+0000] {processor.py:914} INFO - Processing file /home/airflow/.local/lib/python3.12/site-packages/airflow/example_dags/example_branch_operator_decorator.py for tasks to queue
[2026-08-12T04:36:40.023+0000] {logging_mixin.py:190} INFO - [2026-08-12T04:36:40.022+0000] {dagbag.py:587} INFO - Filling up the DagBag from /home/airflow/.local/lib/python3.12/site-packages/airflow/example_dags/example_branch_operator_decorator.py
[2026-08-12T04:36:40.049+0000] {processor.py:925} INFO - DAG(s) 'example_branch_python_operator_decorator' retrieved from /home/airflow/.local/lib/python3.12/site-packages/airflow/example_dags/example_branch_operator_decorator.py
[2026-08-12T04:36:40.089+0000] {logging_mixin.py:190} INFO - [2026-08-12T04:36:40.088+0000] {dag.py:3211} INFO - Sync 1 DAGs
[2026-08-12T04:36:40.117+0000] {logging_mixin.py:190} INFO - [2026-08-12T04:36:40.117+0000] {dag.py:4138} INFO - Setting next_dagrun for example_branch_python_operator_decorator to 2026-08-11 00:00:00+00:00, run_after=2026-08-12 00:00:00+00:00
[2026-08-12T04:36:40.148+0000] {processor.py:208} INFO - Processing /home/airflow/.local/lib/python3.12/site-packages/airflow/example_dags/example_branch_operator_decorator.py took 0.139 seconds
[2026-08-12T04:37:10.312+0000] {processor.py:186} INFO - Started process (PID=577) to work on /home/airflow/.local/lib/python3.12/site-packages/airflow/example_dags/example_branch_operator_decorator.py
[2026-08-12T04:37:10.314+0000] {processor.py:914} INFO - Processing file /home/airflow/.local/lib/python3.12/site-packages/airflow/example_dags/example_branch_operator_decorator.py for tasks to queue
[2026-08-12T04:37:10.318+0000] {logging_mixin.py:190} INFO - [2026-08-12T04:37:10.318+0000] {dagbag.py:587} INFO - Filling up the DagBag from /home/airflow/.local/lib/python3.12/site-packages/airflow/example_dags/example_branch_operator_decorator.py
[2026-08-12T04:37:10.348+0000] {processor.py:925} INFO - DAG(s) 'example_branch_python_operator_decorator' retrieved from /home/airflow/.local/lib/python3.12/site-packages/airflow/example_dags/example_branch_operator_decorator.py
[2026-08-12T04:37:10.397+0000] {logging_mixin.py:190} INFO - [2026-08-12T04:37:10.396+0000] {dag.py:3211} INFO - Sync 1 DAGs
[2026-08-12T04:37:10.445+0000] {logging_mixin.py:190} INFO - [2026-08-12T04:37:10.445+0000] {dag.py:4138} INFO - Setting next_dagrun for example_branch_python_operator_decorator to 2026-08-11 00:00:00+00:00, run_after=2026-08-12 00:00:00+00:00
[2026-08-12T04:37:10.486+0000] {processor.py:208} INFO - Processing /home/airflow/.local/lib/python3.12/site-packages/airflow/example_dags/example_branch_operator_decorator.py took 0.182 seconds
[2026-08-12T04:37:40.851+0000] {processor.py:186} INFO - Started process (PID=639) to work on /home/airflow/.local/lib/python3.12/site-packages/airflow/example_dags/example_branch_operator_decorator.py
[2026-08-12T04:37:40.854+0000] {processor.py:914} INFO - Processing file /home/airflow/.local/lib/python3.12/site-packages/airflow/example_dags/example_branch_operator_decorator.py for tasks to queue
[2026-08-12T04:37:40.859+0000] {logging_mixin.py:190} INFO - [2026-08-12T04:37:40.858+0000] {dagbag.py:587} INFO - Filling up the DagBag from /home/airflow/.local/lib/python3.12/site-packages/airflow/example_dags/example_branch_operator_decorator.py
[2026-08-12T04:37:40.888+0000] {processor.py:925} INFO - DAG(s) 'example_branch_python_operator_decorator' retrieved from /home/airflow/.local/lib/python3.12/site-packages/airflow/example_dags/example_branch_operator_decorator.py
[2026-08-12T04:37:40.921+0000] {logging_mixin.py:190} INFO - [2026-08-12T04:37:40.921+0000] {dag.py:3211} INFO - Sync 1 DAGs
[2026-08-12T04:37:40.948+0000] {logging_mixin.py:190} INFO - [2026-08-12T04:37:40.948+0000] {dag.py:4138} INFO - Setting next_dagrun for example_branch_python_operator_decorator to 2026-08-11 00:00:00+00:00, run_after=2026-08-12 00:00:00+00:00
[2026-08-12T04:37:40.973+0000] {processor.py:208} INFO - Processing /home/airflow/.local/lib/python3.12/site-packages/airflow/example_dags/example_branch_operator_decorator.py took 0.131 seconds
[2026-08-12T04:38:11.680+0000] {processor.py:186} INFO - Started process (PID=701) to work on /home/airflow/.local/lib/python3.12/site-packages/airflow/example_dags/example_branch_operator_decorator.py
[2026-08-12T04:38:11.682+0000] {processor.py:914} INFO - Processing file /home/airflow/.local/lib/python3.12/site-packages/airflow/example_dags/example_branch_operator_decorator.py for tasks to queue
[2026-08-12T04:38:11.685+0000] {logging_mixin.py:190} INFO - [2026-08-12T04:38:11.685+0000] {dagbag.py:587} INFO - Filling up the DagBag from /home/airflow/.local/lib/python3.12/site-packages/airflow/example_dags/example_branch_operator_decorator.py
[2026-08-12T04:38:11.712+0000] {processor.py:925} INFO - DAG(s) 'example_branch_python_operator_decorator' retrieved from /home/airflow/.local/lib/python3.12/site-packages/airflow/example_dags/example_branch_operator_decorator.py
[2026-08-12T04:38:11.780+0000] {logging_mixin.py:190} INFO - [2026-08-12T04:38:11.779+0000] {dag.py:3211} INFO - Sync 1 DAGs
[2026-08-12T04:38:11.809+0000] {logging_mixin.py:190} INFO - [2026-08-12T04:38:11.809+0000] {dag.py:4138} INFO - Setting next_dagrun for example_branch_python_operator_decorator to 2026-08-11 00:00:00+00:00, run_after=2026-08-12 00:00:00+00:00
[2026-08-12T04:38:11.838+0000] {processor.py:208} INFO - Processing /home/airflow/.local/lib/python3.12/site-packages/airflow/example_dags/example_branch_operator_decorator.py took 0.164 seconds
[2026-08-12T04:38:42.489+0000] {processor.py:186} INFO - Started process (PID=763) to work on /home/airflow/.local/lib/python3.12/site-packages/airflow/example_dags/example_branch_operator_decorator.py
[2026-08-12T04:38:42.491+0000] {processor.py:914} INFO - Processing file /home/airflow/.local/lib/python3.12/site-packages/airflow/example_dags/example_branch_operator_decorator.py for tasks to queue
[2026-08-12T04:38:42.497+0000] {logging_mixin.py:190} INFO - [2026-08-12T04:38:42.496+0000] {dagbag.py:587} INFO - Filling up the DagBag from /home/airflow/.local/lib/python3.12/site-packages/airflow/example_dags/example_branch_operator_decorator.py
[2026-08-12T04:38:42.522+0000] {processor.py:925} INFO - DAG(s) 'example_branch_python_operator_decorator' retrieved from /home/airflow/.local/lib/python3.12/site-packages/airflow/example_dags/example_branch_operator_decorator.py
[2026-08-12T04:38:42.570+0000] {logging_mixin.py:190} INFO - [2026-08-12T04:38:42.569+0000] {dag.py:3211} INFO - Sync 1 DAGs
[2026-08-12T04:38:42.599+0000] {logging_mixin.py:190} INFO - [2026-08-12T04:38:42.598+0000] {dag.py:4138} INFO - Setting next_dagrun for example_branch_python_operator_decorator to 2026-08-11 00:00:00+00:00, run_after=2026-08-12 00:00:00+00:00
[2026-08-12T04:38:42.622+0000] {processor.py:208} INFO - Processing /home/airflow/.local/lib/python3.12/site-packages/airflow/example_dags/example_branch_operator_decorator.py took 0.139 seconds
[2026-08-12T04:39:12.809+0000] {processor.py:186} INFO - Started process (PID=825) to work on /home/airflow/.local/lib/python3.12/site-packages/airflow/example_dags/example_branch_operator_decorator.py
[2026-08-12T04:39:12.811+0000] {processor.py:914} INFO - Processing file /home/airflow/.local/lib/python3.12/site-packages/airflow/example_dags/example_branch_operator_decorator.py for tasks to queue
[2026-08-12T04:39:12.814+0000] {logging_mixin.py:190} INFO - [2026-08-12T04:39:12.813+0000] {dagbag.py:587} INFO - Filling up the DagBag from /home/airflow/.local/lib/python3.12/site-packages/airflow/example_dags/example_branch_operator_decorator.py
[2026-08-12T04:39:12.831+0000] {processor.py:925} INFO - DAG(s) 'example_branch_python_operator_decorator' retrieved from /home/airflow/.local/lib/python3.12/site-packages/airflow/example_dags/example_branch_operator_decorator.py
[2026-08-12T04:39:12.866+0000] {logging_mixin.py:190} INFO - [2026-08-12T04:39:12.865+0000] {dag.py:3211} INFO - Sync 1 DAGs
[2026-08-12T04:39:12.887+0000] {logging_mixin.py:190} INFO - [2026-08-12T04:39:12.886+0000] {dag.py:4138} INFO - Setting next_dagrun for example_branch_python_operator_decorator to 2026-08-11 00:00:00+00:00, run_after=2026-08-12 00:00:00+00:00
[2026-08-12T04:39:12.906+0000] {processor.py:208} INFO - Processing /home/airflow/.local/lib/python3.12/site-packages/airflow/example_dags/example_branch_operator_decorator.py took 0.102 seconds
[2026-08-12T04:39:42.990+0000] {processor.py:186} INFO - Started process (PID=887) to work on /home/airflow/.local/lib/python3.12/site-packages/airflow/example_dags/example_branch_operator_decorator.py
[2026-08-12T04:39:42.992+0000] {processor.py:914} INFO - Processing file /home/airflow/.local/lib/python3.12/site-packages/airflow/example_dags/example_branch_operator_decorator.py for tasks to queue
[2026-08-12T04:39:42.995+0000] {logging_mixin.py:190} INFO - [2026-08-12T04:39:42.994+0000] {dagbag.py:587} INFO - Filling up the DagBag from /home/airflow/.local/lib/python3.12/site-packages/airflow/example_dags/example_branch_operator_decorator.py
[2026-08-12T04:39:43.019+0000] {processor.py:925} INFO - DAG(s) 'example_branch_python_operator_decorator' retrieved from /home/airflow/.local/lib/python3.12/site-packages/airflow/example_dags/example_branch_operator_decorator.py
[2026-08-12T04:39:43.051+0000] {logging_mixin.py:190} INFO - [2026-08-12T04:39:43.050+0000] {dag.py:3211} INFO - Sync 1 DAGs
[2026-08-12T04:39:43.077+0000] {logging_mixin.py:190} INFO - [2026-08-12T04:39:43.076+0000] {dag.py:4138} INFO - Setting next_dagrun for example_branch_python_operator_decorator to 2026-08-11 00:00:00+00:00, run_after=2026-08-12 00:00:00+00:00
[2026-08-12T04:39:43.099+0000] {processor.py:208} INFO - Processing /home/airflow/.local/lib/python3.12/site-packages/airflow/example_dags/example_branch_operator_decorator.py took 0.114 seconds
[2026-08-12T04:40:13.888+0000] {processor.py:186} INFO - Started process (PID=949) to work on /home/airflow/.local/lib/python3.12/site-packages/airflow/example_dags/example_branch_operator_decorator.py
[2026-08-12T04:40:13.890+0000] {processor.py:914} INFO - Processing file /home/airflow/.local/lib/python3.12/site-packages/airflow/example_dags/example_branch_operator_decorator.py for tasks to queue
[2026-08-12T04:40:13.893+0000] {logging_mixin.py:190} INFO - [2026-08-12T04:40:13.893+0000] {dagbag.py:587} INFO - Filling up the DagBag from /home/airflow/.local/lib/python3.12/site-packages/airflow/example_dags/example_branch_operator_decorator.py
[2026-08-12T04:40:13.917+0000] {processor.py:925} INFO - DAG(s) 'example_branch_python_operator_decorator' retrieved from /home/airflow/.local/lib/python3.12/site-packages/airflow/example_dags/example_branch_operator_decorator.py
[2026-08-12T04:40:13.947+0000] {logging_mixin.py:190} INFO - [2026-08-12T04:40:13.947+0000] {dag.py:3211} INFO - Sync 1 DAGs
[2026-08-12T04:40:13.974+0000] {logging_mixin.py:190} INFO - [2026-08-12T04:40:13.973+0000] {dag.py:4138} INFO - Setting next_dagrun for example_branch_python_operator_decorator to 2026-08-11 00:00:00+00:00, run_after=2026-08-12 00:00:00+00:00
[2026-08-12T04:40:14.000+0000] {processor.py:208} INFO - Processing /home/airflow/.local/lib/python3.12/site-packages/airflow/example_dags/example_branch_operator_decorator.py took 0.117 seconds
[2026-08-12T04:40:44.443+0000] {processor.py:186} INFO - Started process (PID=1011) to work on /home/airflow/.local/lib/python3.12/site-packages/airflow/example_dags/example_branch_operator_decorator.py
[2026-08-12T04:40:44.445+0000] {processor.py:914} INFO - Processing file /home/airflow/.local/lib/python3.12/site-packages/airflow/example_dags/example_branch_operator_decorator.py for tasks to queue
[2026-08-12T04:40:44.450+0000] {logging_mixin.py:190} INFO - [2026-08-12T04:40:44.449+0000] {dagbag.py:587} INFO - Filling up the DagBag from /home/airflow/.local/lib/python3.12/site-packages/airflow/example_dags/example_branch_operator_decorator.py
[2026-08-12T04:40:44.480+0000] {processor.py:925} INFO - DAG(s) 'example_branch_python_operator_decorator' retrieved from /home/airflow/.local/lib/python3.12/site-packages/airflow/example_dags/example_branch_operator_decorator.py
[2026-08-12T04:40:44.521+0000] {logging_mixin.py:190} INFO - [2026-08-12T04:40:44.521+0000] {dag.py:3211} INFO - Sync 1 DAGs
[2026-08-12T04:40:44.567+0000] {logging_mixin.py:190} INFO - [2026-08-12T04:40:44.566+0000] {dag.py:4138} INFO - Setting next_dagrun for example_branch_python_operator_decorator to 2026-08-11 00:00:00+00:00, run_after=2026-08-12 00:00:00+00:00
[2026-08-12T04:40:44.594+0000] {processor.py:208} INFO - Processing /home/airflow/.local/lib/python3.12/site-packages/airflow/example_dags/example_branch_operator_decorator.py took 0.160 seconds
[2026-08-12T04:41:15.251+0000] {processor.py:186} INFO - Started process (PID=1073) to work on /home/airflow/.local/lib/python3.12/site-packages/airflow/example_dags/example_branch_operator_decorator.py
[2026-08-12T04:41:15.254+0000] {processor.py:914} INFO - Processing file /home/airflow/.local/lib/python3.12/site-packages/airflow/example_dags/example_branch_operator_decorator.py for tasks to queue
[2026-08-12T04:41:15.259+0000] {logging_mixin.py:190} INFO - [2026-08-12T04:41:15.259+0000] {dagbag.py:587} INFO - Filling up the DagBag from /home/airflow/.local/lib/python3.12/site-packages/airflow/example_dags/example_branch_operator_decorator.py
[2026-08-12T04:41:15.341+0000] {processor.py:925} INFO - DAG(s) 'example_branch_python_operator_decorator' retrieved from /home/airflow/.local/lib/python3.12/site-packages/airflow/example_dags/example_branch_operator_decorator.py
[2026-08-12T04:41:15.387+0000] {logging_mixin.py:190} INFO - [2026-08-12T04:41:15.387+0000] {dag.py:3211} INFO - Sync 1 DAGs
[2026-08-12T04:41:15.420+0000] {logging_mixin.py:190} INFO - [2026-08-12T04:41:15.419+0000] {dag.py:4138} INFO - Setting next_dagrun for example_branch_python_operator_decorator to 2026-08-11 00:00:00+00:00, run_after=2026-08-12 00:00:00+00:00
[2026-08-12T04:41:15.444+0000] {processor.py:208} INFO - Processing /home/airflow/.local/lib/python3.12/site-packages/airflow/example_dags/example_branch_operator_decorator.py took 0.205 seconds
[2026-08-12T04:41:45.917+0000] {processor.py:186} INFO - Started process (PID=1135) to work on /home/airflow/.local/lib/python3.12/site-packages/airflow/example_dags/example_branch_operator_decorator.py
[2026-08-12T04:41:45.919+0000] {processor.py:914} INFO - Processing file /home/airflow/.local/lib/python3.12/site-packages/airflow/example_dags/example_branch_operator_decorator.py for tasks to queue
[2026-08-12T04:41:45.922+0000] {logging_mixin.py:190} INFO - [2026-08-12T04:41:45.922+0000] {dagbag.py:587} INFO - Filling up the DagBag from /home/airflow/.local/lib/python3.12/site-packages/airflow/example_dags/example_branch_operator_decorator.py
[2026-08-12T04:41:45.945+0000] {processor.py:925} INFO - DAG(s) 'example_branch_python_operator_decorator' retrieved from /home/airflow/.local/lib/python3.12/site-packages/airflow/example_dags/example_branch_operator_decorator.py
[2026-08-12T04:41:45.982+0000] {logging_mixin.py:190} INFO - [2026-08-12T04:41:45.982+0000] {dag.py:3211} INFO - Sync 1 DAGs
[2026-08-12T04:41:46.019+0000] {logging_mixin.py:190} INFO - [2026-08-12T04:41:46.019+0000] {dag.py:4138} INFO - Setting next_dagrun for example_branch_python_operator_decorator to 2026-08-11 00:00:00+00:00, run_after=2026-08-12 00:00:00+00:00
[2026-08-12T04:41:46.050+0000] {processor.py:208} INFO - Processing /home/airflow/.local/lib/python3.12/site-packages/airflow/example_dags/example_branch_operator_decorator.py took 0.139 seconds
[2026-08-12T04:42:16.692+0000] {processor.py:186} INFO - Started process (PID=1197) to work on /home/airflow/.local/lib/python3.12/site-packages/airflow/example_dags/example_branch_operator_decorator.py
[2026-08-12T04:42:16.694+0000] {processor.py:914} INFO - Processing file /home/airflow/.local/lib/python3.12/site-packages/airflow/example_dags/example_branch_operator_decorator.py for tasks to queue
[2026-08-12T04:42:16.696+0000] {logging_mixin.py:190} INFO - [2026-08-12T04:42:16.696+0000] {dagbag.py:587} INFO - Filling up the DagBag from /home/airflow/.local/lib/python3.12/site-packages/airflow/example_dags/example_branch_operator_decorator.py
[2026-08-12T04:42:16.715+0000] {processor.py:925} INFO - DAG(s) 'example_branch_python_operator_decorator' retrieved from /home/airflow/.local/lib/python3.12/site-packages/airflow/example_dags/example_branch_operator_decorator.py
[2026-08-12T04:42:16.761+0000] {logging_mixin.py:190} INFO - [2026-08-12T04:42:16.760+0000] {dag.py:3211} INFO - Sync 1 DAGs
[2026-08-12T04:42:16.789+0000] {logging_mixin.py:190} INFO - [2026-08-12T04:42:16.789+0000] {dag.py:4138} INFO - Setting next_dagrun for example_branch_python_operator_decorator to 2026-08-11 00:00:00+00:00, run_after=2026-08-12 00:00:00+00:00
[2026-08-12T04:42:16.816+0000] {processor.py:208} INFO - Processing /home/airflow/.local/lib/python3.12/site-packages/airflow/example_dags/example_branch_operator_decorator.py took 0.129 seconds
[2026-08-12T04:42:47.477+0000] {processor.py:186} INFO - Started process (PID=1259) to work on /home/airflow/.local/lib/python3.12/site-packages/airflow/example_dags/example_branch_operator_decorator.py
[2026-08-12T04:42:47.479+0000] {processor.py:914} INFO - Processing file /home/airflow/.local/lib/python3.12/site-packages/airflow/example_dags/example_branch_operator_decorator.py for tasks to queue
[2026-08-12T04:42:47.482+0000] {logging_mixin.py:190} INFO - [2026-08-12T04:42:47.482+0000] {dagbag.py:587} INFO - Filling up the DagBag from /home/airflow/.local/lib/python3.12/site-packages/airflow/example_dags/example_branch_operator_decorator.py
[2026-08-12T04:42:47.504+0000] {processor.py:925} INFO - DAG(s) 'example_branch_python_operator_decorator' retrieved from /home/airflow/.local/lib/python3.12/site-packages/airflow/example_dags/example_branch_operator_decorator.py
[2026-08-12T04:42:47.533+0000] {logging_mixin.py:190} INFO - [2026-08-12T04:42:47.533+0000] {dag.py:3211} INFO - Sync 1 DAGs
[2026-08-12T04:42:47.559+0000] {logging_mixin.py:190} INFO - [2026-08-12T04:42:47.559+0000] {dag.py:4138} INFO - Setting next_dagrun for example_branch_python_operator_decorator to 2026-08-11 00:00:00+00:00, run_after=2026-08-12 00:00:00+00:00
[2026-08-12T04:42:47.582+0000] {processor.py:208} INFO - Processing /home/airflow/.local/lib/python3.12/site-packages/airflow/example_dags/example_branch_operator_decorator.py took 0.112 seconds
[2026-08-12T04:43:17.989+0000] {processor.py:186} INFO - Started process (PID=1321) to work on /home/airflow/.local/lib/python3.12/site-packages/airflow/example_dags/example_branch_operator_decorator.py
[2026-08-12T04:43:17.991+0000] {processor.py:914} INFO - Processing file /home/airflow/.local/lib/python3.12/site-packages/airflow/example_dags/example_branch_operator_decorator.py for tasks to queue
[2026-08-12T04:43:17.994+0000] {logging_mixin.py:190} INFO - [2026-08-12T04:43:17.994+0000] {dagbag.py:587} INFO - Filling up the DagBag from /home/airflow/.local/lib/python3.12/site-packages/airflow/example_dags/example_branch_operator_decorator.py
[2026-08-12T04:43:18.028+0000] {processor.py:925} INFO - DAG(s) 'example_branch_python_operator_decorator' retrieved from /home/airflow/.local/lib/python3.12/site-packages/airflow/example_dags/example_branch_operator_decorator.py
[2026-08-12T04:43:18.056+0000] {logging_mixin.py:190} INFO - [2026-08-12T04:43:18.056+0000] {dag.py:3211} INFO - Sync 1 DAGs
[2026-08-12T04:43:18.082+0000] {logging_mixin.py:190} INFO - [2026-08-12T04:43:18.082+0000] {dag.py:4138} INFO - Setting next_dagrun for example_branch_python_operator_decorator to 2026-08-11 00:00:00+00:00, run_after=2026-08-12 00:00:00+00:00
[2026-08-12T04:43:18.105+0000] {processor.py:208} INFO - Processing /home/airflow/.local/lib/python3.12/site-packages/airflow/example_dags/example_branch_operator_decorator.py took 0.123 seconds
[2026-08-12T04:43:48.765+0000] {processor.py:186} INFO - Started process (PID=1383) to work on /home/airflow/.local/lib/python3.12/site-packages/airflow/example_dags/example_branch_operator_decorator.py
[2026-08-12T04:43:48.767+0000] {processor.py:914} INFO - Processing file /home/airflow/.local/lib/python3.12/site-packages/airflow/example_dags/example_branch_operator_decorator.py for tasks to queue
[2026-08-12T04:43:48.772+0000] {logging_mixin.py:190} INFO - [2026-08-12T04:43:48.772+0000] {dagbag.py:587} INFO - Filling up the DagBag from /home/airflow/.local/lib/python3.12/site-packages/airflow/example_dags/example_branch_operator_decorator.py
[2026-08-12T04:43:48.797+0000] {processor.py:925} INFO - DAG(s) 'example_branch_python_operator_decorator' retrieved from /home/airflow/.local/lib/python3.12/site-packages/airflow/example_dags/example_branch_operator_decorator.py
[2026-08-12T04:43:48.828+0000] {logging_mixin.py:190} INFO - [2026-08-12T04:43:48.828+0000] {dag.py:3211} INFO - Sync 1 DAGs
[2026-08-12T04:43:48.858+0000] {logging_mixin.py:190} INFO - [2026-08-12T04:43:48.858+0000] {dag.py:4138} INFO - Setting next_dagrun for example_branch_python_operator_decorator to 2026-08-11 00:00:00+00:00, run_after=2026-08-12 00:00:00+00:00
[2026-08-12T04:43:48.905+0000] {processor.py:208} INFO - Processing /home/airflow/.local/lib/python3.12/site-packages/airflow/example_dags/example_branch_operator_decorator.py took 0.148 seconds
[2026-08-12T04:44:19.438+0000] {processor.py:186} INFO - Started process (PID=1445) to work on /home/airflow/.local/lib/python3.12/site-packages/airflow/example_dags/example_branch_operator_decorator.py
[2026-08-12T04:44:19.483+0000] {processor.py:914} INFO - Processing file /home/airflow/.local/lib/python3.12/site-packages/airflow/example_dags/example_branch_operator_decorator.py for tasks to queue
[2026-08-12T04:44:19.488+0000] {logging_mixin.py:190} INFO - [2026-08-12T04:44:19.488+0000] {dagbag.py:587} INFO - Filling up the DagBag from /home/airflow/.local/lib/python3.12/site-packages/airflow/example_dags/example_branch_operator_decorator.py
[2026-08-12T04:44:19.527+0000] {processor.py:925} INFO - DAG(s) 'example_branch_python_operator_decorator' retrieved from /home/airflow/.local/lib/python3.12/site-packages/airflow/example_dags/example_branch_operator_decorator.py
[2026-08-12T04:44:19.571+0000] {logging_mixin.py:190} INFO - [2026-08-12T04:44:19.570+0000] {dag.py:3211} INFO - Sync 1 DAGs
[2026-08-12T04:44:19.605+0000] {logging_mixin.py:190} INFO - [2026-08-12T04:44:19.604+0000] {dag.py:4138} INFO - Setting next_dagrun for example_branch_python_operator_decorator to 2026-08-11 00:00:00+00:00, run_after=2026-08-12 00:00:00+00:00
[2026-08-12T04:44:19.632+0000] {processor.py:208} INFO - Processing /home/airflow/.local/lib/python3.12/site-packages/airflow/example_dags/example_branch_operator_decorator.py took 0.200 seconds
[2026-08-12T04:44:50.347+0000] {processor.py:186} INFO - Started process (PID=1507) to work on /home/airflow/.local/lib/python3.12/site-packages/airflow/example_dags/example_branch_operator_decorator.py
[2026-08-12T04:44:50.349+0000] {processor.py:914} INFO - Processing file /home/airflow/.local/lib/python3.12/site-packages/airflow/example_dags/example_branch_operator_decorator.py for tasks to queue
[2026-08-12T04:44:50.352+0000] {logging_mixin.py:190} INFO - [2026-08-12T04:44:50.352+0000] {dagbag.py:587} INFO - Filling up the DagBag from /home/airflow/.local/lib/python3.12/site-packages/airflow/example_dags/example_branch_operator_decorator.py
[2026-08-12T04:44:50.386+0000] {processor.py:925} INFO - DAG(s) 'example_branch_python_operator_decorator' retrieved from /home/airflow/.local/lib/python3.12/site-packages/airflow/example_dags/example_branch_operator_decorator.py
[2026-08-12T04:44:50.434+0000] {logging_mixin.py:190} INFO - [2026-08-12T04:44:50.434+0000] {dag.py:3211} INFO - Sync 1 DAGs
[2026-08-12T04:44:50.480+0000] {logging_mixin.py:190} INFO - [2026-08-12T04:44:50.480+0000] {dag.py:4138} INFO - Setting next_dagrun for example_branch_python_operator_decorator to 2026-08-11 00:00:00+00:00, run_after=2026-08-12 00:00:00+00:00
[2026-08-12T04:44:50.519+0000] {processor.py:208} INFO - Processing /home/airflow/.local/lib/python3.12/site-packages/airflow/example_dags/example_branch_operator_decorator.py took 0.182 seconds
[2026-08-12T04:45:21.028+0000] {processor.py:186} INFO - Started process (PID=1569) to work on /home/airflow/.local/lib/python3.12/site-packages/airflow/example_dags/example_branch_operator_decorator.py
[2026-08-12T04:45:21.030+0000] {processor.py:914} INFO - Processing file /home/airflow/.local/lib/python3.12/site-packages/airflow/example_dags/example_branch_operator_decorator.py for tasks to queue
[2026-08-12T04:45:21.033+0000] {logging_mixin.py:190} INFO - [2026-08-12T04:45:21.033+0000] {dagbag.py:587} INFO - Filling up the DagBag from /home/airflow/.local/lib/python3.12/site-packages/airflow/example_dags/example_branch_operator_decorator.py
[2026-08-12T04:45:21.062+0000] {processor.py:925} INFO - DAG(s) 'example_branch_python_operator_decorator' retrieved from /home/airflow/.local/lib/python3.12/site-packages/airflow/example_dags/example_branch_operator_decorator.py
[2026-08-12T04:45:21.096+0000] {logging_mixin.py:190} INFO - [2026-08-12T04:45:21.096+0000] {dag.py:3211} INFO - Sync 1 DAGs
[2026-08-12T04:45:21.142+0000] {logging_mixin.py:190} INFO - [2026-08-12T04:45:21.142+0000] {dag.py:4138} INFO - Setting next_dagrun for example_branch_python_operator_decorator to 2026-08-11 00:00:00+00:00, run_after=2026-08-12 00:00:00+00:00
[2026-08-12T04:45:21.166+0000] {processor.py:208} INFO - Processing /home/airflow/.local/lib/python3.12/site-packages/airflow/example_dags/example_branch_operator_decorator.py took 0.146 seconds
[2026-08-12T04:45:51.832+0000] {processor.py:186} INFO - Started process (PID=1631) to work on /home/airflow/.local/lib/python3.12/site-packages/airflow/example_dags/example_branch_operator_decorator.py
[2026-08-12T04:45:51.834+0000] {processor.py:914} INFO - Processing file /home/airflow/.local/lib/python3.12/site-packages/airflow/example_dags/example_branch_operator_decorator.py for tasks to queue
[2026-08-12T04:45:51.837+0000] {logging_mixin.py:190} INFO - [2026-08-12T04:45:51.837+0000] {dagbag.py:587} INFO - Filling up the DagBag from /home/airflow/.local/lib/python3.12/site-packages/airflow/example_dags/example_branch_operator_decorator.py
[2026-08-12T04:45:51.879+0000] {processor.py:925} INFO - DAG(s) 'example_branch_python_operator_decorator' retrieved from /home/airflow/.local/lib/python3.12/site-packages/airflow/example_dags/example_branch_operator_decorator.py
[2026-08-12T04:45:51.911+0000] {logging_mixin.py:190} INFO - [2026-08-12T04:45:51.911+0000] {dag.py:3211} INFO - Sync 1 DAGs
[2026-08-12T04:45:51.938+0000] {logging_mixin.py:190} INFO - [2026-08-12T04:45:51.938+0000] {dag.py:4138} INFO - Setting next_dagrun for example_branch_python_operator_decorator to 2026-08-11 00:00:00+00:00, run_after=2026-08-12 00:00:00+00:00
[2026-08-12T04:45:51.964+0000] {processor.py:208} INFO - Processing /home/airflow/.local/lib/python3.12/site-packages/airflow/example_dags/example_branch_operator_decorator.py took 0.138 seconds
[2026-08-12T04:46:22.514+0000] {processor.py:186} INFO - Started process (PID=1693) to work on /home/airflow/.local/lib/python3.12/site-packages/airflow/example_dags/example_branch_operator_decorator.py
[2026-08-12T04:46:22.515+0000] {processor.py:914} INFO - Processing file /home/airflow/.local/lib/python3.12/site-packages/airflow/example_dags/example_branch_operator_decorator.py for tasks to queue
[2026-08-12T04:46:22.519+0000] {logging_mixin.py:190} INFO - [2026-08-12T04:46:22.518+0000] {dagbag.py:587} INFO - Filling up the DagBag from /home/airflow/.local/lib/python3.12/site-packages/airflow/example_dags/example_branch_operator_decorator.py
[2026-08-12T04:46:22.543+0000] {processor.py:925} INFO - DAG(s) 'example_branch_python_operator_decorator' retrieved from /home/airflow/.local/lib/python3.12/site-packages/airflow/example_dags/example_branch_operator_decorator.py
[2026-08-12T04:46:22.588+0000] {logging_mixin.py:190} INFO - [2026-08-12T04:46:22.587+0000] {dag.py:3211} INFO - Sync 1 DAGs
[2026-08-12T04:46:22.620+0000] {logging_mixin.py:190} INFO - [2026-08-12T04:46:22.620+0000] {dag.py:4138} INFO - Setting next_dagrun for example_branch_python_operator_decorator to 2026-08-11 00:00:00+00:00, run_after=2026-08-12 00:00:00+00:00
[2026-08-12T04:46:22.654+0000] {processor.py:208} INFO - Processing /home/airflow/.local/lib/python3.12/site-packages/airflow/example_dags/example_branch_operator_decorator.py took 0.146 seconds
[2026-08-12T04:46:53.296+0000] {processor.py:186} INFO - Started process (PID=1755) to work on /home/airflow/.local/lib/python3.12/site-packages/airflow/example_dags/example_branch_operator_decorator.py
[2026-08-12T04:46:53.298+0000] {processor.py:914} INFO - Processing file /home/airflow/.local/lib/python3.12/site-packages/airflow/example_dags/example_branch_operator_decorator.py for tasks to queue
[2026-08-12T04:46:53.301+0000] {logging_mixin.py:190} INFO - [2026-08-12T04:46:53.300+0000] {dagbag.py:587} INFO - Filling up the DagBag from /home/airflow/.local/lib/python3.12/site-packages/airflow/example_dags/example_branch_operator_decorator.py
[2026-08-12T04:46:53.327+0000] {processor.py:925} INFO - DAG(s) 'example_branch_python_operator_decorator' retrieved from /home/airflow/.local/lib/python3.12/site-packages/airflow/example_dags/example_branch_operator_decorator.py
[2026-08-12T04:46:53.363+0000] {logging_mixin.py:190} INFO - [2026-08-12T04:46:53.363+0000] {dag.py:3211} INFO - Sync 1 DAGs
[2026-08-12T04:46:53.393+0000] {logging_mixin.py:190} INFO - [2026-08-12T04:46:53.392+0000] {dag.py:4138} INFO - Setting next_dagrun for example_branch_python_operator_decorator to 2026-08-11 00:00:00+00:00, run_after=2026-08-12 00:00:00+00:00
[2026-08-12T04:46:53.419+0000] {processor.py:208} INFO - Processing /home/airflow/.local/lib/python3.12/site-packages/airflow/example_dags/example_branch_operator_decorator.py took 0.131 seconds
[2026-08-12T04:47:24.360+0000] {processor.py:186} INFO - Started process (PID=1817) to work on /home/airflow/.local/lib/python3.12/site-packages/airflow/example_dags/example_branch_operator_decorator.py
[2026-08-12T04:47:24.362+0000] {processor.py:914} INFO - Processing file /home/airflow/.local/lib/python3.12/site-packages/airflow/example_dags/example_branch_operator_decorator.py for tasks to queue
[2026-08-12T04:47:24.365+0000] {logging_mixin.py:190} INFO - [2026-08-12T04:47:24.364+0000] {dagbag.py:587} INFO - Filling up the DagBag from /home/airflow/.local/lib/python3.12/site-packages/airflow/example_dags/example_branch_operator_decorator.py
[2026-08-12T04:47:24.388+0000] {processor.py:925} INFO - DAG(s) 'example_branch_python_operator_decorator' retrieved from /home/airflow/.local/lib/python3.12/site-packages/airflow/example_dags/example_branch_operator_decorator.py
[2026-08-12T04:47:24.418+0000] {logging_mixin.py:190} INFO - [2026-08-12T04:47:24.418+0000] {dag.py:3211} INFO - Sync 1 DAGs
[2026-08-12T04:47:24.450+0000] {logging_mixin.py:190} INFO - [2026-08-12T04:47:24.449+0000] {dag.py:4138} INFO - Setting next_dagrun for example_branch_python_operator_decorator to 2026-08-11 00:00:00+00:00, run_after=2026-08-12 00:00:00+00:00
[2026-08-12T04:47:24.487+0000] {processor.py:208} INFO - Processing /home/airflow/.local/lib/python3.12/site-packages/airflow/example_dags/example_branch_operator_decorator.py took 0.134 seconds
[2026-08-12T04:47:54.979+0000] {processor.py:186} INFO - Started process (PID=1879) to work on /home/airflow/.local/lib/python3.12/site-packages/airflow/example_dags/example_branch_operator_decorator.py
[2026-08-12T04:47:54.981+0000] {processor.py:914} INFO - Processing file /home/airflow/.local/lib/python3.12/site-packages/airflow/example_dags/example_branch_operator_decorator.py for tasks to queue
[2026-08-12T04:47:54.985+0000] {logging_mixin.py:190} INFO - [2026-08-12T04:47:54.985+0000] {dagbag.py:587} INFO - Filling up the DagBag from /home/airflow/.local/lib/python3.12/site-packages/airflow/example_dags/example_branch_operator_decorator.py
[2026-08-12T04:47:55.029+0000] {processor.py:925} INFO - DAG(s) 'example_branch_python_operator_decorator' retrieved from /home/airflow/.local/lib/python3.12/site-packages/airflow/example_dags/example_branch_operator_decorator.py
[2026-08-12T04:47:55.067+0000] {logging_mixin.py:190} INFO - [2026-08-12T04:47:55.066+0000] {dag.py:3211} INFO - Sync 1 DAGs
[2026-08-12T04:47:55.098+0000] {logging_mixin.py:190} INFO - [2026-08-12T04:47:55.098+0000] {dag.py:4138} INFO - Setting next_dagrun for example_branch_python_operator_decorator to 2026-08-11 00:00:00+00:00, run_after=2026-08-12 00:00:00+00:00
[2026-08-12T04:47:55.122+0000] {processor.py:208} INFO - Processing /home/airflow/.local/lib/python3.12/site-packages/airflow/example_dags/example_branch_operator_decorator.py took 0.150 seconds
[2026-08-12T04:48:25.424+0000] {processor.py:186} INFO - Started process (PID=1941) to work on /home/airflow/.local/lib/python3.12/site-packages/airflow/example_dags/example_branch_operator_decorator.py
[2026-08-12T04:48:25.434+0000] {processor.py:914} INFO - Processing file /home/airflow/.local/lib/python3.12/site-packages/airflow/example_dags/example_branch_operator_decorator.py for tasks to queue
[2026-08-12T04:48:25.441+0000] {logging_mixin.py:190} INFO - [2026-08-12T04:48:25.440+0000] {dagbag.py:587} INFO - Filling up the DagBag from /home/airflow/.local/lib/python3.12/site-packages/airflow/example_dags/example_branch_operator_decorator.py
[2026-08-12T04:48:25.511+0000] {processor.py:925} INFO - DAG(s) 'example_branch_python_operator_decorator' retrieved from /home/airflow/.local/lib/python3.12/site-packages/airflow/example_dags/example_branch_operator_decorator.py
[2026-08-12T04:48:25.589+0000] {logging_mixin.py:190} INFO - [2026-08-12T04:48:25.589+0000] {dag.py:3211} INFO - Sync 1 DAGs
[2026-08-12T04:48:25.736+0000] {logging_mixin.py:190} INFO - [2026-08-12T04:48:25.736+0000] {dag.py:4138} INFO - Setting next_dagrun for example_branch_python_operator_decorator to 2026-08-11 00:00:00+00:00, run_after=2026-08-12 00:00:00+00:00
[2026-08-12T04:48:25.785+0000] {processor.py:208} INFO - Processing /home/airflow/.local/lib/python3.12/site-packages/airflow/example_dags/example_branch_operator_decorator.py took 0.373 seconds
[2026-08-12T04:48:56.150+0000] {processor.py:186} INFO - Started process (PID=2003) to work on /home/airflow/.local/lib/python3.12/site-packages/airflow/example_dags/example_branch_operator_decorator.py
[2026-08-12T04:48:56.152+0000] {processor.py:914} INFO - Processing file /home/airflow/.local/lib/python3.12/site-packages/airflow/example_dags/example_branch_operator_decorator.py for tasks to queue
[2026-08-12T04:48:56.155+0000] {logging_mixin.py:190} INFO - [2026-08-12T04:48:56.155+0000] {dagbag.py:587} INFO - Filling up the DagBag from /home/airflow/.local/lib/python3.12/site-packages/airflow/example_dags/example_branch_operator_decorator.py
[2026-08-12T04:48:56.183+0000] {processor.py:925} INFO - DAG(s) 'example_branch_python_operator_decorator' retrieved from /home/airflow/.local/lib/python3.12/site-packages/airflow/example_dags/example_branch_operator_decorator.py
[2026-08-12T04:48:56.227+0000] {logging_mixin.py:190} INFO - [2026-08-12T04:48:56.226+0000] {dag.py:3211} INFO - Sync 1 DAGs
[2026-08-12T04:48:56.258+0000] {logging_mixin.py:190} INFO - [2026-08-12T04:48:56.258+0000] {dag.py:4138} INFO - Setting next_dagrun for example_branch_python_operator_decorator to 2026-08-11 00:00:00+00:00, run_after=2026-08-12 00:00:00+00:00
[2026-08-12T04:48:56.283+0000] {processor.py:208} INFO - Processing /home/airflow/.local/lib/python3.12/site-packages/airflow/example_dags/example_branch_operator_decorator.py took 0.141 seconds
