[2026-08-12T04:30:39.518+0000] {processor.py:186} INFO - Started process (PID=72) to work on /home/airflow/.local/lib/python3.12/site-packages/airflow/example_dags/tutorial_taskflow_api.py
[2026-08-12T04:30:39.522+0000] {processor.py:914} INFO - Processing file /home/airflow/.local/lib/python3.12/site-packages/airflow/example_dags/tutorial_taskflow_api.py for tasks to queue
[2026-08-12T04:30:39.529+0000] {logging_mixin.py:190} INFO - [2026-08-12T04:30:39.528+0000] {dagbag.py:587} INFO - Filling up the DagBag from /home/airflow/.local/lib/python3.12/site-packages/airflow/example_dags/tutorial_taskflow_api.py
[2026-08-12T04:30:39.546+0000] {processor.py:925} INFO - DAG(s) 'tutorial_taskflow_api' retrieved from /home/airflow/.local/lib/python3.12/site-packages/airflow/example_dags/tutorial_taskflow_api.py
[2026-08-12T04:30:39.746+0000] {logging_mixin.py:190} INFO - [2026-08-12T04:30:39.745+0000] {override.py:1858} INFO - Created Permission View: can delete on DAG:tutorial_taskflow_api
[2026-08-12T04:30:39.761+0000] {logging_mixin.py:190} INFO - [2026-08-12T04:30:39.761+0000] {override.py:1858} INFO - Created Permission View: can read on DAG:tutorial_taskflow_api
[2026-08-12T04:30:39.772+0000] {logging_mixin.py:190} INFO - [2026-08-12T04:30:39.772+0000] {override.py:1858} INFO - Created Permission View: can edit on DAG:tutorial_taskflow_api
[2026-08-12T04:30:39.774+0000] {logging_mixin.py:190} INFO - [2026-08-12T04:30:39.774+0000] {dag.py:3211} INFO - Sync 1 DAGs
[2026-08-12T04:30:39.798+0000] {logging_mixin.py:190} INFO - [2026-08-12T04:30:39.798+0000] {dag.py:3234} INFO - Creating ORM DAG for tutorial_taskflow_api
[2026-08-12T04:30:39.802+0000] {logging_mixin.py:190} INFO - [2026-08-12T04:30:39.802+0000] {dag.py:4138} INFO - Setting next_dagrun for tutorial_taskflow_api to None, run_after=None
[2026-08-12T04:30:39.833+0000] {processor.py:208} INFO - Processing /home/airflow/.local/lib/python3.12/site-packages/airflow/example_dags/tutorial_taskflow_api.py took 0.325 seconds
[2026-08-12T04:31:09.940+0000] {processor.py:186} INFO - Started process (PID=134) to work on /home/airflow/.local/lib/python3.12/site-packages/airflow/example_dags/tutorial_taskflow_api.py
[2026-08-12T04:31:09.942+0000] {processor.py:914} INFO - Processing file /home/airflow/.local/lib/python3.12/site-packages/airflow/example_dags/tutorial_taskflow_api.py for tasks to queue
[2026-08-12T04:31:09.945+0000] {logging_mixin.py:190} INFO - [2026-08-12T04:31:09.945+0000] {dagbag.py:587} INFO - Filling up the DagBag from /home/airflow/.local/lib/python3.12/site-packages/airflow/example_dags/tutorial_taskflow_api.py
[2026-08-12T04:31:09.959+0000] {processor.py:925} INFO - DAG(s) 'tutorial_taskflow_api' retrieved from /home/airflow/.local/lib/python3.12/site-packages/airflow/example_dags/tutorial_taskflow_api.py
[2026-08-12T04:31:09.987+0000] {logging_mixin.py:190} INFO - [2026-08-12T04:31:09.984+0000] {dag.py:3211} INFO - Sync 1 DAGs
[2026-08-12T04:31:10.019+0000] {logging_mixin.py:190} INFO - [2026-08-12T04:31:10.018+0000] {dag.py:4138} INFO - Setting next_dagrun for tutorial_taskflow_api to None, run_after=None
[2026-08-12T04:31:10.048+0000] {processor.py:208} INFO - Processing /home/airflow/.local/lib/python3.12/site-packages/airflow/example_dags/tutorial_taskflow_api.py took 0.115 seconds
[2026-08-12T04:31:40.157+0000] {processor.py:186} INFO - Started process (PID=195) to work on /home/airflow/.local/lib/python3.12/site-packages/airflow/example_dags/tutorial_taskflow_api.py
[2026-08-12T04:31:40.159+0000] {processor.py:914} INFO - Processing file /home/airflow/.local/lib/python3.12/site-packages/airflow/example_dags/tutorial_taskflow_api.py for tasks to queue
[2026-08-12T04:31:40.167+0000] {logging_mixin.py:190} INFO - [2026-08-12T04:31:40.166+0000] {dagbag.py:587} INFO - Filling up the DagBag from /home/airflow/.local/lib/python3.12/site-packages/airflow/example_dags/tutorial_taskflow_api.py
[2026-08-12T04:31:40.190+0000] {processor.py:925} INFO - DAG(s) 'tutorial_taskflow_api' retrieved from /home/airflow/.local/lib/python3.12/site-packages/airflow/example_dags/tutorial_taskflow_api.py
[2026-08-12T04:31:40.246+0000] {logging_mixin.py:190} INFO - [2026-08-12T04:31:40.245+0000] {dag.py:3211} INFO - Sync 1 DAGs
[2026-08-12T04:31:40.277+0000] {logging_mixin.py:190} INFO - [2026-08-12T04:31:40.277+0000] {dag.py:4138} INFO - Setting next_dagrun for tutorial_taskflow_api to None, run_after=None
[2026-08-12T04:31:40.321+0000] {processor.py:208} INFO - Processing /home/airflow/.local/lib/python3.12/site-packages/airflow/example_dags/tutorial_taskflow_api.py took 0.172 seconds
[2026-08-12T04:32:10.624+0000] {processor.py:186} INFO - Started process (PID=257) to work on /home/airflow/.local/lib/python3.12/site-packages/airflow/example_dags/tutorial_taskflow_api.py
[2026-08-12T04:32:10.626+0000] {processor.py:914} INFO - Processing file /home/airflow/.local/lib/python3.12/site-packages/airflow/example_dags/tutorial_taskflow_api.py for tasks to queue
[2026-08-12T04:32:10.631+0000] {logging_mixin.py:190} INFO - [2026-08-12T04:32:10.630+0000] {dagbag.py:587} INFO - Filling up the DagBag from /home/airflow/.local/lib/python3.12/site-packages/airflow/example_dags/tutorial_taskflow_api.py
[2026-08-12T04:32:10.639+0000] {processor.py:925} INFO - DAG(s) 'tutorial_taskflow_api' retrieved from /home/airflow/.local/lib/python3.12/site-packages/airflow/example_dags/tutorial_taskflow_api.py
[2026-08-12T04:32:10.665+0000] {logging_mixin.py:190} INFO - [2026-08-12T04:32:10.665+0000] {dag.py:3211} INFO - Sync 1 DAGs
[2026-08-12T04:32:10.682+0000] {logging_mixin.py:190} INFO - [2026-08-12T04:32:10.682+0000] {dag.py:4138} INFO - Setting next_dagrun for tutorial_taskflow_api to None, run_after=None
[2026-08-12T04:32:10.704+0000] {processor.py:208} INFO - Processing /home/airflow/.local/lib/python3.12/site-packages/airflow/example_dags/tutorial_taskflow_api.py took 0.100 seconds
[2026-08-12T04:33:00.371+0000] {processor.py:186} INFO - Started process (PID=58) to work on /home/airflow/.local/lib/python3.12/site-packages/airflow/example_dags/tutorial_taskflow_api.py
[2026-08-12T04:33:00.383+0000] {processor.py:914} INFO - Processing file /home/airflow/.local/lib/python3.12/site-packages/airflow/example_dags/tutorial_taskflow_api.py for tasks to queue
[2026-08-12T04:33:00.390+0000] {logging_mixin.py:190} INFO - [2026-08-12T04:33:00.390+0000] {dagbag.py:587} INFO - Filling up the DagBag from /home/airflow/.local/lib/python3.12/site-packages/airflow/example_dags/tutorial_taskflow_api.py
[2026-08-12T04:33:00.425+0000] {processor.py:925} INFO - DAG(s) 'tutorial_taskflow_api' retrieved from /home/airflow/.local/lib/python3.12/site-packages/airflow/example_dags/tutorial_taskflow_api.py
[2026-08-12T04:33:00.473+0000] {logging_mixin.py:190} INFO - [2026-08-12T04:33:00.473+0000] {dag.py:3211} INFO - Sync 1 DAGs
[2026-08-12T04:33:00.507+0000] {logging_mixin.py:190} INFO - [2026-08-12T04:33:00.507+0000] {dag.py:4138} INFO - Setting next_dagrun for tutorial_taskflow_api to None, run_after=None
[2026-08-12T04:33:00.533+0000] {processor.py:208} INFO - Processing /home/airflow/.local/lib/python3.12/site-packages/airflow/example_dags/tutorial_taskflow_api.py took 0.183 seconds
[2026-08-12T04:33:31.192+0000] {processor.py:186} INFO - Started process (PID=121) to work on /home/airflow/.local/lib/python3.12/site-packages/airflow/example_dags/tutorial_taskflow_api.py
[2026-08-12T04:33:31.194+0000] {processor.py:914} INFO - Processing file /home/airflow/.local/lib/python3.12/site-packages/airflow/example_dags/tutorial_taskflow_api.py for tasks to queue
[2026-08-12T04:33:31.199+0000] {logging_mixin.py:190} INFO - [2026-08-12T04:33:31.198+0000] {dagbag.py:587} INFO - Filling up the DagBag from /home/airflow/.local/lib/python3.12/site-packages/airflow/example_dags/tutorial_taskflow_api.py
[2026-08-12T04:33:31.211+0000] {processor.py:925} INFO - DAG(s) 'tutorial_taskflow_api' retrieved from /home/airflow/.local/lib/python3.12/site-packages/airflow/example_dags/tutorial_taskflow_api.py
[2026-08-12T04:33:31.235+0000] {logging_mixin.py:190} INFO - [2026-08-12T04:33:31.235+0000] {dag.py:3211} INFO - Sync 1 DAGs
[2026-08-12T04:33:31.253+0000] {logging_mixin.py:190} INFO - [2026-08-12T04:33:31.253+0000] {dag.py:4138} INFO - Setting next_dagrun for tutorial_taskflow_api to None, run_after=None
[2026-08-12T04:33:31.277+0000] {processor.py:208} INFO - Processing /home/airflow/.local/lib/python3.12/site-packages/airflow/example_dags/tutorial_taskflow_api.py took 0.091 seconds
[2026-08-12T04:34:01.748+0000] {processor.py:186} INFO - Started process (PID=183) to work on /home/airflow/.local/lib/python3.12/site-packages/airflow/example_dags/tutorial_taskflow_api.py
[2026-08-12T04:34:01.750+0000] {processor.py:914} INFO - Processing file /home/airflow/.local/lib/python3.12/site-packages/airflow/example_dags/tutorial_taskflow_api.py for tasks to queue
[2026-08-12T04:34:01.753+0000] {logging_mixin.py:190} INFO - [2026-08-12T04:34:01.753+0000] {dagbag.py:587} INFO - Filling up the DagBag from /home/airflow/.local/lib/python3.12/site-packages/airflow/example_dags/tutorial_taskflow_api.py
[2026-08-12T04:34:01.764+0000] {processor.py:925} INFO - DAG(s) 'tutorial_taskflow_api' retrieved from /home/airflow/.local/lib/python3.12/site-packages/airflow/example_dags/tutorial_taskflow_api.py
[2026-08-12T04:34:01.789+0000] {logging_mixin.py:190} INFO - [2026-08-12T04:34:01.789+0000] {dag.py:3211} INFO - Sync 1 DAGs
[2026-08-12T04:34:01.804+0000] {logging_mixin.py:190} INFO - [2026-08-12T04:34:01.803+0000] {dag.py:4138} INFO - Setting next_dagrun for tutorial_taskflow_api to None, run_after=None
[2026-08-12T04:34:01.826+0000] {processor.py:208} INFO - Processing /home/airflow/.local/lib/python3.12/site-packages/airflow/example_dags/tutorial_taskflow_api.py took 0.086 seconds
[2026-08-12T04:34:32.059+0000] {processor.py:186} INFO - Started process (PID=245) to work on /home/airflow/.local/lib/python3.12/site-packages/airflow/example_dags/tutorial_taskflow_api.py
[2026-08-12T04:34:32.060+0000] {processor.py:914} INFO - Processing file /home/airflow/.local/lib/python3.12/site-packages/airflow/example_dags/tutorial_taskflow_api.py for tasks to queue
[2026-08-12T04:34:32.064+0000] {logging_mixin.py:190} INFO - [2026-08-12T04:34:32.063+0000] {dagbag.py:587} INFO - Filling up the DagBag from /home/airflow/.local/lib/python3.12/site-packages/airflow/example_dags/tutorial_taskflow_api.py
[2026-08-12T04:34:32.074+0000] {processor.py:925} INFO - DAG(s) 'tutorial_taskflow_api' retrieved from /home/airflow/.local/lib/python3.12/site-packages/airflow/example_dags/tutorial_taskflow_api.py
[2026-08-12T04:34:32.098+0000] {logging_mixin.py:190} INFO - [2026-08-12T04:34:32.098+0000] {dag.py:3211} INFO - Sync 1 DAGs
[2026-08-12T04:34:32.114+0000] {logging_mixin.py:190} INFO - [2026-08-12T04:34:32.113+0000] {dag.py:4138} INFO - Setting next_dagrun for tutorial_taskflow_api to None, run_after=None
[2026-08-12T04:34:32.139+0000] {processor.py:208} INFO - Processing /home/airflow/.local/lib/python3.12/site-packages/airflow/example_dags/tutorial_taskflow_api.py took 0.087 seconds
[2026-08-12T04:35:03.004+0000] {processor.py:186} INFO - Started process (PID=307) to work on /home/airflow/.local/lib/python3.12/site-packages/airflow/example_dags/tutorial_taskflow_api.py
[2026-08-12T04:35:03.006+0000] {processor.py:914} INFO - Processing file /home/airflow/.local/lib/python3.12/site-packages/airflow/example_dags/tutorial_taskflow_api.py for tasks to queue
[2026-08-12T04:35:03.009+0000] {logging_mixin.py:190} INFO - [2026-08-12T04:35:03.009+0000] {dagbag.py:587} INFO - Filling up the DagBag from /home/airflow/.local/lib/python3.12/site-packages/airflow/example_dags/tutorial_taskflow_api.py
[2026-08-12T04:35:03.018+0000] {processor.py:925} INFO - DAG(s) 'tutorial_taskflow_api' retrieved from /home/airflow/.local/lib/python3.12/site-packages/airflow/example_dags/tutorial_taskflow_api.py
[2026-08-12T04:35:03.040+0000] {logging_mixin.py:190} INFO - [2026-08-12T04:35:03.040+0000] {dag.py:3211} INFO - Sync 1 DAGs
[2026-08-12T04:35:03.055+0000] {logging_mixin.py:190} INFO - [2026-08-12T04:35:03.055+0000] {dag.py:4138} INFO - Setting next_dagrun for tutorial_taskflow_api to None, run_after=None
[2026-08-12T04:35:03.078+0000] {processor.py:208} INFO - Processing /home/airflow/.local/lib/python3.12/site-packages/airflow/example_dags/tutorial_taskflow_api.py took 0.080 seconds
[2026-08-12T04:35:33.980+0000] {processor.py:186} INFO - Started process (PID=369) to work on /home/airflow/.local/lib/python3.12/site-packages/airflow/example_dags/tutorial_taskflow_api.py
[2026-08-12T04:35:33.981+0000] {processor.py:914} INFO - Processing file /home/airflow/.local/lib/python3.12/site-packages/airflow/example_dags/tutorial_taskflow_api.py for tasks to queue
[2026-08-12T04:35:33.986+0000] {logging_mixin.py:190} INFO - [2026-08-12T04:35:33.985+0000] {dagbag.py:587} INFO - Filling up the DagBag from /home/airflow/.local/lib/python3.12/site-packages/airflow/example_dags/tutorial_taskflow_api.py
[2026-08-12T04:35:33.995+0000] {processor.py:925} INFO - DAG(s) 'tutorial_taskflow_api' retrieved from /home/airflow/.local/lib/python3.12/site-packages/airflow/example_dags/tutorial_taskflow_api.py
[2026-08-12T04:35:34.017+0000] {logging_mixin.py:190} INFO - [2026-08-12T04:35:34.017+0000] {dag.py:3211} INFO - Sync 1 DAGs
[2026-08-12T04:35:34.040+0000] {logging_mixin.py:190} INFO - [2026-08-12T04:35:34.040+0000] {dag.py:4138} INFO - Setting next_dagrun for tutorial_taskflow_api to None, run_after=None
[2026-08-12T04:35:34.076+0000] {processor.py:208} INFO - Processing /home/airflow/.local/lib/python3.12/site-packages/airflow/example_dags/tutorial_taskflow_api.py took 0.102 seconds
[2026-08-12T04:36:05.036+0000] {processor.py:186} INFO - Started process (PID=431) to work on /home/airflow/.local/lib/python3.12/site-packages/airflow/example_dags/tutorial_taskflow_api.py
[2026-08-12T04:36:05.039+0000] {processor.py:914} INFO - Processing file /home/airflow/.local/lib/python3.12/site-packages/airflow/example_dags/tutorial_taskflow_api.py for tasks to queue
[2026-08-12T04:36:05.042+0000] {logging_mixin.py:190} INFO - [2026-08-12T04:36:05.042+0000] {dagbag.py:587} INFO - Filling up the DagBag from /home/airflow/.local/lib/python3.12/site-packages/airflow/example_dags/tutorial_taskflow_api.py
[2026-08-12T04:36:05.052+0000] {processor.py:925} INFO - DAG(s) 'tutorial_taskflow_api' retrieved from /home/airflow/.local/lib/python3.12/site-packages/airflow/example_dags/tutorial_taskflow_api.py
[2026-08-12T04:36:05.074+0000] {logging_mixin.py:190} INFO - [2026-08-12T04:36:05.074+0000] {dag.py:3211} INFO - Sync 1 DAGs
[2026-08-12T04:36:05.093+0000] {logging_mixin.py:190} INFO - [2026-08-12T04:36:05.092+0000] {dag.py:4138} INFO - Setting next_dagrun for tutorial_taskflow_api to None, run_after=None
[2026-08-12T04:36:05.115+0000] {processor.py:208} INFO - Processing /home/airflow/.local/lib/python3.12/site-packages/airflow/example_dags/tutorial_taskflow_api.py took 0.099 seconds
[2026-08-12T04:36:35.188+0000] {processor.py:186} INFO - Started process (PID=492) to work on /home/airflow/.local/lib/python3.12/site-packages/airflow/example_dags/tutorial_taskflow_api.py
[2026-08-12T04:36:35.190+0000] {processor.py:914} INFO - Processing file /home/airflow/.local/lib/python3.12/site-packages/airflow/example_dags/tutorial_taskflow_api.py for tasks to queue
[2026-08-12T04:36:35.193+0000] {logging_mixin.py:190} INFO - [2026-08-12T04:36:35.193+0000] {dagbag.py:587} INFO - Filling up the DagBag from /home/airflow/.local/lib/python3.12/site-packages/airflow/example_dags/tutorial_taskflow_api.py
[2026-08-12T04:36:35.201+0000] {processor.py:925} INFO - DAG(s) 'tutorial_taskflow_api' retrieved from /home/airflow/.local/lib/python3.12/site-packages/airflow/example_dags/tutorial_taskflow_api.py
[2026-08-12T04:36:35.221+0000] {logging_mixin.py:190} INFO - [2026-08-12T04:36:35.221+0000] {dag.py:3211} INFO - Sync 1 DAGs
[2026-08-12T04:36:35.236+0000] {logging_mixin.py:190} INFO - [2026-08-12T04:36:35.236+0000] {dag.py:4138} INFO - Setting next_dagrun for tutorial_taskflow_api to None, run_after=None
[2026-08-12T04:36:35.257+0000] {processor.py:208} INFO - Processing /home/airflow/.local/lib/python3.12/site-packages/airflow/example_dags/tutorial_taskflow_api.py took 0.075 seconds
[2026-08-12T04:37:06.198+0000] {processor.py:186} INFO - Started process (PID=555) to work on /home/airflow/.local/lib/python3.12/site-packages/airflow/example_dags/tutorial_taskflow_api.py
[2026-08-12T04:37:06.200+0000] {processor.py:914} INFO - Processing file /home/airflow/.local/lib/python3.12/site-packages/airflow/example_dags/tutorial_taskflow_api.py for tasks to queue
[2026-08-12T04:37:06.204+0000] {logging_mixin.py:190} INFO - [2026-08-12T04:37:06.204+0000] {dagbag.py:587} INFO - Filling up the DagBag from /home/airflow/.local/lib/python3.12/site-packages/airflow/example_dags/tutorial_taskflow_api.py
[2026-08-12T04:37:06.216+0000] {processor.py:925} INFO - DAG(s) 'tutorial_taskflow_api' retrieved from /home/airflow/.local/lib/python3.12/site-packages/airflow/example_dags/tutorial_taskflow_api.py
[2026-08-12T04:37:06.239+0000] {logging_mixin.py:190} INFO - [2026-08-12T04:37:06.239+0000] {dag.py:3211} INFO - Sync 1 DAGs
[2026-08-12T04:37:06.255+0000] {logging_mixin.py:190} INFO - [2026-08-12T04:37:06.255+0000] {dag.py:4138} INFO - Setting next_dagrun for tutorial_taskflow_api to None, run_after=None
[2026-08-12T04:37:06.278+0000] {processor.py:208} INFO - Processing /home/airflow/.local/lib/python3.12/site-packages/airflow/example_dags/tutorial_taskflow_api.py took 0.087 seconds
[2026-08-12T04:37:37.137+0000] {processor.py:186} INFO - Started process (PID=617) to work on /home/airflow/.local/lib/python3.12/site-packages/airflow/example_dags/tutorial_taskflow_api.py
[2026-08-12T04:37:37.139+0000] {processor.py:914} INFO - Processing file /home/airflow/.local/lib/python3.12/site-packages/airflow/example_dags/tutorial_taskflow_api.py for tasks to queue
[2026-08-12T04:37:37.142+0000] {logging_mixin.py:190} INFO - [2026-08-12T04:37:37.142+0000] {dagbag.py:587} INFO - Filling up the DagBag from /home/airflow/.local/lib/python3.12/site-packages/airflow/example_dags/tutorial_taskflow_api.py
[2026-08-12T04:37:37.150+0000] {processor.py:925} INFO - DAG(s) 'tutorial_taskflow_api' retrieved from /home/airflow/.local/lib/python3.12/site-packages/airflow/example_dags/tutorial_taskflow_api.py
[2026-08-12T04:37:37.173+0000] {logging_mixin.py:190} INFO - [2026-08-12T04:37:37.172+0000] {dag.py:3211} INFO - Sync 1 DAGs
[2026-08-12T04:37:37.190+0000] {logging_mixin.py:190} INFO - [2026-08-12T04:37:37.190+0000] {dag.py:4138} INFO - Setting next_dagrun for tutorial_taskflow_api to None, run_after=None
[2026-08-12T04:37:37.211+0000] {processor.py:208} INFO - Processing /home/airflow/.local/lib/python3.12/site-packages/airflow/example_dags/tutorial_taskflow_api.py took 0.080 seconds
[2026-08-12T04:38:07.692+0000] {processor.py:186} INFO - Started process (PID=679) to work on /home/airflow/.local/lib/python3.12/site-packages/airflow/example_dags/tutorial_taskflow_api.py
[2026-08-12T04:38:07.694+0000] {processor.py:914} INFO - Processing file /home/airflow/.local/lib/python3.12/site-packages/airflow/example_dags/tutorial_taskflow_api.py for tasks to queue
[2026-08-12T04:38:07.698+0000] {logging_mixin.py:190} INFO - [2026-08-12T04:38:07.698+0000] {dagbag.py:587} INFO - Filling up the DagBag from /home/airflow/.local/lib/python3.12/site-packages/airflow/example_dags/tutorial_taskflow_api.py
[2026-08-12T04:38:07.707+0000] {processor.py:925} INFO - DAG(s) 'tutorial_taskflow_api' retrieved from /home/airflow/.local/lib/python3.12/site-packages/airflow/example_dags/tutorial_taskflow_api.py
[2026-08-12T04:38:07.741+0000] {logging_mixin.py:190} INFO - [2026-08-12T04:38:07.740+0000] {dag.py:3211} INFO - Sync 1 DAGs
[2026-08-12T04:38:07.757+0000] {logging_mixin.py:190} INFO - [2026-08-12T04:38:07.756+0000] {dag.py:4138} INFO - Setting next_dagrun for tutorial_taskflow_api to None, run_after=None
[2026-08-12T04:38:07.781+0000] {processor.py:208} INFO - Processing /home/airflow/.local/lib/python3.12/site-packages/airflow/example_dags/tutorial_taskflow_api.py took 0.094 seconds
[2026-08-12T04:38:38.345+0000] {processor.py:186} INFO - Started process (PID=741) to work on /home/airflow/.local/lib/python3.12/site-packages/airflow/example_dags/tutorial_taskflow_api.py
[2026-08-12T04:38:38.347+0000] {processor.py:914} INFO - Processing file /home/airflow/.local/lib/python3.12/site-packages/airflow/example_dags/tutorial_taskflow_api.py for tasks to queue
[2026-08-12T04:38:38.350+0000] {logging_mixin.py:190} INFO - [2026-08-12T04:38:38.350+0000] {dagbag.py:587} INFO - Filling up the DagBag from /home/airflow/.local/lib/python3.12/site-packages/airflow/example_dags/tutorial_taskflow_api.py
[2026-08-12T04:38:38.359+0000] {processor.py:925} INFO - DAG(s) 'tutorial_taskflow_api' retrieved from /home/airflow/.local/lib/python3.12/site-packages/airflow/example_dags/tutorial_taskflow_api.py
[2026-08-12T04:38:38.381+0000] {logging_mixin.py:190} INFO - [2026-08-12T04:38:38.381+0000] {dag.py:3211} INFO - Sync 1 DAGs
[2026-08-12T04:38:38.398+0000] {logging_mixin.py:190} INFO - [2026-08-12T04:38:38.398+0000] {dag.py:4138} INFO - Setting next_dagrun for tutorial_taskflow_api to None, run_after=None
[2026-08-12T04:38:38.420+0000] {processor.py:208} INFO - Processing /home/airflow/.local/lib/python3.12/site-packages/airflow/example_dags/tutorial_taskflow_api.py took 0.081 seconds
[2026-08-12T04:39:09.448+0000] {processor.py:186} INFO - Started process (PID=803) to work on /home/airflow/.local/lib/python3.12/site-packages/airflow/example_dags/tutorial_taskflow_api.py
[2026-08-12T04:39:09.449+0000] {processor.py:914} INFO - Processing file /home/airflow/.local/lib/python3.12/site-packages/airflow/example_dags/tutorial_taskflow_api.py for tasks to queue
[2026-08-12T04:39:09.452+0000] {logging_mixin.py:190} INFO - [2026-08-12T04:39:09.452+0000] {dagbag.py:587} INFO - Filling up the DagBag from /home/airflow/.local/lib/python3.12/site-packages/airflow/example_dags/tutorial_taskflow_api.py
[2026-08-12T04:39:09.464+0000] {processor.py:925} INFO - DAG(s) 'tutorial_taskflow_api' retrieved from /home/airflow/.local/lib/python3.12/site-packages/airflow/example_dags/tutorial_taskflow_api.py
[2026-08-12T04:39:09.535+0000] {logging_mixin.py:190} INFO - [2026-08-12T04:39:09.535+0000] {dag.py:3211} INFO - Sync 1 DAGs
[2026-08-12T04:39:09.563+0000] {logging_mixin.py:190} INFO - [2026-08-12T04:39:09.563+0000] {dag.py:4138} INFO - Setting next_dagrun for tutorial_taskflow_api to None, run_after=None
[2026-08-12T04:39:09.588+0000] {processor.py:208} INFO - Processing /home/airflow/.local/lib/python3.12/site-packages/airflow/example_dags/tutorial_taskflow_api.py took 0.146 seconds
[2026-08-12T04:39:39.748+0000] {processor.py:186} INFO - Started process (PID=864) to work on /home/airflow/.local/lib/python3.12/site-packages/airflow/example_dags/tutorial_taskflow_api.py
[2026-08-12T04:39:39.750+0000] {processor.py:914} INFO - Processing file /home/airflow/.local/lib/python3.12/site-packages/airflow/example_dags/tutorial_taskflow_api.py for tasks to queue
[2026-08-12T04:39:39.756+0000] {logging_mixin.py:190} INFO - [2026-08-12T04:39:39.755+0000] {dagbag.py:587} INFO - Filling up the DagBag from /home/airflow/.local/lib/python3.12/site-packages/airflow/example_dags/tutorial_taskflow_api.py
[2026-08-12T04:39:39.771+0000] {processor.py:925} INFO - DAG(s) 'tutorial_taskflow_api' retrieved from /home/airflow/.local/lib/python3.12/site-packages/airflow/example_dags/tutorial_taskflow_api.py
[2026-08-12T04:39:39.841+0000] {logging_mixin.py:190} INFO - [2026-08-12T04:39:39.840+0000] {dag.py:3211} INFO - Sync 1 DAGs
[2026-08-12T04:39:39.894+0000] {logging_mixin.py:190} INFO - [2026-08-12T04:39:39.894+0000] {dag.py:4138} INFO - Setting next_dagrun for tutorial_taskflow_api to None, run_after=None
[2026-08-12T04:39:39.935+0000] {processor.py:208} INFO - Processing /home/airflow/.local/lib/python3.12/site-packages/airflow/example_dags/tutorial_taskflow_api.py took 0.197 seconds
[2026-08-12T04:40:10.772+0000] {processor.py:186} INFO - Started process (PID=927) to work on /home/airflow/.local/lib/python3.12/site-packages/airflow/example_dags/tutorial_taskflow_api.py
[2026-08-12T04:40:10.774+0000] {processor.py:914} INFO - Processing file /home/airflow/.local/lib/python3.12/site-packages/airflow/example_dags/tutorial_taskflow_api.py for tasks to queue
[2026-08-12T04:40:10.783+0000] {logging_mixin.py:190} INFO - [2026-08-12T04:40:10.783+0000] {dagbag.py:587} INFO - Filling up the DagBag from /home/airflow/.local/lib/python3.12/site-packages/airflow/example_dags/tutorial_taskflow_api.py
[2026-08-12T04:40:10.794+0000] {processor.py:925} INFO - DAG(s) 'tutorial_taskflow_api' retrieved from /home/airflow/.local/lib/python3.12/site-packages/airflow/example_dags/tutorial_taskflow_api.py
[2026-08-12T04:40:10.829+0000] {logging_mixin.py:190} INFO - [2026-08-12T04:40:10.828+0000] {dag.py:3211} INFO - Sync 1 DAGs
[2026-08-12T04:40:10.856+0000] {logging_mixin.py:190} INFO - [2026-08-12T04:40:10.855+0000] {dag.py:4138} INFO - Setting next_dagrun for tutorial_taskflow_api to None, run_after=None
[2026-08-12T04:40:10.878+0000] {processor.py:208} INFO - Processing /home/airflow/.local/lib/python3.12/site-packages/airflow/example_dags/tutorial_taskflow_api.py took 0.117 seconds
[2026-08-12T04:40:41.374+0000] {processor.py:186} INFO - Started process (PID=989) to work on /home/airflow/.local/lib/python3.12/site-packages/airflow/example_dags/tutorial_taskflow_api.py
[2026-08-12T04:40:41.376+0000] {processor.py:914} INFO - Processing file /home/airflow/.local/lib/python3.12/site-packages/airflow/example_dags/tutorial_taskflow_api.py for tasks to queue
[2026-08-12T04:40:41.379+0000] {logging_mixin.py:190} INFO - [2026-08-12T04:40:41.379+0000] {dagbag.py:587} INFO - Filling up the DagBag from /home/airflow/.local/lib/python3.12/site-packages/airflow/example_dags/tutorial_taskflow_api.py
[2026-08-12T04:40:41.407+0000] {processor.py:925} INFO - DAG(s) 'tutorial_taskflow_api' retrieved from /home/airflow/.local/lib/python3.12/site-packages/airflow/example_dags/tutorial_taskflow_api.py
[2026-08-12T04:40:41.440+0000] {logging_mixin.py:190} INFO - [2026-08-12T04:40:41.440+0000] {dag.py:3211} INFO - Sync 1 DAGs
[2026-08-12T04:40:41.458+0000] {logging_mixin.py:190} INFO - [2026-08-12T04:40:41.457+0000] {dag.py:4138} INFO - Setting next_dagrun for tutorial_taskflow_api to None, run_after=None
[2026-08-12T04:40:41.483+0000] {processor.py:208} INFO - Processing /home/airflow/.local/lib/python3.12/site-packages/airflow/example_dags/tutorial_taskflow_api.py took 0.119 seconds
[2026-08-12T04:41:12.139+0000] {processor.py:186} INFO - Started process (PID=1051) to work on /home/airflow/.local/lib/python3.12/site-packages/airflow/example_dags/tutorial_taskflow_api.py
[2026-08-12T04:41:12.145+0000] {processor.py:914} INFO - Processing file /home/airflow/.local/lib/python3.12/site-packages/airflow/example_dags/tutorial_taskflow_api.py for tasks to queue
[2026-08-12T04:41:12.152+0000] {logging_mixin.py:190} INFO - [2026-08-12T04:41:12.150+0000] {dagbag.py:587} INFO - Filling up the DagBag from /home/airflow/.local/lib/python3.12/site-packages/airflow/example_dags/tutorial_taskflow_api.py
[2026-08-12T04:41:12.164+0000] {processor.py:925} INFO - DAG(s) 'tutorial_taskflow_api' retrieved from /home/airflow/.local/lib/python3.12/site-packages/airflow/example_dags/tutorial_taskflow_api.py
[2026-08-12T04:41:12.188+0000] {logging_mixin.py:190} INFO - [2026-08-12T04:41:12.188+0000] {dag.py:3211} INFO - Sync 1 DAGs
[2026-08-12T04:41:12.204+0000] {logging_mixin.py:190} INFO - [2026-08-12T04:41:12.204+0000] {dag.py:4138} INFO - Setting next_dagrun for tutorial_taskflow_api to None, run_after=None
[2026-08-12T04:41:12.227+0000] {processor.py:208} INFO - Processing /home/airflow/.local/lib/python3.12/site-packages/airflow/example_dags/tutorial_taskflow_api.py took 0.106 seconds
[2026-08-12T04:41:42.908+0000] {processor.py:186} INFO - Started process (PID=1113) to work on /home/airflow/.local/lib/python3.12/site-packages/airflow/example_dags/tutorial_taskflow_api.py
[2026-08-12T04:41:42.910+0000] {processor.py:914} INFO - Processing file /home/airflow/.local/lib/python3.12/site-packages/airflow/example_dags/tutorial_taskflow_api.py for tasks to queue
[2026-08-12T04:41:42.913+0000] {logging_mixin.py:190} INFO - [2026-08-12T04:41:42.913+0000] {dagbag.py:587} INFO - Filling up the DagBag from /home/airflow/.local/lib/python3.12/site-packages/airflow/example_dags/tutorial_taskflow_api.py
[2026-08-12T04:41:42.924+0000] {processor.py:925} INFO - DAG(s) 'tutorial_taskflow_api' retrieved from /home/airflow/.local/lib/python3.12/site-packages/airflow/example_dags/tutorial_taskflow_api.py
[2026-08-12T04:41:42.949+0000] {logging_mixin.py:190} INFO - [2026-08-12T04:41:42.949+0000] {dag.py:3211} INFO - Sync 1 DAGs
[2026-08-12T04:41:42.969+0000] {logging_mixin.py:190} INFO - [2026-08-12T04:41:42.968+0000] {dag.py:4138} INFO - Setting next_dagrun for tutorial_taskflow_api to None, run_after=None
[2026-08-12T04:41:42.995+0000] {processor.py:208} INFO - Processing /home/airflow/.local/lib/python3.12/site-packages/airflow/example_dags/tutorial_taskflow_api.py took 0.093 seconds
[2026-08-12T04:42:13.579+0000] {processor.py:186} INFO - Started process (PID=1175) to work on /home/airflow/.local/lib/python3.12/site-packages/airflow/example_dags/tutorial_taskflow_api.py
[2026-08-12T04:42:13.581+0000] {processor.py:914} INFO - Processing file /home/airflow/.local/lib/python3.12/site-packages/airflow/example_dags/tutorial_taskflow_api.py for tasks to queue
[2026-08-12T04:42:13.586+0000] {logging_mixin.py:190} INFO - [2026-08-12T04:42:13.586+0000] {dagbag.py:587} INFO - Filling up the DagBag from /home/airflow/.local/lib/python3.12/site-packages/airflow/example_dags/tutorial_taskflow_api.py
[2026-08-12T04:42:13.596+0000] {processor.py:925} INFO - DAG(s) 'tutorial_taskflow_api' retrieved from /home/airflow/.local/lib/python3.12/site-packages/airflow/example_dags/tutorial_taskflow_api.py
[2026-08-12T04:42:13.621+0000] {logging_mixin.py:190} INFO - [2026-08-12T04:42:13.620+0000] {dag.py:3211} INFO - Sync 1 DAGs
[2026-08-12T04:42:13.637+0000] {logging_mixin.py:190} INFO - [2026-08-12T04:42:13.637+0000] {dag.py:4138} INFO - Setting next_dagrun for tutorial_taskflow_api to None, run_after=None
[2026-08-12T04:42:13.664+0000] {processor.py:208} INFO - Processing /home/airflow/.local/lib/python3.12/site-packages/airflow/example_dags/tutorial_taskflow_api.py took 0.090 seconds
[2026-08-12T04:42:44.549+0000] {processor.py:186} INFO - Started process (PID=1237) to work on /home/airflow/.local/lib/python3.12/site-packages/airflow/example_dags/tutorial_taskflow_api.py
[2026-08-12T04:42:44.552+0000] {processor.py:914} INFO - Processing file /home/airflow/.local/lib/python3.12/site-packages/airflow/example_dags/tutorial_taskflow_api.py for tasks to queue
[2026-08-12T04:42:44.556+0000] {logging_mixin.py:190} INFO - [2026-08-12T04:42:44.556+0000] {dagbag.py:587} INFO - Filling up the DagBag from /home/airflow/.local/lib/python3.12/site-packages/airflow/example_dags/tutorial_taskflow_api.py
[2026-08-12T04:42:44.566+0000] {processor.py:925} INFO - DAG(s) 'tutorial_taskflow_api' retrieved from /home/airflow/.local/lib/python3.12/site-packages/airflow/example_dags/tutorial_taskflow_api.py
[2026-08-12T04:42:44.591+0000] {logging_mixin.py:190} INFO - [2026-08-12T04:42:44.591+0000] {dag.py:3211} INFO - Sync 1 DAGs
[2026-08-12T04:42:44.610+0000] {logging_mixin.py:190} INFO - [2026-08-12T04:42:44.609+0000] {dag.py:4138} INFO - Setting next_dagrun for tutorial_taskflow_api to None, run_after=None
[2026-08-12T04:42:44.636+0000] {processor.py:208} INFO - Processing /home/airflow/.local/lib/python3.12/site-packages/airflow/example_dags/tutorial_taskflow_api.py took 0.094 seconds
[2026-08-12T04:43:14.788+0000] {processor.py:186} INFO - Started process (PID=1298) to work on /home/airflow/.local/lib/python3.12/site-packages/airflow/example_dags/tutorial_taskflow_api.py
[2026-08-12T04:43:14.790+0000] {processor.py:914} INFO - Processing file /home/airflow/.local/lib/python3.12/site-packages/airflow/example_dags/tutorial_taskflow_api.py for tasks to queue
[2026-08-12T04:43:14.794+0000] {logging_mixin.py:190} INFO - [2026-08-12T04:43:14.793+0000] {dagbag.py:587} INFO - Filling up the DagBag from /home/airflow/.local/lib/python3.12/site-packages/airflow/example_dags/tutorial_taskflow_api.py
[2026-08-12T04:43:14.805+0000] {processor.py:925} INFO - DAG(s) 'tutorial_taskflow_api' retrieved from /home/airflow/.local/lib/python3.12/site-packages/airflow/example_dags/tutorial_taskflow_api.py
[2026-08-12T04:43:14.831+0000] {logging_mixin.py:190} INFO - [2026-08-12T04:43:14.831+0000] {dag.py:3211} INFO - Sync 1 DAGs
[2026-08-12T04:43:14.847+0000] {logging_mixin.py:190} INFO - [2026-08-12T04:43:14.847+0000] {dag.py:4138} INFO - Setting next_dagrun for tutorial_taskflow_api to None, run_after=None
[2026-08-12T04:43:14.881+0000] {processor.py:208} INFO - Processing /home/airflow/.local/lib/python3.12/site-packages/airflow/example_dags/tutorial_taskflow_api.py took 0.101 seconds
[2026-08-12T04:43:45.670+0000] {processor.py:186} INFO - Started process (PID=1361) to work on /home/airflow/.local/lib/python3.12/site-packages/airflow/example_dags/tutorial_taskflow_api.py
[2026-08-12T04:43:45.671+0000] {processor.py:914} INFO - Processing file /home/airflow/.local/lib/python3.12/site-packages/airflow/example_dags/tutorial_taskflow_api.py for tasks to queue
[2026-08-12T04:43:45.674+0000] {logging_mixin.py:190} INFO - [2026-08-12T04:43:45.674+0000] {dagbag.py:587} INFO - Filling up the DagBag from /home/airflow/.local/lib/python3.12/site-packages/airflow/example_dags/tutorial_taskflow_api.py
[2026-08-12T04:43:45.682+0000] {processor.py:925} INFO - DAG(s) 'tutorial_taskflow_api' retrieved from /home/airflow/.local/lib/python3.12/site-packages/airflow/example_dags/tutorial_taskflow_api.py
[2026-08-12T04:43:45.704+0000] {logging_mixin.py:190} INFO - [2026-08-12T04:43:45.703+0000] {dag.py:3211} INFO - Sync 1 DAGs
[2026-08-12T04:43:45.718+0000] {logging_mixin.py:190} INFO - [2026-08-12T04:43:45.718+0000] {dag.py:4138} INFO - Setting next_dagrun for tutorial_taskflow_api to None, run_after=None
[2026-08-12T04:43:45.742+0000] {processor.py:208} INFO - Processing /home/airflow/.local/lib/python3.12/site-packages/airflow/example_dags/tutorial_taskflow_api.py took 0.078 seconds
[2026-08-12T04:44:16.535+0000] {processor.py:186} INFO - Started process (PID=1423) to work on /home/airflow/.local/lib/python3.12/site-packages/airflow/example_dags/tutorial_taskflow_api.py
[2026-08-12T04:44:16.537+0000] {processor.py:914} INFO - Processing file /home/airflow/.local/lib/python3.12/site-packages/airflow/example_dags/tutorial_taskflow_api.py for tasks to queue
[2026-08-12T04:44:16.541+0000] {logging_mixin.py:190} INFO - [2026-08-12T04:44:16.540+0000] {dagbag.py:587} INFO - Filling up the DagBag from /home/airflow/.local/lib/python3.12/site-packages/airflow/example_dags/tutorial_taskflow_api.py
[2026-08-12T04:44:16.551+0000] {processor.py:925} INFO - DAG(s) 'tutorial_taskflow_api' retrieved from /home/airflow/.local/lib/python3.12/site-packages/airflow/example_dags/tutorial_taskflow_api.py
[2026-08-12T04:44:16.575+0000] {logging_mixin.py:190} INFO - [2026-08-12T04:44:16.575+0000] {dag.py:3211} INFO - Sync 1 DAGs
[2026-08-12T04:44:16.593+0000] {logging_mixin.py:190} INFO - [2026-08-12T04:44:16.593+0000] {dag.py:4138} INFO - Setting next_dagrun for tutorial_taskflow_api to None, run_after=None
[2026-08-12T04:44:16.627+0000] {processor.py:208} INFO - Processing /home/airflow/.local/lib/python3.12/site-packages/airflow/example_dags/tutorial_taskflow_api.py took 0.097 seconds
[2026-08-12T04:44:47.300+0000] {processor.py:186} INFO - Started process (PID=1485) to work on /home/airflow/.local/lib/python3.12/site-packages/airflow/example_dags/tutorial_taskflow_api.py
[2026-08-12T04:44:47.301+0000] {processor.py:914} INFO - Processing file /home/airflow/.local/lib/python3.12/site-packages/airflow/example_dags/tutorial_taskflow_api.py for tasks to queue
[2026-08-12T04:44:47.305+0000] {logging_mixin.py:190} INFO - [2026-08-12T04:44:47.304+0000] {dagbag.py:587} INFO - Filling up the DagBag from /home/airflow/.local/lib/python3.12/site-packages/airflow/example_dags/tutorial_taskflow_api.py
[2026-08-12T04:44:47.313+0000] {processor.py:925} INFO - DAG(s) 'tutorial_taskflow_api' retrieved from /home/airflow/.local/lib/python3.12/site-packages/airflow/example_dags/tutorial_taskflow_api.py
[2026-08-12T04:44:47.334+0000] {logging_mixin.py:190} INFO - [2026-08-12T04:44:47.333+0000] {dag.py:3211} INFO - Sync 1 DAGs
[2026-08-12T04:44:47.347+0000] {logging_mixin.py:190} INFO - [2026-08-12T04:44:47.347+0000] {dag.py:4138} INFO - Setting next_dagrun for tutorial_taskflow_api to None, run_after=None
[2026-08-12T04:44:47.370+0000] {processor.py:208} INFO - Processing /home/airflow/.local/lib/python3.12/site-packages/airflow/example_dags/tutorial_taskflow_api.py took 0.076 seconds
[2026-08-12T04:45:18.047+0000] {processor.py:186} INFO - Started process (PID=1547) to work on /home/airflow/.local/lib/python3.12/site-packages/airflow/example_dags/tutorial_taskflow_api.py
[2026-08-12T04:45:18.048+0000] {processor.py:914} INFO - Processing file /home/airflow/.local/lib/python3.12/site-packages/airflow/example_dags/tutorial_taskflow_api.py for tasks to queue
[2026-08-12T04:45:18.052+0000] {logging_mixin.py:190} INFO - [2026-08-12T04:45:18.051+0000] {dagbag.py:587} INFO - Filling up the DagBag from /home/airflow/.local/lib/python3.12/site-packages/airflow/example_dags/tutorial_taskflow_api.py
[2026-08-12T04:45:18.063+0000] {processor.py:925} INFO - DAG(s) 'tutorial_taskflow_api' retrieved from /home/airflow/.local/lib/python3.12/site-packages/airflow/example_dags/tutorial_taskflow_api.py
[2026-08-12T04:45:18.090+0000] {logging_mixin.py:190} INFO - [2026-08-12T04:45:18.090+0000] {dag.py:3211} INFO - Sync 1 DAGs
[2026-08-12T04:45:18.105+0000] {logging_mixin.py:190} INFO - [2026-08-12T04:45:18.105+0000] {dag.py:4138} INFO - Setting next_dagrun for tutorial_taskflow_api to None, run_after=None
[2026-08-12T04:45:18.128+0000] {processor.py:208} INFO - Processing /home/airflow/.local/lib/python3.12/site-packages/airflow/example_dags/tutorial_taskflow_api.py took 0.088 seconds
[2026-08-12T04:45:48.624+0000] {processor.py:186} INFO - Started process (PID=1609) to work on /home/airflow/.local/lib/python3.12/site-packages/airflow/example_dags/tutorial_taskflow_api.py
[2026-08-12T04:45:48.626+0000] {processor.py:914} INFO - Processing file /home/airflow/.local/lib/python3.12/site-packages/airflow/example_dags/tutorial_taskflow_api.py for tasks to queue
[2026-08-12T04:45:48.630+0000] {logging_mixin.py:190} INFO - [2026-08-12T04:45:48.629+0000] {dagbag.py:587} INFO - Filling up the DagBag from /home/airflow/.local/lib/python3.12/site-packages/airflow/example_dags/tutorial_taskflow_api.py
[2026-08-12T04:45:48.639+0000] {processor.py:925} INFO - DAG(s) 'tutorial_taskflow_api' retrieved from /home/airflow/.local/lib/python3.12/site-packages/airflow/example_dags/tutorial_taskflow_api.py
[2026-08-12T04:45:48.661+0000] {logging_mixin.py:190} INFO - [2026-08-12T04:45:48.661+0000] {dag.py:3211} INFO - Sync 1 DAGs
[2026-08-12T04:45:48.685+0000] {logging_mixin.py:190} INFO - [2026-08-12T04:45:48.681+0000] {dag.py:4138} INFO - Setting next_dagrun for tutorial_taskflow_api to None, run_after=None
[2026-08-12T04:45:48.716+0000] {processor.py:208} INFO - Processing /home/airflow/.local/lib/python3.12/site-packages/airflow/example_dags/tutorial_taskflow_api.py took 0.098 seconds
[2026-08-12T04:46:19.512+0000] {processor.py:186} INFO - Started process (PID=1671) to work on /home/airflow/.local/lib/python3.12/site-packages/airflow/example_dags/tutorial_taskflow_api.py
[2026-08-12T04:46:19.513+0000] {processor.py:914} INFO - Processing file /home/airflow/.local/lib/python3.12/site-packages/airflow/example_dags/tutorial_taskflow_api.py for tasks to queue
[2026-08-12T04:46:19.518+0000] {logging_mixin.py:190} INFO - [2026-08-12T04:46:19.517+0000] {dagbag.py:587} INFO - Filling up the DagBag from /home/airflow/.local/lib/python3.12/site-packages/airflow/example_dags/tutorial_taskflow_api.py
[2026-08-12T04:46:19.529+0000] {processor.py:925} INFO - DAG(s) 'tutorial_taskflow_api' retrieved from /home/airflow/.local/lib/python3.12/site-packages/airflow/example_dags/tutorial_taskflow_api.py
[2026-08-12T04:46:19.553+0000] {logging_mixin.py:190} INFO - [2026-08-12T04:46:19.553+0000] {dag.py:3211} INFO - Sync 1 DAGs
[2026-08-12T04:46:19.570+0000] {logging_mixin.py:190} INFO - [2026-08-12T04:46:19.570+0000] {dag.py:4138} INFO - Setting next_dagrun for tutorial_taskflow_api to None, run_after=None
[2026-08-12T04:46:19.593+0000] {processor.py:208} INFO - Processing /home/airflow/.local/lib/python3.12/site-packages/airflow/example_dags/tutorial_taskflow_api.py took 0.089 seconds
[2026-08-12T04:46:50.320+0000] {processor.py:186} INFO - Started process (PID=1733) to work on /home/airflow/.local/lib/python3.12/site-packages/airflow/example_dags/tutorial_taskflow_api.py
[2026-08-12T04:46:50.322+0000] {processor.py:914} INFO - Processing file /home/airflow/.local/lib/python3.12/site-packages/airflow/example_dags/tutorial_taskflow_api.py for tasks to queue
[2026-08-12T04:46:50.328+0000] {logging_mixin.py:190} INFO - [2026-08-12T04:46:50.327+0000] {dagbag.py:587} INFO - Filling up the DagBag from /home/airflow/.local/lib/python3.12/site-packages/airflow/example_dags/tutorial_taskflow_api.py
[2026-08-12T04:46:50.340+0000] {processor.py:925} INFO - DAG(s) 'tutorial_taskflow_api' retrieved from /home/airflow/.local/lib/python3.12/site-packages/airflow/example_dags/tutorial_taskflow_api.py
[2026-08-12T04:46:50.371+0000] {logging_mixin.py:190} INFO - [2026-08-12T04:46:50.371+0000] {dag.py:3211} INFO - Sync 1 DAGs
[2026-08-12T04:46:50.395+0000] {logging_mixin.py:190} INFO - [2026-08-12T04:46:50.395+0000] {dag.py:4138} INFO - Setting next_dagrun for tutorial_taskflow_api to None, run_after=None
[2026-08-12T04:46:50.431+0000] {processor.py:208} INFO - Processing /home/airflow/.local/lib/python3.12/site-packages/airflow/example_dags/tutorial_taskflow_api.py took 0.119 seconds
[2026-08-12T04:47:21.008+0000] {processor.py:186} INFO - Started process (PID=1795) to work on /home/airflow/.local/lib/python3.12/site-packages/airflow/example_dags/tutorial_taskflow_api.py
[2026-08-12T04:47:21.010+0000] {processor.py:914} INFO - Processing file /home/airflow/.local/lib/python3.12/site-packages/airflow/example_dags/tutorial_taskflow_api.py for tasks to queue
[2026-08-12T04:47:21.014+0000] {logging_mixin.py:190} INFO - [2026-08-12T04:47:21.014+0000] {dagbag.py:587} INFO - Filling up the DagBag from /home/airflow/.local/lib/python3.12/site-packages/airflow/example_dags/tutorial_taskflow_api.py
[2026-08-12T04:47:21.028+0000] {processor.py:925} INFO - DAG(s) 'tutorial_taskflow_api' retrieved from /home/airflow/.local/lib/python3.12/site-packages/airflow/example_dags/tutorial_taskflow_api.py
[2026-08-12T04:47:21.057+0000] {logging_mixin.py:190} INFO - [2026-08-12T04:47:21.057+0000] {dag.py:3211} INFO - Sync 1 DAGs
[2026-08-12T04:47:21.073+0000] {logging_mixin.py:190} INFO - [2026-08-12T04:47:21.073+0000] {dag.py:4138} INFO - Setting next_dagrun for tutorial_taskflow_api to None, run_after=None
[2026-08-12T04:47:21.112+0000] {processor.py:208} INFO - Processing /home/airflow/.local/lib/python3.12/site-packages/airflow/example_dags/tutorial_taskflow_api.py took 0.110 seconds
[2026-08-12T04:47:51.229+0000] {processor.py:186} INFO - Started process (PID=1856) to work on /home/airflow/.local/lib/python3.12/site-packages/airflow/example_dags/tutorial_taskflow_api.py
[2026-08-12T04:47:51.233+0000] {processor.py:914} INFO - Processing file /home/airflow/.local/lib/python3.12/site-packages/airflow/example_dags/tutorial_taskflow_api.py for tasks to queue
[2026-08-12T04:47:51.238+0000] {logging_mixin.py:190} INFO - [2026-08-12T04:47:51.237+0000] {dagbag.py:587} INFO - Filling up the DagBag from /home/airflow/.local/lib/python3.12/site-packages/airflow/example_dags/tutorial_taskflow_api.py
[2026-08-12T04:47:51.249+0000] {processor.py:925} INFO - DAG(s) 'tutorial_taskflow_api' retrieved from /home/airflow/.local/lib/python3.12/site-packages/airflow/example_dags/tutorial_taskflow_api.py
[2026-08-12T04:47:51.280+0000] {logging_mixin.py:190} INFO - [2026-08-12T04:47:51.280+0000] {dag.py:3211} INFO - Sync 1 DAGs
[2026-08-12T04:47:51.300+0000] {logging_mixin.py:190} INFO - [2026-08-12T04:47:51.299+0000] {dag.py:4138} INFO - Setting next_dagrun for tutorial_taskflow_api to None, run_after=None
[2026-08-12T04:47:51.340+0000] {processor.py:208} INFO - Processing /home/airflow/.local/lib/python3.12/site-packages/airflow/example_dags/tutorial_taskflow_api.py took 0.126 seconds
[2026-08-12T04:48:22.052+0000] {processor.py:186} INFO - Started process (PID=1918) to work on /home/airflow/.local/lib/python3.12/site-packages/airflow/example_dags/tutorial_taskflow_api.py
[2026-08-12T04:48:22.054+0000] {processor.py:914} INFO - Processing file /home/airflow/.local/lib/python3.12/site-packages/airflow/example_dags/tutorial_taskflow_api.py for tasks to queue
[2026-08-12T04:48:22.058+0000] {logging_mixin.py:190} INFO - [2026-08-12T04:48:22.057+0000] {dagbag.py:587} INFO - Filling up the DagBag from /home/airflow/.local/lib/python3.12/site-packages/airflow/example_dags/tutorial_taskflow_api.py
[2026-08-12T04:48:22.071+0000] {processor.py:925} INFO - DAG(s) 'tutorial_taskflow_api' retrieved from /home/airflow/.local/lib/python3.12/site-packages/airflow/example_dags/tutorial_taskflow_api.py
[2026-08-12T04:48:22.108+0000] {logging_mixin.py:190} INFO - [2026-08-12T04:48:22.108+0000] {dag.py:3211} INFO - Sync 1 DAGs
[2026-08-12T04:48:22.127+0000] {logging_mixin.py:190} INFO - [2026-08-12T04:48:22.127+0000] {dag.py:4138} INFO - Setting next_dagrun for tutorial_taskflow_api to None, run_after=None
[2026-08-12T04:48:22.154+0000] {processor.py:208} INFO - Processing /home/airflow/.local/lib/python3.12/site-packages/airflow/example_dags/tutorial_taskflow_api.py took 0.109 seconds
[2026-08-12T04:48:52.536+0000] {processor.py:186} INFO - Started process (PID=1980) to work on /home/airflow/.local/lib/python3.12/site-packages/airflow/example_dags/tutorial_taskflow_api.py
[2026-08-12T04:48:52.538+0000] {processor.py:914} INFO - Processing file /home/airflow/.local/lib/python3.12/site-packages/airflow/example_dags/tutorial_taskflow_api.py for tasks to queue
[2026-08-12T04:48:52.542+0000] {logging_mixin.py:190} INFO - [2026-08-12T04:48:52.542+0000] {dagbag.py:587} INFO - Filling up the DagBag from /home/airflow/.local/lib/python3.12/site-packages/airflow/example_dags/tutorial_taskflow_api.py
[2026-08-12T04:48:52.554+0000] {processor.py:925} INFO - DAG(s) 'tutorial_taskflow_api' retrieved from /home/airflow/.local/lib/python3.12/site-packages/airflow/example_dags/tutorial_taskflow_api.py
[2026-08-12T04:48:52.578+0000] {logging_mixin.py:190} INFO - [2026-08-12T04:48:52.578+0000] {dag.py:3211} INFO - Sync 1 DAGs
[2026-08-12T04:48:52.594+0000] {logging_mixin.py:190} INFO - [2026-08-12T04:48:52.594+0000] {dag.py:4138} INFO - Setting next_dagrun for tutorial_taskflow_api to None, run_after=None
[2026-08-12T04:48:52.629+0000] {processor.py:208} INFO - Processing /home/airflow/.local/lib/python3.12/site-packages/airflow/example_dags/tutorial_taskflow_api.py took 0.100 seconds
[2026-08-12T04:49:23.216+0000] {processor.py:186} INFO - Started process (PID=2042) to work on /home/airflow/.local/lib/python3.12/site-packages/airflow/example_dags/tutorial_taskflow_api.py
[2026-08-12T04:49:23.217+0000] {processor.py:914} INFO - Processing file /home/airflow/.local/lib/python3.12/site-packages/airflow/example_dags/tutorial_taskflow_api.py for tasks to queue
[2026-08-12T04:49:23.221+0000] {logging_mixin.py:190} INFO - [2026-08-12T04:49:23.221+0000] {dagbag.py:587} INFO - Filling up the DagBag from /home/airflow/.local/lib/python3.12/site-packages/airflow/example_dags/tutorial_taskflow_api.py
[2026-08-12T04:49:23.234+0000] {processor.py:925} INFO - DAG(s) 'tutorial_taskflow_api' retrieved from /home/airflow/.local/lib/python3.12/site-packages/airflow/example_dags/tutorial_taskflow_api.py
[2026-08-12T04:49:23.259+0000] {logging_mixin.py:190} INFO - [2026-08-12T04:49:23.258+0000] {dag.py:3211} INFO - Sync 1 DAGs
[2026-08-12T04:49:23.278+0000] {logging_mixin.py:190} INFO - [2026-08-12T04:49:23.277+0000] {dag.py:4138} INFO - Setting next_dagrun for tutorial_taskflow_api to None, run_after=None
[2026-08-12T04:49:23.313+0000] {processor.py:208} INFO - Processing /home/airflow/.local/lib/python3.12/site-packages/airflow/example_dags/tutorial_taskflow_api.py took 0.105 seconds
