[2026-08-12T04:30:42.102+0000] {processor.py:186} INFO - Started process (PID=83) to work on /home/airflow/.local/lib/python3.12/site-packages/airflow/example_dags/tutorial.py
[2026-08-12T04:30:42.108+0000] {processor.py:914} INFO - Processing file /home/airflow/.local/lib/python3.12/site-packages/airflow/example_dags/tutorial.py for tasks to queue
[2026-08-12T04:30:42.115+0000] {logging_mixin.py:190} INFO - [2026-08-12T04:30:42.114+0000] {dagbag.py:587} INFO - Filling up the DagBag from /home/airflow/.local/lib/python3.12/site-packages/airflow/example_dags/tutorial.py
[2026-08-12T04:30:42.141+0000] {processor.py:925} INFO - DAG(s) 'tutorial' retrieved from /home/airflow/.local/lib/python3.12/site-packages/airflow/example_dags/tutorial.py
[2026-08-12T04:30:42.336+0000] {logging_mixin.py:190} INFO - [2026-08-12T04:30:42.335+0000] {override.py:1858} INFO - Created Permission View: can delete on DAG:tutorial
[2026-08-12T04:30:42.350+0000] {logging_mixin.py:190} INFO - [2026-08-12T04:30:42.349+0000] {override.py:1858} INFO - Created Permission View: can read on DAG:tutorial
[2026-08-12T04:30:42.362+0000] {logging_mixin.py:190} INFO - [2026-08-12T04:30:42.361+0000] {override.py:1858} INFO - Created Permission View: can edit on DAG:tutorial
[2026-08-12T04:30:42.363+0000] {logging_mixin.py:190} INFO - [2026-08-12T04:30:42.363+0000] {dag.py:3211} INFO - Sync 1 DAGs
[2026-08-12T04:30:42.380+0000] {logging_mixin.py:190} INFO - [2026-08-12T04:30:42.380+0000] {dag.py:3234} INFO - Creating ORM DAG for tutorial
[2026-08-12T04:30:42.397+0000] {logging_mixin.py:190} INFO - [2026-08-12T04:30:42.396+0000] {dag.py:4138} INFO - Setting next_dagrun for tutorial to 2026-08-11 00:00:00+00:00, run_after=2026-08-12 00:00:00+00:00
[2026-08-12T04:30:42.424+0000] {processor.py:208} INFO - Processing /home/airflow/.local/lib/python3.12/site-packages/airflow/example_dags/tutorial.py took 0.333 seconds
[2026-08-12T04:31:13.306+0000] {processor.py:186} INFO - Started process (PID=145) to work on /home/airflow/.local/lib/python3.12/site-packages/airflow/example_dags/tutorial.py
[2026-08-12T04:31:13.308+0000] {processor.py:914} INFO - Processing file /home/airflow/.local/lib/python3.12/site-packages/airflow/example_dags/tutorial.py for tasks to queue
[2026-08-12T04:31:13.312+0000] {logging_mixin.py:190} INFO - [2026-08-12T04:31:13.311+0000] {dagbag.py:587} INFO - Filling up the DagBag from /home/airflow/.local/lib/python3.12/site-packages/airflow/example_dags/tutorial.py
[2026-08-12T04:31:13.322+0000] {processor.py:925} INFO - DAG(s) 'tutorial' retrieved from /home/airflow/.local/lib/python3.12/site-packages/airflow/example_dags/tutorial.py
[2026-08-12T04:31:13.344+0000] {logging_mixin.py:190} INFO - [2026-08-12T04:31:13.344+0000] {dag.py:3211} INFO - Sync 1 DAGs
[2026-08-12T04:31:13.385+0000] {logging_mixin.py:190} INFO - [2026-08-12T04:31:13.384+0000] {dag.py:4138} INFO - Setting next_dagrun for tutorial to 2026-08-11 00:00:00+00:00, run_after=2026-08-12 00:00:00+00:00
[2026-08-12T04:31:13.408+0000] {processor.py:208} INFO - Processing /home/airflow/.local/lib/python3.12/site-packages/airflow/example_dags/tutorial.py took 0.108 seconds
[2026-08-12T04:31:43.886+0000] {processor.py:186} INFO - Started process (PID=207) to work on /home/airflow/.local/lib/python3.12/site-packages/airflow/example_dags/tutorial.py
[2026-08-12T04:31:43.888+0000] {processor.py:914} INFO - Processing file /home/airflow/.local/lib/python3.12/site-packages/airflow/example_dags/tutorial.py for tasks to queue
[2026-08-12T04:31:43.893+0000] {logging_mixin.py:190} INFO - [2026-08-12T04:31:43.893+0000] {dagbag.py:587} INFO - Filling up the DagBag from /home/airflow/.local/lib/python3.12/site-packages/airflow/example_dags/tutorial.py
[2026-08-12T04:31:43.903+0000] {processor.py:925} INFO - DAG(s) 'tutorial' retrieved from /home/airflow/.local/lib/python3.12/site-packages/airflow/example_dags/tutorial.py
[2026-08-12T04:31:43.929+0000] {logging_mixin.py:190} INFO - [2026-08-12T04:31:43.929+0000] {dag.py:3211} INFO - Sync 1 DAGs
[2026-08-12T04:31:43.954+0000] {logging_mixin.py:190} INFO - [2026-08-12T04:31:43.954+0000] {dag.py:4138} INFO - Setting next_dagrun for tutorial to 2026-08-11 00:00:00+00:00, run_after=2026-08-12 00:00:00+00:00
[2026-08-12T04:31:43.986+0000] {processor.py:208} INFO - Processing /home/airflow/.local/lib/python3.12/site-packages/airflow/example_dags/tutorial.py took 0.107 seconds
[2026-08-12T04:33:02.320+0000] {processor.py:186} INFO - Started process (PID=69) to work on /home/airflow/.local/lib/python3.12/site-packages/airflow/example_dags/tutorial.py
[2026-08-12T04:33:02.324+0000] {processor.py:914} INFO - Processing file /home/airflow/.local/lib/python3.12/site-packages/airflow/example_dags/tutorial.py for tasks to queue
[2026-08-12T04:33:02.334+0000] {logging_mixin.py:190} INFO - [2026-08-12T04:33:02.333+0000] {dagbag.py:587} INFO - Filling up the DagBag from /home/airflow/.local/lib/python3.12/site-packages/airflow/example_dags/tutorial.py
[2026-08-12T04:33:02.363+0000] {processor.py:925} INFO - DAG(s) 'tutorial' retrieved from /home/airflow/.local/lib/python3.12/site-packages/airflow/example_dags/tutorial.py
[2026-08-12T04:33:02.431+0000] {logging_mixin.py:190} INFO - [2026-08-12T04:33:02.431+0000] {dag.py:3211} INFO - Sync 1 DAGs
[2026-08-12T04:33:02.489+0000] {logging_mixin.py:190} INFO - [2026-08-12T04:33:02.489+0000] {dag.py:4138} INFO - Setting next_dagrun for tutorial to 2026-08-11 00:00:00+00:00, run_after=2026-08-12 00:00:00+00:00
[2026-08-12T04:33:02.537+0000] {processor.py:208} INFO - Processing /home/airflow/.local/lib/python3.12/site-packages/airflow/example_dags/tutorial.py took 0.232 seconds
[2026-08-12T04:33:33.188+0000] {processor.py:186} INFO - Started process (PID=132) to work on /home/airflow/.local/lib/python3.12/site-packages/airflow/example_dags/tutorial.py
[2026-08-12T04:33:33.190+0000] {processor.py:914} INFO - Processing file /home/airflow/.local/lib/python3.12/site-packages/airflow/example_dags/tutorial.py for tasks to queue
[2026-08-12T04:33:33.194+0000] {logging_mixin.py:190} INFO - [2026-08-12T04:33:33.194+0000] {dagbag.py:587} INFO - Filling up the DagBag from /home/airflow/.local/lib/python3.12/site-packages/airflow/example_dags/tutorial.py
[2026-08-12T04:33:33.203+0000] {processor.py:925} INFO - DAG(s) 'tutorial' retrieved from /home/airflow/.local/lib/python3.12/site-packages/airflow/example_dags/tutorial.py
[2026-08-12T04:33:33.228+0000] {logging_mixin.py:190} INFO - [2026-08-12T04:33:33.228+0000] {dag.py:3211} INFO - Sync 1 DAGs
[2026-08-12T04:33:33.255+0000] {logging_mixin.py:190} INFO - [2026-08-12T04:33:33.254+0000] {dag.py:4138} INFO - Setting next_dagrun for tutorial to 2026-08-11 00:00:00+00:00, run_after=2026-08-12 00:00:00+00:00
[2026-08-12T04:33:33.275+0000] {processor.py:208} INFO - Processing /home/airflow/.local/lib/python3.12/site-packages/airflow/example_dags/tutorial.py took 0.093 seconds
[2026-08-12T04:34:03.839+0000] {processor.py:186} INFO - Started process (PID=194) to work on /home/airflow/.local/lib/python3.12/site-packages/airflow/example_dags/tutorial.py
[2026-08-12T04:34:03.840+0000] {processor.py:914} INFO - Processing file /home/airflow/.local/lib/python3.12/site-packages/airflow/example_dags/tutorial.py for tasks to queue
[2026-08-12T04:34:03.873+0000] {logging_mixin.py:190} INFO - [2026-08-12T04:34:03.872+0000] {dagbag.py:587} INFO - Filling up the DagBag from /home/airflow/.local/lib/python3.12/site-packages/airflow/example_dags/tutorial.py
[2026-08-12T04:34:03.902+0000] {processor.py:925} INFO - DAG(s) 'tutorial' retrieved from /home/airflow/.local/lib/python3.12/site-packages/airflow/example_dags/tutorial.py
[2026-08-12T04:34:03.948+0000] {logging_mixin.py:190} INFO - [2026-08-12T04:34:03.948+0000] {dag.py:3211} INFO - Sync 1 DAGs
[2026-08-12T04:34:03.984+0000] {logging_mixin.py:190} INFO - [2026-08-12T04:34:03.983+0000] {dag.py:4138} INFO - Setting next_dagrun for tutorial to 2026-08-11 00:00:00+00:00, run_after=2026-08-12 00:00:00+00:00
[2026-08-12T04:34:04.024+0000] {processor.py:208} INFO - Processing /home/airflow/.local/lib/python3.12/site-packages/airflow/example_dags/tutorial.py took 0.190 seconds
[2026-08-12T04:34:34.147+0000] {processor.py:186} INFO - Started process (PID=256) to work on /home/airflow/.local/lib/python3.12/site-packages/airflow/example_dags/tutorial.py
[2026-08-12T04:34:34.148+0000] {processor.py:914} INFO - Processing file /home/airflow/.local/lib/python3.12/site-packages/airflow/example_dags/tutorial.py for tasks to queue
[2026-08-12T04:34:34.152+0000] {logging_mixin.py:190} INFO - [2026-08-12T04:34:34.152+0000] {dagbag.py:587} INFO - Filling up the DagBag from /home/airflow/.local/lib/python3.12/site-packages/airflow/example_dags/tutorial.py
[2026-08-12T04:34:34.161+0000] {processor.py:925} INFO - DAG(s) 'tutorial' retrieved from /home/airflow/.local/lib/python3.12/site-packages/airflow/example_dags/tutorial.py
[2026-08-12T04:34:34.183+0000] {logging_mixin.py:190} INFO - [2026-08-12T04:34:34.182+0000] {dag.py:3211} INFO - Sync 1 DAGs
[2026-08-12T04:34:34.212+0000] {logging_mixin.py:190} INFO - [2026-08-12T04:34:34.212+0000] {dag.py:4138} INFO - Setting next_dagrun for tutorial to 2026-08-11 00:00:00+00:00, run_after=2026-08-12 00:00:00+00:00
[2026-08-12T04:34:34.238+0000] {processor.py:208} INFO - Processing /home/airflow/.local/lib/python3.12/site-packages/airflow/example_dags/tutorial.py took 0.098 seconds
[2026-08-12T04:35:04.381+0000] {processor.py:186} INFO - Started process (PID=318) to work on /home/airflow/.local/lib/python3.12/site-packages/airflow/example_dags/tutorial.py
[2026-08-12T04:35:04.383+0000] {processor.py:914} INFO - Processing file /home/airflow/.local/lib/python3.12/site-packages/airflow/example_dags/tutorial.py for tasks to queue
[2026-08-12T04:35:04.387+0000] {logging_mixin.py:190} INFO - [2026-08-12T04:35:04.387+0000] {dagbag.py:587} INFO - Filling up the DagBag from /home/airflow/.local/lib/python3.12/site-packages/airflow/example_dags/tutorial.py
[2026-08-12T04:35:04.396+0000] {processor.py:925} INFO - DAG(s) 'tutorial' retrieved from /home/airflow/.local/lib/python3.12/site-packages/airflow/example_dags/tutorial.py
[2026-08-12T04:35:04.420+0000] {logging_mixin.py:190} INFO - [2026-08-12T04:35:04.420+0000] {dag.py:3211} INFO - Sync 1 DAGs
[2026-08-12T04:35:04.444+0000] {logging_mixin.py:190} INFO - [2026-08-12T04:35:04.444+0000] {dag.py:4138} INFO - Setting next_dagrun for tutorial to 2026-08-11 00:00:00+00:00, run_after=2026-08-12 00:00:00+00:00
[2026-08-12T04:35:04.470+0000] {processor.py:208} INFO - Processing /home/airflow/.local/lib/python3.12/site-packages/airflow/example_dags/tutorial.py took 0.095 seconds
[2026-08-12T04:35:35.203+0000] {processor.py:186} INFO - Started process (PID=380) to work on /home/airflow/.local/lib/python3.12/site-packages/airflow/example_dags/tutorial.py
[2026-08-12T04:35:35.205+0000] {processor.py:914} INFO - Processing file /home/airflow/.local/lib/python3.12/site-packages/airflow/example_dags/tutorial.py for tasks to queue
[2026-08-12T04:35:35.208+0000] {logging_mixin.py:190} INFO - [2026-08-12T04:35:35.208+0000] {dagbag.py:587} INFO - Filling up the DagBag from /home/airflow/.local/lib/python3.12/site-packages/airflow/example_dags/tutorial.py
[2026-08-12T04:35:35.217+0000] {processor.py:925} INFO - DAG(s) 'tutorial' retrieved from /home/airflow/.local/lib/python3.12/site-packages/airflow/example_dags/tutorial.py
[2026-08-12T04:35:35.241+0000] {logging_mixin.py:190} INFO - [2026-08-12T04:35:35.240+0000] {dag.py:3211} INFO - Sync 1 DAGs
[2026-08-12T04:35:35.270+0000] {logging_mixin.py:190} INFO - [2026-08-12T04:35:35.270+0000] {dag.py:4138} INFO - Setting next_dagrun for tutorial to 2026-08-11 00:00:00+00:00, run_after=2026-08-12 00:00:00+00:00
[2026-08-12T04:35:35.296+0000] {processor.py:208} INFO - Processing /home/airflow/.local/lib/python3.12/site-packages/airflow/example_dags/tutorial.py took 0.099 seconds
[2026-08-12T04:36:05.992+0000] {processor.py:186} INFO - Started process (PID=442) to work on /home/airflow/.local/lib/python3.12/site-packages/airflow/example_dags/tutorial.py
[2026-08-12T04:36:05.994+0000] {processor.py:914} INFO - Processing file /home/airflow/.local/lib/python3.12/site-packages/airflow/example_dags/tutorial.py for tasks to queue
[2026-08-12T04:36:05.997+0000] {logging_mixin.py:190} INFO - [2026-08-12T04:36:05.997+0000] {dagbag.py:587} INFO - Filling up the DagBag from /home/airflow/.local/lib/python3.12/site-packages/airflow/example_dags/tutorial.py
[2026-08-12T04:36:06.007+0000] {processor.py:925} INFO - DAG(s) 'tutorial' retrieved from /home/airflow/.local/lib/python3.12/site-packages/airflow/example_dags/tutorial.py
[2026-08-12T04:36:06.030+0000] {logging_mixin.py:190} INFO - [2026-08-12T04:36:06.030+0000] {dag.py:3211} INFO - Sync 1 DAGs
[2026-08-12T04:36:06.052+0000] {logging_mixin.py:190} INFO - [2026-08-12T04:36:06.052+0000] {dag.py:4138} INFO - Setting next_dagrun for tutorial to 2026-08-11 00:00:00+00:00, run_after=2026-08-12 00:00:00+00:00
[2026-08-12T04:36:06.078+0000] {processor.py:208} INFO - Processing /home/airflow/.local/lib/python3.12/site-packages/airflow/example_dags/tutorial.py took 0.091 seconds
[2026-08-12T04:36:36.333+0000] {processor.py:186} INFO - Started process (PID=504) to work on /home/airflow/.local/lib/python3.12/site-packages/airflow/example_dags/tutorial.py
[2026-08-12T04:36:36.335+0000] {processor.py:914} INFO - Processing file /home/airflow/.local/lib/python3.12/site-packages/airflow/example_dags/tutorial.py for tasks to queue
[2026-08-12T04:36:36.338+0000] {logging_mixin.py:190} INFO - [2026-08-12T04:36:36.338+0000] {dagbag.py:587} INFO - Filling up the DagBag from /home/airflow/.local/lib/python3.12/site-packages/airflow/example_dags/tutorial.py
[2026-08-12T04:36:36.346+0000] {processor.py:925} INFO - DAG(s) 'tutorial' retrieved from /home/airflow/.local/lib/python3.12/site-packages/airflow/example_dags/tutorial.py
[2026-08-12T04:36:36.368+0000] {logging_mixin.py:190} INFO - [2026-08-12T04:36:36.367+0000] {dag.py:3211} INFO - Sync 1 DAGs
[2026-08-12T04:36:36.390+0000] {logging_mixin.py:190} INFO - [2026-08-12T04:36:36.389+0000] {dag.py:4138} INFO - Setting next_dagrun for tutorial to 2026-08-11 00:00:00+00:00, run_after=2026-08-12 00:00:00+00:00
[2026-08-12T04:36:36.414+0000] {processor.py:208} INFO - Processing /home/airflow/.local/lib/python3.12/site-packages/airflow/example_dags/tutorial.py took 0.087 seconds
[2026-08-12T04:37:07.330+0000] {processor.py:186} INFO - Started process (PID=566) to work on /home/airflow/.local/lib/python3.12/site-packages/airflow/example_dags/tutorial.py
[2026-08-12T04:37:07.333+0000] {processor.py:914} INFO - Processing file /home/airflow/.local/lib/python3.12/site-packages/airflow/example_dags/tutorial.py for tasks to queue
[2026-08-12T04:37:07.337+0000] {logging_mixin.py:190} INFO - [2026-08-12T04:37:07.337+0000] {dagbag.py:587} INFO - Filling up the DagBag from /home/airflow/.local/lib/python3.12/site-packages/airflow/example_dags/tutorial.py
[2026-08-12T04:37:07.349+0000] {processor.py:925} INFO - DAG(s) 'tutorial' retrieved from /home/airflow/.local/lib/python3.12/site-packages/airflow/example_dags/tutorial.py
[2026-08-12T04:37:07.376+0000] {logging_mixin.py:190} INFO - [2026-08-12T04:37:07.376+0000] {dag.py:3211} INFO - Sync 1 DAGs
[2026-08-12T04:37:07.419+0000] {logging_mixin.py:190} INFO - [2026-08-12T04:37:07.418+0000] {dag.py:4138} INFO - Setting next_dagrun for tutorial to 2026-08-11 00:00:00+00:00, run_after=2026-08-12 00:00:00+00:00
[2026-08-12T04:37:07.447+0000] {processor.py:208} INFO - Processing /home/airflow/.local/lib/python3.12/site-packages/airflow/example_dags/tutorial.py took 0.123 seconds
[2026-08-12T04:37:38.115+0000] {processor.py:186} INFO - Started process (PID=628) to work on /home/airflow/.local/lib/python3.12/site-packages/airflow/example_dags/tutorial.py
[2026-08-12T04:37:38.117+0000] {processor.py:914} INFO - Processing file /home/airflow/.local/lib/python3.12/site-packages/airflow/example_dags/tutorial.py for tasks to queue
[2026-08-12T04:37:38.123+0000] {logging_mixin.py:190} INFO - [2026-08-12T04:37:38.123+0000] {dagbag.py:587} INFO - Filling up the DagBag from /home/airflow/.local/lib/python3.12/site-packages/airflow/example_dags/tutorial.py
[2026-08-12T04:37:38.132+0000] {processor.py:925} INFO - DAG(s) 'tutorial' retrieved from /home/airflow/.local/lib/python3.12/site-packages/airflow/example_dags/tutorial.py
[2026-08-12T04:37:38.157+0000] {logging_mixin.py:190} INFO - [2026-08-12T04:37:38.156+0000] {dag.py:3211} INFO - Sync 1 DAGs
[2026-08-12T04:37:38.184+0000] {logging_mixin.py:190} INFO - [2026-08-12T04:37:38.184+0000] {dag.py:4138} INFO - Setting next_dagrun for tutorial to 2026-08-11 00:00:00+00:00, run_after=2026-08-12 00:00:00+00:00
[2026-08-12T04:37:38.211+0000] {processor.py:208} INFO - Processing /home/airflow/.local/lib/python3.12/site-packages/airflow/example_dags/tutorial.py took 0.103 seconds
[2026-08-12T04:38:08.797+0000] {processor.py:186} INFO - Started process (PID=690) to work on /home/airflow/.local/lib/python3.12/site-packages/airflow/example_dags/tutorial.py
[2026-08-12T04:38:08.799+0000] {processor.py:914} INFO - Processing file /home/airflow/.local/lib/python3.12/site-packages/airflow/example_dags/tutorial.py for tasks to queue
[2026-08-12T04:38:08.804+0000] {logging_mixin.py:190} INFO - [2026-08-12T04:38:08.803+0000] {dagbag.py:587} INFO - Filling up the DagBag from /home/airflow/.local/lib/python3.12/site-packages/airflow/example_dags/tutorial.py
[2026-08-12T04:38:08.815+0000] {processor.py:925} INFO - DAG(s) 'tutorial' retrieved from /home/airflow/.local/lib/python3.12/site-packages/airflow/example_dags/tutorial.py
[2026-08-12T04:38:08.839+0000] {logging_mixin.py:190} INFO - [2026-08-12T04:38:08.839+0000] {dag.py:3211} INFO - Sync 1 DAGs
[2026-08-12T04:38:08.866+0000] {logging_mixin.py:190} INFO - [2026-08-12T04:38:08.866+0000] {dag.py:4138} INFO - Setting next_dagrun for tutorial to 2026-08-11 00:00:00+00:00, run_after=2026-08-12 00:00:00+00:00
[2026-08-12T04:38:08.893+0000] {processor.py:208} INFO - Processing /home/airflow/.local/lib/python3.12/site-packages/airflow/example_dags/tutorial.py took 0.105 seconds
[2026-08-12T04:38:39.430+0000] {processor.py:186} INFO - Started process (PID=752) to work on /home/airflow/.local/lib/python3.12/site-packages/airflow/example_dags/tutorial.py
[2026-08-12T04:38:39.432+0000] {processor.py:914} INFO - Processing file /home/airflow/.local/lib/python3.12/site-packages/airflow/example_dags/tutorial.py for tasks to queue
[2026-08-12T04:38:39.436+0000] {logging_mixin.py:190} INFO - [2026-08-12T04:38:39.436+0000] {dagbag.py:587} INFO - Filling up the DagBag from /home/airflow/.local/lib/python3.12/site-packages/airflow/example_dags/tutorial.py
[2026-08-12T04:38:39.446+0000] {processor.py:925} INFO - DAG(s) 'tutorial' retrieved from /home/airflow/.local/lib/python3.12/site-packages/airflow/example_dags/tutorial.py
[2026-08-12T04:38:39.472+0000] {logging_mixin.py:190} INFO - [2026-08-12T04:38:39.472+0000] {dag.py:3211} INFO - Sync 1 DAGs
[2026-08-12T04:38:39.500+0000] {logging_mixin.py:190} INFO - [2026-08-12T04:38:39.500+0000] {dag.py:4138} INFO - Setting next_dagrun for tutorial to 2026-08-11 00:00:00+00:00, run_after=2026-08-12 00:00:00+00:00
[2026-08-12T04:38:39.523+0000] {processor.py:208} INFO - Processing /home/airflow/.local/lib/python3.12/site-packages/airflow/example_dags/tutorial.py took 0.100 seconds
[2026-08-12T04:39:10.875+0000] {processor.py:186} INFO - Started process (PID=814) to work on /home/airflow/.local/lib/python3.12/site-packages/airflow/example_dags/tutorial.py
[2026-08-12T04:39:10.877+0000] {processor.py:914} INFO - Processing file /home/airflow/.local/lib/python3.12/site-packages/airflow/example_dags/tutorial.py for tasks to queue
[2026-08-12T04:39:10.881+0000] {logging_mixin.py:190} INFO - [2026-08-12T04:39:10.881+0000] {dagbag.py:587} INFO - Filling up the DagBag from /home/airflow/.local/lib/python3.12/site-packages/airflow/example_dags/tutorial.py
[2026-08-12T04:39:10.891+0000] {processor.py:925} INFO - DAG(s) 'tutorial' retrieved from /home/airflow/.local/lib/python3.12/site-packages/airflow/example_dags/tutorial.py
[2026-08-12T04:39:10.914+0000] {logging_mixin.py:190} INFO - [2026-08-12T04:39:10.914+0000] {dag.py:3211} INFO - Sync 1 DAGs
[2026-08-12T04:39:10.942+0000] {logging_mixin.py:190} INFO - [2026-08-12T04:39:10.941+0000] {dag.py:4138} INFO - Setting next_dagrun for tutorial to 2026-08-11 00:00:00+00:00, run_after=2026-08-12 00:00:00+00:00
[2026-08-12T04:39:10.965+0000] {processor.py:208} INFO - Processing /home/airflow/.local/lib/python3.12/site-packages/airflow/example_dags/tutorial.py took 0.097 seconds
[2026-08-12T04:39:41.133+0000] {processor.py:186} INFO - Started process (PID=876) to work on /home/airflow/.local/lib/python3.12/site-packages/airflow/example_dags/tutorial.py
[2026-08-12T04:39:41.135+0000] {processor.py:914} INFO - Processing file /home/airflow/.local/lib/python3.12/site-packages/airflow/example_dags/tutorial.py for tasks to queue
[2026-08-12T04:39:41.137+0000] {logging_mixin.py:190} INFO - [2026-08-12T04:39:41.137+0000] {dagbag.py:587} INFO - Filling up the DagBag from /home/airflow/.local/lib/python3.12/site-packages/airflow/example_dags/tutorial.py
[2026-08-12T04:39:41.148+0000] {processor.py:925} INFO - DAG(s) 'tutorial' retrieved from /home/airflow/.local/lib/python3.12/site-packages/airflow/example_dags/tutorial.py
[2026-08-12T04:39:41.170+0000] {logging_mixin.py:190} INFO - [2026-08-12T04:39:41.169+0000] {dag.py:3211} INFO - Sync 1 DAGs
[2026-08-12T04:39:41.195+0000] {logging_mixin.py:190} INFO - [2026-08-12T04:39:41.195+0000] {dag.py:4138} INFO - Setting next_dagrun for tutorial to 2026-08-11 00:00:00+00:00, run_after=2026-08-12 00:00:00+00:00
[2026-08-12T04:39:41.217+0000] {processor.py:208} INFO - Processing /home/airflow/.local/lib/python3.12/site-packages/airflow/example_dags/tutorial.py took 0.090 seconds
[2026-08-12T04:40:12.093+0000] {processor.py:186} INFO - Started process (PID=938) to work on /home/airflow/.local/lib/python3.12/site-packages/airflow/example_dags/tutorial.py
[2026-08-12T04:40:12.094+0000] {processor.py:914} INFO - Processing file /home/airflow/.local/lib/python3.12/site-packages/airflow/example_dags/tutorial.py for tasks to queue
[2026-08-12T04:40:12.097+0000] {logging_mixin.py:190} INFO - [2026-08-12T04:40:12.097+0000] {dagbag.py:587} INFO - Filling up the DagBag from /home/airflow/.local/lib/python3.12/site-packages/airflow/example_dags/tutorial.py
[2026-08-12T04:40:12.107+0000] {processor.py:925} INFO - DAG(s) 'tutorial' retrieved from /home/airflow/.local/lib/python3.12/site-packages/airflow/example_dags/tutorial.py
[2026-08-12T04:40:12.127+0000] {logging_mixin.py:190} INFO - [2026-08-12T04:40:12.127+0000] {dag.py:3211} INFO - Sync 1 DAGs
[2026-08-12T04:40:12.151+0000] {logging_mixin.py:190} INFO - [2026-08-12T04:40:12.151+0000] {dag.py:4138} INFO - Setting next_dagrun for tutorial to 2026-08-11 00:00:00+00:00, run_after=2026-08-12 00:00:00+00:00
[2026-08-12T04:40:12.174+0000] {processor.py:208} INFO - Processing /home/airflow/.local/lib/python3.12/site-packages/airflow/example_dags/tutorial.py took 0.088 seconds
[2026-08-12T04:40:42.446+0000] {processor.py:186} INFO - Started process (PID=1000) to work on /home/airflow/.local/lib/python3.12/site-packages/airflow/example_dags/tutorial.py
[2026-08-12T04:40:42.447+0000] {processor.py:914} INFO - Processing file /home/airflow/.local/lib/python3.12/site-packages/airflow/example_dags/tutorial.py for tasks to queue
[2026-08-12T04:40:42.450+0000] {logging_mixin.py:190} INFO - [2026-08-12T04:40:42.450+0000] {dagbag.py:587} INFO - Filling up the DagBag from /home/airflow/.local/lib/python3.12/site-packages/airflow/example_dags/tutorial.py
[2026-08-12T04:40:42.459+0000] {processor.py:925} INFO - DAG(s) 'tutorial' retrieved from /home/airflow/.local/lib/python3.12/site-packages/airflow/example_dags/tutorial.py
[2026-08-12T04:40:42.484+0000] {logging_mixin.py:190} INFO - [2026-08-12T04:40:42.483+0000] {dag.py:3211} INFO - Sync 1 DAGs
[2026-08-12T04:40:42.508+0000] {logging_mixin.py:190} INFO - [2026-08-12T04:40:42.508+0000] {dag.py:4138} INFO - Setting next_dagrun for tutorial to 2026-08-11 00:00:00+00:00, run_after=2026-08-12 00:00:00+00:00
[2026-08-12T04:40:42.531+0000] {processor.py:208} INFO - Processing /home/airflow/.local/lib/python3.12/site-packages/airflow/example_dags/tutorial.py took 0.092 seconds
[2026-08-12T04:41:13.279+0000] {processor.py:186} INFO - Started process (PID=1062) to work on /home/airflow/.local/lib/python3.12/site-packages/airflow/example_dags/tutorial.py
[2026-08-12T04:41:13.281+0000] {processor.py:914} INFO - Processing file /home/airflow/.local/lib/python3.12/site-packages/airflow/example_dags/tutorial.py for tasks to queue
[2026-08-12T04:41:13.285+0000] {logging_mixin.py:190} INFO - [2026-08-12T04:41:13.284+0000] {dagbag.py:587} INFO - Filling up the DagBag from /home/airflow/.local/lib/python3.12/site-packages/airflow/example_dags/tutorial.py
[2026-08-12T04:41:13.294+0000] {processor.py:925} INFO - DAG(s) 'tutorial' retrieved from /home/airflow/.local/lib/python3.12/site-packages/airflow/example_dags/tutorial.py
[2026-08-12T04:41:13.316+0000] {logging_mixin.py:190} INFO - [2026-08-12T04:41:13.316+0000] {dag.py:3211} INFO - Sync 1 DAGs
[2026-08-12T04:41:13.348+0000] {logging_mixin.py:190} INFO - [2026-08-12T04:41:13.347+0000] {dag.py:4138} INFO - Setting next_dagrun for tutorial to 2026-08-11 00:00:00+00:00, run_after=2026-08-12 00:00:00+00:00
[2026-08-12T04:41:13.368+0000] {processor.py:208} INFO - Processing /home/airflow/.local/lib/python3.12/site-packages/airflow/example_dags/tutorial.py took 0.096 seconds
[2026-08-12T04:41:44.113+0000] {processor.py:186} INFO - Started process (PID=1124) to work on /home/airflow/.local/lib/python3.12/site-packages/airflow/example_dags/tutorial.py
[2026-08-12T04:41:44.115+0000] {processor.py:914} INFO - Processing file /home/airflow/.local/lib/python3.12/site-packages/airflow/example_dags/tutorial.py for tasks to queue
[2026-08-12T04:41:44.118+0000] {logging_mixin.py:190} INFO - [2026-08-12T04:41:44.118+0000] {dagbag.py:587} INFO - Filling up the DagBag from /home/airflow/.local/lib/python3.12/site-packages/airflow/example_dags/tutorial.py
[2026-08-12T04:41:44.127+0000] {processor.py:925} INFO - DAG(s) 'tutorial' retrieved from /home/airflow/.local/lib/python3.12/site-packages/airflow/example_dags/tutorial.py
[2026-08-12T04:41:44.152+0000] {logging_mixin.py:190} INFO - [2026-08-12T04:41:44.151+0000] {dag.py:3211} INFO - Sync 1 DAGs
[2026-08-12T04:41:44.177+0000] {logging_mixin.py:190} INFO - [2026-08-12T04:41:44.176+0000] {dag.py:4138} INFO - Setting next_dagrun for tutorial to 2026-08-11 00:00:00+00:00, run_after=2026-08-12 00:00:00+00:00
[2026-08-12T04:41:44.199+0000] {processor.py:208} INFO - Processing /home/airflow/.local/lib/python3.12/site-packages/airflow/example_dags/tutorial.py took 0.091 seconds
[2026-08-12T04:42:14.919+0000] {processor.py:186} INFO - Started process (PID=1186) to work on /home/airflow/.local/lib/python3.12/site-packages/airflow/example_dags/tutorial.py
[2026-08-12T04:42:14.921+0000] {processor.py:914} INFO - Processing file /home/airflow/.local/lib/python3.12/site-packages/airflow/example_dags/tutorial.py for tasks to queue
[2026-08-12T04:42:14.925+0000] {logging_mixin.py:190} INFO - [2026-08-12T04:42:14.925+0000] {dagbag.py:587} INFO - Filling up the DagBag from /home/airflow/.local/lib/python3.12/site-packages/airflow/example_dags/tutorial.py
[2026-08-12T04:42:14.935+0000] {processor.py:925} INFO - DAG(s) 'tutorial' retrieved from /home/airflow/.local/lib/python3.12/site-packages/airflow/example_dags/tutorial.py
[2026-08-12T04:42:14.958+0000] {logging_mixin.py:190} INFO - [2026-08-12T04:42:14.958+0000] {dag.py:3211} INFO - Sync 1 DAGs
[2026-08-12T04:42:14.988+0000] {logging_mixin.py:190} INFO - [2026-08-12T04:42:14.988+0000] {dag.py:4138} INFO - Setting next_dagrun for tutorial to 2026-08-11 00:00:00+00:00, run_after=2026-08-12 00:00:00+00:00
[2026-08-12T04:42:15.013+0000] {processor.py:208} INFO - Processing /home/airflow/.local/lib/python3.12/site-packages/airflow/example_dags/tutorial.py took 0.101 seconds
[2026-08-12T04:42:45.737+0000] {processor.py:186} INFO - Started process (PID=1248) to work on /home/airflow/.local/lib/python3.12/site-packages/airflow/example_dags/tutorial.py
[2026-08-12T04:42:45.739+0000] {processor.py:914} INFO - Processing file /home/airflow/.local/lib/python3.12/site-packages/airflow/example_dags/tutorial.py for tasks to queue
[2026-08-12T04:42:45.742+0000] {logging_mixin.py:190} INFO - [2026-08-12T04:42:45.742+0000] {dagbag.py:587} INFO - Filling up the DagBag from /home/airflow/.local/lib/python3.12/site-packages/airflow/example_dags/tutorial.py
[2026-08-12T04:42:45.750+0000] {processor.py:925} INFO - DAG(s) 'tutorial' retrieved from /home/airflow/.local/lib/python3.12/site-packages/airflow/example_dags/tutorial.py
[2026-08-12T04:42:45.772+0000] {logging_mixin.py:190} INFO - [2026-08-12T04:42:45.772+0000] {dag.py:3211} INFO - Sync 1 DAGs
[2026-08-12T04:42:45.798+0000] {logging_mixin.py:190} INFO - [2026-08-12T04:42:45.797+0000] {dag.py:4138} INFO - Setting next_dagrun for tutorial to 2026-08-11 00:00:00+00:00, run_after=2026-08-12 00:00:00+00:00
[2026-08-12T04:42:45.822+0000] {processor.py:208} INFO - Processing /home/airflow/.local/lib/python3.12/site-packages/airflow/example_dags/tutorial.py took 0.090 seconds
[2026-08-12T04:43:16.133+0000] {processor.py:186} INFO - Started process (PID=1310) to work on /home/airflow/.local/lib/python3.12/site-packages/airflow/example_dags/tutorial.py
[2026-08-12T04:43:16.135+0000] {processor.py:914} INFO - Processing file /home/airflow/.local/lib/python3.12/site-packages/airflow/example_dags/tutorial.py for tasks to queue
[2026-08-12T04:43:16.139+0000] {logging_mixin.py:190} INFO - [2026-08-12T04:43:16.138+0000] {dagbag.py:587} INFO - Filling up the DagBag from /home/airflow/.local/lib/python3.12/site-packages/airflow/example_dags/tutorial.py
[2026-08-12T04:43:16.150+0000] {processor.py:925} INFO - DAG(s) 'tutorial' retrieved from /home/airflow/.local/lib/python3.12/site-packages/airflow/example_dags/tutorial.py
[2026-08-12T04:43:16.173+0000] {logging_mixin.py:190} INFO - [2026-08-12T04:43:16.173+0000] {dag.py:3211} INFO - Sync 1 DAGs
[2026-08-12T04:43:16.199+0000] {logging_mixin.py:190} INFO - [2026-08-12T04:43:16.199+0000] {dag.py:4138} INFO - Setting next_dagrun for tutorial to 2026-08-11 00:00:00+00:00, run_after=2026-08-12 00:00:00+00:00
[2026-08-12T04:43:16.221+0000] {processor.py:208} INFO - Processing /home/airflow/.local/lib/python3.12/site-packages/airflow/example_dags/tutorial.py took 0.094 seconds
[2026-08-12T04:43:46.927+0000] {processor.py:186} INFO - Started process (PID=1372) to work on /home/airflow/.local/lib/python3.12/site-packages/airflow/example_dags/tutorial.py
[2026-08-12T04:43:46.929+0000] {processor.py:914} INFO - Processing file /home/airflow/.local/lib/python3.12/site-packages/airflow/example_dags/tutorial.py for tasks to queue
[2026-08-12T04:43:46.933+0000] {logging_mixin.py:190} INFO - [2026-08-12T04:43:46.932+0000] {dagbag.py:587} INFO - Filling up the DagBag from /home/airflow/.local/lib/python3.12/site-packages/airflow/example_dags/tutorial.py
[2026-08-12T04:43:46.943+0000] {processor.py:925} INFO - DAG(s) 'tutorial' retrieved from /home/airflow/.local/lib/python3.12/site-packages/airflow/example_dags/tutorial.py
[2026-08-12T04:43:46.970+0000] {logging_mixin.py:190} INFO - [2026-08-12T04:43:46.970+0000] {dag.py:3211} INFO - Sync 1 DAGs
[2026-08-12T04:43:46.996+0000] {logging_mixin.py:190} INFO - [2026-08-12T04:43:46.995+0000] {dag.py:4138} INFO - Setting next_dagrun for tutorial to 2026-08-11 00:00:00+00:00, run_after=2026-08-12 00:00:00+00:00
[2026-08-12T04:43:47.019+0000] {processor.py:208} INFO - Processing /home/airflow/.local/lib/python3.12/site-packages/airflow/example_dags/tutorial.py took 0.099 seconds
[2026-08-12T04:44:17.665+0000] {processor.py:186} INFO - Started process (PID=1434) to work on /home/airflow/.local/lib/python3.12/site-packages/airflow/example_dags/tutorial.py
[2026-08-12T04:44:17.667+0000] {processor.py:914} INFO - Processing file /home/airflow/.local/lib/python3.12/site-packages/airflow/example_dags/tutorial.py for tasks to queue
[2026-08-12T04:44:17.671+0000] {logging_mixin.py:190} INFO - [2026-08-12T04:44:17.670+0000] {dagbag.py:587} INFO - Filling up the DagBag from /home/airflow/.local/lib/python3.12/site-packages/airflow/example_dags/tutorial.py
[2026-08-12T04:44:17.680+0000] {processor.py:925} INFO - DAG(s) 'tutorial' retrieved from /home/airflow/.local/lib/python3.12/site-packages/airflow/example_dags/tutorial.py
[2026-08-12T04:44:17.703+0000] {logging_mixin.py:190} INFO - [2026-08-12T04:44:17.703+0000] {dag.py:3211} INFO - Sync 1 DAGs
[2026-08-12T04:44:17.732+0000] {logging_mixin.py:190} INFO - [2026-08-12T04:44:17.732+0000] {dag.py:4138} INFO - Setting next_dagrun for tutorial to 2026-08-11 00:00:00+00:00, run_after=2026-08-12 00:00:00+00:00
[2026-08-12T04:44:17.755+0000] {processor.py:208} INFO - Processing /home/airflow/.local/lib/python3.12/site-packages/airflow/example_dags/tutorial.py took 0.095 seconds
[2026-08-12T04:44:48.420+0000] {processor.py:186} INFO - Started process (PID=1496) to work on /home/airflow/.local/lib/python3.12/site-packages/airflow/example_dags/tutorial.py
[2026-08-12T04:44:48.422+0000] {processor.py:914} INFO - Processing file /home/airflow/.local/lib/python3.12/site-packages/airflow/example_dags/tutorial.py for tasks to queue
[2026-08-12T04:44:48.427+0000] {logging_mixin.py:190} INFO - [2026-08-12T04:44:48.426+0000] {dagbag.py:587} INFO - Filling up the DagBag from /home/airflow/.local/lib/python3.12/site-packages/airflow/example_dags/tutorial.py
[2026-08-12T04:44:48.440+0000] {processor.py:925} INFO - DAG(s) 'tutorial' retrieved from /home/airflow/.local/lib/python3.12/site-packages/airflow/example_dags/tutorial.py
[2026-08-12T04:44:48.467+0000] {logging_mixin.py:190} INFO - [2026-08-12T04:44:48.467+0000] {dag.py:3211} INFO - Sync 1 DAGs
[2026-08-12T04:44:48.496+0000] {logging_mixin.py:190} INFO - [2026-08-12T04:44:48.496+0000] {dag.py:4138} INFO - Setting next_dagrun for tutorial to 2026-08-11 00:00:00+00:00, run_after=2026-08-12 00:00:00+00:00
[2026-08-12T04:44:48.521+0000] {processor.py:208} INFO - Processing /home/airflow/.local/lib/python3.12/site-packages/airflow/example_dags/tutorial.py took 0.108 seconds
[2026-08-12T04:45:19.256+0000] {processor.py:186} INFO - Started process (PID=1558) to work on /home/airflow/.local/lib/python3.12/site-packages/airflow/example_dags/tutorial.py
[2026-08-12T04:45:19.258+0000] {processor.py:914} INFO - Processing file /home/airflow/.local/lib/python3.12/site-packages/airflow/example_dags/tutorial.py for tasks to queue
[2026-08-12T04:45:19.263+0000] {logging_mixin.py:190} INFO - [2026-08-12T04:45:19.263+0000] {dagbag.py:587} INFO - Filling up the DagBag from /home/airflow/.local/lib/python3.12/site-packages/airflow/example_dags/tutorial.py
[2026-08-12T04:45:19.272+0000] {processor.py:925} INFO - DAG(s) 'tutorial' retrieved from /home/airflow/.local/lib/python3.12/site-packages/airflow/example_dags/tutorial.py
[2026-08-12T04:45:19.294+0000] {logging_mixin.py:190} INFO - [2026-08-12T04:45:19.294+0000] {dag.py:3211} INFO - Sync 1 DAGs
[2026-08-12T04:45:19.324+0000] {logging_mixin.py:190} INFO - [2026-08-12T04:45:19.324+0000] {dag.py:4138} INFO - Setting next_dagrun for tutorial to 2026-08-11 00:00:00+00:00, run_after=2026-08-12 00:00:00+00:00
[2026-08-12T04:45:19.346+0000] {processor.py:208} INFO - Processing /home/airflow/.local/lib/python3.12/site-packages/airflow/example_dags/tutorial.py took 0.095 seconds
[2026-08-12T04:45:49.972+0000] {processor.py:186} INFO - Started process (PID=1620) to work on /home/airflow/.local/lib/python3.12/site-packages/airflow/example_dags/tutorial.py
[2026-08-12T04:45:49.975+0000] {processor.py:914} INFO - Processing file /home/airflow/.local/lib/python3.12/site-packages/airflow/example_dags/tutorial.py for tasks to queue
[2026-08-12T04:45:49.979+0000] {logging_mixin.py:190} INFO - [2026-08-12T04:45:49.979+0000] {dagbag.py:587} INFO - Filling up the DagBag from /home/airflow/.local/lib/python3.12/site-packages/airflow/example_dags/tutorial.py
[2026-08-12T04:45:49.994+0000] {processor.py:925} INFO - DAG(s) 'tutorial' retrieved from /home/airflow/.local/lib/python3.12/site-packages/airflow/example_dags/tutorial.py
[2026-08-12T04:45:50.027+0000] {logging_mixin.py:190} INFO - [2026-08-12T04:45:50.026+0000] {dag.py:3211} INFO - Sync 1 DAGs
[2026-08-12T04:45:50.068+0000] {logging_mixin.py:190} INFO - [2026-08-12T04:45:50.067+0000] {dag.py:4138} INFO - Setting next_dagrun for tutorial to 2026-08-11 00:00:00+00:00, run_after=2026-08-12 00:00:00+00:00
[2026-08-12T04:45:50.113+0000] {processor.py:208} INFO - Processing /home/airflow/.local/lib/python3.12/site-packages/airflow/example_dags/tutorial.py took 0.147 seconds
[2026-08-12T04:46:20.633+0000] {processor.py:186} INFO - Started process (PID=1682) to work on /home/airflow/.local/lib/python3.12/site-packages/airflow/example_dags/tutorial.py
[2026-08-12T04:46:20.634+0000] {processor.py:914} INFO - Processing file /home/airflow/.local/lib/python3.12/site-packages/airflow/example_dags/tutorial.py for tasks to queue
[2026-08-12T04:46:20.639+0000] {logging_mixin.py:190} INFO - [2026-08-12T04:46:20.639+0000] {dagbag.py:587} INFO - Filling up the DagBag from /home/airflow/.local/lib/python3.12/site-packages/airflow/example_dags/tutorial.py
[2026-08-12T04:46:20.651+0000] {processor.py:925} INFO - DAG(s) 'tutorial' retrieved from /home/airflow/.local/lib/python3.12/site-packages/airflow/example_dags/tutorial.py
[2026-08-12T04:46:20.679+0000] {logging_mixin.py:190} INFO - [2026-08-12T04:46:20.679+0000] {dag.py:3211} INFO - Sync 1 DAGs
[2026-08-12T04:46:20.732+0000] {logging_mixin.py:190} INFO - [2026-08-12T04:46:20.732+0000] {dag.py:4138} INFO - Setting next_dagrun for tutorial to 2026-08-11 00:00:00+00:00, run_after=2026-08-12 00:00:00+00:00
[2026-08-12T04:46:20.760+0000] {processor.py:208} INFO - Processing /home/airflow/.local/lib/python3.12/site-packages/airflow/example_dags/tutorial.py took 0.133 seconds
[2026-08-12T04:46:51.513+0000] {processor.py:186} INFO - Started process (PID=1744) to work on /home/airflow/.local/lib/python3.12/site-packages/airflow/example_dags/tutorial.py
[2026-08-12T04:46:51.514+0000] {processor.py:914} INFO - Processing file /home/airflow/.local/lib/python3.12/site-packages/airflow/example_dags/tutorial.py for tasks to queue
[2026-08-12T04:46:51.518+0000] {logging_mixin.py:190} INFO - [2026-08-12T04:46:51.517+0000] {dagbag.py:587} INFO - Filling up the DagBag from /home/airflow/.local/lib/python3.12/site-packages/airflow/example_dags/tutorial.py
[2026-08-12T04:46:51.528+0000] {processor.py:925} INFO - DAG(s) 'tutorial' retrieved from /home/airflow/.local/lib/python3.12/site-packages/airflow/example_dags/tutorial.py
[2026-08-12T04:46:51.563+0000] {logging_mixin.py:190} INFO - [2026-08-12T04:46:51.562+0000] {dag.py:3211} INFO - Sync 1 DAGs
[2026-08-12T04:46:51.589+0000] {logging_mixin.py:190} INFO - [2026-08-12T04:46:51.589+0000] {dag.py:4138} INFO - Setting next_dagrun for tutorial to 2026-08-11 00:00:00+00:00, run_after=2026-08-12 00:00:00+00:00
[2026-08-12T04:46:51.613+0000] {processor.py:208} INFO - Processing /home/airflow/.local/lib/python3.12/site-packages/airflow/example_dags/tutorial.py took 0.108 seconds
[2026-08-12T04:47:22.512+0000] {processor.py:186} INFO - Started process (PID=1806) to work on /home/airflow/.local/lib/python3.12/site-packages/airflow/example_dags/tutorial.py
[2026-08-12T04:47:22.514+0000] {processor.py:914} INFO - Processing file /home/airflow/.local/lib/python3.12/site-packages/airflow/example_dags/tutorial.py for tasks to queue
[2026-08-12T04:47:22.518+0000] {logging_mixin.py:190} INFO - [2026-08-12T04:47:22.517+0000] {dagbag.py:587} INFO - Filling up the DagBag from /home/airflow/.local/lib/python3.12/site-packages/airflow/example_dags/tutorial.py
[2026-08-12T04:47:22.528+0000] {processor.py:925} INFO - DAG(s) 'tutorial' retrieved from /home/airflow/.local/lib/python3.12/site-packages/airflow/example_dags/tutorial.py
[2026-08-12T04:47:22.554+0000] {logging_mixin.py:190} INFO - [2026-08-12T04:47:22.554+0000] {dag.py:3211} INFO - Sync 1 DAGs
[2026-08-12T04:47:22.588+0000] {logging_mixin.py:190} INFO - [2026-08-12T04:47:22.588+0000] {dag.py:4138} INFO - Setting next_dagrun for tutorial to 2026-08-11 00:00:00+00:00, run_after=2026-08-12 00:00:00+00:00
[2026-08-12T04:47:22.611+0000] {processor.py:208} INFO - Processing /home/airflow/.local/lib/python3.12/site-packages/airflow/example_dags/tutorial.py took 0.107 seconds
[2026-08-12T04:47:53.035+0000] {processor.py:186} INFO - Started process (PID=1868) to work on /home/airflow/.local/lib/python3.12/site-packages/airflow/example_dags/tutorial.py
[2026-08-12T04:47:53.036+0000] {processor.py:914} INFO - Processing file /home/airflow/.local/lib/python3.12/site-packages/airflow/example_dags/tutorial.py for tasks to queue
[2026-08-12T04:47:53.040+0000] {logging_mixin.py:190} INFO - [2026-08-12T04:47:53.040+0000] {dagbag.py:587} INFO - Filling up the DagBag from /home/airflow/.local/lib/python3.12/site-packages/airflow/example_dags/tutorial.py
[2026-08-12T04:47:53.053+0000] {processor.py:925} INFO - DAG(s) 'tutorial' retrieved from /home/airflow/.local/lib/python3.12/site-packages/airflow/example_dags/tutorial.py
[2026-08-12T04:47:53.079+0000] {logging_mixin.py:190} INFO - [2026-08-12T04:47:53.078+0000] {dag.py:3211} INFO - Sync 1 DAGs
[2026-08-12T04:47:53.105+0000] {logging_mixin.py:190} INFO - [2026-08-12T04:47:53.105+0000] {dag.py:4138} INFO - Setting next_dagrun for tutorial to 2026-08-11 00:00:00+00:00, run_after=2026-08-12 00:00:00+00:00
[2026-08-12T04:47:53.135+0000] {processor.py:208} INFO - Processing /home/airflow/.local/lib/python3.12/site-packages/airflow/example_dags/tutorial.py took 0.107 seconds
[2026-08-12T04:48:24.109+0000] {processor.py:186} INFO - Started process (PID=1930) to work on /home/airflow/.local/lib/python3.12/site-packages/airflow/example_dags/tutorial.py
[2026-08-12T04:48:24.116+0000] {processor.py:914} INFO - Processing file /home/airflow/.local/lib/python3.12/site-packages/airflow/example_dags/tutorial.py for tasks to queue
[2026-08-12T04:48:24.121+0000] {logging_mixin.py:190} INFO - [2026-08-12T04:48:24.120+0000] {dagbag.py:587} INFO - Filling up the DagBag from /home/airflow/.local/lib/python3.12/site-packages/airflow/example_dags/tutorial.py
[2026-08-12T04:48:24.134+0000] {processor.py:925} INFO - DAG(s) 'tutorial' retrieved from /home/airflow/.local/lib/python3.12/site-packages/airflow/example_dags/tutorial.py
[2026-08-12T04:48:24.174+0000] {logging_mixin.py:190} INFO - [2026-08-12T04:48:24.174+0000] {dag.py:3211} INFO - Sync 1 DAGs
[2026-08-12T04:48:24.217+0000] {logging_mixin.py:190} INFO - [2026-08-12T04:48:24.216+0000] {dag.py:4138} INFO - Setting next_dagrun for tutorial to 2026-08-11 00:00:00+00:00, run_after=2026-08-12 00:00:00+00:00
[2026-08-12T04:48:24.245+0000] {processor.py:208} INFO - Processing /home/airflow/.local/lib/python3.12/site-packages/airflow/example_dags/tutorial.py took 0.145 seconds
[2026-08-12T04:48:55.133+0000] {processor.py:186} INFO - Started process (PID=1992) to work on /home/airflow/.local/lib/python3.12/site-packages/airflow/example_dags/tutorial.py
[2026-08-12T04:48:55.135+0000] {processor.py:914} INFO - Processing file /home/airflow/.local/lib/python3.12/site-packages/airflow/example_dags/tutorial.py for tasks to queue
[2026-08-12T04:48:55.138+0000] {logging_mixin.py:190} INFO - [2026-08-12T04:48:55.138+0000] {dagbag.py:587} INFO - Filling up the DagBag from /home/airflow/.local/lib/python3.12/site-packages/airflow/example_dags/tutorial.py
[2026-08-12T04:48:55.148+0000] {processor.py:925} INFO - DAG(s) 'tutorial' retrieved from /home/airflow/.local/lib/python3.12/site-packages/airflow/example_dags/tutorial.py
[2026-08-12T04:48:55.170+0000] {logging_mixin.py:190} INFO - [2026-08-12T04:48:55.170+0000] {dag.py:3211} INFO - Sync 1 DAGs
[2026-08-12T04:48:55.202+0000] {logging_mixin.py:190} INFO - [2026-08-12T04:48:55.202+0000] {dag.py:4138} INFO - Setting next_dagrun for tutorial to 2026-08-11 00:00:00+00:00, run_after=2026-08-12 00:00:00+00:00
[2026-08-12T04:48:55.228+0000] {processor.py:208} INFO - Processing /home/airflow/.local/lib/python3.12/site-packages/airflow/example_dags/tutorial.py took 0.103 seconds
[2026-08-12T04:49:25.699+0000] {processor.py:186} INFO - Started process (PID=2053) to work on /home/airflow/.local/lib/python3.12/site-packages/airflow/example_dags/tutorial.py
[2026-08-12T04:49:25.701+0000] {processor.py:914} INFO - Processing file /home/airflow/.local/lib/python3.12/site-packages/airflow/example_dags/tutorial.py for tasks to queue
[2026-08-12T04:49:25.707+0000] {logging_mixin.py:190} INFO - [2026-08-12T04:49:25.706+0000] {dagbag.py:587} INFO - Filling up the DagBag from /home/airflow/.local/lib/python3.12/site-packages/airflow/example_dags/tutorial.py
[2026-08-12T04:49:25.733+0000] {processor.py:925} INFO - DAG(s) 'tutorial' retrieved from /home/airflow/.local/lib/python3.12/site-packages/airflow/example_dags/tutorial.py
[2026-08-12T04:49:25.759+0000] {logging_mixin.py:190} INFO - [2026-08-12T04:49:25.759+0000] {dag.py:3211} INFO - Sync 1 DAGs
[2026-08-12T04:49:25.787+0000] {logging_mixin.py:190} INFO - [2026-08-12T04:49:25.787+0000] {dag.py:4138} INFO - Setting next_dagrun for tutorial to 2026-08-11 00:00:00+00:00, run_after=2026-08-12 00:00:00+00:00
[2026-08-12T04:49:25.810+0000] {processor.py:208} INFO - Processing /home/airflow/.local/lib/python3.12/site-packages/airflow/example_dags/tutorial.py took 0.121 seconds
